ptp4l[562.832]: port 1: INITIALIZING to LISTENING on INIT_COMPLETE
ptp4l[562.872]: port 2: INITIALIZING to LISTENING on INIT_COMPLETE
ptp4l[562.873]: port 0: INITIALIZING to LISTENING on INIT_COMPLETE
ptp4l[563.716]: selected local clock 2e66d9.fffe.0692e1 as best master
ptp4l[563.812]: selected local clock 2e66d9.fffe.0692e1 as best master
ptp4l[563.813]: port 1: new foreign master de4dbd.fffe.012776-1
ptp4l[564.010]: port 2: new foreign master c6efbe.fffe.4aeb43-1
ptp4l[564.267]: selected best master clock de4dbd.fffe.012776
ptp4l[564.268]: foreign master not using PTP timescale
ptp4l[564.269]: port 1: LISTENING to UNCALIBRATED on RS_SLAVE
ptp4l[564.511]: selected best master clock de4dbd.fffe.012776
ptp4l[564.511]: foreign master not using PTP timescale
ptp4l[564.512]: port 2: master state recommended in slave only mode
ptp4l[564.513]: port 2: defaultDS.priority1 probably misconfigured
ptp4l[564.664]: selected best master clock de4dbd.fffe.012776
ptp4l[564.665]: foreign master not using PTP timescale
ptp4l[565.011]: selected best master clock de4dbd.fffe.012776
ptp4l[565.012]: foreign master not using PTP timescale
ptp4l[565.013]: port 2: master state recommended in slave only mode
ptp4l[565.014]: port 2: defaultDS.priority1 probably misconfigured
ptp4l[565.608]: selected best master clock de4dbd.fffe.012776
ptp4l[565.611]: foreign master not using PTP timescale
ptp4l[566.012]: selected best master clock de4dbd.fffe.012776
ptp4l[566.015]: foreign master not using PTP timescale
ptp4l[566.019]: port 2: master state recommended in slave only mode
ptp4l[566.022]: port 2: defaultDS.priority1 probably misconfigured
ptp4l[566.520]: selected best master clock de4dbd.fffe.012776
ptp4l[566.521]: foreign master not using PTP timescale
ptp4l[567.012]: selected best master clock de4dbd.fffe.012776
ptp4l[567.013]: foreign master not using PTP timescale
ptp4l[567.014]: port 2: master state recommended in slave only mode
ptp4l[567.015]: port 2: defaultDS.priority1 probably misconfigured
ptp4l[567.472]: selected best master clock de4dbd.fffe.012776
ptp4l[567.473]: foreign master not using PTP timescale
ptp4l[567.762]: selected best master clock de4dbd.fffe.012776
ptp4l[567.763]: foreign master not using PTP timescale
ptp4l[567.764]: port 2: master state recommended in slave only mode
ptp4l[567.765]: port 2: defaultDS.priority1 probably misconfigured
ptp4l[568.256]: selected best master clock de4dbd.fffe.012776
ptp4l[568.257]: foreign master not using PTP timescale
ptp4l[568.513]: selected best master clock de4dbd.fffe.012776
ptp4l[568.513]: foreign master not using PTP timescale
ptp4l[568.514]: port 2: master state recommended in slave only mode
ptp4l[568.515]: port 2: defaultDS.priority1 probably misconfigured
ptp4l[569.016]: selected best master clock de4dbd.fffe.012776
ptp4l[569.016]: foreign master not using PTP timescale
ptp4l[569.513]: selected best master clock de4dbd.fffe.012776
ptp4l[569.514]: foreign master not using PTP timescale
ptp4l[569.515]: port 2: master state recommended in slave only mode
ptp4l[569.516]: port 2: defaultDS.priority1 probably misconfigured
ptp4l[569.908]: selected best master clock de4dbd.fffe.012776
ptp4l[569.908]: foreign master not using PTP timescale
ptp4l[570.264]: selected best master clock de4dbd.fffe.012776
ptp4l[570.265]: foreign master not using PTP timescale
ptp4l[570.266]: port 2: master state recommended in slave only mode
ptp4l[570.267]: port 2: defaultDS.priority1 probably misconfigured
ptp4l[570.760]: selected best master clock de4dbd.fffe.012776
ptp4l[570.761]: foreign master not using PTP timescale
ptp4l[571.014]: selected best master clock de4dbd.fffe.012776
ptp4l[571.016]: foreign master not using PTP timescale
ptp4l[571.017]: port 2: master state recommended in slave only mode
ptp4l[571.019]: port 2: defaultDS.priority1 probably misconfigured
ptp4l[571.700]: selected best master clock de4dbd.fffe.012776
ptp4l[571.701]: foreign master not using PTP timescale
ptp4l[572.015]: selected best master clock de4dbd.fffe.012776
ptp4l[572.015]: foreign master not using PTP timescale
ptp4l[572.016]: port 2: master state recommended in slave only mode
ptp4l[572.017]: port 2: defaultDS.priority1 probably misconfigured
ptp4l[572.468]: selected best master clock de4dbd.fffe.012776
ptp4l[572.468]: foreign master not using PTP timescale
ptp4l[572.765]: selected best master clock de4dbd.fffe.012776
ptp4l[572.766]: foreign master not using PTP timescale
ptp4l[572.766]: port 2: master state recommended in slave only mode
ptp4l[572.767]: port 2: defaultDS.priority1 probably misconfigured
ptp4l[573.460]: selected best master clock de4dbd.fffe.012776
ptp4l[573.461]: foreign master not using PTP timescale
ptp4l[573.765]: selected best master clock de4dbd.fffe.012776
ptp4l[573.766]: foreign master not using PTP timescale
ptp4l[573.767]: port 2: master state recommended in slave only mode
ptp4l[573.769]: port 2: defaultDS.priority1 probably misconfigured
ptp4l[574.448]: selected best master clock de4dbd.fffe.012776
ptp4l[574.449]: foreign master not using PTP timescale
ptp4l[574.766]: selected best master clock de4dbd.fffe.012776
ptp4l[574.767]: foreign master not using PTP timescale
ptp4l[574.767]: port 2: master state recommended in slave only mode
ptp4l[574.769]: port 2: defaultDS.priority1 probably misconfigured
ptp4l[575.208]: selected best master clock de4dbd.fffe.012776
ptp4l[575.209]: foreign master not using PTP timescale
ptp4l[575.516]: selected best master clock de4dbd.fffe.012776
ptp4l[575.517]: foreign master not using PTP timescale
ptp4l[575.518]: port 2: master state recommended in slave only mode
ptp4l[575.519]: port 2: defaultDS.priority1 probably misconfigured
ptp4l[576.184]: selected best master clock de4dbd.fffe.012776
ptp4l[576.185]: foreign master not using PTP timescale
ptp4l[576.517]: selected best master clock de4dbd.fffe.012776
ptp4l[576.518]: foreign master not using PTP timescale
ptp4l[576.519]: port 2: master state recommended in slave only mode
ptp4l[576.520]: port 2: defaultDS.priority1 probably misconfigured
ptp4l[577.112]: selected best master clock de4dbd.fffe.012776
ptp4l[577.113]: foreign master not using PTP timescale
ptp4l[577.517]: selected best master clock de4dbd.fffe.012776
ptp4l[577.518]: foreign master not using PTP timescale
ptp4l[577.519]: port 2: master state recommended in slave only mode
ptp4l[577.520]: port 2: defaultDS.priority1 probably misconfigured
ptp4l[577.984]: selected best master clock de4dbd.fffe.012776
ptp4l[577.984]: foreign master not using PTP timescale
ptp4l[578.267]: selected best master clock de4dbd.fffe.012776
ptp4l[578.268]: foreign master not using PTP timescale
ptp4l[578.269]: port 2: master state recommended in slave only mode
ptp4l[578.270]: port 2: defaultDS.priority1 probably misconfigured
ptp4l[578.804]: selected best master clock de4dbd.fffe.012776
ptp4l[578.805]: foreign master not using PTP timescale
ptp4l[579.268]: selected best master clock de4dbd.fffe.012776
ptp4l[579.269]: foreign master not using PTP timescale
ptp4l[579.270]: port 2: master state recommended in slave only mode
ptp4l[579.271]: port 2: defaultDS.priority1 probably misconfigured
ptp4l[579.660]: selected best master clock de4dbd.fffe.012776
ptp4l[579.661]: foreign master not using PTP timescale
ptp4l[580.018]: selected best master clock de4dbd.fffe.012776
ptp4l[580.019]: foreign master not using PTP timescale
ptp4l[580.021]: port 2: master state recommended in slave only mode
ptp4l[580.022]: port 2: defaultDS.priority1 probably misconfigured
ptp4l[580.476]: selected best master clock de4dbd.fffe.012776
ptp4l[580.477]: foreign master not using PTP timescale
ptp4l[580.477]: rms 45882 max 129418 freq  +8051 +/- 22012 delay 14687 +/- 3463
ptp4l[580.768]: selected best master clock de4dbd.fffe.012776
ptp4l[580.769]: foreign master not using PTP timescale
ptp4l[580.769]: port 2: master state recommended in slave only mode
ptp4l[580.770]: port 2: defaultDS.priority1 probably misconfigured
ptp4l[581.252]: selected best master clock de4dbd.fffe.012776
ptp4l[581.252]: foreign master not using PTP timescale
ptp4l[581.519]: selected best master clock de4dbd.fffe.012776
ptp4l[581.520]: foreign master not using PTP timescale
ptp4l[581.521]: port 2: master state recommended in slave only mode
ptp4l[581.522]: port 2: defaultDS.priority1 probably misconfigured
ptp4l[582.140]: selected best master clock de4dbd.fffe.012776
ptp4l[582.141]: foreign master not using PTP timescale
ptp4l[582.519]: selected best master clock de4dbd.fffe.012776
ptp4l[582.520]: foreign master not using PTP timescale
ptp4l[582.521]: port 2: master state recommended in slave only mode
ptp4l[582.521]: port 2: defaultDS.priority1 probably misconfigured
ptp4l[583.124]: selected best master clock de4dbd.fffe.012776
ptp4l[583.125]: foreign master not using PTP timescale
ptp4l[583.519]: selected best master clock de4dbd.fffe.012776
ptp4l[583.520]: foreign master not using PTP timescale
ptp4l[583.522]: port 2: master state recommended in slave only mode
ptp4l[583.523]: port 2: defaultDS.priority1 probably misconfigured
ptp4l[584.116]: selected best master clock de4dbd.fffe.012776
ptp4l[584.117]: foreign master not using PTP timescale
ptp4l[584.520]: selected best master clock de4dbd.fffe.012776
ptp4l[584.521]: foreign master not using PTP timescale
ptp4l[584.521]: port 2: master state recommended in slave only mode
ptp4l[584.522]: port 2: defaultDS.priority1 probably misconfigured
ptp4l[585.016]: selected best master clock de4dbd.fffe.012776
ptp4l[585.017]: foreign master not using PTP timescale
ptp4l[585.270]: selected best master clock de4dbd.fffe.012776
ptp4l[585.271]: foreign master not using PTP timescale
ptp4l[585.272]: port 2: master state recommended in slave only mode
ptp4l[585.273]: port 2: defaultDS.priority1 probably misconfigured
ptp4l[585.936]: selected best master clock de4dbd.fffe.012776
ptp4l[585.937]: foreign master not using PTP timescale
ptp4l[586.270]: selected best master clock de4dbd.fffe.012776
ptp4l[586.271]: foreign master not using PTP timescale
ptp4l[586.272]: port 2: master state recommended in slave only mode
ptp4l[586.273]: port 2: defaultDS.priority1 probably misconfigured
ptp4l[586.840]: selected best master clock de4dbd.fffe.012776
ptp4l[586.841]: foreign master not using PTP timescale
ptp4l[587.271]: selected best master clock de4dbd.fffe.012776
ptp4l[587.272]: foreign master not using PTP timescale
ptp4l[587.273]: port 2: master state recommended in slave only mode
ptp4l[587.274]: port 2: defaultDS.priority1 probably misconfigured
ptp4l[587.620]: selected best master clock de4dbd.fffe.012776
ptp4l[587.620]: foreign master not using PTP timescale
ptp4l[588.021]: selected best master clock de4dbd.fffe.012776
ptp4l[588.022]: foreign master not using PTP timescale
ptp4l[588.023]: port 2: master state recommended in slave only mode
ptp4l[588.024]: port 2: defaultDS.priority1 probably misconfigured
ptp4l[588.556]: selected best master clock de4dbd.fffe.012776
ptp4l[588.556]: foreign master not using PTP timescale
ptp4l[589.021]: selected best master clock de4dbd.fffe.012776
ptp4l[589.022]: foreign master not using PTP timescale
ptp4l[589.023]: port 2: master state recommended in slave only mode
ptp4l[589.024]: port 2: defaultDS.priority1 probably misconfigured
ptp4l[589.472]: selected best master clock de4dbd.fffe.012776
ptp4l[589.473]: foreign master not using PTP timescale
ptp4l[589.772]: selected best master clock de4dbd.fffe.012776
ptp4l[589.773]: foreign master not using PTP timescale
ptp4l[589.773]: port 2: master state recommended in slave only mode
ptp4l[589.775]: port 2: defaultDS.priority1 probably misconfigured
ptp4l[590.296]: selected best master clock de4dbd.fffe.012776
ptp4l[590.297]: foreign master not using PTP timescale
ptp4l[590.772]: selected best master clock de4dbd.fffe.012776
ptp4l[590.774]: foreign master not using PTP timescale
ptp4l[590.775]: port 2: master state recommended in slave only mode
ptp4l[590.776]: port 2: defaultDS.priority1 probably misconfigured
ptp4l[591.128]: selected best master clock de4dbd.fffe.012776
ptp4l[591.129]: foreign master not using PTP timescale
ptp4l[591.523]: selected best master clock de4dbd.fffe.012776
ptp4l[591.525]: foreign master not using PTP timescale
ptp4l[591.527]: port 2: master state recommended in slave only mode
ptp4l[591.529]: port 2: defaultDS.priority1 probably misconfigured
ptp4l[591.928]: selected best master clock de4dbd.fffe.012776
ptp4l[591.930]: foreign master not using PTP timescale
ptp4l[592.273]: selected best master clock de4dbd.fffe.012776
ptp4l[592.274]: foreign master not using PTP timescale
ptp4l[592.275]: port 2: master state recommended in slave only mode
ptp4l[592.275]: port 2: defaultDS.priority1 probably misconfigured
ptp4l[592.852]: selected best master clock de4dbd.fffe.012776
ptp4l[592.853]: foreign master not using PTP timescale
ptp4l[593.274]: selected best master clock de4dbd.fffe.012776
ptp4l[593.275]: foreign master not using PTP timescale
ptp4l[593.276]: port 2: master state recommended in slave only mode
ptp4l[593.277]: port 2: defaultDS.priority1 probably misconfigured
ptp4l[593.636]: selected best master clock de4dbd.fffe.012776
ptp4l[593.637]: foreign master not using PTP timescale
ptp4l[594.024]: selected best master clock de4dbd.fffe.012776
ptp4l[594.025]: foreign master not using PTP timescale
ptp4l[594.026]: port 2: master state recommended in slave only mode
ptp4l[594.026]: port 2: defaultDS.priority1 probably misconfigured
ptp4l[594.516]: selected best master clock de4dbd.fffe.012776
ptp4l[594.517]: foreign master not using PTP timescale
ptp4l[594.774]: selected best master clock de4dbd.fffe.012776
ptp4l[594.776]: foreign master not using PTP timescale
ptp4l[594.777]: port 2: master state recommended in slave only mode
ptp4l[594.778]: port 2: defaultDS.priority1 probably misconfigured
ptp4l[595.388]: selected best master clock de4dbd.fffe.012776
ptp4l[595.388]: foreign master not using PTP timescale
ptp4l[595.775]: selected best master clock de4dbd.fffe.012776
ptp4l[595.777]: foreign master not using PTP timescale
ptp4l[595.778]: port 2: master state recommended in slave only mode
ptp4l[595.779]: port 2: defaultDS.priority1 probably misconfigured
ptp4l[596.344]: selected best master clock de4dbd.fffe.012776
ptp4l[596.345]: foreign master not using PTP timescale
ptp4l[596.413]: rms 275286 max 381733 freq  -8113 +/- 119112 delay 77848 +/- 62697
ptp4l[596.775]: selected best master clock de4dbd.fffe.012776
ptp4l[596.776]: foreign master not using PTP timescale
ptp4l[596.777]: port 2: master state recommended in slave only mode
ptp4l[596.777]: port 2: defaultDS.priority1 probably misconfigured
ptp4l[597.220]: selected best master clock de4dbd.fffe.012776
ptp4l[597.221]: foreign master not using PTP timescale
ptp4l[597.525]: selected best master clock de4dbd.fffe.012776
ptp4l[597.526]: foreign master not using PTP timescale
ptp4l[597.527]: port 2: master state recommended in slave only mode
ptp4l[597.528]: port 2: defaultDS.priority1 probably misconfigured
ptp4l[598.132]: selected best master clock de4dbd.fffe.012776
ptp4l[598.133]: foreign master not using PTP timescale
ptp4l[598.526]: selected best master clock de4dbd.fffe.012776
ptp4l[598.527]: foreign master not using PTP timescale
ptp4l[598.528]: port 2: master state recommended in slave only mode
ptp4l[598.529]: port 2: defaultDS.priority1 probably misconfigured
ptp4l[599.072]: selected best master clock de4dbd.fffe.012776
ptp4l[599.072]: foreign master not using PTP timescale
ptp4l[599.527]: selected best master clock de4dbd.fffe.012776
ptp4l[599.529]: foreign master not using PTP timescale
ptp4l[599.532]: port 2: master state recommended in slave only mode
ptp4l[599.534]: port 2: defaultDS.priority1 probably misconfigured
ptp4l[599.952]: selected best master clock de4dbd.fffe.012776
ptp4l[599.955]: foreign master not using PTP timescale
ptp4l[600.277]: selected best master clock de4dbd.fffe.012776
ptp4l[600.279]: foreign master not using PTP timescale
ptp4l[600.281]: port 2: master state recommended in slave only mode
ptp4l[600.284]: port 2: defaultDS.priority1 probably misconfigured
ptp4l[600.776]: selected best master clock de4dbd.fffe.012776
ptp4l[600.778]: foreign master not using PTP timescale
ptp4l[601.027]: selected best master clock de4dbd.fffe.012776
ptp4l[601.029]: foreign master not using PTP timescale
ptp4l[601.029]: port 2: master state recommended in slave only mode
ptp4l[601.030]: port 2: defaultDS.priority1 probably misconfigured
ptp4l[601.580]: selected best master clock de4dbd.fffe.012776
ptp4l[601.580]: foreign master not using PTP timescale
ptp4l[602.028]: selected best master clock de4dbd.fffe.012776
ptp4l[602.032]: foreign master not using PTP timescale
ptp4l[602.035]: port 2: master state recommended in slave only mode
ptp4l[602.038]: port 2: defaultDS.priority1 probably misconfigured
ptp4l[602.572]: selected best master clock de4dbd.fffe.012776
ptp4l[602.574]: foreign master not using PTP timescale
ptp4l[603.029]: selected best master clock de4dbd.fffe.012776
ptp4l[603.031]: foreign master not using PTP timescale
ptp4l[603.033]: port 2: master state recommended in slave only mode
ptp4l[603.035]: port 2: defaultDS.priority1 probably misconfigured
ptp4l[603.516]: selected best master clock de4dbd.fffe.012776
ptp4l[603.519]: foreign master not using PTP timescale
ptp4l[603.780]: selected best master clock de4dbd.fffe.012776
ptp4l[603.783]: foreign master not using PTP timescale
ptp4l[603.786]: port 2: master state recommended in slave only mode
ptp4l[603.788]: port 2: defaultDS.priority1 probably misconfigured
ptp4l[604.428]: selected best master clock de4dbd.fffe.012776
ptp4l[604.431]: foreign master not using PTP timescale
ptp4l[604.781]: selected best master clock de4dbd.fffe.012776
ptp4l[604.784]: foreign master not using PTP timescale
ptp4l[604.787]: port 2: master state recommended in slave only mode
ptp4l[604.790]: port 2: defaultDS.priority1 probably misconfigured
ptp4l[605.328]: selected best master clock de4dbd.fffe.012776
ptp4l[605.331]: foreign master not using PTP timescale
ptp4l[605.782]: selected best master clock de4dbd.fffe.012776
ptp4l[605.783]: foreign master not using PTP timescale
ptp4l[605.783]: port 2: master state recommended in slave only mode
ptp4l[605.784]: port 2: defaultDS.priority1 probably misconfigured
ptp4l[606.260]: selected best master clock de4dbd.fffe.012776
ptp4l[606.261]: foreign master not using PTP timescale
ptp4l[606.532]: selected best master clock de4dbd.fffe.012776
ptp4l[606.533]: foreign master not using PTP timescale
ptp4l[606.534]: port 2: master state recommended in slave only mode
ptp4l[606.535]: port 2: defaultDS.priority1 probably misconfigured
ptp4l[607.060]: selected best master clock de4dbd.fffe.012776
ptp4l[607.061]: foreign master not using PTP timescale
ptp4l[607.533]: selected best master clock de4dbd.fffe.012776
ptp4l[607.535]: foreign master not using PTP timescale
ptp4l[607.537]: port 2: master state recommended in slave only mode
ptp4l[607.539]: port 2: defaultDS.priority1 probably misconfigured
ptp4l[608.040]: selected best master clock de4dbd.fffe.012776
ptp4l[608.042]: foreign master not using PTP timescale
ptp4l[608.057]: port 1: link down
ptp4l[608.059]: port 1: UNCALIBRATED to FAULTY on FAULT_DETECTED (FT_UNSPECIFIED)
ptp4l[608.096]: selected local clock 2e66d9.fffe.0692e1 as best master
ptp4l[608.098]: port 1: assuming the grand master role
ptp4l[608.100]: port 1: master state recommended in slave only mode
ptp4l[608.102]: port 1: defaultDS.priority1 probably misconfigured
ptp4l[608.534]: selected best master clock c6efbe.fffe.4aeb43
ptp4l[608.536]: port 1: master state recommended in slave only mode
ptp4l[608.538]: port 1: defaultDS.priority1 probably misconfigured
ptp4l[608.542]: foreign master not using PTP timescale
ptp4l[608.544]: port 2: LISTENING to UNCALIBRATED on RS_SLAVE
