ptp4l[1481.532]: port 1 (v-ru3): INITIALIZING to LISTENING on INIT_COMPLETE
ptp4l[1481.532]: port 0 (/var/run/p.ru3): INITIALIZING to LISTENING on INIT_COMPLETE
ptp4l[1481.532]: port 0 (/var/run/pr.ru3): INITIALIZING to LISTENING on INIT_COMPLETE
ptp4l[1481.929]: selected local clock 020000.fffe.00000e as best master
ptp4l[1482.066]: port 1 (v-ru3): new foreign master 020000.fffe.000001-2
ptp4l[1482.316]: selected best master clock 020000.fffe.00000a
ptp4l[1482.316]: foreign master not using PTP timescale
ptp4l[1482.316]: port 1 (v-ru3): LISTENING to UNCALIBRATED on RS_SLAVE
ptp4l[1484.380]: master offset      -1885 s0 freq   -1575 path delay      3602
ptp4l[1486.382]: master offset        -97 s0 freq   +1019 path delay      3855
ptp4l[1488.385]: master offset       -793 s0 freq    -276 path delay      3999
ptp4l[1489.748]: port 1 (v-ru3): new foreign master 020000.fffe.00000a-2
ptp4l[1490.188]: selected best master clock 020000.fffe.00000a
ptp4l[1490.188]: running in a temporal vortex
ptp4l[1490.188]: updating time properties to insert leap second
ptp4l[1490.321]: running in a temporal vortex
ptp4l[1490.571]: running in a temporal vortex
ptp4l[1490.821]: running in a temporal vortex
ptp4l[1491.071]: running in a temporal vortex
ptp4l[1491.321]: running in a temporal vortex
ptp4l[1491.571]: running in a temporal vortex
ptp4l[1491.822]: running in a temporal vortex
ptp4l[1492.072]: running in a temporal vortex
ptp4l[1492.322]: running in a temporal vortex
ptp4l[1492.572]: running in a temporal vortex
ptp4l[1492.822]: running in a temporal vortex
ptp4l[1493.072]: running in a temporal vortex
ptp4l[1493.322]: running in a temporal vortex
ptp4l[1493.572]: running in a temporal vortex
ptp4l[1493.823]: running in a temporal vortex
ptp4l[1494.073]: running in a temporal vortex
ptp4l[1494.323]: running in a temporal vortex
ptp4l[1494.573]: running in a temporal vortex
ptp4l[1494.823]: running in a temporal vortex
ptp4l[1495.073]: running in a temporal vortex
ptp4l[1495.323]: running in a temporal vortex
ptp4l[1495.573]: running in a temporal vortex
ptp4l[1495.824]: running in a temporal vortex
ptp4l[1496.074]: running in a temporal vortex
ptp4l[1496.324]: running in a temporal vortex
ptp4l[1496.574]: running in a temporal vortex
ptp4l[1496.824]: running in a temporal vortex
ptp4l[1497.074]: running in a temporal vortex
ptp4l[1497.324]: running in a temporal vortex
ptp4l[1497.574]: running in a temporal vortex
ptp4l[1497.825]: running in a temporal vortex
ptp4l[1498.075]: running in a temporal vortex
ptp4l[1498.325]: running in a temporal vortex
ptp4l[1498.575]: running in a temporal vortex
ptp4l[1498.825]: running in a temporal vortex
ptp4l[1499.075]: running in a temporal vortex
ptp4l[1499.325]: running in a temporal vortex
ptp4l[1499.575]: running in a temporal vortex
ptp4l[1499.826]: running in a temporal vortex
ptp4l[1500.076]: running in a temporal vortex
ptp4l[1500.329]: running in a temporal vortex
ptp4l[1500.579]: running in a temporal vortex
ptp4l[1500.829]: running in a temporal vortex
ptp4l[1501.079]: running in a temporal vortex
ptp4l[1501.329]: running in a temporal vortex
ptp4l[1501.579]: running in a temporal vortex
ptp4l[1501.829]: running in a temporal vortex
ptp4l[1502.080]: running in a temporal vortex
ptp4l[1502.330]: running in a temporal vortex
ptp4l[1502.580]: running in a temporal vortex
ptp4l[1502.830]: running in a temporal vortex
ptp4l[1503.080]: running in a temporal vortex
ptp4l[1503.330]: running in a temporal vortex
ptp4l[1503.580]: running in a temporal vortex
ptp4l[1503.831]: running in a temporal vortex
ptp4l[1504.081]: running in a temporal vortex
ptp4l[1504.331]: running in a temporal vortex
ptp4l[1504.581]: running in a temporal vortex
ptp4l[1504.831]: running in a temporal vortex
ptp4l[1505.081]: running in a temporal vortex
ptp4l[1505.332]: running in a temporal vortex
ptp4l[1505.582]: running in a temporal vortex
ptp4l[1505.832]: running in a temporal vortex
ptp4l[1506.082]: running in a temporal vortex
ptp4l[1506.332]: running in a temporal vortex
ptp4l[1506.582]: running in a temporal vortex
ptp4l[1506.832]: running in a temporal vortex
ptp4l[1507.083]: running in a temporal vortex
ptp4l[1507.333]: running in a temporal vortex
ptp4l[1507.583]: running in a temporal vortex
ptp4l[1507.833]: running in a temporal vortex
ptp4l[1508.083]: running in a temporal vortex
ptp4l[1508.333]: running in a temporal vortex
ptp4l[1508.583]: running in a temporal vortex
ptp4l[1508.833]: running in a temporal vortex
ptp4l[1509.084]: running in a temporal vortex
ptp4l[1509.334]: running in a temporal vortex
ptp4l[1509.584]: running in a temporal vortex
ptp4l[1509.834]: running in a temporal vortex
ptp4l[1510.084]: running in a temporal vortex
ptp4l[1510.334]: running in a temporal vortex
ptp4l[1510.584]: running in a temporal vortex
ptp4l[1510.834]: running in a temporal vortex
ptp4l[1511.084]: running in a temporal vortex
ptp4l[1511.335]: running in a temporal vortex
ptp4l[1511.585]: running in a temporal vortex
ptp4l[1511.835]: running in a temporal vortex
ptp4l[1512.085]: running in a temporal vortex
ptp4l[1512.335]: running in a temporal vortex
ptp4l[1512.585]: running in a temporal vortex
ptp4l[1512.835]: running in a temporal vortex
ptp4l[1513.086]: running in a temporal vortex
ptp4l[1513.337]: running in a temporal vortex
ptp4l[1513.586]: running in a temporal vortex
ptp4l[1513.836]: running in a temporal vortex
ptp4l[1514.086]: running in a temporal vortex
ptp4l[1514.336]: running in a temporal vortex
ptp4l[1514.586]: running in a temporal vortex
ptp4l[1514.836]: running in a temporal vortex
ptp4l[1515.087]: running in a temporal vortex
ptp4l[1515.337]: running in a temporal vortex
ptp4l[1515.587]: running in a temporal vortex
ptp4l[1515.837]: running in a temporal vortex
ptp4l[1516.087]: running in a temporal vortex
ptp4l[1516.337]: running in a temporal vortex
ptp4l[1516.587]: running in a temporal vortex
ptp4l[1516.837]: running in a temporal vortex
ptp4l[1517.088]: running in a temporal vortex
ptp4l[1517.338]: running in a temporal vortex
ptp4l[1517.588]: running in a temporal vortex
ptp4l[1517.838]: running in a temporal vortex
ptp4l[1518.088]: running in a temporal vortex
ptp4l[1518.338]: running in a temporal vortex
ptp4l[1518.588]: running in a temporal vortex
ptp4l[1518.839]: running in a temporal vortex
ptp4l[1519.089]: running in a temporal vortex
ptp4l[1519.339]: running in a temporal vortex
ptp4l[1519.589]: running in a temporal vortex
ptp4l[1519.839]: running in a temporal vortex
ptp4l[1520.090]: running in a temporal vortex
ptp4l[1520.341]: running in a temporal vortex
ptp4l[1520.591]: running in a temporal vortex
ptp4l[1520.841]: running in a temporal vortex
ptp4l[1521.091]: running in a temporal vortex
ptp4l[1521.341]: running in a temporal vortex
