ptp4l[209.544]: port 1: INITIALIZING to LISTENING on INIT_COMPLETE
ptp4l[209.548]: port 0: INITIALIZING to LISTENING on INIT_COMPLETE
ptp4l[210.349]: port 1: new foreign master 6e7d69.fffe.f35c31-1
ptp4l[210.358]: port 1: new foreign master 2e0601.fffe.ffe6b5-1
ptp4l[210.508]: selected local clock da0856.fffe.6629f7 as best master
ptp4l[210.849]: selected best master clock 6e7d69.fffe.f35c31
ptp4l[210.850]: foreign master not using PTP timescale
ptp4l[210.851]: port 1: LISTENING to UNCALIBRATED on RS_SLAVE
ptp4l[210.859]: selected best master clock 2e0601.fffe.ffe6b5
ptp4l[210.859]: foreign master not using PTP timescale
ptp4l[211.349]: selected best master clock 2e0601.fffe.ffe6b5
ptp4l[211.350]: foreign master not using PTP timescale
ptp4l[211.850]: selected best master clock 2e0601.fffe.ffe6b5
ptp4l[211.850]: foreign master not using PTP timescale
ptp4l[212.350]: selected best master clock 2e0601.fffe.ffe6b5
ptp4l[212.351]: foreign master not using PTP timescale
ptp4l[212.850]: selected best master clock 2e0601.fffe.ffe6b5
ptp4l[212.850]: foreign master not using PTP timescale
ptp4l[213.350]: selected best master clock 2e0601.fffe.ffe6b5
ptp4l[213.351]: foreign master not using PTP timescale
ptp4l[213.850]: selected best master clock 2e0601.fffe.ffe6b5
ptp4l[213.851]: foreign master not using PTP timescale
ptp4l[214.350]: selected best master clock 2e0601.fffe.ffe6b5
ptp4l[214.351]: foreign master not using PTP timescale
ptp4l[214.851]: selected best master clock 2e0601.fffe.ffe6b5
ptp4l[214.852]: foreign master not using PTP timescale
ptp4l[215.351]: selected best master clock 2e0601.fffe.ffe6b5
ptp4l[215.351]: foreign master not using PTP timescale
ptp4l[215.851]: selected best master clock 2e0601.fffe.ffe6b5
ptp4l[215.853]: foreign master not using PTP timescale
ptp4l[216.351]: selected best master clock 2e0601.fffe.ffe6b5
ptp4l[216.352]: foreign master not using PTP timescale
ptp4l[216.851]: selected best master clock 2e0601.fffe.ffe6b5
ptp4l[216.852]: foreign master not using PTP timescale
ptp4l[217.352]: selected best master clock 2e0601.fffe.ffe6b5
ptp4l[217.353]: foreign master not using PTP timescale
ptp4l[217.852]: selected best master clock 2e0601.fffe.ffe6b5
ptp4l[217.853]: foreign master not using PTP timescale
ptp4l[218.352]: selected best master clock 2e0601.fffe.ffe6b5
ptp4l[218.353]: foreign master not using PTP timescale
ptp4l[218.852]: selected best master clock 2e0601.fffe.ffe6b5
ptp4l[218.853]: foreign master not using PTP timescale
ptp4l[219.353]: selected best master clock 2e0601.fffe.ffe6b5
ptp4l[219.357]: foreign master not using PTP timescale
ptp4l[219.853]: selected best master clock 2e0601.fffe.ffe6b5
ptp4l[219.854]: foreign master not using PTP timescale
ptp4l[220.353]: selected best master clock 2e0601.fffe.ffe6b5
ptp4l[220.354]: foreign master not using PTP timescale
ptp4l[220.854]: selected best master clock 2e0601.fffe.ffe6b5
ptp4l[220.854]: foreign master not using PTP timescale
ptp4l[221.276]: port 1: UNCALIBRATED to LISTENING on ANNOUNCE_RECEIPT_TIMEOUT_EXPIRES
ptp4l[221.276]: selected local clock da0856.fffe.6629f7 as best master
ptp4l[221.354]: selected best master clock 6e7d69.fffe.f35c31
ptp4l[221.354]: foreign master not using PTP timescale
ptp4l[221.355]: port 1: LISTENING to UNCALIBRATED on RS_SLAVE
