ptp4l[46.192]: port 1: INITIALIZING to LISTENING on INIT_COMPLETE
ptp4l[46.193]: port 0: INITIALIZING to LISTENING on INIT_COMPLETE
ptp4l[46.958]: port 1: new foreign master 629384.fffe.a0bb96-1
ptp4l[47.040]: selected local clock a2212b.fffe.ee7279 as best master
ptp4l[47.151]: port 1: new foreign master 16a4ab.fffe.08a56c-1
ptp4l[47.458]: selected best master clock 629384.fffe.a0bb96
ptp4l[47.459]: foreign master not using PTP timescale
ptp4l[47.460]: port 1: LISTENING to UNCALIBRATED on RS_SLAVE
ptp4l[47.651]: selected best master clock 16a4ab.fffe.08a56c
ptp4l[47.651]: foreign master not using PTP timescale
ptp4l[47.958]: selected best master clock 16a4ab.fffe.08a56c
ptp4l[47.959]: foreign master not using PTP timescale
ptp4l[48.458]: selected best master clock 16a4ab.fffe.08a56c
ptp4l[48.459]: foreign master not using PTP timescale
ptp4l[48.959]: selected best master clock 16a4ab.fffe.08a56c
ptp4l[48.959]: foreign master not using PTP timescale
ptp4l[49.460]: selected best master clock 16a4ab.fffe.08a56c
ptp4l[49.461]: foreign master not using PTP timescale
ptp4l[49.960]: selected best master clock 16a4ab.fffe.08a56c
ptp4l[49.960]: foreign master not using PTP timescale
ptp4l[50.460]: selected best master clock 16a4ab.fffe.08a56c
ptp4l[50.461]: foreign master not using PTP timescale
ptp4l[50.960]: selected best master clock 16a4ab.fffe.08a56c
ptp4l[50.961]: foreign master not using PTP timescale
ptp4l[51.460]: selected best master clock 16a4ab.fffe.08a56c
ptp4l[51.461]: foreign master not using PTP timescale
ptp4l[51.961]: selected best master clock 16a4ab.fffe.08a56c
ptp4l[51.962]: foreign master not using PTP timescale
ptp4l[52.461]: selected best master clock 16a4ab.fffe.08a56c
ptp4l[52.462]: foreign master not using PTP timescale
ptp4l[52.961]: selected best master clock 16a4ab.fffe.08a56c
ptp4l[52.962]: foreign master not using PTP timescale
ptp4l[53.461]: selected best master clock 16a4ab.fffe.08a56c
ptp4l[53.462]: foreign master not using PTP timescale
ptp4l[53.961]: selected best master clock 16a4ab.fffe.08a56c
ptp4l[53.962]: foreign master not using PTP timescale
ptp4l[54.462]: selected best master clock 16a4ab.fffe.08a56c
ptp4l[54.462]: foreign master not using PTP timescale
ptp4l[54.962]: selected best master clock 16a4ab.fffe.08a56c
ptp4l[54.963]: foreign master not using PTP timescale
ptp4l[55.462]: selected best master clock 16a4ab.fffe.08a56c
ptp4l[55.463]: foreign master not using PTP timescale
ptp4l[55.962]: selected best master clock 16a4ab.fffe.08a56c
ptp4l[55.963]: foreign master not using PTP timescale
ptp4l[56.463]: selected best master clock 16a4ab.fffe.08a56c
ptp4l[56.463]: foreign master not using PTP timescale
ptp4l[56.963]: selected best master clock 16a4ab.fffe.08a56c
ptp4l[56.963]: foreign master not using PTP timescale
