ptp4l[288.596]: port 1: INITIALIZING to LISTENING on INIT_COMPLETE
ptp4l[288.597]: port 0: INITIALIZING to LISTENING on INIT_COMPLETE
ptp4l[289.369]: port 1: new foreign master 22eb6b.fffe.acef14-1
ptp4l[289.552]: selected local clock 82c865.fffe.d10d86 as best master
ptp4l[289.590]: port 1: new foreign master ce38e7.fffe.d667d7-1
ptp4l[289.869]: selected best master clock 22eb6b.fffe.acef14
ptp4l[289.869]: foreign master not using PTP timescale
ptp4l[289.870]: port 1: LISTENING to UNCALIBRATED on RS_SLAVE
ptp4l[290.090]: selected best master clock ce38e7.fffe.d667d7
ptp4l[290.091]: foreign master not using PTP timescale
ptp4l[290.369]: selected best master clock ce38e7.fffe.d667d7
ptp4l[290.369]: foreign master not using PTP timescale
ptp4l[290.869]: selected best master clock ce38e7.fffe.d667d7
ptp4l[290.870]: foreign master not using PTP timescale
ptp4l[291.369]: selected best master clock ce38e7.fffe.d667d7
ptp4l[291.370]: foreign master not using PTP timescale
ptp4l[291.870]: selected best master clock ce38e7.fffe.d667d7
ptp4l[291.871]: foreign master not using PTP timescale
ptp4l[292.370]: selected best master clock ce38e7.fffe.d667d7
ptp4l[292.371]: foreign master not using PTP timescale
ptp4l[292.870]: selected best master clock ce38e7.fffe.d667d7
ptp4l[292.871]: foreign master not using PTP timescale
ptp4l[293.371]: selected best master clock ce38e7.fffe.d667d7
ptp4l[293.371]: foreign master not using PTP timescale
ptp4l[293.870]: selected best master clock ce38e7.fffe.d667d7
ptp4l[293.871]: foreign master not using PTP timescale
ptp4l[294.371]: selected best master clock ce38e7.fffe.d667d7
ptp4l[294.372]: foreign master not using PTP timescale
ptp4l[294.871]: selected best master clock ce38e7.fffe.d667d7
ptp4l[294.872]: foreign master not using PTP timescale
ptp4l[295.371]: selected best master clock ce38e7.fffe.d667d7
ptp4l[295.372]: foreign master not using PTP timescale
ptp4l[295.872]: selected best master clock ce38e7.fffe.d667d7
ptp4l[295.872]: foreign master not using PTP timescale
ptp4l[296.372]: selected best master clock ce38e7.fffe.d667d7
ptp4l[296.373]: foreign master not using PTP timescale
ptp4l[296.872]: selected best master clock ce38e7.fffe.d667d7
ptp4l[296.873]: foreign master not using PTP timescale
ptp4l[297.372]: selected best master clock ce38e7.fffe.d667d7
ptp4l[297.373]: foreign master not using PTP timescale
ptp4l[297.872]: selected best master clock ce38e7.fffe.d667d7
ptp4l[297.873]: foreign master not using PTP timescale
ptp4l[298.372]: selected best master clock ce38e7.fffe.d667d7
ptp4l[298.373]: foreign master not using PTP timescale
ptp4l[298.872]: selected best master clock ce38e7.fffe.d667d7
ptp4l[298.873]: foreign master not using PTP timescale
ptp4l[299.373]: selected best master clock ce38e7.fffe.d667d7
ptp4l[299.374]: foreign master not using PTP timescale
