ptp4l[1554.148]: port 1: INITIALIZING to LISTENING on INIT_COMPLETE
ptp4l[1554.172]: port 2: INITIALIZING to LISTENING on INIT_COMPLETE
ptp4l[1554.173]: port 0: INITIALIZING to LISTENING on INIT_COMPLETE
ptp4l[1554.922]: port 1: new foreign master 36e5b0.fffe.0370f2-1
ptp4l[1554.965]: port 2: new foreign master 060d95.fffe.ebc351-1
ptp4l[1555.088]: selected local clock 3295f2.fffe.a49cab as best master
ptp4l[1555.176]: selected local clock 3295f2.fffe.a49cab as best master
ptp4l[1555.466]: selected best master clock 060d95.fffe.ebc351
ptp4l[1555.469]: foreign master not using PTP timescale
ptp4l[1555.472]: port 2: LISTENING to UNCALIBRATED on RS_SLAVE
ptp4l[1555.672]: selected best master clock 36e5b0.fffe.0370f2
ptp4l[1555.673]: foreign master not using PTP timescale
ptp4l[1555.674]: port 1: LISTENING to UNCALIBRATED on RS_SLAVE
ptp4l[1555.674]: port 2: master state recommended in slave only mode
ptp4l[1555.675]: port 2: defaultDS.priority1 probably misconfigured
ptp4l[1555.676]: port 2: UNCALIBRATED to LISTENING on RS_MASTER
ptp4l[1556.608]: selected best master clock 36e5b0.fffe.0370f2
ptp4l[1556.609]: foreign master not using PTP timescale
ptp4l[1556.966]: selected best master clock 36e5b0.fffe.0370f2
ptp4l[1556.967]: foreign master not using PTP timescale
ptp4l[1556.968]: port 2: master state recommended in slave only mode
ptp4l[1556.969]: port 2: defaultDS.priority1 probably misconfigured
ptp4l[1557.512]: selected best master clock 36e5b0.fffe.0370f2
ptp4l[1557.512]: foreign master not using PTP timescale
ptp4l[1557.967]: selected best master clock 36e5b0.fffe.0370f2
ptp4l[1557.968]: foreign master not using PTP timescale
ptp4l[1557.969]: port 2: master state recommended in slave only mode
ptp4l[1557.970]: port 2: defaultDS.priority1 probably misconfigured
ptp4l[1558.368]: selected best master clock 36e5b0.fffe.0370f2
ptp4l[1558.369]: foreign master not using PTP timescale
ptp4l[1558.717]: selected best master clock 36e5b0.fffe.0370f2
ptp4l[1558.718]: foreign master not using PTP timescale
ptp4l[1558.719]: port 2: master state recommended in slave only mode
ptp4l[1558.720]: port 2: defaultDS.priority1 probably misconfigured
ptp4l[1559.284]: selected best master clock 36e5b0.fffe.0370f2
ptp4l[1559.285]: foreign master not using PTP timescale
ptp4l[1559.717]: selected best master clock 36e5b0.fffe.0370f2
ptp4l[1559.718]: foreign master not using PTP timescale
ptp4l[1559.719]: port 2: master state recommended in slave only mode
ptp4l[1559.720]: port 2: defaultDS.priority1 probably misconfigured
ptp4l[1560.236]: selected best master clock 36e5b0.fffe.0370f2
ptp4l[1560.239]: foreign master not using PTP timescale
ptp4l[1560.718]: selected best master clock 36e5b0.fffe.0370f2
ptp4l[1560.719]: foreign master not using PTP timescale
ptp4l[1560.720]: port 2: master state recommended in slave only mode
ptp4l[1560.721]: port 2: defaultDS.priority1 probably misconfigured
ptp4l[1560.988]: selected best master clock 36e5b0.fffe.0370f2
ptp4l[1560.992]: foreign master not using PTP timescale
ptp4l[1561.469]: selected best master clock 36e5b0.fffe.0370f2
ptp4l[1561.470]: foreign master not using PTP timescale
ptp4l[1561.471]: port 2: master state recommended in slave only mode
ptp4l[1561.472]: port 2: defaultDS.priority1 probably misconfigured
ptp4l[1561.884]: selected best master clock 36e5b0.fffe.0370f2
ptp4l[1561.887]: foreign master not using PTP timescale
ptp4l[1562.219]: selected best master clock 36e5b0.fffe.0370f2
ptp4l[1562.220]: foreign master not using PTP timescale
ptp4l[1562.222]: port 2: master state recommended in slave only mode
ptp4l[1562.224]: port 2: defaultDS.priority1 probably misconfigured
ptp4l[1562.756]: selected best master clock 36e5b0.fffe.0370f2
ptp4l[1562.759]: foreign master not using PTP timescale
ptp4l[1563.220]: selected best master clock 36e5b0.fffe.0370f2
ptp4l[1563.221]: foreign master not using PTP timescale
ptp4l[1563.221]: port 2: master state recommended in slave only mode
ptp4l[1563.222]: port 2: defaultDS.priority1 probably misconfigured
ptp4l[1563.728]: selected best master clock 36e5b0.fffe.0370f2
ptp4l[1563.729]: foreign master not using PTP timescale
ptp4l[1564.220]: selected best master clock 36e5b0.fffe.0370f2
ptp4l[1564.221]: foreign master not using PTP timescale
ptp4l[1564.222]: port 2: master state recommended in slave only mode
ptp4l[1564.223]: port 2: defaultDS.priority1 probably misconfigured
ptp4l[1564.476]: selected best master clock 36e5b0.fffe.0370f2
ptp4l[1564.477]: foreign master not using PTP timescale
ptp4l[1564.970]: selected best master clock 36e5b0.fffe.0370f2
ptp4l[1564.971]: foreign master not using PTP timescale
ptp4l[1564.972]: port 2: master state recommended in slave only mode
ptp4l[1564.973]: port 2: defaultDS.priority1 probably misconfigured
ptp4l[1565.248]: selected best master clock 36e5b0.fffe.0370f2
ptp4l[1565.248]: foreign master not using PTP timescale
ptp4l[1565.721]: selected best master clock 36e5b0.fffe.0370f2
ptp4l[1565.723]: foreign master not using PTP timescale
ptp4l[1565.725]: port 2: master state recommended in slave only mode
ptp4l[1565.727]: port 2: defaultDS.priority1 probably misconfigured
ptp4l[1566.116]: selected best master clock 36e5b0.fffe.0370f2
ptp4l[1566.117]: foreign master not using PTP timescale
ptp4l[1566.471]: selected best master clock 36e5b0.fffe.0370f2
ptp4l[1566.472]: foreign master not using PTP timescale
ptp4l[1566.473]: port 2: master state recommended in slave only mode
ptp4l[1566.473]: port 2: defaultDS.priority1 probably misconfigured
ptp4l[1566.936]: selected best master clock 36e5b0.fffe.0370f2
ptp4l[1566.937]: foreign master not using PTP timescale
ptp4l[1567.221]: selected best master clock 36e5b0.fffe.0370f2
ptp4l[1567.222]: foreign master not using PTP timescale
ptp4l[1567.223]: port 2: master state recommended in slave only mode
ptp4l[1567.224]: port 2: defaultDS.priority1 probably misconfigured
ptp4l[1567.852]: selected best master clock 36e5b0.fffe.0370f2
ptp4l[1567.853]: foreign master not using PTP timescale
ptp4l[1568.222]: selected best master clock 36e5b0.fffe.0370f2
ptp4l[1568.225]: foreign master not using PTP timescale
ptp4l[1568.227]: port 2: master state recommended in slave only mode
ptp4l[1568.230]: port 2: defaultDS.priority1 probably misconfigured
ptp4l[1568.644]: selected best master clock 36e5b0.fffe.0370f2
ptp4l[1568.647]: foreign master not using PTP timescale
ptp4l[1568.972]: selected best master clock 36e5b0.fffe.0370f2
ptp4l[1568.973]: foreign master not using PTP timescale
ptp4l[1568.974]: port 2: master state recommended in slave only mode
ptp4l[1568.975]: port 2: defaultDS.priority1 probably misconfigured
ptp4l[1569.476]: selected best master clock 36e5b0.fffe.0370f2
ptp4l[1569.477]: foreign master not using PTP timescale
ptp4l[1569.973]: selected best master clock 36e5b0.fffe.0370f2
ptp4l[1569.976]: foreign master not using PTP timescale
ptp4l[1569.979]: port 2: master state recommended in slave only mode
ptp4l[1569.981]: port 2: defaultDS.priority1 probably misconfigured
ptp4l[1570.244]: selected best master clock 36e5b0.fffe.0370f2
ptp4l[1570.247]: foreign master not using PTP timescale
ptp4l[1570.724]: selected best master clock 36e5b0.fffe.0370f2
ptp4l[1570.726]: foreign master not using PTP timescale
ptp4l[1570.729]: port 2: master state recommended in slave only mode
ptp4l[1570.731]: port 2: defaultDS.priority1 probably misconfigured
ptp4l[1571.196]: selected best master clock 36e5b0.fffe.0370f2
ptp4l[1571.199]: foreign master not using PTP timescale
ptp4l[1571.474]: selected best master clock 36e5b0.fffe.0370f2
ptp4l[1571.475]: foreign master not using PTP timescale
ptp4l[1571.475]: port 2: master state recommended in slave only mode
ptp4l[1571.476]: port 2: defaultDS.priority1 probably misconfigured
ptp4l[1571.809]: rms 120389 max 339804 freq +22334 +/- 56032 delay 20513 +/- 6143
ptp4l[1572.084]: selected best master clock 36e5b0.fffe.0370f2
ptp4l[1572.085]: foreign master not using PTP timescale
ptp4l[1572.474]: selected best master clock 36e5b0.fffe.0370f2
ptp4l[1572.475]: foreign master not using PTP timescale
ptp4l[1572.476]: port 2: master state recommended in slave only mode
ptp4l[1572.477]: port 2: defaultDS.priority1 probably misconfigured
ptp4l[1572.924]: selected best master clock 36e5b0.fffe.0370f2
ptp4l[1572.924]: foreign master not using PTP timescale
ptp4l[1573.224]: selected best master clock 36e5b0.fffe.0370f2
ptp4l[1573.225]: foreign master not using PTP timescale
ptp4l[1573.226]: port 2: master state recommended in slave only mode
ptp4l[1573.227]: port 2: defaultDS.priority1 probably misconfigured
ptp4l[1573.724]: selected best master clock 36e5b0.fffe.0370f2
ptp4l[1573.724]: foreign master not using PTP timescale
ptp4l[1573.975]: selected best master clock 36e5b0.fffe.0370f2
ptp4l[1573.976]: foreign master not using PTP timescale
ptp4l[1573.977]: port 2: master state recommended in slave only mode
ptp4l[1573.977]: port 2: defaultDS.priority1 probably misconfigured
ptp4l[1574.716]: selected best master clock 36e5b0.fffe.0370f2
ptp4l[1574.717]: foreign master not using PTP timescale
ptp4l[1574.975]: selected best master clock 36e5b0.fffe.0370f2
ptp4l[1574.976]: foreign master not using PTP timescale
ptp4l[1574.977]: port 2: master state recommended in slave only mode
ptp4l[1574.978]: port 2: defaultDS.priority1 probably misconfigured
ptp4l[1575.712]: selected best master clock 36e5b0.fffe.0370f2
ptp4l[1575.713]: foreign master not using PTP timescale
ptp4l[1575.976]: selected best master clock 36e5b0.fffe.0370f2
ptp4l[1575.977]: foreign master not using PTP timescale
ptp4l[1575.978]: port 2: master state recommended in slave only mode
ptp4l[1575.979]: port 2: defaultDS.priority1 probably misconfigured
ptp4l[1576.640]: selected best master clock 36e5b0.fffe.0370f2
ptp4l[1576.643]: foreign master not using PTP timescale
ptp4l[1576.977]: selected best master clock 36e5b0.fffe.0370f2
ptp4l[1576.979]: foreign master not using PTP timescale
ptp4l[1576.982]: port 2: master state recommended in slave only mode
ptp4l[1576.984]: port 2: defaultDS.priority1 probably misconfigured
ptp4l[1577.468]: selected best master clock 36e5b0.fffe.0370f2
ptp4l[1577.469]: foreign master not using PTP timescale
ptp4l[1577.728]: selected best master clock 36e5b0.fffe.0370f2
ptp4l[1577.730]: foreign master not using PTP timescale
ptp4l[1577.733]: port 2: master state recommended in slave only mode
ptp4l[1577.735]: port 2: defaultDS.priority1 probably misconfigured
ptp4l[1578.396]: selected best master clock 36e5b0.fffe.0370f2
ptp4l[1578.399]: foreign master not using PTP timescale
ptp4l[1578.728]: selected best master clock 36e5b0.fffe.0370f2
ptp4l[1578.729]: foreign master not using PTP timescale
ptp4l[1578.730]: port 2: master state recommended in slave only mode
ptp4l[1578.731]: port 2: defaultDS.priority1 probably misconfigured
ptp4l[1579.204]: selected best master clock 36e5b0.fffe.0370f2
ptp4l[1579.205]: foreign master not using PTP timescale
ptp4l[1579.479]: selected best master clock 36e5b0.fffe.0370f2
ptp4l[1579.479]: foreign master not using PTP timescale
ptp4l[1579.480]: port 2: master state recommended in slave only mode
ptp4l[1579.481]: port 2: defaultDS.priority1 probably misconfigured
ptp4l[1580.108]: selected best master clock 36e5b0.fffe.0370f2
ptp4l[1580.108]: foreign master not using PTP timescale
ptp4l[1580.133]: port 1: link down
ptp4l[1580.134]: port 1: UNCALIBRATED to FAULTY on FAULT_DETECTED (FT_UNSPECIFIED)
ptp4l[1580.180]: selected local clock 3295f2.fffe.a49cab as best master
ptp4l[1580.181]: port 1: assuming the grand master role
ptp4l[1580.182]: port 1: master state recommended in slave only mode
ptp4l[1580.182]: port 1: defaultDS.priority1 probably misconfigured
ptp4l[1580.479]: selected best master clock 060d95.fffe.ebc351
ptp4l[1580.480]: port 1: master state recommended in slave only mode
ptp4l[1580.481]: port 1: defaultDS.priority1 probably misconfigured
ptp4l[1580.482]: foreign master not using PTP timescale
ptp4l[1580.483]: port 2: LISTENING to UNCALIBRATED on RS_SLAVE
ptp4l[1588.502]: rms 94488 max 186079 freq -10110 +/- 60333 delay 68408 +/- 54362
