ptp4l[1239.832]: port 1 (v-ru2): INITIALIZING to LISTENING on INIT_COMPLETE
ptp4l[1239.832]: port 0 (/var/run/p.ru2): INITIALIZING to LISTENING on INIT_COMPLETE
ptp4l[1239.832]: port 0 (/var/run/pr.ru2): INITIALIZING to LISTENING on INIT_COMPLETE
ptp4l[1240.267]: selected local clock 020000.fffe.00000d as best master
ptp4l[1240.333]: port 1 (v-ru2): new foreign master 020000.fffe.000001-2
ptp4l[1240.583]: selected best master clock 020000.fffe.00000a
ptp4l[1240.583]: foreign master not using PTP timescale
ptp4l[1240.583]: port 1 (v-ru2): LISTENING to UNCALIBRATED on RS_SLAVE
ptp4l[1242.647]: master offset       -636 s0 freq    +375 path delay      5271
ptp4l[1244.649]: master offset       -466 s0 freq     -93 path delay      4914
ptp4l[1246.651]: master offset       5125 s0 freq   +2104 path delay      3535
ptp4l[1248.653]: master offset        796 s0 freq   -1913 path delay      4035
ptp4l[1250.655]: master offset         43 s0 freq    -312 path delay      4163
ptp4l[1252.657]: master offset        354 s0 freq    +482 path delay      4817
ptp4l[1254.659]: master offset      -3288 s0 freq    -184 path delay      8091
ptp4l[1256.662]: master offset       2638 s0 freq   +1534 path delay      5237
ptp4l[1258.664]: master offset      -1876 s0 freq   -1029 path delay      7690
ptp4l[1260.666]: master offset      -1578 s0 freq   -1064 path delay      5262
ptp4l[1262.668]: master offset       -218 s0 freq    +846 path delay      5595
ptp4l[1264.671]: master offset      -1179 s0 freq    +938 path delay      8435
ptp4l[1266.673]: master offset       3569 s0 freq    +460 path delay      4607
ptp4l[1268.676]: master offset       7104 s0 freq   +1433 path delay      3944
ptp4l[1269.789]: master offset 9060829166 s0 freq +8143346584 path delay      7917
ptp4l[1270.794]: master offset 9064454055 s0 freq +3605375 path delay      5283
ptp4l[1271.799]: master offset 9068656397 s0 freq +4180612 path delay      6037
ptp4l[1272.753]: master offset 6075661935 s0 freq +3230858148 path delay 6074005311
ptp4l[1273.757]: master offset 6077260268 s0 freq +3425747 path delay 6075848042
ptp4l[1274.762]: master offset 6079161393 s0 freq +3701718 path delay 6077666713
ptp4l[1275.750]: master offset -7617938650 s0 freq -12311181123 path delay 7617947679
ptp4l[1276.751]: master offset -3809784358 s0 freq   -5133 path delay 3809788248
ptp4l[1277.752]: master offset        786 s0 freq   +3685 path delay      6795
ptp4l[1278.742]: master offset 18326286607 s0 freq +18525587337 path delay      5281
ptp4l[1279.746]: master offset 18329828248 s0 freq +3525169 path delay      5097
ptp4l[1280.752]: master offset 18334105740 s0 freq +4255057 path delay      5625
ptp4l[1281.706]: master offset 10708199736 s0 freq +3230188691 path delay 10707102068
ptp4l[1282.711]: master offset 10709780790 s0 freq +3914734 path delay 10709455239
ptp4l[1283.715]: master offset 10712356698 s0 freq +3544701 path delay 10710440769
ptp4l[1284.700]: master offset -10711751534 s0 freq -21746164408 path delay 10711753668
ptp4l[1285.702]: master offset -6126101301 s0 freq   +9018 path delay 6126112462
ptp4l[1286.702]: master offset      -4849 s0 freq   -6560 path delay      9443
ptp4l[1287.954]: master offset      -1069 s0 freq    -802 path delay      4659
ptp4l[1289.957]: master offset       1717 s0 freq   +1336 path delay      4549
ptp4l[1291.959]: master offset      -2186 s0 freq   -2217 path delay      4012
