ptp4l[104.816]: port 1: INITIALIZING to LISTENING on INIT_COMPLETE
ptp4l[104.860]: port 2: INITIALIZING to LISTENING on INIT_COMPLETE
ptp4l[104.860]: port 0: INITIALIZING to LISTENING on INIT_COMPLETE
ptp4l[105.736]: selected local clock a26795.fffe.f83013 as best master
ptp4l[105.784]: selected local clock a26795.fffe.f83013 as best master
ptp4l[105.801]: port 1: new foreign master 8e80fa.fffe.a180a9-1
ptp4l[105.805]: port 2: new foreign master 720678.fffe.c41420-1
ptp4l[106.302]: selected best master clock 8e80fa.fffe.a180a9
ptp4l[106.303]: foreign master not using PTP timescale
ptp4l[106.305]: port 1: LISTENING to UNCALIBRATED on RS_SLAVE
ptp4l[106.307]: selected best master clock 8e80fa.fffe.a180a9
ptp4l[106.309]: foreign master not using PTP timescale
ptp4l[106.310]: port 2: master state recommended in slave only mode
ptp4l[106.312]: port 2: defaultDS.priority1 probably misconfigured
ptp4l[106.772]: selected best master clock 8e80fa.fffe.a180a9
ptp4l[106.773]: foreign master not using PTP timescale
ptp4l[107.055]: selected best master clock 8e80fa.fffe.a180a9
ptp4l[107.057]: foreign master not using PTP timescale
ptp4l[107.059]: port 2: master state recommended in slave only mode
ptp4l[107.061]: port 2: defaultDS.priority1 probably misconfigured
ptp4l[107.704]: selected best master clock 8e80fa.fffe.a180a9
ptp4l[107.705]: foreign master not using PTP timescale
ptp4l[108.056]: selected best master clock 8e80fa.fffe.a180a9
ptp4l[108.056]: foreign master not using PTP timescale
ptp4l[108.057]: port 2: master state recommended in slave only mode
ptp4l[108.058]: port 2: defaultDS.priority1 probably misconfigured
ptp4l[108.560]: selected best master clock 8e80fa.fffe.a180a9
ptp4l[108.560]: foreign master not using PTP timescale
ptp4l[109.056]: selected best master clock 8e80fa.fffe.a180a9
ptp4l[109.057]: foreign master not using PTP timescale
ptp4l[109.058]: port 2: master state recommended in slave only mode
ptp4l[109.058]: port 2: defaultDS.priority1 probably misconfigured
ptp4l[109.476]: selected best master clock 8e80fa.fffe.a180a9
ptp4l[109.479]: foreign master not using PTP timescale
ptp4l[109.806]: selected best master clock 8e80fa.fffe.a180a9
ptp4l[109.809]: foreign master not using PTP timescale
ptp4l[109.811]: port 2: master state recommended in slave only mode
ptp4l[109.815]: port 2: defaultDS.priority1 probably misconfigured
ptp4l[110.412]: selected best master clock 8e80fa.fffe.a180a9
ptp4l[110.413]: foreign master not using PTP timescale
ptp4l[110.807]: selected best master clock 8e80fa.fffe.a180a9
ptp4l[110.808]: foreign master not using PTP timescale
ptp4l[110.809]: port 2: master state recommended in slave only mode
ptp4l[110.809]: port 2: defaultDS.priority1 probably misconfigured
ptp4l[111.384]: selected best master clock 8e80fa.fffe.a180a9
ptp4l[111.386]: foreign master not using PTP timescale
ptp4l[111.807]: selected best master clock 8e80fa.fffe.a180a9
ptp4l[111.810]: foreign master not using PTP timescale
ptp4l[111.812]: port 2: master state recommended in slave only mode
ptp4l[111.814]: port 2: defaultDS.priority1 probably misconfigured
ptp4l[112.260]: selected best master clock 8e80fa.fffe.a180a9
ptp4l[112.263]: foreign master not using PTP timescale
ptp4l[112.558]: selected best master clock 8e80fa.fffe.a180a9
ptp4l[112.560]: foreign master not using PTP timescale
ptp4l[112.562]: port 2: master state recommended in slave only mode
ptp4l[112.564]: port 2: defaultDS.priority1 probably misconfigured
ptp4l[113.176]: selected best master clock 8e80fa.fffe.a180a9
ptp4l[113.178]: foreign master not using PTP timescale
ptp4l[113.558]: selected best master clock 8e80fa.fffe.a180a9
ptp4l[113.559]: foreign master not using PTP timescale
ptp4l[113.560]: port 2: master state recommended in slave only mode
ptp4l[113.561]: port 2: defaultDS.priority1 probably misconfigured
ptp4l[114.068]: selected best master clock 8e80fa.fffe.a180a9
ptp4l[114.068]: foreign master not using PTP timescale
ptp4l[114.559]: selected best master clock 8e80fa.fffe.a180a9
ptp4l[114.559]: foreign master not using PTP timescale
ptp4l[114.560]: port 2: master state recommended in slave only mode
ptp4l[114.561]: port 2: defaultDS.priority1 probably misconfigured
ptp4l[115.008]: selected best master clock 8e80fa.fffe.a180a9
ptp4l[115.009]: foreign master not using PTP timescale
ptp4l[115.309]: selected best master clock 8e80fa.fffe.a180a9
ptp4l[115.310]: foreign master not using PTP timescale
ptp4l[115.310]: port 2: master state recommended in slave only mode
ptp4l[115.311]: port 2: defaultDS.priority1 probably misconfigured
ptp4l[115.816]: selected best master clock 8e80fa.fffe.a180a9
ptp4l[115.816]: foreign master not using PTP timescale
ptp4l[116.310]: selected best master clock 8e80fa.fffe.a180a9
ptp4l[116.312]: foreign master not using PTP timescale
ptp4l[116.314]: port 2: master state recommended in slave only mode
ptp4l[116.316]: port 2: defaultDS.priority1 probably misconfigured
ptp4l[116.636]: selected best master clock 8e80fa.fffe.a180a9
ptp4l[116.638]: foreign master not using PTP timescale
ptp4l[117.060]: selected best master clock 8e80fa.fffe.a180a9
ptp4l[117.062]: foreign master not using PTP timescale
ptp4l[117.063]: port 2: master state recommended in slave only mode
ptp4l[117.064]: port 2: defaultDS.priority1 probably misconfigured
ptp4l[117.580]: selected best master clock 8e80fa.fffe.a180a9
ptp4l[117.582]: foreign master not using PTP timescale
ptp4l[118.061]: selected best master clock 8e80fa.fffe.a180a9
ptp4l[118.064]: foreign master not using PTP timescale
ptp4l[118.066]: port 2: master state recommended in slave only mode
ptp4l[118.069]: port 2: defaultDS.priority1 probably misconfigured
ptp4l[118.468]: selected best master clock 8e80fa.fffe.a180a9
ptp4l[118.471]: foreign master not using PTP timescale
ptp4l[118.811]: selected best master clock 8e80fa.fffe.a180a9
ptp4l[118.812]: foreign master not using PTP timescale
ptp4l[118.813]: port 2: master state recommended in slave only mode
ptp4l[118.814]: port 2: defaultDS.priority1 probably misconfigured
ptp4l[119.356]: selected best master clock 8e80fa.fffe.a180a9
ptp4l[119.359]: foreign master not using PTP timescale
ptp4l[119.812]: selected best master clock 8e80fa.fffe.a180a9
ptp4l[119.814]: foreign master not using PTP timescale
ptp4l[119.817]: port 2: master state recommended in slave only mode
ptp4l[119.819]: port 2: defaultDS.priority1 probably misconfigured
ptp4l[120.376]: selected best master clock 8e80fa.fffe.a180a9
ptp4l[120.379]: foreign master not using PTP timescale
ptp4l[120.813]: selected best master clock 8e80fa.fffe.a180a9
ptp4l[120.814]: foreign master not using PTP timescale
ptp4l[120.815]: port 2: master state recommended in slave only mode
ptp4l[120.817]: port 2: defaultDS.priority1 probably misconfigured
ptp4l[121.320]: selected best master clock 8e80fa.fffe.a180a9
ptp4l[121.323]: foreign master not using PTP timescale
ptp4l[121.813]: selected best master clock 8e80fa.fffe.a180a9
ptp4l[121.816]: foreign master not using PTP timescale
ptp4l[121.818]: port 2: master state recommended in slave only mode
ptp4l[121.820]: port 2: defaultDS.priority1 probably misconfigured
ptp4l[122.180]: selected best master clock 8e80fa.fffe.a180a9
ptp4l[122.182]: foreign master not using PTP timescale
ptp4l[122.446]: rms 12720 max 27586 freq  +4669 +/- 12004 delay 21326 +/- 6950
ptp4l[122.564]: selected best master clock 8e80fa.fffe.a180a9
ptp4l[122.566]: foreign master not using PTP timescale
ptp4l[122.568]: port 2: master state recommended in slave only mode
ptp4l[122.570]: port 2: defaultDS.priority1 probably misconfigured
ptp4l[123.132]: selected best master clock 8e80fa.fffe.a180a9
ptp4l[123.134]: foreign master not using PTP timescale
ptp4l[123.564]: selected best master clock 8e80fa.fffe.a180a9
ptp4l[123.567]: foreign master not using PTP timescale
ptp4l[123.569]: port 2: master state recommended in slave only mode
ptp4l[123.571]: port 2: defaultDS.priority1 probably misconfigured
ptp4l[124.012]: selected best master clock 8e80fa.fffe.a180a9
ptp4l[124.014]: foreign master not using PTP timescale
ptp4l[124.315]: selected best master clock 8e80fa.fffe.a180a9
ptp4l[124.317]: foreign master not using PTP timescale
ptp4l[124.320]: port 2: master state recommended in slave only mode
ptp4l[124.322]: port 2: defaultDS.priority1 probably misconfigured
ptp4l[124.828]: selected best master clock 8e80fa.fffe.a180a9
ptp4l[124.828]: foreign master not using PTP timescale
ptp4l[125.315]: selected best master clock 8e80fa.fffe.a180a9
ptp4l[125.315]: foreign master not using PTP timescale
ptp4l[125.316]: port 2: master state recommended in slave only mode
ptp4l[125.317]: port 2: defaultDS.priority1 probably misconfigured
ptp4l[125.632]: selected best master clock 8e80fa.fffe.a180a9
ptp4l[125.632]: foreign master not using PTP timescale
ptp4l[126.065]: selected best master clock 8e80fa.fffe.a180a9
ptp4l[126.066]: foreign master not using PTP timescale
ptp4l[126.067]: port 2: master state recommended in slave only mode
ptp4l[126.068]: port 2: defaultDS.priority1 probably misconfigured
ptp4l[126.592]: selected best master clock 8e80fa.fffe.a180a9
ptp4l[126.592]: foreign master not using PTP timescale
ptp4l[127.066]: selected best master clock 8e80fa.fffe.a180a9
ptp4l[127.069]: foreign master not using PTP timescale
ptp4l[127.072]: port 2: master state recommended in slave only mode
ptp4l[127.074]: port 2: defaultDS.priority1 probably misconfigured
ptp4l[127.528]: selected best master clock 8e80fa.fffe.a180a9
ptp4l[127.530]: foreign master not using PTP timescale
ptp4l[127.816]: selected best master clock 8e80fa.fffe.a180a9
ptp4l[127.819]: foreign master not using PTP timescale
ptp4l[127.821]: port 2: master state recommended in slave only mode
ptp4l[127.824]: port 2: defaultDS.priority1 probably misconfigured
ptp4l[128.348]: selected best master clock 8e80fa.fffe.a180a9
ptp4l[128.351]: foreign master not using PTP timescale
ptp4l[128.817]: selected best master clock 8e80fa.fffe.a180a9
ptp4l[128.819]: foreign master not using PTP timescale
ptp4l[128.821]: port 2: master state recommended in slave only mode
ptp4l[128.824]: port 2: defaultDS.priority1 probably misconfigured
ptp4l[129.248]: selected best master clock 8e80fa.fffe.a180a9
ptp4l[129.251]: foreign master not using PTP timescale
ptp4l[129.567]: selected best master clock 8e80fa.fffe.a180a9
ptp4l[129.570]: foreign master not using PTP timescale
ptp4l[129.573]: port 2: master state recommended in slave only mode
ptp4l[129.575]: port 2: defaultDS.priority1 probably misconfigured
ptp4l[130.200]: selected best master clock 8e80fa.fffe.a180a9
ptp4l[130.201]: foreign master not using PTP timescale
ptp4l[130.568]: selected best master clock 8e80fa.fffe.a180a9
ptp4l[130.569]: foreign master not using PTP timescale
ptp4l[130.570]: port 2: master state recommended in slave only mode
ptp4l[130.571]: port 2: defaultDS.priority1 probably misconfigured
ptp4l[131.136]: selected best master clock 8e80fa.fffe.a180a9
ptp4l[131.138]: foreign master not using PTP timescale
ptp4l[131.569]: selected best master clock 8e80fa.fffe.a180a9
ptp4l[131.572]: foreign master not using PTP timescale
ptp4l[131.574]: port 2: master state recommended in slave only mode
ptp4l[131.577]: port 2: defaultDS.priority1 probably misconfigured
ptp4l[132.052]: selected best master clock 8e80fa.fffe.a180a9
ptp4l[132.055]: foreign master not using PTP timescale
ptp4l[132.320]: selected best master clock 8e80fa.fffe.a180a9
ptp4l[132.323]: foreign master not using PTP timescale
ptp4l[132.325]: port 2: master state recommended in slave only mode
ptp4l[132.327]: port 2: defaultDS.priority1 probably misconfigured
ptp4l[132.980]: selected best master clock 8e80fa.fffe.a180a9
ptp4l[132.983]: foreign master not using PTP timescale
ptp4l[133.320]: selected best master clock 8e80fa.fffe.a180a9
ptp4l[133.321]: foreign master not using PTP timescale
ptp4l[133.322]: port 2: master state recommended in slave only mode
ptp4l[133.323]: port 2: defaultDS.priority1 probably misconfigured
ptp4l[133.924]: selected best master clock 8e80fa.fffe.a180a9
ptp4l[133.927]: foreign master not using PTP timescale
ptp4l[134.321]: selected best master clock 8e80fa.fffe.a180a9
ptp4l[134.324]: foreign master not using PTP timescale
ptp4l[134.326]: port 2: master state recommended in slave only mode
ptp4l[134.329]: port 2: defaultDS.priority1 probably misconfigured
ptp4l[134.764]: selected best master clock 8e80fa.fffe.a180a9
ptp4l[134.766]: foreign master not using PTP timescale
ptp4l[135.072]: selected best master clock 8e80fa.fffe.a180a9
ptp4l[135.073]: foreign master not using PTP timescale
ptp4l[135.075]: port 2: master state recommended in slave only mode
ptp4l[135.077]: port 2: defaultDS.priority1 probably misconfigured
ptp4l[135.708]: selected best master clock 8e80fa.fffe.a180a9
ptp4l[135.709]: foreign master not using PTP timescale
ptp4l[136.072]: selected best master clock 8e80fa.fffe.a180a9
ptp4l[136.072]: foreign master not using PTP timescale
ptp4l[136.073]: port 2: master state recommended in slave only mode
ptp4l[136.074]: port 2: defaultDS.priority1 probably misconfigured
ptp4l[136.568]: selected best master clock 8e80fa.fffe.a180a9
ptp4l[136.571]: foreign master not using PTP timescale
ptp4l[136.822]: selected best master clock 8e80fa.fffe.a180a9
ptp4l[136.823]: foreign master not using PTP timescale
ptp4l[136.825]: port 2: master state recommended in slave only mode
ptp4l[136.826]: port 2: defaultDS.priority1 probably misconfigured
ptp4l[137.500]: selected best master clock 8e80fa.fffe.a180a9
ptp4l[137.501]: foreign master not using PTP timescale
ptp4l[137.824]: selected best master clock 8e80fa.fffe.a180a9
ptp4l[137.826]: foreign master not using PTP timescale
ptp4l[137.829]: port 2: master state recommended in slave only mode
ptp4l[137.831]: port 2: defaultDS.priority1 probably misconfigured
ptp4l[138.456]: selected best master clock 8e80fa.fffe.a180a9
ptp4l[138.458]: foreign master not using PTP timescale
ptp4l[138.467]: rms 159645 max 304262 freq +23875 +/- 70826 delay 93469 +/- 41873
ptp4l[138.825]: selected best master clock 8e80fa.fffe.a180a9
ptp4l[138.827]: foreign master not using PTP timescale
ptp4l[138.830]: port 2: master state recommended in slave only mode
ptp4l[138.832]: port 2: defaultDS.priority1 probably misconfigured
ptp4l[139.200]: selected best master clock 8e80fa.fffe.a180a9
ptp4l[139.203]: foreign master not using PTP timescale
ptp4l[139.575]: selected best master clock 8e80fa.fffe.a180a9
ptp4l[139.577]: foreign master not using PTP timescale
ptp4l[139.578]: port 2: master state recommended in slave only mode
ptp4l[139.580]: port 2: defaultDS.priority1 probably misconfigured
ptp4l[140.152]: selected best master clock 8e80fa.fffe.a180a9
ptp4l[140.153]: foreign master not using PTP timescale
ptp4l[140.575]: selected best master clock 8e80fa.fffe.a180a9
ptp4l[140.576]: foreign master not using PTP timescale
ptp4l[140.577]: port 2: master state recommended in slave only mode
ptp4l[140.577]: port 2: defaultDS.priority1 probably misconfigured
ptp4l[140.984]: selected best master clock 8e80fa.fffe.a180a9
ptp4l[140.987]: foreign master not using PTP timescale
ptp4l[141.326]: selected best master clock 8e80fa.fffe.a180a9
ptp4l[141.328]: foreign master not using PTP timescale
ptp4l[141.331]: port 2: master state recommended in slave only mode
ptp4l[141.334]: port 2: defaultDS.priority1 probably misconfigured
ptp4l[141.848]: selected best master clock 8e80fa.fffe.a180a9
ptp4l[141.850]: foreign master not using PTP timescale
ptp4l[142.327]: selected best master clock 8e80fa.fffe.a180a9
ptp4l[142.329]: foreign master not using PTP timescale
ptp4l[142.331]: port 2: master state recommended in slave only mode
ptp4l[142.333]: port 2: defaultDS.priority1 probably misconfigured
ptp4l[142.640]: selected best master clock 8e80fa.fffe.a180a9
ptp4l[142.641]: foreign master not using PTP timescale
ptp4l[143.077]: selected best master clock 8e80fa.fffe.a180a9
ptp4l[143.079]: foreign master not using PTP timescale
ptp4l[143.081]: port 2: master state recommended in slave only mode
ptp4l[143.084]: port 2: defaultDS.priority1 probably misconfigured
ptp4l[143.540]: selected best master clock 8e80fa.fffe.a180a9
ptp4l[143.543]: foreign master not using PTP timescale
ptp4l[143.827]: selected best master clock 8e80fa.fffe.a180a9
ptp4l[143.830]: foreign master not using PTP timescale
ptp4l[143.832]: port 2: master state recommended in slave only mode
ptp4l[143.835]: port 2: defaultDS.priority1 probably misconfigured
ptp4l[144.432]: selected best master clock 8e80fa.fffe.a180a9
ptp4l[144.434]: foreign master not using PTP timescale
ptp4l[144.828]: selected best master clock 8e80fa.fffe.a180a9
ptp4l[144.831]: foreign master not using PTP timescale
ptp4l[144.833]: port 2: master state recommended in slave only mode
ptp4l[144.836]: port 2: defaultDS.priority1 probably misconfigured
ptp4l[145.388]: selected best master clock 8e80fa.fffe.a180a9
ptp4l[145.391]: foreign master not using PTP timescale
ptp4l[145.829]: selected best master clock 8e80fa.fffe.a180a9
ptp4l[145.829]: foreign master not using PTP timescale
ptp4l[145.830]: port 2: master state recommended in slave only mode
ptp4l[145.830]: port 2: defaultDS.priority1 probably misconfigured
ptp4l[146.228]: selected best master clock 8e80fa.fffe.a180a9
ptp4l[146.228]: foreign master not using PTP timescale
ptp4l[146.579]: selected best master clock 8e80fa.fffe.a180a9
ptp4l[146.582]: foreign master not using PTP timescale
ptp4l[146.584]: port 2: master state recommended in slave only mode
ptp4l[146.587]: port 2: defaultDS.priority1 probably misconfigured
ptp4l[147.144]: selected best master clock 8e80fa.fffe.a180a9
ptp4l[147.146]: foreign master not using PTP timescale
ptp4l[147.579]: selected best master clock 8e80fa.fffe.a180a9
ptp4l[147.581]: foreign master not using PTP timescale
ptp4l[147.582]: port 2: master state recommended in slave only mode
ptp4l[147.582]: port 2: defaultDS.priority1 probably misconfigured
ptp4l[148.064]: selected best master clock 8e80fa.fffe.a180a9
ptp4l[148.066]: foreign master not using PTP timescale
ptp4l[148.330]: selected best master clock 8e80fa.fffe.a180a9
ptp4l[148.332]: foreign master not using PTP timescale
ptp4l[148.335]: port 2: master state recommended in slave only mode
ptp4l[148.337]: port 2: defaultDS.priority1 probably misconfigured
ptp4l[148.864]: selected best master clock 8e80fa.fffe.a180a9
ptp4l[148.867]: foreign master not using PTP timescale
ptp4l[149.331]: selected best master clock 8e80fa.fffe.a180a9
ptp4l[149.333]: foreign master not using PTP timescale
ptp4l[149.336]: port 2: master state recommended in slave only mode
ptp4l[149.338]: port 2: defaultDS.priority1 probably misconfigured
ptp4l[149.800]: selected best master clock 8e80fa.fffe.a180a9
ptp4l[149.802]: foreign master not using PTP timescale
ptp4l[150.081]: selected best master clock 8e80fa.fffe.a180a9
ptp4l[150.084]: foreign master not using PTP timescale
ptp4l[150.086]: port 2: master state recommended in slave only mode
ptp4l[150.088]: port 2: defaultDS.priority1 probably misconfigured
ptp4l[150.664]: selected best master clock 8e80fa.fffe.a180a9
ptp4l[150.666]: foreign master not using PTP timescale
ptp4l[151.082]: selected best master clock 8e80fa.fffe.a180a9
ptp4l[151.083]: foreign master not using PTP timescale
ptp4l[151.083]: port 2: master state recommended in slave only mode
ptp4l[151.084]: port 2: defaultDS.priority1 probably misconfigured
ptp4l[151.576]: selected best master clock 8e80fa.fffe.a180a9
ptp4l[151.577]: foreign master not using PTP timescale
ptp4l[151.832]: selected best master clock 8e80fa.fffe.a180a9
ptp4l[151.835]: foreign master not using PTP timescale
ptp4l[151.838]: port 2: master state recommended in slave only mode
ptp4l[151.840]: port 2: defaultDS.priority1 probably misconfigured
