ptp4l[28.840]: port 1: INITIALIZING to LISTENING on INIT_COMPLETE
ptp4l[28.841]: port 0: INITIALIZING to LISTENING on INIT_COMPLETE
ptp4l[29.644]: port 1: new foreign master c647c2.fffe.bc346e-1
ptp4l[29.760]: selected local clock b2e531.fffe.988ca9 as best master
ptp4l[29.800]: port 1: new foreign master 0eb4af.fffe.eab92a-1
ptp4l[30.144]: selected best master clock c647c2.fffe.bc346e
ptp4l[30.145]: foreign master not using PTP timescale
ptp4l[30.146]: port 1: LISTENING to UNCALIBRATED on RS_SLAVE
ptp4l[30.300]: selected best master clock 0eb4af.fffe.eab92a
ptp4l[30.301]: foreign master not using PTP timescale
ptp4l[30.644]: selected best master clock 0eb4af.fffe.eab92a
ptp4l[30.645]: foreign master not using PTP timescale
ptp4l[31.144]: selected best master clock 0eb4af.fffe.eab92a
ptp4l[31.145]: foreign master not using PTP timescale
ptp4l[31.644]: selected best master clock 0eb4af.fffe.eab92a
ptp4l[31.645]: foreign master not using PTP timescale
ptp4l[32.145]: selected best master clock 0eb4af.fffe.eab92a
ptp4l[32.148]: foreign master not using PTP timescale
ptp4l[32.645]: selected best master clock 0eb4af.fffe.eab92a
ptp4l[32.646]: foreign master not using PTP timescale
ptp4l[33.145]: selected best master clock 0eb4af.fffe.eab92a
ptp4l[33.146]: foreign master not using PTP timescale
ptp4l[33.646]: selected best master clock 0eb4af.fffe.eab92a
ptp4l[33.649]: foreign master not using PTP timescale
ptp4l[34.146]: selected best master clock 0eb4af.fffe.eab92a
ptp4l[34.147]: foreign master not using PTP timescale
ptp4l[34.646]: selected best master clock 0eb4af.fffe.eab92a
ptp4l[34.647]: foreign master not using PTP timescale
ptp4l[35.146]: selected best master clock 0eb4af.fffe.eab92a
ptp4l[35.147]: foreign master not using PTP timescale
ptp4l[35.647]: selected best master clock 0eb4af.fffe.eab92a
ptp4l[35.648]: foreign master not using PTP timescale
ptp4l[36.147]: selected best master clock 0eb4af.fffe.eab92a
ptp4l[36.148]: foreign master not using PTP timescale
ptp4l[36.648]: selected best master clock 0eb4af.fffe.eab92a
ptp4l[36.649]: foreign master not using PTP timescale
ptp4l[37.149]: selected best master clock 0eb4af.fffe.eab92a
ptp4l[37.150]: foreign master not using PTP timescale
ptp4l[37.651]: selected best master clock 0eb4af.fffe.eab92a
ptp4l[37.654]: foreign master not using PTP timescale
ptp4l[38.153]: selected best master clock 0eb4af.fffe.eab92a
ptp4l[38.153]: foreign master not using PTP timescale
ptp4l[38.655]: selected best master clock 0eb4af.fffe.eab92a
ptp4l[38.655]: foreign master not using PTP timescale
ptp4l[39.155]: selected best master clock 0eb4af.fffe.eab92a
ptp4l[39.155]: foreign master not using PTP timescale
ptp4l[39.655]: selected best master clock 0eb4af.fffe.eab92a
ptp4l[39.658]: foreign master not using PTP timescale
