ptp4l[1059.132]: port 1: INITIALIZING to LISTENING on INIT_COMPLETE
ptp4l[1059.168]: port 2: INITIALIZING to LISTENING on INIT_COMPLETE
ptp4l[1059.169]: port 0: INITIALIZING to LISTENING on INIT_COMPLETE
ptp4l[1059.964]: selected local clock 129446.fffe.452d73 as best master
ptp4l[1060.032]: selected local clock 129446.fffe.452d73 as best master
ptp4l[1060.107]: port 2: new foreign master 1ac6a2.fffe.c97dfb-1
ptp4l[1060.261]: port 1: new foreign master d255ad.fffe.b1c079-1
ptp4l[1060.608]: selected best master clock 1ac6a2.fffe.c97dfb
ptp4l[1060.608]: foreign master not using PTP timescale
ptp4l[1060.609]: port 2: LISTENING to UNCALIBRATED on RS_SLAVE
ptp4l[1060.840]: selected best master clock 1ac6a2.fffe.c97dfb
ptp4l[1060.841]: foreign master not using PTP timescale
ptp4l[1061.011]: selected best master clock d255ad.fffe.b1c079
ptp4l[1061.012]: foreign master not using PTP timescale
ptp4l[1061.012]: port 1: LISTENING to UNCALIBRATED on RS_SLAVE
ptp4l[1061.013]: port 2: master state recommended in slave only mode
ptp4l[1061.014]: port 2: defaultDS.priority1 probably misconfigured
ptp4l[1061.015]: port 2: UNCALIBRATED to LISTENING on RS_MASTER
ptp4l[1062.032]: selected best master clock d255ad.fffe.b1c079
ptp4l[1062.033]: foreign master not using PTP timescale
ptp4l[1062.358]: selected best master clock d255ad.fffe.b1c079
ptp4l[1062.359]: foreign master not using PTP timescale
ptp4l[1062.360]: port 2: master state recommended in slave only mode
ptp4l[1062.360]: port 2: defaultDS.priority1 probably misconfigured
ptp4l[1062.848]: selected best master clock d255ad.fffe.b1c079
ptp4l[1062.849]: foreign master not using PTP timescale
ptp4l[1063.108]: selected best master clock d255ad.fffe.b1c079
ptp4l[1063.109]: foreign master not using PTP timescale
ptp4l[1063.110]: port 2: master state recommended in slave only mode
ptp4l[1063.111]: port 2: defaultDS.priority1 probably misconfigured
ptp4l[1063.816]: selected best master clock d255ad.fffe.b1c079
ptp4l[1063.819]: foreign master not using PTP timescale
ptp4l[1064.109]: selected best master clock d255ad.fffe.b1c079
ptp4l[1064.110]: foreign master not using PTP timescale
ptp4l[1064.111]: port 2: master state recommended in slave only mode
ptp4l[1064.112]: port 2: defaultDS.priority1 probably misconfigured
ptp4l[1064.712]: selected best master clock d255ad.fffe.b1c079
ptp4l[1064.713]: foreign master not using PTP timescale
ptp4l[1065.109]: selected best master clock d255ad.fffe.b1c079
ptp4l[1065.110]: foreign master not using PTP timescale
ptp4l[1065.111]: port 2: master state recommended in slave only mode
ptp4l[1065.111]: port 2: defaultDS.priority1 probably misconfigured
ptp4l[1065.581]: selected best master clock d255ad.fffe.b1c079
ptp4l[1065.583]: foreign master not using PTP timescale
ptp4l[1065.860]: selected best master clock d255ad.fffe.b1c079
ptp4l[1065.862]: foreign master not using PTP timescale
ptp4l[1065.865]: port 2: master state recommended in slave only mode
ptp4l[1065.867]: port 2: defaultDS.priority1 probably misconfigured
ptp4l[1066.324]: selected best master clock d255ad.fffe.b1c079
ptp4l[1066.327]: foreign master not using PTP timescale
ptp4l[1066.611]: selected best master clock d255ad.fffe.b1c079
ptp4l[1066.613]: foreign master not using PTP timescale
ptp4l[1066.616]: port 2: master state recommended in slave only mode
ptp4l[1066.619]: port 2: defaultDS.priority1 probably misconfigured
ptp4l[1067.264]: selected best master clock d255ad.fffe.b1c079
ptp4l[1067.267]: foreign master not using PTP timescale
ptp4l[1067.611]: selected best master clock d255ad.fffe.b1c079
ptp4l[1067.612]: foreign master not using PTP timescale
ptp4l[1067.613]: port 2: master state recommended in slave only mode
ptp4l[1067.614]: port 2: defaultDS.priority1 probably misconfigured
ptp4l[1068.180]: selected best master clock d255ad.fffe.b1c079
ptp4l[1068.183]: foreign master not using PTP timescale
ptp4l[1068.612]: selected best master clock d255ad.fffe.b1c079
ptp4l[1068.613]: foreign master not using PTP timescale
ptp4l[1068.613]: port 2: master state recommended in slave only mode
ptp4l[1068.614]: port 2: defaultDS.priority1 probably misconfigured
ptp4l[1068.984]: selected best master clock d255ad.fffe.b1c079
ptp4l[1068.985]: foreign master not using PTP timescale
ptp4l[1069.362]: selected best master clock d255ad.fffe.b1c079
ptp4l[1069.363]: foreign master not using PTP timescale
ptp4l[1069.364]: port 2: master state recommended in slave only mode
ptp4l[1069.365]: port 2: defaultDS.priority1 probably misconfigured
ptp4l[1069.752]: selected best master clock d255ad.fffe.b1c079
ptp4l[1069.753]: foreign master not using PTP timescale
ptp4l[1070.113]: selected best master clock d255ad.fffe.b1c079
ptp4l[1070.114]: foreign master not using PTP timescale
ptp4l[1070.115]: port 2: master state recommended in slave only mode
ptp4l[1070.115]: port 2: defaultDS.priority1 probably misconfigured
ptp4l[1070.616]: selected best master clock d255ad.fffe.b1c079
ptp4l[1070.617]: foreign master not using PTP timescale
ptp4l[1071.113]: selected best master clock d255ad.fffe.b1c079
ptp4l[1071.114]: foreign master not using PTP timescale
ptp4l[1071.116]: port 2: master state recommended in slave only mode
ptp4l[1071.117]: port 2: defaultDS.priority1 probably misconfigured
ptp4l[1071.576]: selected best master clock d255ad.fffe.b1c079
ptp4l[1071.577]: foreign master not using PTP timescale
ptp4l[1071.864]: selected best master clock d255ad.fffe.b1c079
ptp4l[1071.865]: foreign master not using PTP timescale
ptp4l[1071.866]: port 2: master state recommended in slave only mode
ptp4l[1071.867]: port 2: defaultDS.priority1 probably misconfigured
ptp4l[1072.340]: selected best master clock d255ad.fffe.b1c079
ptp4l[1072.341]: foreign master not using PTP timescale
ptp4l[1072.615]: selected best master clock d255ad.fffe.b1c079
ptp4l[1072.618]: foreign master not using PTP timescale
ptp4l[1072.620]: port 2: master state recommended in slave only mode
ptp4l[1072.623]: port 2: defaultDS.priority1 probably misconfigured
ptp4l[1073.108]: selected best master clock d255ad.fffe.b1c079
ptp4l[1073.111]: foreign master not using PTP timescale
ptp4l[1073.365]: selected best master clock d255ad.fffe.b1c079
ptp4l[1073.368]: foreign master not using PTP timescale
ptp4l[1073.371]: port 2: master state recommended in slave only mode
ptp4l[1073.373]: port 2: defaultDS.priority1 probably misconfigured
ptp4l[1074.012]: selected best master clock d255ad.fffe.b1c079
ptp4l[1074.015]: foreign master not using PTP timescale
ptp4l[1074.367]: selected best master clock d255ad.fffe.b1c079
ptp4l[1074.369]: foreign master not using PTP timescale
ptp4l[1074.372]: port 2: master state recommended in slave only mode
ptp4l[1074.375]: port 2: defaultDS.priority1 probably misconfigured
ptp4l[1074.868]: selected best master clock d255ad.fffe.b1c079
ptp4l[1074.870]: foreign master not using PTP timescale
ptp4l[1075.367]: selected best master clock d255ad.fffe.b1c079
ptp4l[1075.368]: foreign master not using PTP timescale
ptp4l[1075.369]: port 2: master state recommended in slave only mode
ptp4l[1075.370]: port 2: defaultDS.priority1 probably misconfigured
ptp4l[1075.756]: selected best master clock d255ad.fffe.b1c079
ptp4l[1075.758]: foreign master not using PTP timescale
ptp4l[1076.118]: selected best master clock d255ad.fffe.b1c079
ptp4l[1076.120]: foreign master not using PTP timescale
ptp4l[1076.121]: port 2: master state recommended in slave only mode
ptp4l[1076.123]: port 2: defaultDS.priority1 probably misconfigured
ptp4l[1076.728]: selected best master clock d255ad.fffe.b1c079
ptp4l[1076.732]: foreign master not using PTP timescale
ptp4l[1077.118]: selected best master clock d255ad.fffe.b1c079
ptp4l[1077.119]: foreign master not using PTP timescale
ptp4l[1077.120]: port 2: master state recommended in slave only mode
ptp4l[1077.121]: port 2: defaultDS.priority1 probably misconfigured
ptp4l[1077.152]: rms 20238 max 54125 freq  +7610 +/- 19722 delay 23482 +/- 22857
ptp4l[1077.660]: selected best master clock d255ad.fffe.b1c079
ptp4l[1077.661]: foreign master not using PTP timescale
ptp4l[1078.119]: selected best master clock d255ad.fffe.b1c079
ptp4l[1078.120]: foreign master not using PTP timescale
ptp4l[1078.121]: port 2: master state recommended in slave only mode
ptp4l[1078.122]: port 2: defaultDS.priority1 probably misconfigured
ptp4l[1078.540]: selected best master clock d255ad.fffe.b1c079
ptp4l[1078.541]: foreign master not using PTP timescale
ptp4l[1078.869]: selected best master clock d255ad.fffe.b1c079
ptp4l[1078.870]: foreign master not using PTP timescale
ptp4l[1078.871]: port 2: master state recommended in slave only mode
ptp4l[1078.872]: port 2: defaultDS.priority1 probably misconfigured
ptp4l[1079.504]: selected best master clock d255ad.fffe.b1c079
ptp4l[1079.505]: foreign master not using PTP timescale
ptp4l[1079.869]: selected best master clock d255ad.fffe.b1c079
ptp4l[1079.871]: foreign master not using PTP timescale
ptp4l[1079.872]: port 2: master state recommended in slave only mode
ptp4l[1079.874]: port 2: defaultDS.priority1 probably misconfigured
ptp4l[1080.456]: selected best master clock d255ad.fffe.b1c079
ptp4l[1080.458]: foreign master not using PTP timescale
ptp4l[1080.870]: selected best master clock d255ad.fffe.b1c079
ptp4l[1080.873]: foreign master not using PTP timescale
ptp4l[1080.876]: port 2: master state recommended in slave only mode
ptp4l[1080.878]: port 2: defaultDS.priority1 probably misconfigured
ptp4l[1081.272]: selected best master clock d255ad.fffe.b1c079
ptp4l[1081.275]: foreign master not using PTP timescale
ptp4l[1081.621]: selected best master clock d255ad.fffe.b1c079
ptp4l[1081.622]: foreign master not using PTP timescale
ptp4l[1081.623]: port 2: master state recommended in slave only mode
ptp4l[1081.624]: port 2: defaultDS.priority1 probably misconfigured
ptp4l[1082.244]: selected best master clock d255ad.fffe.b1c079
ptp4l[1082.247]: foreign master not using PTP timescale
ptp4l[1082.622]: selected best master clock d255ad.fffe.b1c079
ptp4l[1082.623]: foreign master not using PTP timescale
ptp4l[1082.625]: port 2: master state recommended in slave only mode
ptp4l[1082.626]: port 2: defaultDS.priority1 probably misconfigured
ptp4l[1083.136]: selected best master clock d255ad.fffe.b1c079
ptp4l[1083.136]: foreign master not using PTP timescale
ptp4l[1083.622]: selected best master clock d255ad.fffe.b1c079
ptp4l[1083.623]: foreign master not using PTP timescale
ptp4l[1083.624]: port 2: master state recommended in slave only mode
ptp4l[1083.625]: port 2: defaultDS.priority1 probably misconfigured
ptp4l[1084.004]: selected best master clock d255ad.fffe.b1c079
ptp4l[1084.004]: foreign master not using PTP timescale
ptp4l[1084.372]: selected best master clock d255ad.fffe.b1c079
ptp4l[1084.373]: foreign master not using PTP timescale
ptp4l[1084.374]: port 2: master state recommended in slave only mode
ptp4l[1084.375]: port 2: defaultDS.priority1 probably misconfigured
ptp4l[1084.976]: selected best master clock d255ad.fffe.b1c079
ptp4l[1084.977]: foreign master not using PTP timescale
ptp4l[1085.373]: selected best master clock d255ad.fffe.b1c079
ptp4l[1085.374]: foreign master not using PTP timescale
ptp4l[1085.375]: port 2: master state recommended in slave only mode
ptp4l[1085.376]: port 2: defaultDS.priority1 probably misconfigured
ptp4l[1085.784]: selected best master clock d255ad.fffe.b1c079
ptp4l[1085.786]: foreign master not using PTP timescale
ptp4l[1086.124]: selected best master clock d255ad.fffe.b1c079
ptp4l[1086.126]: foreign master not using PTP timescale
ptp4l[1086.129]: port 2: master state recommended in slave only mode
ptp4l[1086.131]: port 2: defaultDS.priority1 probably misconfigured
ptp4l[1086.548]: selected best master clock d255ad.fffe.b1c079
ptp4l[1086.551]: foreign master not using PTP timescale
ptp4l[1086.874]: selected best master clock d255ad.fffe.b1c079
ptp4l[1086.875]: foreign master not using PTP timescale
ptp4l[1086.876]: port 2: master state recommended in slave only mode
ptp4l[1086.877]: port 2: defaultDS.priority1 probably misconfigured
ptp4l[1087.400]: selected best master clock d255ad.fffe.b1c079
ptp4l[1087.401]: foreign master not using PTP timescale
ptp4l[1087.875]: selected best master clock d255ad.fffe.b1c079
ptp4l[1087.878]: foreign master not using PTP timescale
ptp4l[1087.881]: port 2: master state recommended in slave only mode
ptp4l[1087.884]: port 2: defaultDS.priority1 probably misconfigured
ptp4l[1088.396]: selected best master clock d255ad.fffe.b1c079
ptp4l[1088.399]: foreign master not using PTP timescale
ptp4l[1088.876]: selected best master clock d255ad.fffe.b1c079
ptp4l[1088.877]: foreign master not using PTP timescale
ptp4l[1088.878]: port 2: master state recommended in slave only mode
ptp4l[1088.880]: port 2: defaultDS.priority1 probably misconfigured
ptp4l[1089.167]: port 1: link down
ptp4l[1089.168]: port 1: UNCALIBRATED to FAULTY on FAULT_DETECTED (FT_UNSPECIFIED)
ptp4l[1089.196]: selected best master clock 1ac6a2.fffe.c97dfb
ptp4l[1089.196]: port 1: master state recommended in slave only mode
ptp4l[1089.197]: port 1: defaultDS.priority1 probably misconfigured
ptp4l[1089.198]: foreign master not using PTP timescale
ptp4l[1089.199]: port 2: LISTENING to UNCALIBRATED on RS_SLAVE
ptp4l[1093.273]: rms 60901 max 98449 freq  -7417 +/- 14217 delay 73387 +/- 55622
