ptp4l[841.244]: port 1 (v-ru2): INITIALIZING to LISTENING on INIT_COMPLETE
ptp4l[841.244]: port 0 (/var/run/p.ru2): INITIALIZING to LISTENING on INIT_COMPLETE
ptp4l[841.244]: port 0 (/var/run/pr.ru2): INITIALIZING to LISTENING on INIT_COMPLETE
ptp4l[841.727]: selected local clock 020000.fffe.00000d as best master
ptp4l[841.743]: port 1 (v-ru2): new foreign master 020000.fffe.000001-2
ptp4l[841.993]: selected best master clock 020000.fffe.00000a
ptp4l[841.993]: foreign master not using PTP timescale
ptp4l[841.993]: port 1 (v-ru2): LISTENING to UNCALIBRATED on RS_SLAVE
ptp4l[844.057]: master offset      -2000 s0 freq   -1731 path delay      4832
ptp4l[846.060]: master offset       6235 s0 freq   +4160 path delay      4929
ptp4l[848.062]: master offset      -1168 s0 freq   -4105 path delay      4113
ptp4l[850.064]: master offset       1043 s0 freq    +944 path delay      3792
ptp4l[852.067]: master offset       2537 s0 freq   +1838 path delay      5980
ptp4l[854.071]: master offset      -3847 s0 freq   -2914 path delay      6523
ptp4l[856.074]: master offset      -1997 s0 freq    -160 path delay      4352
ptp4l[858.076]: master offset        -79 s0 freq    +977 path delay      4390
ptp4l[860.078]: master offset       1637 s0 freq   +1297 path delay      5271
ptp4l[862.081]: master offset      -3272 s0 freq   -2170 path delay      5833
ptp4l[864.083]: master offset        707 s0 freq    +765 path delay      3385
ptp4l[866.085]: master offset       -391 s0 freq    -207 path delay      4068
ptp4l[868.087]: master offset       4151 s0 freq   +2103 path delay      3737
ptp4l[870.090]: master offset      -2490 s0 freq   -1880 path delay      6613
ptp4l[872.092]: master offset        -86 s0 freq    +156 path delay      4522
ptp4l[874.095]: master offset       -785 s0 freq    -257 path delay      4707
ptp4l[876.099]: master offset        957 s0 freq    +791 path delay      4551
ptp4l[878.102]: master offset      -1066 s0 freq   -1149 path delay      4273
ptp4l[880.106]: master offset      -1670 s0 freq      +6 path delay      4890
