ptp4l[841.236]: port 1 (v-ru3): INITIALIZING to LISTENING on INIT_COMPLETE
ptp4l[841.236]: port 0 (/var/run/p.ru3): INITIALIZING to LISTENING on INIT_COMPLETE
ptp4l[841.236]: port 0 (/var/run/pr.ru3): INITIALIZING to LISTENING on INIT_COMPLETE
ptp4l[841.700]: selected local clock 020000.fffe.00000e as best master
ptp4l[841.743]: port 1 (v-ru3): new foreign master 020000.fffe.000001-2
ptp4l[841.993]: selected best master clock 020000.fffe.00000a
ptp4l[841.993]: foreign master not using PTP timescale
ptp4l[841.993]: port 1 (v-ru3): LISTENING to UNCALIBRATED on RS_SLAVE
ptp4l[844.057]: master offset      -1156 s0 freq   -1653 path delay      3451
ptp4l[846.060]: master offset       1854 s0 freq   +3528 path delay      7506
ptp4l[848.062]: master offset      -1728 s0 freq   -3536 path delay      4009
ptp4l[850.064]: master offset        237 s0 freq    +854 path delay      3754
ptp4l[852.067]: master offset       1922 s0 freq   +1649 path delay      5373
ptp4l[854.071]: master offset      -2582 s0 freq   -2584 path delay      4697
ptp4l[856.074]: master offset      -2060 s0 freq     -80 path delay      4015
ptp4l[858.076]: master offset       -131 s0 freq    +905 path delay      3897
ptp4l[860.078]: master offset       1180 s0 freq   +1175 path delay      4938
ptp4l[862.081]: master offset      -2581 s0 freq   -2002 path delay      4689
ptp4l[864.083]: master offset       -523 s0 freq    +659 path delay      3950
ptp4l[866.085]: master offset       -435 s0 freq     -53 path delay      3756
ptp4l[868.087]: master offset       4040 s0 freq   +1910 path delay      3105
ptp4l[870.090]: master offset      -2745 s0 freq   -1889 path delay      6107
ptp4l[872.092]: master offset       -463 s0 freq     +97 path delay      4019
ptp4l[874.095]: master offset       -934 s0 freq    -175 path delay      4139
ptp4l[876.099]: master offset        283 s0 freq    +699 path delay      4323
ptp4l[878.102]: master offset      -1265 s0 freq    -922 path delay      4024
ptp4l[880.106]: master offset      -1956 s0 freq     +79 path delay      4873
