ptp4l[552.504]: port 1: INITIALIZING to LISTENING on INIT_COMPLETE
ptp4l[552.505]: port 0: INITIALIZING to LISTENING on INIT_COMPLETE
ptp4l[553.353]: port 1: new foreign master a2c779.fffe.be110b-1
ptp4l[553.476]: selected local clock fa57e6.fffe.e1249f as best master
ptp4l[553.489]: port 1: new foreign master fa45fd.fffe.a53250-1
ptp4l[553.853]: selected best master clock a2c779.fffe.be110b
ptp4l[553.854]: foreign master not using PTP timescale
ptp4l[553.855]: port 1: LISTENING to UNCALIBRATED on RS_SLAVE
ptp4l[553.989]: selected best master clock fa45fd.fffe.a53250
ptp4l[553.990]: foreign master not using PTP timescale
ptp4l[554.354]: selected best master clock fa45fd.fffe.a53250
ptp4l[554.354]: foreign master not using PTP timescale
ptp4l[554.854]: selected best master clock fa45fd.fffe.a53250
ptp4l[554.854]: foreign master not using PTP timescale
ptp4l[555.354]: selected best master clock fa45fd.fffe.a53250
ptp4l[555.355]: foreign master not using PTP timescale
ptp4l[555.854]: selected best master clock fa45fd.fffe.a53250
ptp4l[555.855]: foreign master not using PTP timescale
ptp4l[556.354]: selected best master clock fa45fd.fffe.a53250
ptp4l[556.355]: foreign master not using PTP timescale
ptp4l[556.854]: selected best master clock fa45fd.fffe.a53250
ptp4l[556.855]: foreign master not using PTP timescale
ptp4l[557.354]: selected best master clock fa45fd.fffe.a53250
ptp4l[557.355]: foreign master not using PTP timescale
ptp4l[557.855]: selected best master clock fa45fd.fffe.a53250
ptp4l[557.856]: foreign master not using PTP timescale
ptp4l[558.355]: selected best master clock fa45fd.fffe.a53250
ptp4l[558.356]: foreign master not using PTP timescale
ptp4l[558.855]: selected best master clock fa45fd.fffe.a53250
ptp4l[558.857]: foreign master not using PTP timescale
ptp4l[559.355]: selected best master clock fa45fd.fffe.a53250
ptp4l[559.356]: foreign master not using PTP timescale
ptp4l[559.856]: selected best master clock fa45fd.fffe.a53250
ptp4l[559.856]: foreign master not using PTP timescale
ptp4l[560.356]: selected best master clock fa45fd.fffe.a53250
ptp4l[560.357]: foreign master not using PTP timescale
ptp4l[560.856]: selected best master clock fa45fd.fffe.a53250
ptp4l[560.857]: foreign master not using PTP timescale
ptp4l[561.356]: selected best master clock fa45fd.fffe.a53250
ptp4l[561.357]: foreign master not using PTP timescale
ptp4l[561.856]: selected best master clock fa45fd.fffe.a53250
ptp4l[561.857]: foreign master not using PTP timescale
ptp4l[562.357]: selected best master clock fa45fd.fffe.a53250
ptp4l[562.357]: foreign master not using PTP timescale
ptp4l[562.857]: selected best master clock fa45fd.fffe.a53250
ptp4l[562.857]: foreign master not using PTP timescale
ptp4l[563.357]: selected best master clock fa45fd.fffe.a53250
ptp4l[563.357]: foreign master not using PTP timescale
ptp4l[563.857]: selected best master clock fa45fd.fffe.a53250
ptp4l[563.858]: foreign master not using PTP timescale
ptp4l[564.357]: selected best master clock fa45fd.fffe.a53250
ptp4l[564.358]: foreign master not using PTP timescale
ptp4l[564.857]: selected best master clock fa45fd.fffe.a53250
ptp4l[564.858]: foreign master not using PTP timescale
ptp4l[565.358]: selected best master clock fa45fd.fffe.a53250
ptp4l[565.359]: foreign master not using PTP timescale
ptp4l[565.858]: selected best master clock fa45fd.fffe.a53250
ptp4l[565.859]: foreign master not using PTP timescale
ptp4l[566.358]: selected best master clock fa45fd.fffe.a53250
ptp4l[566.359]: foreign master not using PTP timescale
ptp4l[566.858]: selected best master clock fa45fd.fffe.a53250
ptp4l[566.859]: foreign master not using PTP timescale
ptp4l[567.359]: selected best master clock fa45fd.fffe.a53250
ptp4l[567.360]: foreign master not using PTP timescale
ptp4l[567.859]: selected best master clock fa45fd.fffe.a53250
ptp4l[567.860]: foreign master not using PTP timescale
ptp4l[568.359]: selected best master clock fa45fd.fffe.a53250
ptp4l[568.360]: foreign master not using PTP timescale
ptp4l[568.859]: selected best master clock fa45fd.fffe.a53250
ptp4l[568.860]: foreign master not using PTP timescale
ptp4l[569.360]: selected best master clock fa45fd.fffe.a53250
ptp4l[569.360]: foreign master not using PTP timescale
ptp4l[569.860]: selected best master clock fa45fd.fffe.a53250
ptp4l[569.861]: foreign master not using PTP timescale
ptp4l[570.123]: rms 53972 max 152604 freq   -226 +/- 38513 delay 12395 +/- 1977
ptp4l[570.360]: selected best master clock fa45fd.fffe.a53250
ptp4l[570.362]: foreign master not using PTP timescale
ptp4l[570.860]: selected best master clock fa45fd.fffe.a53250
ptp4l[570.861]: foreign master not using PTP timescale
ptp4l[571.361]: selected best master clock fa45fd.fffe.a53250
ptp4l[571.362]: foreign master not using PTP timescale
ptp4l[571.861]: selected best master clock fa45fd.fffe.a53250
ptp4l[571.861]: foreign master not using PTP timescale
ptp4l[572.361]: selected best master clock fa45fd.fffe.a53250
ptp4l[572.363]: foreign master not using PTP timescale
ptp4l[572.861]: selected best master clock fa45fd.fffe.a53250
ptp4l[572.862]: foreign master not using PTP timescale
ptp4l[573.361]: selected best master clock fa45fd.fffe.a53250
ptp4l[573.362]: foreign master not using PTP timescale
ptp4l[573.862]: selected best master clock fa45fd.fffe.a53250
ptp4l[573.863]: foreign master not using PTP timescale
ptp4l[574.362]: selected best master clock fa45fd.fffe.a53250
ptp4l[574.363]: foreign master not using PTP timescale
ptp4l[574.862]: selected best master clock fa45fd.fffe.a53250
ptp4l[574.863]: foreign master not using PTP timescale
ptp4l[575.362]: selected best master clock fa45fd.fffe.a53250
ptp4l[575.363]: foreign master not using PTP timescale
ptp4l[575.862]: selected best master clock fa45fd.fffe.a53250
ptp4l[575.863]: foreign master not using PTP timescale
ptp4l[576.363]: selected best master clock fa45fd.fffe.a53250
ptp4l[576.363]: foreign master not using PTP timescale
ptp4l[576.863]: selected best master clock fa45fd.fffe.a53250
ptp4l[576.863]: foreign master not using PTP timescale
ptp4l[577.363]: selected best master clock fa45fd.fffe.a53250
ptp4l[577.364]: foreign master not using PTP timescale
ptp4l[577.863]: selected best master clock fa45fd.fffe.a53250
ptp4l[577.864]: foreign master not using PTP timescale
ptp4l[578.363]: selected best master clock fa45fd.fffe.a53250
ptp4l[578.364]: foreign master not using PTP timescale
ptp4l[578.863]: selected best master clock fa45fd.fffe.a53250
ptp4l[578.865]: foreign master not using PTP timescale
ptp4l[579.364]: selected best master clock fa45fd.fffe.a53250
ptp4l[579.365]: foreign master not using PTP timescale
ptp4l[579.864]: selected best master clock fa45fd.fffe.a53250
ptp4l[579.866]: foreign master not using PTP timescale
ptp4l[580.364]: selected best master clock fa45fd.fffe.a53250
ptp4l[580.365]: foreign master not using PTP timescale
ptp4l[580.864]: selected best master clock fa45fd.fffe.a53250
ptp4l[580.865]: foreign master not using PTP timescale
ptp4l[581.364]: selected best master clock fa45fd.fffe.a53250
ptp4l[581.365]: foreign master not using PTP timescale
ptp4l[581.865]: selected best master clock fa45fd.fffe.a53250
ptp4l[581.873]: foreign master not using PTP timescale
ptp4l[582.365]: selected best master clock fa45fd.fffe.a53250
ptp4l[582.366]: foreign master not using PTP timescale
ptp4l[582.865]: selected best master clock fa45fd.fffe.a53250
ptp4l[582.875]: foreign master not using PTP timescale
ptp4l[583.365]: selected best master clock fa45fd.fffe.a53250
ptp4l[583.366]: foreign master not using PTP timescale
ptp4l[583.866]: selected best master clock fa45fd.fffe.a53250
ptp4l[583.866]: foreign master not using PTP timescale
ptp4l[584.366]: selected best master clock fa45fd.fffe.a53250
ptp4l[584.366]: foreign master not using PTP timescale
ptp4l[584.866]: selected best master clock fa45fd.fffe.a53250
ptp4l[584.867]: foreign master not using PTP timescale
ptp4l[585.366]: selected best master clock fa45fd.fffe.a53250
ptp4l[585.367]: foreign master not using PTP timescale
