ptp4l[138.656]: port 1: INITIALIZING to LISTENING on INIT_COMPLETE
ptp4l[138.657]: port 0: INITIALIZING to LISTENING on INIT_COMPLETE
ptp4l[139.434]: port 1: new foreign master c2372c.fffe.26fa16-1
ptp4l[139.528]: selected local clock e685da.fffe.4e6bf0 as best master
ptp4l[139.589]: port 1: new foreign master f2c7c4.fffe.3ba199-1
ptp4l[139.934]: selected best master clock c2372c.fffe.26fa16
ptp4l[139.935]: foreign master not using PTP timescale
ptp4l[139.936]: port 1: LISTENING to UNCALIBRATED on RS_SLAVE
ptp4l[140.089]: selected best master clock f2c7c4.fffe.3ba199
ptp4l[140.090]: foreign master not using PTP timescale
ptp4l[140.434]: selected best master clock f2c7c4.fffe.3ba199
ptp4l[140.435]: foreign master not using PTP timescale
ptp4l[140.934]: selected best master clock f2c7c4.fffe.3ba199
ptp4l[140.935]: foreign master not using PTP timescale
ptp4l[141.435]: selected best master clock f2c7c4.fffe.3ba199
ptp4l[141.435]: foreign master not using PTP timescale
ptp4l[141.935]: selected best master clock f2c7c4.fffe.3ba199
ptp4l[141.936]: foreign master not using PTP timescale
ptp4l[142.435]: selected best master clock f2c7c4.fffe.3ba199
ptp4l[142.436]: foreign master not using PTP timescale
ptp4l[142.935]: selected best master clock f2c7c4.fffe.3ba199
ptp4l[142.936]: foreign master not using PTP timescale
ptp4l[143.435]: selected best master clock f2c7c4.fffe.3ba199
ptp4l[143.436]: foreign master not using PTP timescale
ptp4l[143.935]: selected best master clock f2c7c4.fffe.3ba199
ptp4l[143.936]: foreign master not using PTP timescale
ptp4l[144.436]: selected best master clock f2c7c4.fffe.3ba199
ptp4l[144.436]: foreign master not using PTP timescale
ptp4l[144.936]: selected best master clock f2c7c4.fffe.3ba199
ptp4l[144.936]: foreign master not using PTP timescale
ptp4l[145.436]: selected best master clock f2c7c4.fffe.3ba199
ptp4l[145.437]: foreign master not using PTP timescale
ptp4l[145.936]: selected best master clock f2c7c4.fffe.3ba199
ptp4l[145.937]: foreign master not using PTP timescale
ptp4l[146.436]: selected best master clock f2c7c4.fffe.3ba199
ptp4l[146.437]: foreign master not using PTP timescale
ptp4l[146.937]: selected best master clock f2c7c4.fffe.3ba199
ptp4l[146.937]: foreign master not using PTP timescale
ptp4l[147.437]: selected best master clock f2c7c4.fffe.3ba199
ptp4l[147.438]: foreign master not using PTP timescale
ptp4l[147.937]: selected best master clock f2c7c4.fffe.3ba199
ptp4l[147.938]: foreign master not using PTP timescale
ptp4l[148.687]: selected best master clock f2c7c4.fffe.3ba199
ptp4l[148.688]: foreign master not using PTP timescale
ptp4l[149.187]: selected best master clock f2c7c4.fffe.3ba199
ptp4l[149.188]: foreign master not using PTP timescale
ptp4l[149.688]: selected best master clock f2c7c4.fffe.3ba199
ptp4l[149.688]: foreign master not using PTP timescale
