ptp4l[789.272]: port 1 (v-ru3): INITIALIZING to LISTENING on INIT_COMPLETE
ptp4l[789.272]: port 0 (/var/run/p.ru3): INITIALIZING to LISTENING on INIT_COMPLETE
ptp4l[789.272]: port 0 (/var/run/pr.ru3): INITIALIZING to LISTENING on INIT_COMPLETE
ptp4l[789.674]: selected local clock 020000.fffe.00000e as best master
ptp4l[789.709]: port 1 (v-ru3): new foreign master 020000.fffe.000001-2
ptp4l[789.959]: selected best master clock 020000.fffe.00000b
ptp4l[789.959]: foreign master not using PTP timescale
ptp4l[789.959]: port 1 (v-ru3): LISTENING to UNCALIBRATED on RS_SLAVE
ptp4l[790.084]: selected best master clock 020000.fffe.00000a
ptp4l[790.085]: foreign master not using PTP timescale
ptp4l[792.149]: master offset      -2347 s0 freq    -558 path delay      4576
ptp4l[794.151]: master offset       6368 s0 freq   +4678 path delay      5227
ptp4l[796.153]: master offset      -2108 s0 freq   -4601 path delay      4490
ptp4l[797.599]: port 1 (v-ru3): UNCALIBRATED to LISTENING on ANNOUNCE_RECEIPT_TIMEOUT_EXPIRES
ptp4l[797.599]: selected local clock 020000.fffe.00000e as best master
ptp4l[820.884]: selected best master clock 020000.fffe.00000a
ptp4l[820.884]: foreign master not using PTP timescale
ptp4l[820.884]: port 1 (v-ru3): LISTENING to UNCALIBRATED on RS_SLAVE
ptp4l[822.947]: master offset      -2281 s0 freq    -717 path delay      4341
ptp4l[824.949]: master offset        476 s0 freq   +1315 path delay      4216
ptp4l[826.951]: master offset       2172 s0 freq    +646 path delay      3814
ptp4l[828.953]: master offset      -1744 s0 freq   -1742 path delay      4242
ptp4l[830.955]: master offset       6598 s0 freq   +4337 path delay      4584
ptp4l[832.957]: master offset        172 s0 freq   -3421 path delay      4160
