ptp4l[92.280]: port 1: INITIALIZING to LISTENING on INIT_COMPLETE
ptp4l[92.281]: port 0: INITIALIZING to LISTENING on INIT_COMPLETE
ptp4l[93.068]: port 1: new foreign master 6addd3.fffe.e7dced-1
ptp4l[93.086]: port 1: new foreign master be599b.fffe.a4d694-1
ptp4l[93.152]: selected local clock 2ee649.fffe.44e1d5 as best master
ptp4l[93.568]: selected best master clock 6addd3.fffe.e7dced
ptp4l[93.568]: foreign master not using PTP timescale
ptp4l[93.569]: port 1: LISTENING to UNCALIBRATED on RS_SLAVE
ptp4l[93.586]: selected best master clock be599b.fffe.a4d694
ptp4l[93.587]: foreign master not using PTP timescale
ptp4l[94.069]: selected best master clock be599b.fffe.a4d694
ptp4l[94.070]: foreign master not using PTP timescale
ptp4l[94.569]: selected best master clock be599b.fffe.a4d694
ptp4l[94.570]: foreign master not using PTP timescale
ptp4l[95.070]: selected best master clock be599b.fffe.a4d694
ptp4l[95.070]: foreign master not using PTP timescale
ptp4l[95.571]: selected best master clock be599b.fffe.a4d694
ptp4l[95.572]: foreign master not using PTP timescale
ptp4l[96.072]: selected best master clock be599b.fffe.a4d694
ptp4l[96.073]: foreign master not using PTP timescale
ptp4l[96.573]: selected best master clock be599b.fffe.a4d694
ptp4l[96.573]: foreign master not using PTP timescale
ptp4l[97.074]: selected best master clock be599b.fffe.a4d694
ptp4l[97.074]: foreign master not using PTP timescale
ptp4l[97.574]: selected best master clock be599b.fffe.a4d694
ptp4l[97.575]: foreign master not using PTP timescale
ptp4l[98.074]: selected best master clock be599b.fffe.a4d694
ptp4l[98.075]: foreign master not using PTP timescale
ptp4l[98.575]: selected best master clock be599b.fffe.a4d694
ptp4l[98.576]: foreign master not using PTP timescale
ptp4l[99.075]: selected best master clock be599b.fffe.a4d694
ptp4l[99.076]: foreign master not using PTP timescale
ptp4l[99.575]: selected best master clock be599b.fffe.a4d694
ptp4l[99.576]: foreign master not using PTP timescale
ptp4l[100.075]: selected best master clock be599b.fffe.a4d694
ptp4l[100.076]: foreign master not using PTP timescale
ptp4l[100.576]: selected best master clock be599b.fffe.a4d694
ptp4l[100.576]: foreign master not using PTP timescale
ptp4l[101.077]: selected best master clock be599b.fffe.a4d694
ptp4l[101.078]: foreign master not using PTP timescale
ptp4l[101.577]: selected best master clock be599b.fffe.a4d694
ptp4l[101.578]: foreign master not using PTP timescale
ptp4l[102.078]: selected best master clock be599b.fffe.a4d694
ptp4l[102.079]: foreign master not using PTP timescale
ptp4l[102.578]: selected best master clock be599b.fffe.a4d694
ptp4l[102.578]: foreign master not using PTP timescale
ptp4l[103.078]: selected best master clock be599b.fffe.a4d694
ptp4l[103.079]: foreign master not using PTP timescale
ptp4l[103.578]: selected best master clock be599b.fffe.a4d694
ptp4l[103.579]: foreign master not using PTP timescale
ptp4l[104.078]: selected best master clock be599b.fffe.a4d694
ptp4l[104.080]: foreign master not using PTP timescale
ptp4l[104.579]: selected best master clock be599b.fffe.a4d694
ptp4l[104.579]: foreign master not using PTP timescale
ptp4l[105.079]: selected best master clock be599b.fffe.a4d694
ptp4l[105.080]: foreign master not using PTP timescale
ptp4l[105.579]: selected best master clock be599b.fffe.a4d694
ptp4l[105.580]: foreign master not using PTP timescale
ptp4l[106.080]: selected best master clock be599b.fffe.a4d694
ptp4l[106.080]: foreign master not using PTP timescale
ptp4l[106.580]: selected best master clock be599b.fffe.a4d694
ptp4l[106.580]: foreign master not using PTP timescale
ptp4l[107.080]: selected best master clock be599b.fffe.a4d694
ptp4l[107.080]: foreign master not using PTP timescale
ptp4l[107.580]: selected best master clock be599b.fffe.a4d694
ptp4l[107.581]: foreign master not using PTP timescale
ptp4l[108.080]: selected best master clock be599b.fffe.a4d694
ptp4l[108.080]: foreign master not using PTP timescale
ptp4l[108.581]: selected best master clock be599b.fffe.a4d694
ptp4l[108.582]: foreign master not using PTP timescale
ptp4l[109.081]: selected best master clock be599b.fffe.a4d694
ptp4l[109.082]: foreign master not using PTP timescale
ptp4l[109.581]: selected best master clock be599b.fffe.a4d694
ptp4l[109.581]: foreign master not using PTP timescale
ptp4l[109.974]: rms 662193 max 893110 freq +64263 +/- 214535 delay 471987 +/- 189519
ptp4l[110.081]: selected best master clock be599b.fffe.a4d694
ptp4l[110.082]: foreign master not using PTP timescale
ptp4l[110.581]: selected best master clock be599b.fffe.a4d694
ptp4l[110.581]: foreign master not using PTP timescale
ptp4l[111.081]: selected best master clock be599b.fffe.a4d694
ptp4l[111.082]: foreign master not using PTP timescale
ptp4l[111.581]: selected best master clock be599b.fffe.a4d694
ptp4l[111.582]: foreign master not using PTP timescale
ptp4l[112.082]: selected best master clock be599b.fffe.a4d694
ptp4l[112.082]: foreign master not using PTP timescale
ptp4l[112.582]: selected best master clock be599b.fffe.a4d694
ptp4l[112.582]: foreign master not using PTP timescale
ptp4l[113.082]: selected best master clock be599b.fffe.a4d694
ptp4l[113.082]: foreign master not using PTP timescale
ptp4l[113.582]: selected best master clock be599b.fffe.a4d694
ptp4l[113.583]: foreign master not using PTP timescale
ptp4l[114.082]: selected best master clock be599b.fffe.a4d694
ptp4l[114.083]: foreign master not using PTP timescale
ptp4l[114.582]: selected best master clock be599b.fffe.a4d694
ptp4l[114.583]: foreign master not using PTP timescale
ptp4l[115.083]: selected best master clock be599b.fffe.a4d694
ptp4l[115.084]: foreign master not using PTP timescale
ptp4l[115.583]: selected best master clock be599b.fffe.a4d694
ptp4l[115.583]: foreign master not using PTP timescale
ptp4l[116.083]: selected best master clock be599b.fffe.a4d694
ptp4l[116.084]: foreign master not using PTP timescale
ptp4l[116.583]: selected best master clock be599b.fffe.a4d694
ptp4l[116.585]: foreign master not using PTP timescale
ptp4l[117.083]: selected best master clock be599b.fffe.a4d694
ptp4l[117.084]: foreign master not using PTP timescale
ptp4l[117.584]: selected best master clock be599b.fffe.a4d694
ptp4l[117.584]: foreign master not using PTP timescale
ptp4l[118.084]: selected best master clock be599b.fffe.a4d694
ptp4l[118.084]: foreign master not using PTP timescale
ptp4l[118.584]: selected best master clock be599b.fffe.a4d694
ptp4l[118.584]: foreign master not using PTP timescale
ptp4l[119.084]: selected best master clock be599b.fffe.a4d694
ptp4l[119.085]: foreign master not using PTP timescale
ptp4l[119.584]: selected best master clock be599b.fffe.a4d694
ptp4l[119.585]: foreign master not using PTP timescale
ptp4l[120.085]: selected best master clock be599b.fffe.a4d694
ptp4l[120.085]: foreign master not using PTP timescale
ptp4l[120.585]: selected best master clock be599b.fffe.a4d694
ptp4l[120.585]: foreign master not using PTP timescale
ptp4l[121.085]: selected best master clock be599b.fffe.a4d694
ptp4l[121.087]: foreign master not using PTP timescale
ptp4l[121.585]: selected best master clock be599b.fffe.a4d694
ptp4l[121.586]: foreign master not using PTP timescale
ptp4l[122.085]: selected best master clock be599b.fffe.a4d694
ptp4l[122.086]: foreign master not using PTP timescale
ptp4l[122.586]: selected best master clock be599b.fffe.a4d694
ptp4l[122.586]: foreign master not using PTP timescale
ptp4l[123.086]: selected best master clock be599b.fffe.a4d694
ptp4l[123.086]: foreign master not using PTP timescale
ptp4l[123.587]: selected best master clock be599b.fffe.a4d694
ptp4l[123.588]: foreign master not using PTP timescale
ptp4l[124.086]: selected best master clock be599b.fffe.a4d694
ptp4l[124.087]: foreign master not using PTP timescale
ptp4l[124.586]: selected best master clock be599b.fffe.a4d694
ptp4l[124.587]: foreign master not using PTP timescale
ptp4l[125.087]: selected best master clock be599b.fffe.a4d694
ptp4l[125.087]: foreign master not using PTP timescale
