ptp4l[402.688]: port 1: INITIALIZING to LISTENING on INIT_COMPLETE
ptp4l[402.720]: port 2: INITIALIZING to LISTENING on INIT_COMPLETE
ptp4l[402.720]: port 0: INITIALIZING to LISTENING on INIT_COMPLETE
ptp4l[403.512]: port 1: new foreign master 960137.fffe.8d4a2e-1
ptp4l[403.636]: selected local clock caad2e.fffe.70c60c as best master
ptp4l[403.692]: selected local clock caad2e.fffe.70c60c as best master
ptp4l[403.865]: port 2: new foreign master 2ebae3.fffe.79b8d1-1
ptp4l[404.012]: selected best master clock 960137.fffe.8d4a2e
ptp4l[404.013]: foreign master not using PTP timescale
ptp4l[404.013]: port 1: LISTENING to UNCALIBRATED on RS_SLAVE
ptp4l[404.404]: selected best master clock 960137.fffe.8d4a2e
ptp4l[404.404]: foreign master not using PTP timescale
ptp4l[404.615]: selected best master clock 960137.fffe.8d4a2e
ptp4l[404.616]: foreign master not using PTP timescale
ptp4l[404.617]: port 2: master state recommended in slave only mode
ptp4l[404.617]: port 2: defaultDS.priority1 probably misconfigured
ptp4l[405.208]: selected best master clock 960137.fffe.8d4a2e
ptp4l[405.209]: foreign master not using PTP timescale
ptp4l[405.616]: selected best master clock 960137.fffe.8d4a2e
ptp4l[405.617]: foreign master not using PTP timescale
ptp4l[405.618]: port 2: master state recommended in slave only mode
ptp4l[405.618]: port 2: defaultDS.priority1 probably misconfigured
ptp4l[406.176]: selected best master clock 960137.fffe.8d4a2e
ptp4l[406.176]: foreign master not using PTP timescale
ptp4l[406.616]: selected best master clock 960137.fffe.8d4a2e
ptp4l[406.617]: foreign master not using PTP timescale
ptp4l[406.617]: port 2: master state recommended in slave only mode
ptp4l[406.618]: port 2: defaultDS.priority1 probably misconfigured
ptp4l[407.160]: selected best master clock 960137.fffe.8d4a2e
ptp4l[407.161]: foreign master not using PTP timescale
ptp4l[407.616]: selected best master clock 960137.fffe.8d4a2e
ptp4l[407.617]: foreign master not using PTP timescale
ptp4l[407.617]: port 2: master state recommended in slave only mode
ptp4l[407.618]: port 2: defaultDS.priority1 probably misconfigured
ptp4l[407.996]: selected best master clock 960137.fffe.8d4a2e
ptp4l[407.996]: foreign master not using PTP timescale
ptp4l[408.366]: selected best master clock 960137.fffe.8d4a2e
ptp4l[408.367]: foreign master not using PTP timescale
ptp4l[408.368]: port 2: master state recommended in slave only mode
ptp4l[408.368]: port 2: defaultDS.priority1 probably misconfigured
ptp4l[409.020]: selected best master clock 960137.fffe.8d4a2e
ptp4l[409.020]: foreign master not using PTP timescale
ptp4l[409.367]: selected best master clock 960137.fffe.8d4a2e
ptp4l[409.367]: foreign master not using PTP timescale
ptp4l[409.368]: port 2: master state recommended in slave only mode
ptp4l[409.368]: port 2: defaultDS.priority1 probably misconfigured
ptp4l[409.844]: selected best master clock 960137.fffe.8d4a2e
ptp4l[409.845]: foreign master not using PTP timescale
ptp4l[410.117]: selected best master clock 960137.fffe.8d4a2e
ptp4l[410.118]: foreign master not using PTP timescale
ptp4l[410.118]: port 2: master state recommended in slave only mode
ptp4l[410.119]: port 2: defaultDS.priority1 probably misconfigured
ptp4l[410.700]: selected best master clock 960137.fffe.8d4a2e
ptp4l[410.700]: foreign master not using PTP timescale
ptp4l[411.117]: selected best master clock 960137.fffe.8d4a2e
ptp4l[411.118]: foreign master not using PTP timescale
ptp4l[411.118]: port 2: master state recommended in slave only mode
ptp4l[411.119]: port 2: defaultDS.priority1 probably misconfigured
ptp4l[411.700]: selected best master clock 960137.fffe.8d4a2e
ptp4l[411.701]: foreign master not using PTP timescale
ptp4l[412.118]: selected best master clock 960137.fffe.8d4a2e
ptp4l[412.118]: foreign master not using PTP timescale
ptp4l[412.119]: port 2: master state recommended in slave only mode
ptp4l[412.120]: port 2: defaultDS.priority1 probably misconfigured
ptp4l[412.692]: selected best master clock 960137.fffe.8d4a2e
ptp4l[412.695]: foreign master not using PTP timescale
ptp4l[413.119]: selected best master clock 960137.fffe.8d4a2e
ptp4l[413.119]: foreign master not using PTP timescale
ptp4l[413.120]: port 2: master state recommended in slave only mode
ptp4l[413.121]: port 2: defaultDS.priority1 probably misconfigured
ptp4l[413.652]: selected best master clock 960137.fffe.8d4a2e
ptp4l[413.652]: foreign master not using PTP timescale
ptp4l[414.119]: selected best master clock 960137.fffe.8d4a2e
ptp4l[414.120]: foreign master not using PTP timescale
ptp4l[414.120]: port 2: master state recommended in slave only mode
ptp4l[414.121]: port 2: defaultDS.priority1 probably misconfigured
ptp4l[414.416]: selected best master clock 960137.fffe.8d4a2e
ptp4l[414.416]: foreign master not using PTP timescale
ptp4l[414.869]: selected best master clock 960137.fffe.8d4a2e
ptp4l[414.870]: foreign master not using PTP timescale
ptp4l[414.870]: port 2: master state recommended in slave only mode
ptp4l[414.871]: port 2: defaultDS.priority1 probably misconfigured
ptp4l[415.232]: selected best master clock 960137.fffe.8d4a2e
ptp4l[415.233]: foreign master not using PTP timescale
ptp4l[415.619]: selected best master clock 960137.fffe.8d4a2e
ptp4l[415.622]: foreign master not using PTP timescale
ptp4l[415.623]: port 2: master state recommended in slave only mode
ptp4l[415.624]: port 2: defaultDS.priority1 probably misconfigured
ptp4l[416.184]: selected best master clock 960137.fffe.8d4a2e
ptp4l[416.184]: foreign master not using PTP timescale
ptp4l[416.620]: selected best master clock 960137.fffe.8d4a2e
ptp4l[416.623]: foreign master not using PTP timescale
ptp4l[416.625]: port 2: master state recommended in slave only mode
ptp4l[416.628]: port 2: defaultDS.priority1 probably misconfigured
ptp4l[417.128]: selected best master clock 960137.fffe.8d4a2e
ptp4l[417.129]: foreign master not using PTP timescale
ptp4l[417.620]: selected best master clock 960137.fffe.8d4a2e
ptp4l[417.621]: foreign master not using PTP timescale
ptp4l[417.621]: port 2: master state recommended in slave only mode
ptp4l[417.622]: port 2: defaultDS.priority1 probably misconfigured
ptp4l[418.020]: selected best master clock 960137.fffe.8d4a2e
ptp4l[418.020]: foreign master not using PTP timescale
ptp4l[418.370]: selected best master clock 960137.fffe.8d4a2e
ptp4l[418.371]: foreign master not using PTP timescale
ptp4l[418.372]: port 2: master state recommended in slave only mode
ptp4l[418.372]: port 2: defaultDS.priority1 probably misconfigured
ptp4l[418.836]: selected best master clock 960137.fffe.8d4a2e
ptp4l[418.836]: foreign master not using PTP timescale
ptp4l[419.121]: selected best master clock 960137.fffe.8d4a2e
ptp4l[419.121]: foreign master not using PTP timescale
ptp4l[419.122]: port 2: master state recommended in slave only mode
ptp4l[419.122]: port 2: defaultDS.priority1 probably misconfigured
ptp4l[419.620]: selected best master clock 960137.fffe.8d4a2e
ptp4l[419.620]: foreign master not using PTP timescale
ptp4l[419.871]: selected best master clock 960137.fffe.8d4a2e
ptp4l[419.872]: foreign master not using PTP timescale
ptp4l[419.872]: port 2: master state recommended in slave only mode
ptp4l[419.873]: port 2: defaultDS.priority1 probably misconfigured
ptp4l[420.150]: rms 26967 max 69276 freq  +4109 +/- 13402 delay 12929 +/- 3426
ptp4l[420.472]: selected best master clock 960137.fffe.8d4a2e
ptp4l[420.472]: foreign master not using PTP timescale
ptp4l[420.871]: selected best master clock 960137.fffe.8d4a2e
ptp4l[420.872]: foreign master not using PTP timescale
ptp4l[420.872]: port 2: master state recommended in slave only mode
ptp4l[420.873]: port 2: defaultDS.priority1 probably misconfigured
ptp4l[421.288]: selected best master clock 960137.fffe.8d4a2e
ptp4l[421.289]: foreign master not using PTP timescale
ptp4l[421.622]: selected best master clock 960137.fffe.8d4a2e
ptp4l[421.622]: foreign master not using PTP timescale
ptp4l[421.623]: port 2: master state recommended in slave only mode
ptp4l[421.623]: port 2: defaultDS.priority1 probably misconfigured
ptp4l[422.080]: selected best master clock 960137.fffe.8d4a2e
ptp4l[422.080]: foreign master not using PTP timescale
ptp4l[422.372]: selected best master clock 960137.fffe.8d4a2e
ptp4l[422.373]: foreign master not using PTP timescale
ptp4l[422.373]: port 2: master state recommended in slave only mode
ptp4l[422.374]: port 2: defaultDS.priority1 probably misconfigured
ptp4l[423.032]: selected best master clock 960137.fffe.8d4a2e
ptp4l[423.032]: foreign master not using PTP timescale
ptp4l[423.373]: selected best master clock 960137.fffe.8d4a2e
ptp4l[423.374]: foreign master not using PTP timescale
ptp4l[423.374]: port 2: master state recommended in slave only mode
ptp4l[423.375]: port 2: defaultDS.priority1 probably misconfigured
ptp4l[423.836]: selected best master clock 960137.fffe.8d4a2e
ptp4l[423.836]: foreign master not using PTP timescale
ptp4l[424.123]: selected best master clock 960137.fffe.8d4a2e
ptp4l[424.124]: foreign master not using PTP timescale
ptp4l[424.124]: port 2: master state recommended in slave only mode
ptp4l[424.125]: port 2: defaultDS.priority1 probably misconfigured
ptp4l[424.764]: selected best master clock 960137.fffe.8d4a2e
ptp4l[424.764]: foreign master not using PTP timescale
ptp4l[425.123]: selected best master clock 960137.fffe.8d4a2e
ptp4l[425.124]: foreign master not using PTP timescale
ptp4l[425.124]: port 2: master state recommended in slave only mode
ptp4l[425.125]: port 2: defaultDS.priority1 probably misconfigured
ptp4l[425.712]: selected best master clock 960137.fffe.8d4a2e
ptp4l[425.712]: foreign master not using PTP timescale
ptp4l[426.124]: selected best master clock 960137.fffe.8d4a2e
ptp4l[426.124]: foreign master not using PTP timescale
ptp4l[426.125]: port 2: master state recommended in slave only mode
ptp4l[426.125]: port 2: defaultDS.priority1 probably misconfigured
ptp4l[426.452]: selected best master clock 960137.fffe.8d4a2e
ptp4l[426.453]: foreign master not using PTP timescale
ptp4l[426.874]: selected best master clock 960137.fffe.8d4a2e
ptp4l[426.875]: foreign master not using PTP timescale
ptp4l[426.875]: port 2: master state recommended in slave only mode
ptp4l[426.876]: port 2: defaultDS.priority1 probably misconfigured
ptp4l[427.284]: selected best master clock 960137.fffe.8d4a2e
ptp4l[427.284]: foreign master not using PTP timescale
ptp4l[427.625]: selected best master clock 960137.fffe.8d4a2e
ptp4l[427.628]: foreign master not using PTP timescale
ptp4l[427.630]: port 2: master state recommended in slave only mode
ptp4l[427.631]: port 2: defaultDS.priority1 probably misconfigured
ptp4l[428.156]: selected best master clock 960137.fffe.8d4a2e
ptp4l[428.157]: foreign master not using PTP timescale
ptp4l[428.625]: selected best master clock 960137.fffe.8d4a2e
ptp4l[428.626]: foreign master not using PTP timescale
ptp4l[428.627]: port 2: master state recommended in slave only mode
ptp4l[428.628]: port 2: defaultDS.priority1 probably misconfigured
ptp4l[429.120]: selected best master clock 960137.fffe.8d4a2e
ptp4l[429.121]: foreign master not using PTP timescale
ptp4l[429.375]: selected best master clock 960137.fffe.8d4a2e
ptp4l[429.376]: foreign master not using PTP timescale
ptp4l[429.376]: port 2: master state recommended in slave only mode
ptp4l[429.377]: port 2: defaultDS.priority1 probably misconfigured
ptp4l[430.016]: selected best master clock 960137.fffe.8d4a2e
ptp4l[430.017]: foreign master not using PTP timescale
ptp4l[430.376]: selected best master clock 960137.fffe.8d4a2e
ptp4l[430.377]: foreign master not using PTP timescale
ptp4l[430.377]: port 2: master state recommended in slave only mode
ptp4l[430.378]: port 2: defaultDS.priority1 probably misconfigured
ptp4l[430.764]: selected best master clock 960137.fffe.8d4a2e
ptp4l[430.765]: foreign master not using PTP timescale
ptp4l[431.127]: selected best master clock 960137.fffe.8d4a2e
ptp4l[431.129]: foreign master not using PTP timescale
ptp4l[431.130]: port 2: master state recommended in slave only mode
ptp4l[431.131]: port 2: defaultDS.priority1 probably misconfigured
ptp4l[431.700]: selected best master clock 960137.fffe.8d4a2e
ptp4l[431.701]: foreign master not using PTP timescale
ptp4l[432.128]: selected best master clock 960137.fffe.8d4a2e
ptp4l[432.130]: foreign master not using PTP timescale
ptp4l[432.133]: port 2: master state recommended in slave only mode
ptp4l[432.135]: port 2: defaultDS.priority1 probably misconfigured
ptp4l[432.664]: selected best master clock 960137.fffe.8d4a2e
ptp4l[432.664]: foreign master not using PTP timescale
ptp4l[433.128]: selected best master clock 960137.fffe.8d4a2e
ptp4l[433.128]: foreign master not using PTP timescale
ptp4l[433.129]: port 2: master state recommended in slave only mode
ptp4l[433.129]: port 2: defaultDS.priority1 probably misconfigured
ptp4l[433.460]: selected best master clock 960137.fffe.8d4a2e
ptp4l[433.463]: foreign master not using PTP timescale
ptp4l[433.879]: selected best master clock 960137.fffe.8d4a2e
ptp4l[433.879]: foreign master not using PTP timescale
ptp4l[433.880]: port 2: master state recommended in slave only mode
ptp4l[433.881]: port 2: defaultDS.priority1 probably misconfigured
ptp4l[434.416]: selected best master clock 960137.fffe.8d4a2e
ptp4l[434.416]: foreign master not using PTP timescale
ptp4l[434.879]: selected best master clock 960137.fffe.8d4a2e
ptp4l[434.880]: foreign master not using PTP timescale
ptp4l[434.880]: port 2: master state recommended in slave only mode
ptp4l[434.880]: port 2: defaultDS.priority1 probably misconfigured
ptp4l[435.388]: selected best master clock 960137.fffe.8d4a2e
ptp4l[435.388]: foreign master not using PTP timescale
ptp4l[435.879]: selected best master clock 960137.fffe.8d4a2e
ptp4l[435.880]: foreign master not using PTP timescale
ptp4l[435.881]: port 2: master state recommended in slave only mode
ptp4l[435.881]: port 2: defaultDS.priority1 probably misconfigured
ptp4l[436.166]: rms 110205 max 152401 freq  +5126 +/- 54333 delay 83169 +/- 31629
ptp4l[436.388]: selected best master clock 960137.fffe.8d4a2e
ptp4l[436.391]: foreign master not using PTP timescale
ptp4l[436.880]: selected best master clock 960137.fffe.8d4a2e
ptp4l[436.881]: foreign master not using PTP timescale
ptp4l[436.881]: port 2: master state recommended in slave only mode
ptp4l[436.882]: port 2: defaultDS.priority1 probably misconfigured
ptp4l[437.304]: selected best master clock 960137.fffe.8d4a2e
ptp4l[437.305]: foreign master not using PTP timescale
ptp4l[437.630]: selected best master clock 960137.fffe.8d4a2e
ptp4l[437.631]: foreign master not using PTP timescale
ptp4l[437.632]: port 2: master state recommended in slave only mode
ptp4l[437.632]: port 2: defaultDS.priority1 probably misconfigured
ptp4l[438.124]: selected best master clock 960137.fffe.8d4a2e
ptp4l[438.124]: foreign master not using PTP timescale
ptp4l[438.381]: selected best master clock 960137.fffe.8d4a2e
ptp4l[438.384]: foreign master not using PTP timescale
ptp4l[438.387]: port 2: master state recommended in slave only mode
ptp4l[438.390]: port 2: defaultDS.priority1 probably misconfigured
ptp4l[438.940]: selected best master clock 960137.fffe.8d4a2e
ptp4l[438.940]: foreign master not using PTP timescale
ptp4l[439.381]: selected best master clock 960137.fffe.8d4a2e
ptp4l[439.382]: foreign master not using PTP timescale
ptp4l[439.383]: port 2: master state recommended in slave only mode
ptp4l[439.384]: port 2: defaultDS.priority1 probably misconfigured
ptp4l[439.892]: selected best master clock 960137.fffe.8d4a2e
ptp4l[439.892]: foreign master not using PTP timescale
ptp4l[440.382]: selected best master clock 960137.fffe.8d4a2e
ptp4l[440.382]: foreign master not using PTP timescale
ptp4l[440.383]: port 2: master state recommended in slave only mode
ptp4l[440.383]: port 2: defaultDS.priority1 probably misconfigured
ptp4l[440.840]: selected best master clock 960137.fffe.8d4a2e
ptp4l[440.841]: foreign master not using PTP timescale
ptp4l[441.132]: selected best master clock 960137.fffe.8d4a2e
ptp4l[441.133]: foreign master not using PTP timescale
ptp4l[441.134]: port 2: master state recommended in slave only mode
ptp4l[441.135]: port 2: defaultDS.priority1 probably misconfigured
ptp4l[441.644]: selected best master clock 960137.fffe.8d4a2e
ptp4l[441.644]: foreign master not using PTP timescale
ptp4l[442.132]: selected best master clock 960137.fffe.8d4a2e
ptp4l[442.133]: foreign master not using PTP timescale
ptp4l[442.134]: port 2: master state recommended in slave only mode
ptp4l[442.135]: port 2: defaultDS.priority1 probably misconfigured
ptp4l[442.580]: selected best master clock 960137.fffe.8d4a2e
ptp4l[442.580]: foreign master not using PTP timescale
ptp4l[442.883]: selected best master clock 960137.fffe.8d4a2e
ptp4l[442.883]: foreign master not using PTP timescale
ptp4l[442.884]: port 2: master state recommended in slave only mode
ptp4l[442.884]: port 2: defaultDS.priority1 probably misconfigured
ptp4l[443.428]: selected best master clock 960137.fffe.8d4a2e
ptp4l[443.431]: foreign master not using PTP timescale
ptp4l[443.884]: selected best master clock 960137.fffe.8d4a2e
ptp4l[443.884]: foreign master not using PTP timescale
ptp4l[443.885]: port 2: master state recommended in slave only mode
ptp4l[443.885]: port 2: defaultDS.priority1 probably misconfigured
ptp4l[444.320]: selected best master clock 960137.fffe.8d4a2e
ptp4l[444.320]: foreign master not using PTP timescale
ptp4l[444.634]: selected best master clock 960137.fffe.8d4a2e
ptp4l[444.634]: foreign master not using PTP timescale
ptp4l[444.635]: port 2: master state recommended in slave only mode
ptp4l[444.635]: port 2: defaultDS.priority1 probably misconfigured
ptp4l[445.272]: selected best master clock 960137.fffe.8d4a2e
ptp4l[445.272]: foreign master not using PTP timescale
ptp4l[445.634]: selected best master clock 960137.fffe.8d4a2e
ptp4l[445.635]: foreign master not using PTP timescale
ptp4l[445.635]: port 2: master state recommended in slave only mode
ptp4l[445.636]: port 2: defaultDS.priority1 probably misconfigured
ptp4l[446.228]: selected best master clock 960137.fffe.8d4a2e
ptp4l[446.229]: foreign master not using PTP timescale
ptp4l[446.635]: selected best master clock 960137.fffe.8d4a2e
ptp4l[446.636]: foreign master not using PTP timescale
ptp4l[446.636]: port 2: master state recommended in slave only mode
ptp4l[446.637]: port 2: defaultDS.priority1 probably misconfigured
ptp4l[447.012]: selected best master clock 960137.fffe.8d4a2e
ptp4l[447.013]: foreign master not using PTP timescale
ptp4l[447.385]: selected best master clock 960137.fffe.8d4a2e
ptp4l[447.385]: foreign master not using PTP timescale
ptp4l[447.386]: port 2: master state recommended in slave only mode
ptp4l[447.386]: port 2: defaultDS.priority1 probably misconfigured
ptp4l[447.864]: selected best master clock 960137.fffe.8d4a2e
ptp4l[447.864]: foreign master not using PTP timescale
ptp4l[448.135]: selected best master clock 960137.fffe.8d4a2e
ptp4l[448.136]: foreign master not using PTP timescale
ptp4l[448.136]: port 2: master state recommended in slave only mode
ptp4l[448.137]: port 2: defaultDS.priority1 probably misconfigured
ptp4l[448.856]: selected best master clock 960137.fffe.8d4a2e
ptp4l[448.857]: foreign master not using PTP timescale
ptp4l[449.135]: selected best master clock 960137.fffe.8d4a2e
ptp4l[449.136]: foreign master not using PTP timescale
ptp4l[449.137]: port 2: master state recommended in slave only mode
ptp4l[449.137]: port 2: defaultDS.priority1 probably misconfigured
ptp4l[449.744]: selected best master clock 960137.fffe.8d4a2e
ptp4l[449.744]: foreign master not using PTP timescale
ptp4l[450.136]: selected best master clock 960137.fffe.8d4a2e
ptp4l[450.137]: foreign master not using PTP timescale
ptp4l[450.137]: port 2: master state recommended in slave only mode
ptp4l[450.138]: port 2: defaultDS.priority1 probably misconfigured
ptp4l[450.604]: selected best master clock 960137.fffe.8d4a2e
ptp4l[450.604]: foreign master not using PTP timescale
ptp4l[450.886]: selected best master clock 960137.fffe.8d4a2e
ptp4l[450.887]: foreign master not using PTP timescale
ptp4l[450.888]: port 2: master state recommended in slave only mode
ptp4l[450.888]: port 2: defaultDS.priority1 probably misconfigured
ptp4l[451.460]: selected best master clock 960137.fffe.8d4a2e
ptp4l[451.460]: foreign master not using PTP timescale
ptp4l[451.886]: selected best master clock 960137.fffe.8d4a2e
ptp4l[451.887]: foreign master not using PTP timescale
ptp4l[451.887]: port 2: master state recommended in slave only mode
ptp4l[451.888]: port 2: defaultDS.priority1 probably misconfigured
ptp4l[452.182]: rms 140518 max 222851 freq  -9335 +/- 74783 delay 82066 +/- 35411
ptp4l[452.312]: selected best master clock 960137.fffe.8d4a2e
ptp4l[452.312]: foreign master not using PTP timescale
ptp4l[452.637]: selected best master clock 960137.fffe.8d4a2e
ptp4l[452.637]: foreign master not using PTP timescale
ptp4l[452.638]: port 2: master state recommended in slave only mode
ptp4l[452.638]: port 2: defaultDS.priority1 probably misconfigured
ptp4l[453.212]: selected best master clock 960137.fffe.8d4a2e
ptp4l[453.212]: foreign master not using PTP timescale
ptp4l[453.637]: selected best master clock 960137.fffe.8d4a2e
ptp4l[453.638]: foreign master not using PTP timescale
ptp4l[453.638]: port 2: master state recommended in slave only mode
ptp4l[453.638]: port 2: defaultDS.priority1 probably misconfigured
ptp4l[454.116]: selected best master clock 960137.fffe.8d4a2e
ptp4l[454.116]: foreign master not using PTP timescale
ptp4l[454.387]: selected best master clock 960137.fffe.8d4a2e
ptp4l[454.388]: foreign master not using PTP timescale
ptp4l[454.389]: port 2: master state recommended in slave only mode
ptp4l[454.390]: port 2: defaultDS.priority1 probably misconfigured
ptp4l[455.052]: selected best master clock 960137.fffe.8d4a2e
ptp4l[455.052]: foreign master not using PTP timescale
ptp4l[455.388]: selected best master clock 960137.fffe.8d4a2e
ptp4l[455.389]: foreign master not using PTP timescale
ptp4l[455.390]: port 2: master state recommended in slave only mode
ptp4l[455.390]: port 2: defaultDS.priority1 probably misconfigured
ptp4l[456.036]: selected best master clock 960137.fffe.8d4a2e
ptp4l[456.036]: foreign master not using PTP timescale
ptp4l[456.389]: selected best master clock 960137.fffe.8d4a2e
ptp4l[456.390]: foreign master not using PTP timescale
ptp4l[456.391]: port 2: master state recommended in slave only mode
ptp4l[456.391]: port 2: defaultDS.priority1 probably misconfigured
ptp4l[456.852]: selected best master clock 960137.fffe.8d4a2e
ptp4l[456.853]: foreign master not using PTP timescale
ptp4l[457.139]: selected best master clock 960137.fffe.8d4a2e
ptp4l[457.140]: foreign master not using PTP timescale
ptp4l[457.141]: port 2: master state recommended in slave only mode
ptp4l[457.142]: port 2: defaultDS.priority1 probably misconfigured
ptp4l[457.716]: selected best master clock 960137.fffe.8d4a2e
ptp4l[457.716]: foreign master not using PTP timescale
ptp4l[458.140]: selected best master clock 960137.fffe.8d4a2e
ptp4l[458.140]: foreign master not using PTP timescale
ptp4l[458.141]: port 2: master state recommended in slave only mode
ptp4l[458.141]: port 2: defaultDS.priority1 probably misconfigured
ptp4l[458.644]: selected best master clock 960137.fffe.8d4a2e
ptp4l[458.645]: foreign master not using PTP timescale
ptp4l[459.140]: selected best master clock 960137.fffe.8d4a2e
ptp4l[459.140]: foreign master not using PTP timescale
ptp4l[459.141]: port 2: master state recommended in slave only mode
ptp4l[459.142]: port 2: defaultDS.priority1 probably misconfigured
ptp4l[459.472]: selected best master clock 960137.fffe.8d4a2e
ptp4l[459.473]: foreign master not using PTP timescale
ptp4l[459.890]: selected best master clock 960137.fffe.8d4a2e
ptp4l[459.891]: foreign master not using PTP timescale
ptp4l[459.892]: port 2: master state recommended in slave only mode
ptp4l[459.893]: port 2: defaultDS.priority1 probably misconfigured
ptp4l[460.356]: selected best master clock 960137.fffe.8d4a2e
ptp4l[460.356]: foreign master not using PTP timescale
ptp4l[460.641]: selected best master clock 960137.fffe.8d4a2e
ptp4l[460.641]: foreign master not using PTP timescale
ptp4l[460.642]: port 2: master state recommended in slave only mode
ptp4l[460.642]: port 2: defaultDS.priority1 probably misconfigured
ptp4l[461.180]: selected best master clock 960137.fffe.8d4a2e
ptp4l[461.180]: foreign master not using PTP timescale
ptp4l[461.641]: selected best master clock 960137.fffe.8d4a2e
ptp4l[461.642]: foreign master not using PTP timescale
ptp4l[461.642]: port 2: master state recommended in slave only mode
ptp4l[461.643]: port 2: defaultDS.priority1 probably misconfigured
ptp4l[461.988]: selected best master clock 960137.fffe.8d4a2e
ptp4l[461.988]: foreign master not using PTP timescale
ptp4l[462.391]: selected best master clock 960137.fffe.8d4a2e
ptp4l[462.392]: foreign master not using PTP timescale
ptp4l[462.393]: port 2: master state recommended in slave only mode
ptp4l[462.393]: port 2: defaultDS.priority1 probably misconfigured
ptp4l[462.940]: selected best master clock 960137.fffe.8d4a2e
ptp4l[462.940]: foreign master not using PTP timescale
ptp4l[463.392]: selected best master clock 960137.fffe.8d4a2e
ptp4l[463.395]: foreign master not using PTP timescale
ptp4l[463.398]: port 2: master state recommended in slave only mode
ptp4l[463.400]: port 2: defaultDS.priority1 probably misconfigured
ptp4l[463.872]: selected best master clock 960137.fffe.8d4a2e
ptp4l[463.872]: foreign master not using PTP timescale
ptp4l[464.142]: selected best master clock 960137.fffe.8d4a2e
ptp4l[464.143]: foreign master not using PTP timescale
ptp4l[464.144]: port 2: master state recommended in slave only mode
ptp4l[464.144]: port 2: defaultDS.priority1 probably misconfigured
ptp4l[464.792]: selected best master clock 960137.fffe.8d4a2e
ptp4l[464.792]: foreign master not using PTP timescale
ptp4l[465.143]: selected best master clock 960137.fffe.8d4a2e
ptp4l[465.144]: foreign master not using PTP timescale
ptp4l[465.144]: port 2: master state recommended in slave only mode
ptp4l[465.145]: port 2: defaultDS.priority1 probably misconfigured
ptp4l[465.720]: selected best master clock 960137.fffe.8d4a2e
ptp4l[465.720]: foreign master not using PTP timescale
ptp4l[466.143]: selected best master clock 960137.fffe.8d4a2e
ptp4l[466.144]: foreign master not using PTP timescale
ptp4l[466.144]: port 2: master state recommended in slave only mode
ptp4l[466.145]: port 2: defaultDS.priority1 probably misconfigured
ptp4l[466.484]: selected best master clock 960137.fffe.8d4a2e
ptp4l[466.484]: foreign master not using PTP timescale
ptp4l[466.893]: selected best master clock 960137.fffe.8d4a2e
ptp4l[466.894]: foreign master not using PTP timescale
ptp4l[466.894]: port 2: master state recommended in slave only mode
ptp4l[466.895]: port 2: defaultDS.priority1 probably misconfigured
ptp4l[467.348]: selected best master clock 960137.fffe.8d4a2e
ptp4l[467.349]: foreign master not using PTP timescale
ptp4l[467.644]: selected best master clock 960137.fffe.8d4a2e
ptp4l[467.644]: foreign master not using PTP timescale
ptp4l[467.645]: port 2: master state recommended in slave only mode
ptp4l[467.645]: port 2: defaultDS.priority1 probably misconfigured
ptp4l[468.196]: rms 70789 max 143368 freq +12228 +/- 46180 delay 76852 +/- 17538
ptp4l[468.284]: selected best master clock 960137.fffe.8d4a2e
ptp4l[468.284]: foreign master not using PTP timescale
ptp4l[468.644]: selected best master clock 960137.fffe.8d4a2e
ptp4l[468.644]: foreign master not using PTP timescale
ptp4l[468.645]: port 2: master state recommended in slave only mode
ptp4l[468.645]: port 2: defaultDS.priority1 probably misconfigured
ptp4l[469.068]: selected best master clock 960137.fffe.8d4a2e
ptp4l[469.068]: foreign master not using PTP timescale
ptp4l[469.394]: selected best master clock 960137.fffe.8d4a2e
ptp4l[469.397]: foreign master not using PTP timescale
ptp4l[469.399]: port 2: master state recommended in slave only mode
ptp4l[469.401]: port 2: defaultDS.priority1 probably misconfigured
ptp4l[470.012]: selected best master clock 960137.fffe.8d4a2e
ptp4l[470.013]: foreign master not using PTP timescale
ptp4l[470.395]: selected best master clock 960137.fffe.8d4a2e
ptp4l[470.395]: foreign master not using PTP timescale
ptp4l[470.396]: port 2: master state recommended in slave only mode
ptp4l[470.396]: port 2: defaultDS.priority1 probably misconfigured
ptp4l[470.972]: selected best master clock 960137.fffe.8d4a2e
ptp4l[470.972]: foreign master not using PTP timescale
ptp4l[471.395]: selected best master clock 960137.fffe.8d4a2e
ptp4l[471.395]: foreign master not using PTP timescale
ptp4l[471.396]: port 2: master state recommended in slave only mode
ptp4l[471.397]: port 2: defaultDS.priority1 probably misconfigured
ptp4l[471.768]: selected best master clock 960137.fffe.8d4a2e
ptp4l[471.768]: foreign master not using PTP timescale
ptp4l[472.145]: selected best master clock 960137.fffe.8d4a2e
ptp4l[472.146]: foreign master not using PTP timescale
ptp4l[472.147]: port 2: master state recommended in slave only mode
ptp4l[472.147]: port 2: defaultDS.priority1 probably misconfigured
ptp4l[472.704]: selected best master clock 960137.fffe.8d4a2e
ptp4l[472.706]: foreign master not using PTP timescale
ptp4l[473.146]: selected best master clock 960137.fffe.8d4a2e
ptp4l[473.148]: foreign master not using PTP timescale
ptp4l[473.149]: port 2: master state recommended in slave only mode
ptp4l[473.150]: port 2: defaultDS.priority1 probably misconfigured
ptp4l[473.496]: selected best master clock 960137.fffe.8d4a2e
ptp4l[473.499]: foreign master not using PTP timescale
ptp4l[473.897]: selected best master clock 960137.fffe.8d4a2e
ptp4l[473.899]: foreign master not using PTP timescale
ptp4l[473.902]: port 2: master state recommended in slave only mode
ptp4l[473.905]: port 2: defaultDS.priority1 probably misconfigured
ptp4l[474.408]: selected best master clock 960137.fffe.8d4a2e
ptp4l[474.409]: foreign master not using PTP timescale
ptp4l[474.897]: selected best master clock 960137.fffe.8d4a2e
ptp4l[474.898]: foreign master not using PTP timescale
ptp4l[474.899]: port 2: master state recommended in slave only mode
ptp4l[474.899]: port 2: defaultDS.priority1 probably misconfigured
ptp4l[475.252]: selected best master clock 960137.fffe.8d4a2e
ptp4l[475.252]: foreign master not using PTP timescale
ptp4l[475.648]: selected best master clock 960137.fffe.8d4a2e
ptp4l[475.648]: foreign master not using PTP timescale
ptp4l[475.649]: port 2: master state recommended in slave only mode
ptp4l[475.650]: port 2: defaultDS.priority1 probably misconfigured
ptp4l[476.256]: selected best master clock 960137.fffe.8d4a2e
ptp4l[476.256]: foreign master not using PTP timescale
ptp4l[476.648]: selected best master clock 960137.fffe.8d4a2e
ptp4l[476.648]: foreign master not using PTP timescale
ptp4l[476.649]: port 2: master state recommended in slave only mode
ptp4l[476.650]: port 2: defaultDS.priority1 probably misconfigured
ptp4l[477.044]: selected best master clock 960137.fffe.8d4a2e
ptp4l[477.044]: foreign master not using PTP timescale
ptp4l[477.398]: selected best master clock 960137.fffe.8d4a2e
ptp4l[477.399]: foreign master not using PTP timescale
ptp4l[477.400]: port 2: master state recommended in slave only mode
ptp4l[477.400]: port 2: defaultDS.priority1 probably misconfigured
ptp4l[478.008]: selected best master clock 960137.fffe.8d4a2e
ptp4l[478.009]: foreign master not using PTP timescale
ptp4l[478.399]: selected best master clock 960137.fffe.8d4a2e
ptp4l[478.399]: foreign master not using PTP timescale
ptp4l[478.400]: port 2: master state recommended in slave only mode
ptp4l[478.400]: port 2: defaultDS.priority1 probably misconfigured
ptp4l[478.872]: selected best master clock 960137.fffe.8d4a2e
ptp4l[478.873]: foreign master not using PTP timescale
ptp4l[479.149]: selected best master clock 960137.fffe.8d4a2e
ptp4l[479.150]: foreign master not using PTP timescale
ptp4l[479.151]: port 2: master state recommended in slave only mode
ptp4l[479.152]: port 2: defaultDS.priority1 probably misconfigured
ptp4l[479.796]: selected best master clock 960137.fffe.8d4a2e
ptp4l[479.799]: foreign master not using PTP timescale
ptp4l[480.149]: selected best master clock 960137.fffe.8d4a2e
ptp4l[480.150]: foreign master not using PTP timescale
ptp4l[480.151]: port 2: master state recommended in slave only mode
ptp4l[480.151]: port 2: defaultDS.priority1 probably misconfigured
ptp4l[480.744]: selected best master clock 960137.fffe.8d4a2e
ptp4l[480.744]: foreign master not using PTP timescale
ptp4l[481.150]: selected best master clock 960137.fffe.8d4a2e
ptp4l[481.150]: foreign master not using PTP timescale
ptp4l[481.151]: port 2: master state recommended in slave only mode
ptp4l[481.151]: port 2: defaultDS.priority1 probably misconfigured
ptp4l[481.552]: selected best master clock 960137.fffe.8d4a2e
ptp4l[481.553]: foreign master not using PTP timescale
ptp4l[481.900]: selected best master clock 960137.fffe.8d4a2e
ptp4l[481.901]: foreign master not using PTP timescale
ptp4l[481.902]: port 2: master state recommended in slave only mode
ptp4l[481.903]: port 2: defaultDS.priority1 probably misconfigured
ptp4l[482.488]: selected best master clock 960137.fffe.8d4a2e
ptp4l[482.489]: foreign master not using PTP timescale
ptp4l[482.900]: selected best master clock 960137.fffe.8d4a2e
ptp4l[482.901]: foreign master not using PTP timescale
ptp4l[482.902]: port 2: master state recommended in slave only mode
ptp4l[482.903]: port 2: defaultDS.priority1 probably misconfigured
ptp4l[483.276]: selected best master clock 960137.fffe.8d4a2e
ptp4l[483.277]: foreign master not using PTP timescale
ptp4l[483.651]: selected best master clock 960137.fffe.8d4a2e
ptp4l[483.651]: foreign master not using PTP timescale
ptp4l[483.652]: port 2: master state recommended in slave only mode
ptp4l[483.652]: port 2: defaultDS.priority1 probably misconfigured
ptp4l[484.248]: selected best master clock 960137.fffe.8d4a2e
ptp4l[484.249]: foreign master not using PTP timescale
ptp4l[484.249]: rms 105276 max 218059 freq  +2312 +/- 85006 delay 82201 +/- 26746
ptp4l[484.651]: selected best master clock 960137.fffe.8d4a2e
ptp4l[484.652]: foreign master not using PTP timescale
ptp4l[484.653]: port 2: master state recommended in slave only mode
ptp4l[484.653]: port 2: defaultDS.priority1 probably misconfigured
ptp4l[485.108]: selected best master clock 960137.fffe.8d4a2e
ptp4l[485.109]: foreign master not using PTP timescale
ptp4l[485.401]: selected best master clock 960137.fffe.8d4a2e
ptp4l[485.402]: foreign master not using PTP timescale
ptp4l[485.403]: port 2: master state recommended in slave only mode
ptp4l[485.404]: port 2: defaultDS.priority1 probably misconfigured
ptp4l[486.024]: selected best master clock 960137.fffe.8d4a2e
ptp4l[486.024]: foreign master not using PTP timescale
ptp4l[486.402]: selected best master clock 960137.fffe.8d4a2e
ptp4l[486.402]: foreign master not using PTP timescale
ptp4l[486.403]: port 2: master state recommended in slave only mode
ptp4l[486.403]: port 2: defaultDS.priority1 probably misconfigured
ptp4l[486.948]: selected best master clock 960137.fffe.8d4a2e
ptp4l[486.948]: foreign master not using PTP timescale
ptp4l[487.402]: selected best master clock 960137.fffe.8d4a2e
ptp4l[487.403]: foreign master not using PTP timescale
ptp4l[487.403]: port 2: master state recommended in slave only mode
ptp4l[487.404]: port 2: defaultDS.priority1 probably misconfigured
ptp4l[487.844]: selected best master clock 960137.fffe.8d4a2e
ptp4l[487.844]: foreign master not using PTP timescale
ptp4l[488.152]: selected best master clock 960137.fffe.8d4a2e
ptp4l[488.154]: foreign master not using PTP timescale
ptp4l[488.155]: port 2: master state recommended in slave only mode
ptp4l[488.156]: port 2: defaultDS.priority1 probably misconfigured
ptp4l[488.740]: selected best master clock 960137.fffe.8d4a2e
ptp4l[488.740]: foreign master not using PTP timescale
ptp4l[489.153]: selected best master clock 960137.fffe.8d4a2e
ptp4l[489.153]: foreign master not using PTP timescale
ptp4l[489.154]: port 2: master state recommended in slave only mode
ptp4l[489.155]: port 2: defaultDS.priority1 probably misconfigured
ptp4l[489.712]: selected best master clock 960137.fffe.8d4a2e
ptp4l[489.712]: foreign master not using PTP timescale
ptp4l[490.153]: selected best master clock 960137.fffe.8d4a2e
ptp4l[490.154]: foreign master not using PTP timescale
ptp4l[490.154]: port 2: master state recommended in slave only mode
ptp4l[490.155]: port 2: defaultDS.priority1 probably misconfigured
ptp4l[490.620]: selected best master clock 960137.fffe.8d4a2e
ptp4l[490.621]: foreign master not using PTP timescale
ptp4l[490.904]: selected best master clock 960137.fffe.8d4a2e
ptp4l[490.905]: foreign master not using PTP timescale
ptp4l[490.906]: port 2: master state recommended in slave only mode
ptp4l[490.907]: port 2: defaultDS.priority1 probably misconfigured
ptp4l[491.484]: selected best master clock 960137.fffe.8d4a2e
ptp4l[491.484]: foreign master not using PTP timescale
ptp4l[491.905]: selected best master clock 960137.fffe.8d4a2e
ptp4l[491.908]: foreign master not using PTP timescale
ptp4l[491.910]: port 2: master state recommended in slave only mode
ptp4l[491.912]: port 2: defaultDS.priority1 probably misconfigured
ptp4l[492.240]: selected best master clock 960137.fffe.8d4a2e
ptp4l[492.240]: foreign master not using PTP timescale
ptp4l[492.656]: selected best master clock 960137.fffe.8d4a2e
ptp4l[492.656]: foreign master not using PTP timescale
ptp4l[492.657]: port 2: master state recommended in slave only mode
ptp4l[492.658]: port 2: defaultDS.priority1 probably misconfigured
ptp4l[493.196]: selected best master clock 960137.fffe.8d4a2e
ptp4l[493.196]: foreign master not using PTP timescale
ptp4l[493.656]: selected best master clock 960137.fffe.8d4a2e
ptp4l[493.657]: foreign master not using PTP timescale
ptp4l[493.657]: port 2: master state recommended in slave only mode
ptp4l[493.658]: port 2: defaultDS.priority1 probably misconfigured
ptp4l[493.988]: selected best master clock 960137.fffe.8d4a2e
ptp4l[493.988]: foreign master not using PTP timescale
ptp4l[494.406]: selected best master clock 960137.fffe.8d4a2e
ptp4l[494.407]: foreign master not using PTP timescale
ptp4l[494.407]: port 2: master state recommended in slave only mode
ptp4l[494.408]: port 2: defaultDS.priority1 probably misconfigured
ptp4l[494.832]: selected best master clock 960137.fffe.8d4a2e
ptp4l[494.833]: foreign master not using PTP timescale
ptp4l[495.157]: selected best master clock 960137.fffe.8d4a2e
ptp4l[495.159]: foreign master not using PTP timescale
ptp4l[495.162]: port 2: master state recommended in slave only mode
ptp4l[495.164]: port 2: defaultDS.priority1 probably misconfigured
ptp4l[495.744]: selected best master clock 960137.fffe.8d4a2e
ptp4l[495.744]: foreign master not using PTP timescale
ptp4l[496.157]: selected best master clock 960137.fffe.8d4a2e
ptp4l[496.158]: foreign master not using PTP timescale
ptp4l[496.158]: port 2: master state recommended in slave only mode
ptp4l[496.159]: port 2: defaultDS.priority1 probably misconfigured
ptp4l[496.604]: selected best master clock 960137.fffe.8d4a2e
ptp4l[496.605]: foreign master not using PTP timescale
ptp4l[496.907]: selected best master clock 960137.fffe.8d4a2e
ptp4l[496.908]: foreign master not using PTP timescale
ptp4l[496.909]: port 2: master state recommended in slave only mode
ptp4l[496.910]: port 2: defaultDS.priority1 probably misconfigured
ptp4l[497.396]: selected best master clock 960137.fffe.8d4a2e
ptp4l[497.396]: foreign master not using PTP timescale
ptp4l[497.658]: selected best master clock 960137.fffe.8d4a2e
ptp4l[497.658]: foreign master not using PTP timescale
ptp4l[497.659]: port 2: master state recommended in slave only mode
ptp4l[497.659]: port 2: defaultDS.priority1 probably misconfigured
ptp4l[498.292]: selected best master clock 960137.fffe.8d4a2e
ptp4l[498.292]: foreign master not using PTP timescale
ptp4l[498.658]: selected best master clock 960137.fffe.8d4a2e
ptp4l[498.659]: foreign master not using PTP timescale
ptp4l[498.661]: port 2: master state recommended in slave only mode
ptp4l[498.661]: port 2: defaultDS.priority1 probably misconfigured
ptp4l[499.044]: selected best master clock 960137.fffe.8d4a2e
ptp4l[499.045]: foreign master not using PTP timescale
ptp4l[499.408]: selected best master clock 960137.fffe.8d4a2e
ptp4l[499.409]: foreign master not using PTP timescale
ptp4l[499.410]: port 2: master state recommended in slave only mode
ptp4l[499.410]: port 2: defaultDS.priority1 probably misconfigured
ptp4l[499.960]: selected best master clock 960137.fffe.8d4a2e
ptp4l[499.960]: foreign master not using PTP timescale
ptp4l[500.227]: rms 103963 max 185174 freq -14026 +/- 93518 delay 84928 +/- 32927
ptp4l[500.409]: selected best master clock 960137.fffe.8d4a2e
ptp4l[500.410]: foreign master not using PTP timescale
ptp4l[500.411]: port 2: master state recommended in slave only mode
ptp4l[500.412]: port 2: defaultDS.priority1 probably misconfigured
