ptp4l[3270.652]: port 1 (v-ru2): INITIALIZING to LISTENING on INIT_COMPLETE
ptp4l[3270.652]: port 0 (/var/run/p.ru2): INITIALIZING to LISTENING on INIT_COMPLETE
ptp4l[3270.652]: port 0 (/var/run/pr.ru2): INITIALIZING to LISTENING on INIT_COMPLETE
ptp4l[3271.118]: selected local clock 020000.fffe.00000d as best master
ptp4l[3271.144]: port 1 (v-ru2): new foreign master 020000.fffe.000001-2
ptp4l[3271.394]: selected best master clock 020000.fffe.00000a
ptp4l[3271.394]: foreign master not using PTP timescale
ptp4l[3271.394]: port 1 (v-ru2): LISTENING to UNCALIBRATED on RS_SLAVE
ptp4l[3273.458]: master offset      -2298 s0 freq   -1868 path delay      6841
ptp4l[3275.460]: master offset       2177 s0 freq   +1334 path delay      5037
ptp4l[3277.463]: master offset       2319 s0 freq     +89 path delay      5074
ptp4l[3279.466]: master offset       4432 s0 freq   +2465 path delay      7900
ptp4l[3281.469]: master offset       1440 s0 freq   -2730 path delay      5426
ptp4l[3283.471]: master offset      -1970 s0 freq   -1489 path delay      5854
ptp4l[3285.473]: master offset       1529 s0 freq   +1477 path delay      5312
ptp4l[3287.476]: master offset       4536 s0 freq   +2081 path delay      6472
ptp4l[3289.479]: master offset         -5 s0 freq    -611 path delay      9790
ptp4l[3291.482]: master offset       -428 s0 freq   -1864 path delay      6481
ptp4l[3292.997]: port 1 (v-ru2): UNCALIBRATED to LISTENING on ANNOUNCE_RECEIPT_TIMEOUT_EXPIRES
ptp4l[3292.997]: selected local clock 020000.fffe.00000d as best master
ptp4l[3293.158]: port 1 (v-ru2): new foreign master 020000.fffe.0000b1-2
ptp4l[3293.408]: selected best master clock 020000.fffe.00000a
ptp4l[3293.408]: foreign master not using PTP timescale
ptp4l[3293.408]: port 1 (v-ru2): LISTENING to UNCALIBRATED on RS_SLAVE
ptp4l[3295.473]: master offset       2562 s0 freq     -15 path delay      6671
ptp4l[3297.475]: master offset      -1370 s0 freq   -1828 path delay      6943
ptp4l[3299.479]: master offset       -515 s0 freq   +1246 path delay      8585
ptp4l[3301.483]: master offset      -1102 s0 freq    -581 path delay      8007
ptp4l[3303.485]: master offset       -722 s0 freq   -1167 path delay      5290
ptp4l[3305.489]: master offset      -1533 s0 freq    -588 path delay      4923
ptp4l[3307.491]: master offset       -183 s0 freq   +1660 path delay      6897
ptp4l[3309.494]: master offset       1941 s0 freq    -243 path delay      4286
ptp4l[3311.495]: master offset      -2112 s0 freq   -1098 path delay      6140
