ptp4l[18.260]: port 1: INITIALIZING to LISTENING on INIT_COMPLETE
ptp4l[18.300]: port 2: INITIALIZING to LISTENING on INIT_COMPLETE
ptp4l[18.300]: port 0: INITIALIZING to LISTENING on INIT_COMPLETE
ptp4l[19.128]: selected local clock 064574.fffe.ea263b as best master
ptp4l[19.196]: selected local clock 064574.fffe.ea263b as best master
ptp4l[19.196]: port 1: new foreign master 6271c8.fffe.5cdc6c-1
ptp4l[19.397]: port 2: new foreign master 76bb47.fffe.89f17f-1
ptp4l[19.681]: selected best master clock 6271c8.fffe.5cdc6c
ptp4l[19.682]: foreign master not using PTP timescale
ptp4l[19.682]: port 1: LISTENING to UNCALIBRATED on RS_SLAVE
ptp4l[19.898]: selected best master clock 6271c8.fffe.5cdc6c
ptp4l[19.898]: foreign master not using PTP timescale
ptp4l[19.899]: port 2: master state recommended in slave only mode
ptp4l[19.900]: port 2: defaultDS.priority1 probably misconfigured
ptp4l[20.100]: selected best master clock 6271c8.fffe.5cdc6c
ptp4l[20.102]: foreign master not using PTP timescale
ptp4l[20.398]: selected best master clock 6271c8.fffe.5cdc6c
ptp4l[20.398]: foreign master not using PTP timescale
ptp4l[20.399]: port 2: master state recommended in slave only mode
ptp4l[20.400]: port 2: defaultDS.priority1 probably misconfigured
ptp4l[21.052]: selected best master clock 6271c8.fffe.5cdc6c
ptp4l[21.055]: foreign master not using PTP timescale
ptp4l[21.399]: selected best master clock 6271c8.fffe.5cdc6c
ptp4l[21.399]: foreign master not using PTP timescale
ptp4l[21.400]: port 2: master state recommended in slave only mode
ptp4l[21.400]: port 2: defaultDS.priority1 probably misconfigured
ptp4l[22.000]: selected best master clock 6271c8.fffe.5cdc6c
ptp4l[22.000]: foreign master not using PTP timescale
ptp4l[22.399]: selected best master clock 6271c8.fffe.5cdc6c
ptp4l[22.399]: foreign master not using PTP timescale
ptp4l[22.400]: port 2: master state recommended in slave only mode
ptp4l[22.400]: port 2: defaultDS.priority1 probably misconfigured
ptp4l[22.840]: selected best master clock 6271c8.fffe.5cdc6c
ptp4l[22.840]: foreign master not using PTP timescale
ptp4l[23.149]: selected best master clock 6271c8.fffe.5cdc6c
ptp4l[23.150]: foreign master not using PTP timescale
ptp4l[23.151]: port 2: master state recommended in slave only mode
ptp4l[23.151]: port 2: defaultDS.priority1 probably misconfigured
ptp4l[23.728]: selected best master clock 6271c8.fffe.5cdc6c
ptp4l[23.728]: foreign master not using PTP timescale
ptp4l[24.151]: selected best master clock 6271c8.fffe.5cdc6c
ptp4l[24.153]: foreign master not using PTP timescale
ptp4l[24.156]: port 2: master state recommended in slave only mode
ptp4l[24.158]: port 2: defaultDS.priority1 probably misconfigured
ptp4l[24.548]: selected best master clock 6271c8.fffe.5cdc6c
ptp4l[24.548]: foreign master not using PTP timescale
ptp4l[24.901]: selected best master clock 6271c8.fffe.5cdc6c
ptp4l[24.904]: foreign master not using PTP timescale
ptp4l[24.906]: port 2: master state recommended in slave only mode
ptp4l[24.908]: port 2: defaultDS.priority1 probably misconfigured
ptp4l[25.368]: selected best master clock 6271c8.fffe.5cdc6c
ptp4l[25.368]: foreign master not using PTP timescale
ptp4l[25.651]: selected best master clock 6271c8.fffe.5cdc6c
ptp4l[25.652]: foreign master not using PTP timescale
ptp4l[25.653]: port 2: master state recommended in slave only mode
ptp4l[25.653]: port 2: defaultDS.priority1 probably misconfigured
ptp4l[26.220]: selected best master clock 6271c8.fffe.5cdc6c
ptp4l[26.223]: foreign master not using PTP timescale
ptp4l[26.654]: selected best master clock 6271c8.fffe.5cdc6c
ptp4l[26.655]: foreign master not using PTP timescale
ptp4l[26.656]: port 2: master state recommended in slave only mode
ptp4l[26.657]: port 2: defaultDS.priority1 probably misconfigured
ptp4l[27.096]: selected best master clock 6271c8.fffe.5cdc6c
ptp4l[27.096]: foreign master not using PTP timescale
ptp4l[27.405]: selected best master clock 6271c8.fffe.5cdc6c
ptp4l[27.407]: foreign master not using PTP timescale
ptp4l[27.410]: port 2: master state recommended in slave only mode
ptp4l[27.412]: port 2: defaultDS.priority1 probably misconfigured
ptp4l[27.976]: selected best master clock 6271c8.fffe.5cdc6c
ptp4l[27.977]: foreign master not using PTP timescale
ptp4l[28.406]: selected best master clock 6271c8.fffe.5cdc6c
ptp4l[28.408]: foreign master not using PTP timescale
ptp4l[28.410]: port 2: master state recommended in slave only mode
ptp4l[28.412]: port 2: defaultDS.priority1 probably misconfigured
ptp4l[28.804]: selected best master clock 6271c8.fffe.5cdc6c
ptp4l[28.804]: foreign master not using PTP timescale
ptp4l[29.156]: selected best master clock 6271c8.fffe.5cdc6c
ptp4l[29.157]: foreign master not using PTP timescale
ptp4l[29.157]: port 2: master state recommended in slave only mode
ptp4l[29.158]: port 2: defaultDS.priority1 probably misconfigured
ptp4l[29.768]: selected best master clock 6271c8.fffe.5cdc6c
ptp4l[29.768]: foreign master not using PTP timescale
ptp4l[30.156]: selected best master clock 6271c8.fffe.5cdc6c
ptp4l[30.159]: foreign master not using PTP timescale
ptp4l[30.161]: port 2: master state recommended in slave only mode
ptp4l[30.164]: port 2: defaultDS.priority1 probably misconfigured
ptp4l[30.756]: selected best master clock 6271c8.fffe.5cdc6c
ptp4l[30.756]: foreign master not using PTP timescale
ptp4l[31.157]: selected best master clock 6271c8.fffe.5cdc6c
ptp4l[31.158]: foreign master not using PTP timescale
ptp4l[31.159]: port 2: master state recommended in slave only mode
ptp4l[31.161]: port 2: defaultDS.priority1 probably misconfigured
ptp4l[31.568]: selected best master clock 6271c8.fffe.5cdc6c
ptp4l[31.571]: foreign master not using PTP timescale
ptp4l[31.907]: selected best master clock 6271c8.fffe.5cdc6c
ptp4l[31.907]: foreign master not using PTP timescale
ptp4l[31.908]: port 2: master state recommended in slave only mode
ptp4l[31.908]: port 2: defaultDS.priority1 probably misconfigured
ptp4l[32.416]: selected best master clock 6271c8.fffe.5cdc6c
ptp4l[32.416]: foreign master not using PTP timescale
ptp4l[32.907]: selected best master clock 6271c8.fffe.5cdc6c
ptp4l[32.908]: foreign master not using PTP timescale
ptp4l[32.908]: port 2: master state recommended in slave only mode
ptp4l[32.909]: port 2: defaultDS.priority1 probably misconfigured
ptp4l[33.176]: selected best master clock 6271c8.fffe.5cdc6c
ptp4l[33.178]: foreign master not using PTP timescale
ptp4l[33.658]: selected best master clock 6271c8.fffe.5cdc6c
ptp4l[33.659]: foreign master not using PTP timescale
ptp4l[33.660]: port 2: master state recommended in slave only mode
ptp4l[33.660]: port 2: defaultDS.priority1 probably misconfigured
ptp4l[33.952]: selected best master clock 6271c8.fffe.5cdc6c
ptp4l[33.953]: foreign master not using PTP timescale
ptp4l[34.409]: selected best master clock 6271c8.fffe.5cdc6c
ptp4l[34.411]: foreign master not using PTP timescale
ptp4l[34.414]: port 2: master state recommended in slave only mode
ptp4l[34.416]: port 2: defaultDS.priority1 probably misconfigured
ptp4l[34.836]: selected best master clock 6271c8.fffe.5cdc6c
ptp4l[34.836]: foreign master not using PTP timescale
ptp4l[35.159]: selected best master clock 6271c8.fffe.5cdc6c
ptp4l[35.159]: foreign master not using PTP timescale
ptp4l[35.160]: port 2: master state recommended in slave only mode
ptp4l[35.160]: port 2: defaultDS.priority1 probably misconfigured
ptp4l[35.564]: selected best master clock 6271c8.fffe.5cdc6c
ptp4l[35.567]: foreign master not using PTP timescale
ptp4l[35.825]: rms 102398 max 289482 freq +25766 +/- 70698 delay 20984 +/- 32607
ptp4l[35.910]: selected best master clock 6271c8.fffe.5cdc6c
ptp4l[35.911]: foreign master not using PTP timescale
ptp4l[35.911]: port 2: master state recommended in slave only mode
ptp4l[35.912]: port 2: defaultDS.priority1 probably misconfigured
ptp4l[36.436]: selected best master clock 6271c8.fffe.5cdc6c
ptp4l[36.436]: foreign master not using PTP timescale
ptp4l[36.912]: selected best master clock 6271c8.fffe.5cdc6c
ptp4l[36.913]: foreign master not using PTP timescale
ptp4l[36.914]: port 2: master state recommended in slave only mode
ptp4l[36.914]: port 2: defaultDS.priority1 probably misconfigured
ptp4l[37.372]: selected best master clock 6271c8.fffe.5cdc6c
ptp4l[37.373]: foreign master not using PTP timescale
ptp4l[37.665]: selected best master clock 6271c8.fffe.5cdc6c
ptp4l[37.666]: foreign master not using PTP timescale
ptp4l[37.667]: port 2: master state recommended in slave only mode
ptp4l[37.667]: port 2: defaultDS.priority1 probably misconfigured
ptp4l[38.308]: selected best master clock 6271c8.fffe.5cdc6c
ptp4l[38.310]: foreign master not using PTP timescale
ptp4l[38.669]: selected best master clock 6271c8.fffe.5cdc6c
ptp4l[38.671]: foreign master not using PTP timescale
ptp4l[38.674]: port 2: master state recommended in slave only mode
ptp4l[38.675]: port 2: defaultDS.priority1 probably misconfigured
ptp4l[39.216]: selected best master clock 6271c8.fffe.5cdc6c
ptp4l[39.216]: foreign master not using PTP timescale
ptp4l[39.670]: selected best master clock 6271c8.fffe.5cdc6c
ptp4l[39.671]: foreign master not using PTP timescale
ptp4l[39.671]: port 2: master state recommended in slave only mode
ptp4l[39.672]: port 2: defaultDS.priority1 probably misconfigured
ptp4l[40.136]: selected best master clock 6271c8.fffe.5cdc6c
ptp4l[40.136]: foreign master not using PTP timescale
ptp4l[40.421]: selected best master clock 6271c8.fffe.5cdc6c
ptp4l[40.422]: foreign master not using PTP timescale
ptp4l[40.423]: port 2: master state recommended in slave only mode
ptp4l[40.423]: port 2: defaultDS.priority1 probably misconfigured
ptp4l[40.908]: selected best master clock 6271c8.fffe.5cdc6c
ptp4l[40.910]: foreign master not using PTP timescale
ptp4l[41.172]: selected best master clock 6271c8.fffe.5cdc6c
ptp4l[41.173]: foreign master not using PTP timescale
ptp4l[41.173]: port 2: master state recommended in slave only mode
ptp4l[41.174]: port 2: defaultDS.priority1 probably misconfigured
ptp4l[41.856]: selected best master clock 6271c8.fffe.5cdc6c
ptp4l[41.858]: foreign master not using PTP timescale
ptp4l[42.173]: selected best master clock 6271c8.fffe.5cdc6c
ptp4l[42.174]: foreign master not using PTP timescale
ptp4l[42.175]: port 2: master state recommended in slave only mode
ptp4l[42.175]: port 2: defaultDS.priority1 probably misconfigured
ptp4l[42.664]: selected best master clock 6271c8.fffe.5cdc6c
ptp4l[42.664]: foreign master not using PTP timescale
ptp4l[42.923]: selected best master clock 6271c8.fffe.5cdc6c
ptp4l[42.923]: foreign master not using PTP timescale
ptp4l[42.924]: port 2: master state recommended in slave only mode
ptp4l[42.924]: port 2: defaultDS.priority1 probably misconfigured
ptp4l[43.532]: selected best master clock 6271c8.fffe.5cdc6c
ptp4l[43.533]: foreign master not using PTP timescale
ptp4l[43.923]: selected best master clock 6271c8.fffe.5cdc6c
ptp4l[43.924]: foreign master not using PTP timescale
ptp4l[43.925]: port 2: master state recommended in slave only mode
ptp4l[43.925]: port 2: defaultDS.priority1 probably misconfigured
ptp4l[44.312]: selected best master clock 6271c8.fffe.5cdc6c
ptp4l[44.313]: foreign master not using PTP timescale
ptp4l[44.675]: selected best master clock 6271c8.fffe.5cdc6c
ptp4l[44.676]: foreign master not using PTP timescale
ptp4l[44.676]: port 2: master state recommended in slave only mode
ptp4l[44.677]: port 2: defaultDS.priority1 probably misconfigured
ptp4l[45.100]: selected best master clock 6271c8.fffe.5cdc6c
ptp4l[45.100]: foreign master not using PTP timescale
ptp4l[45.427]: selected best master clock 6271c8.fffe.5cdc6c
ptp4l[45.429]: foreign master not using PTP timescale
ptp4l[45.432]: port 2: master state recommended in slave only mode
ptp4l[45.434]: port 2: defaultDS.priority1 probably misconfigured
ptp4l[45.573]: port 1: link down
ptp4l[45.573]: port 1: UNCALIBRATED to FAULTY on FAULT_DETECTED (FT_UNSPECIFIED)
ptp4l[45.628]: selected best master clock 76bb47.fffe.89f17f
ptp4l[45.628]: port 1: master state recommended in slave only mode
ptp4l[45.629]: port 1: defaultDS.priority1 probably misconfigured
ptp4l[45.629]: foreign master not using PTP timescale
ptp4l[45.630]: port 2: LISTENING to UNCALIBRATED on RS_SLAVE
ptp4l[53.689]: rms 133663 max 311697 freq -17463 +/- 90228 delay 60106 +/- 55152
