ptp4l[493.036]: port 1 (v-ru2): INITIALIZING to LISTENING on INIT_COMPLETE
ptp4l[493.036]: port 0 (/var/run/p.ru2): INITIALIZING to LISTENING on INIT_COMPLETE
ptp4l[493.036]: port 0 (/var/run/pr.ru2): INITIALIZING to LISTENING on INIT_COMPLETE
ptp4l[493.532]: selected local clock 020000.fffe.00000d as best master
ptp4l[493.534]: port 1 (v-ru2): new foreign master 020000.fffe.000001-2
ptp4l[493.784]: selected best master clock 020000.fffe.00000a
ptp4l[493.784]: foreign master not using PTP timescale
ptp4l[493.784]: port 1 (v-ru2): LISTENING to UNCALIBRATED on RS_SLAVE
ptp4l[495.847]: master offset      -2164 s0 freq    -563 path delay      5444
ptp4l[497.849]: master offset      -2552 s0 freq    -109 path delay      5613
ptp4l[499.851]: master offset       -117 s0 freq    +551 path delay      4280
ptp4l[501.406]: port 1 (v-ru2): UNCALIBRATED to LISTENING on ANNOUNCE_RECEIPT_TIMEOUT_EXPIRES
ptp4l[501.406]: selected local clock 020000.fffe.00000d as best master
ptp4l[528.614]: selected best master clock 020000.fffe.00000a
ptp4l[528.614]: foreign master not using PTP timescale
ptp4l[528.614]: port 1 (v-ru2): LISTENING to UNCALIBRATED on RS_SLAVE
ptp4l[530.678]: master offset      -2281 s0 freq   -3781 path delay      5073
ptp4l[532.680]: master offset       1405 s0 freq   +2353 path delay      6097
ptp4l[534.683]: master offset      -3676 s0 freq   -2267 path delay      6640
ptp4l[536.685]: master offset       3043 s0 freq   +2511 path delay      4949
