ptp4l[369.448]: port 1: INITIALIZING to LISTENING on INIT_COMPLETE
ptp4l[369.449]: port 0: INITIALIZING to LISTENING on INIT_COMPLETE
ptp4l[370.344]: selected local clock 2ed73c.fffe.27ebcc as best master
ptp4l[370.396]: port 1: new foreign master 4244ca.fffe.21ebf6-1
ptp4l[370.416]: port 1: new foreign master 926692.fffe.c86149-1
ptp4l[370.897]: selected best master clock 4244ca.fffe.21ebf6
ptp4l[370.897]: foreign master not using PTP timescale
ptp4l[370.898]: port 1: LISTENING to UNCALIBRATED on RS_SLAVE
ptp4l[370.916]: selected best master clock 926692.fffe.c86149
ptp4l[370.917]: foreign master not using PTP timescale
ptp4l[371.397]: selected best master clock 926692.fffe.c86149
ptp4l[371.398]: foreign master not using PTP timescale
ptp4l[371.897]: selected best master clock 926692.fffe.c86149
ptp4l[371.898]: foreign master not using PTP timescale
ptp4l[372.397]: selected best master clock 926692.fffe.c86149
ptp4l[372.398]: foreign master not using PTP timescale
ptp4l[372.898]: selected best master clock 926692.fffe.c86149
ptp4l[372.899]: foreign master not using PTP timescale
ptp4l[373.648]: selected best master clock 926692.fffe.c86149
ptp4l[373.649]: foreign master not using PTP timescale
ptp4l[374.148]: selected best master clock 926692.fffe.c86149
ptp4l[374.149]: foreign master not using PTP timescale
ptp4l[374.649]: selected best master clock 926692.fffe.c86149
ptp4l[374.649]: foreign master not using PTP timescale
ptp4l[375.148]: selected best master clock 926692.fffe.c86149
ptp4l[375.149]: foreign master not using PTP timescale
ptp4l[375.649]: selected best master clock 926692.fffe.c86149
ptp4l[375.650]: foreign master not using PTP timescale
ptp4l[376.149]: selected best master clock 926692.fffe.c86149
ptp4l[376.150]: foreign master not using PTP timescale
ptp4l[376.649]: selected best master clock 926692.fffe.c86149
ptp4l[376.650]: foreign master not using PTP timescale
ptp4l[377.150]: selected best master clock 926692.fffe.c86149
ptp4l[377.151]: foreign master not using PTP timescale
ptp4l[377.650]: selected best master clock 926692.fffe.c86149
ptp4l[377.650]: foreign master not using PTP timescale
ptp4l[378.151]: selected best master clock 926692.fffe.c86149
ptp4l[378.151]: foreign master not using PTP timescale
ptp4l[378.650]: selected best master clock 926692.fffe.c86149
ptp4l[378.651]: foreign master not using PTP timescale
ptp4l[379.151]: selected best master clock 926692.fffe.c86149
ptp4l[379.151]: foreign master not using PTP timescale
ptp4l[379.651]: selected best master clock 926692.fffe.c86149
ptp4l[379.651]: foreign master not using PTP timescale
ptp4l[380.151]: selected best master clock 926692.fffe.c86149
ptp4l[380.152]: foreign master not using PTP timescale
ptp4l[380.651]: selected best master clock 926692.fffe.c86149
ptp4l[380.652]: foreign master not using PTP timescale
ptp4l[381.151]: selected best master clock 926692.fffe.c86149
ptp4l[381.152]: foreign master not using PTP timescale
ptp4l[381.652]: selected best master clock 926692.fffe.c86149
ptp4l[381.653]: foreign master not using PTP timescale
ptp4l[382.152]: selected best master clock 926692.fffe.c86149
ptp4l[382.153]: foreign master not using PTP timescale
ptp4l[382.653]: selected best master clock 926692.fffe.c86149
ptp4l[382.653]: foreign master not using PTP timescale
ptp4l[383.153]: selected best master clock 926692.fffe.c86149
ptp4l[383.153]: foreign master not using PTP timescale
ptp4l[383.903]: selected best master clock 926692.fffe.c86149
ptp4l[383.903]: foreign master not using PTP timescale
ptp4l[384.403]: selected best master clock 926692.fffe.c86149
ptp4l[384.404]: foreign master not using PTP timescale
ptp4l[384.904]: selected best master clock 926692.fffe.c86149
ptp4l[384.905]: foreign master not using PTP timescale
ptp4l[385.404]: selected best master clock 926692.fffe.c86149
ptp4l[385.404]: foreign master not using PTP timescale
ptp4l[385.903]: selected best master clock 926692.fffe.c86149
ptp4l[385.904]: foreign master not using PTP timescale
ptp4l[386.404]: selected best master clock 926692.fffe.c86149
ptp4l[386.404]: foreign master not using PTP timescale
ptp4l[386.904]: selected best master clock 926692.fffe.c86149
ptp4l[386.905]: foreign master not using PTP timescale
ptp4l[387.307]: rms 606588 max 1015162 freq +70015 +/- 210823 delay 480645 +/- 180642
ptp4l[387.405]: selected best master clock 926692.fffe.c86149
ptp4l[387.408]: foreign master not using PTP timescale
ptp4l[387.904]: selected best master clock 926692.fffe.c86149
ptp4l[387.905]: foreign master not using PTP timescale
ptp4l[388.406]: selected best master clock 926692.fffe.c86149
ptp4l[388.407]: foreign master not using PTP timescale
ptp4l[388.905]: selected best master clock 926692.fffe.c86149
ptp4l[388.906]: foreign master not using PTP timescale
ptp4l[389.405]: selected best master clock 926692.fffe.c86149
ptp4l[389.406]: foreign master not using PTP timescale
ptp4l[389.906]: selected best master clock 926692.fffe.c86149
ptp4l[389.906]: foreign master not using PTP timescale
ptp4l[390.405]: selected best master clock 926692.fffe.c86149
ptp4l[390.406]: foreign master not using PTP timescale
ptp4l[390.906]: selected best master clock 926692.fffe.c86149
ptp4l[390.908]: foreign master not using PTP timescale
ptp4l[391.406]: selected best master clock 926692.fffe.c86149
ptp4l[391.407]: foreign master not using PTP timescale
ptp4l[391.906]: selected best master clock 926692.fffe.c86149
ptp4l[391.907]: foreign master not using PTP timescale
ptp4l[392.407]: selected best master clock 926692.fffe.c86149
ptp4l[392.410]: foreign master not using PTP timescale
ptp4l[392.907]: selected best master clock 926692.fffe.c86149
ptp4l[392.907]: foreign master not using PTP timescale
ptp4l[393.408]: selected best master clock 926692.fffe.c86149
ptp4l[393.410]: foreign master not using PTP timescale
ptp4l[393.908]: selected best master clock 926692.fffe.c86149
ptp4l[393.908]: foreign master not using PTP timescale
ptp4l[394.408]: selected best master clock 926692.fffe.c86149
ptp4l[394.409]: foreign master not using PTP timescale
ptp4l[395.158]: selected best master clock 926692.fffe.c86149
ptp4l[395.160]: foreign master not using PTP timescale
ptp4l[395.659]: selected best master clock 926692.fffe.c86149
ptp4l[395.662]: foreign master not using PTP timescale
ptp4l[396.159]: selected best master clock 926692.fffe.c86149
ptp4l[396.160]: foreign master not using PTP timescale
ptp4l[396.659]: selected best master clock 926692.fffe.c86149
ptp4l[396.659]: foreign master not using PTP timescale
ptp4l[397.159]: selected best master clock 926692.fffe.c86149
ptp4l[397.159]: foreign master not using PTP timescale
ptp4l[397.660]: selected best master clock 926692.fffe.c86149
ptp4l[397.663]: foreign master not using PTP timescale
ptp4l[398.160]: selected best master clock 926692.fffe.c86149
ptp4l[398.160]: foreign master not using PTP timescale
ptp4l[398.660]: selected best master clock 926692.fffe.c86149
ptp4l[398.661]: foreign master not using PTP timescale
ptp4l[399.161]: selected best master clock 926692.fffe.c86149
ptp4l[399.161]: foreign master not using PTP timescale
ptp4l[399.661]: selected best master clock 926692.fffe.c86149
ptp4l[399.662]: foreign master not using PTP timescale
ptp4l[400.161]: selected best master clock 926692.fffe.c86149
ptp4l[400.163]: foreign master not using PTP timescale
ptp4l[400.661]: selected best master clock 926692.fffe.c86149
ptp4l[400.662]: foreign master not using PTP timescale
ptp4l[401.161]: selected best master clock 926692.fffe.c86149
ptp4l[401.163]: foreign master not using PTP timescale
ptp4l[401.661]: selected best master clock 926692.fffe.c86149
ptp4l[401.662]: foreign master not using PTP timescale
ptp4l[402.163]: selected best master clock 926692.fffe.c86149
ptp4l[402.165]: foreign master not using PTP timescale
