ptp4l[67.060]: port 1: INITIALIZING to LISTENING on INIT_COMPLETE
ptp4l[67.061]: port 0: INITIALIZING to LISTENING on INIT_COMPLETE
ptp4l[67.968]: port 1: new foreign master 8ad84d.fffe.e077a1-1
ptp4l[68.044]: selected local clock 0a92bb.fffe.b37f7c as best master
ptp4l[68.263]: port 1: new foreign master 8e3d7a.fffe.9d7d37-1
ptp4l[68.469]: selected best master clock 8ad84d.fffe.e077a1
ptp4l[68.470]: foreign master not using PTP timescale
ptp4l[68.470]: port 1: LISTENING to UNCALIBRATED on RS_SLAVE
ptp4l[68.763]: selected best master clock 8e3d7a.fffe.9d7d37
ptp4l[68.764]: foreign master not using PTP timescale
ptp4l[69.220]: selected best master clock 8e3d7a.fffe.9d7d37
ptp4l[69.222]: foreign master not using PTP timescale
ptp4l[69.721]: selected best master clock 8e3d7a.fffe.9d7d37
ptp4l[69.722]: foreign master not using PTP timescale
ptp4l[70.222]: selected best master clock 8e3d7a.fffe.9d7d37
ptp4l[70.223]: foreign master not using PTP timescale
ptp4l[70.722]: selected best master clock 8e3d7a.fffe.9d7d37
ptp4l[70.723]: foreign master not using PTP timescale
ptp4l[71.223]: selected best master clock 8e3d7a.fffe.9d7d37
ptp4l[71.224]: foreign master not using PTP timescale
ptp4l[71.723]: selected best master clock 8e3d7a.fffe.9d7d37
ptp4l[71.724]: foreign master not using PTP timescale
ptp4l[72.224]: selected best master clock 8e3d7a.fffe.9d7d37
ptp4l[72.225]: foreign master not using PTP timescale
ptp4l[72.725]: selected best master clock 8e3d7a.fffe.9d7d37
ptp4l[72.726]: foreign master not using PTP timescale
ptp4l[73.225]: selected best master clock 8e3d7a.fffe.9d7d37
ptp4l[73.227]: foreign master not using PTP timescale
ptp4l[73.725]: selected best master clock 8e3d7a.fffe.9d7d37
ptp4l[73.729]: foreign master not using PTP timescale
ptp4l[74.225]: selected best master clock 8e3d7a.fffe.9d7d37
ptp4l[74.226]: foreign master not using PTP timescale
ptp4l[74.725]: selected best master clock 8e3d7a.fffe.9d7d37
ptp4l[74.726]: foreign master not using PTP timescale
ptp4l[75.226]: selected best master clock 8e3d7a.fffe.9d7d37
ptp4l[75.227]: foreign master not using PTP timescale
ptp4l[75.727]: selected best master clock 8e3d7a.fffe.9d7d37
ptp4l[75.727]: foreign master not using PTP timescale
ptp4l[76.227]: selected best master clock 8e3d7a.fffe.9d7d37
ptp4l[76.228]: foreign master not using PTP timescale
ptp4l[76.728]: selected best master clock 8e3d7a.fffe.9d7d37
ptp4l[76.732]: foreign master not using PTP timescale
ptp4l[77.229]: selected best master clock 8e3d7a.fffe.9d7d37
ptp4l[77.229]: foreign master not using PTP timescale
ptp4l[77.729]: selected best master clock 8e3d7a.fffe.9d7d37
ptp4l[77.730]: foreign master not using PTP timescale
