ptp4l[3793.040]: port 1 (v-ru1): INITIALIZING to LISTENING on INIT_COMPLETE
ptp4l[3793.040]: port 0 (/var/run/p.ru1): INITIALIZING to LISTENING on INIT_COMPLETE
ptp4l[3793.040]: port 0 (/var/run/pr.ru1): INITIALIZING to LISTENING on INIT_COMPLETE
ptp4l[3793.438]: selected local clock 020000.fffe.00000c as best master
ptp4l[3793.561]: port 1 (v-ru1): new foreign master 020000.fffe.000001-2
ptp4l[3793.811]: selected best master clock 020000.fffe.00000a
ptp4l[3793.811]: foreign master not using PTP timescale
ptp4l[3793.811]: port 1 (v-ru1): LISTENING to UNCALIBRATED on RS_SLAVE
ptp4l[3795.874]: master offset       1525 s0 freq   +1761 path delay      5950
ptp4l[3797.878]: master offset       -754 s0 freq    -641 path delay      6945
ptp4l[3799.877]: master offset      -1072 s0 freq    -158 path delay      6947
ptp4l[3801.880]: master offset       1607 s0 freq   +2361 path delay      8996
ptp4l[3803.882]: master offset       -214 s0 freq   -1194 path delay      8427
ptp4l[3805.883]: master offset       -637 s0 freq    -894 path delay      7061
ptp4l[3807.885]: master offset      -2141 s0 freq   -1478 path delay      5606
ptp4l[3809.888]: master offset         39 s0 freq   +1606 path delay      6642
ptp4l[3811.890]: master offset         25 s0 freq    +521 path delay      7699
ptp4l[3813.892]: master offset       2801 s0 freq   +1385 path delay      7697
ptp4l[3815.895]: master offset      -2154 s0 freq   -2707 path delay      7231
ptp4l[3817.897]: master offset       1374 s0 freq   +2659 path delay      9027
ptp4l[3819.899]: master offset      -1828 s0 freq   -3050 path delay      6122
ptp4l[3821.901]: master offset      -1479 s0 freq    -244 path delay      5285
ptp4l[3823.903]: master offset       3722 s0 freq   +2728 path delay      5546
ptp4l[3825.332]: selected best master clock 020000.fffe.000001
ptp4l[3825.332]: foreign master not using PTP timescale
ptp4l[3825.457]: selected best master clock 020000.fffe.00000b
ptp4l[3825.457]: foreign master not using PTP timescale
ptp4l[3827.470]: master offset      -4127 s0 freq   -1909 path delay      7114
ptp4l[3829.472]: master offset       1999 s0 freq   +2686 path delay      6365
ptp4l[3831.474]: master offset      -1251 s0 freq    -247 path delay      9120
ptp4l[3833.476]: master offset      -1913 s0 freq   -1531 path delay      6716
ptp4l[3835.478]: master offset      -1055 s0 freq    +629 path delay      7117
ptp4l[3837.480]: master offset      -3089 s0 freq   -1527 path delay      6093
ptp4l[3839.483]: master offset      -4579 s0 freq     -17 path delay      7548
