ptp4l[2929.324]: port 1: INITIALIZING to LISTENING on INIT_COMPLETE
ptp4l[2929.364]: port 2: INITIALIZING to LISTENING on INIT_COMPLETE
ptp4l[2929.367]: port 0: INITIALIZING to LISTENING on INIT_COMPLETE
ptp4l[2930.200]: selected local clock 629662.fffe.9d1666 as best master
ptp4l[2930.203]: port 2: new foreign master b22225.fffe.6d29c7-1
ptp4l[2930.212]: port 1: new foreign master 6acd3f.fffe.b27665-1
ptp4l[2930.368]: selected local clock 629662.fffe.9d1666 as best master
ptp4l[2930.703]: selected best master clock b22225.fffe.6d29c7
ptp4l[2930.704]: foreign master not using PTP timescale
ptp4l[2930.705]: port 2: LISTENING to UNCALIBRATED on RS_SLAVE
ptp4l[2930.712]: selected best master clock 6acd3f.fffe.b27665
ptp4l[2930.713]: foreign master not using PTP timescale
ptp4l[2930.714]: port 1: LISTENING to UNCALIBRATED on RS_SLAVE
ptp4l[2930.715]: port 2: master state recommended in slave only mode
ptp4l[2930.716]: port 2: defaultDS.priority1 probably misconfigured
ptp4l[2930.716]: port 2: UNCALIBRATED to LISTENING on RS_MASTER
ptp4l[2931.616]: selected best master clock 6acd3f.fffe.b27665
ptp4l[2931.617]: foreign master not using PTP timescale
ptp4l[2931.953]: selected best master clock 6acd3f.fffe.b27665
ptp4l[2931.954]: foreign master not using PTP timescale
ptp4l[2931.955]: port 2: master state recommended in slave only mode
ptp4l[2931.956]: port 2: defaultDS.priority1 probably misconfigured
ptp4l[2932.668]: selected best master clock 6acd3f.fffe.b27665
ptp4l[2932.669]: foreign master not using PTP timescale
ptp4l[2932.953]: selected best master clock 6acd3f.fffe.b27665
ptp4l[2932.955]: foreign master not using PTP timescale
ptp4l[2932.956]: port 2: master state recommended in slave only mode
ptp4l[2932.957]: port 2: defaultDS.priority1 probably misconfigured
ptp4l[2933.592]: selected best master clock 6acd3f.fffe.b27665
ptp4l[2933.593]: foreign master not using PTP timescale
ptp4l[2933.954]: selected best master clock 6acd3f.fffe.b27665
ptp4l[2933.955]: foreign master not using PTP timescale
ptp4l[2933.956]: port 2: master state recommended in slave only mode
ptp4l[2933.957]: port 2: defaultDS.priority1 probably misconfigured
ptp4l[2934.428]: selected best master clock 6acd3f.fffe.b27665
ptp4l[2934.430]: foreign master not using PTP timescale
ptp4l[2934.704]: selected best master clock 6acd3f.fffe.b27665
ptp4l[2934.707]: foreign master not using PTP timescale
ptp4l[2934.710]: port 2: master state recommended in slave only mode
ptp4l[2934.712]: port 2: defaultDS.priority1 probably misconfigured
ptp4l[2935.236]: selected best master clock 6acd3f.fffe.b27665
ptp4l[2935.239]: foreign master not using PTP timescale
ptp4l[2935.705]: selected best master clock 6acd3f.fffe.b27665
ptp4l[2935.707]: foreign master not using PTP timescale
ptp4l[2935.709]: port 2: master state recommended in slave only mode
ptp4l[2935.711]: port 2: defaultDS.priority1 probably misconfigured
ptp4l[2936.100]: selected best master clock 6acd3f.fffe.b27665
ptp4l[2936.101]: foreign master not using PTP timescale
ptp4l[2936.456]: selected best master clock 6acd3f.fffe.b27665
ptp4l[2936.459]: foreign master not using PTP timescale
ptp4l[2936.461]: port 2: master state recommended in slave only mode
ptp4l[2936.465]: port 2: defaultDS.priority1 probably misconfigured
ptp4l[2936.872]: selected best master clock 6acd3f.fffe.b27665
ptp4l[2936.874]: foreign master not using PTP timescale
ptp4l[2937.206]: selected best master clock 6acd3f.fffe.b27665
ptp4l[2937.209]: foreign master not using PTP timescale
ptp4l[2937.211]: port 2: master state recommended in slave only mode
ptp4l[2937.214]: port 2: defaultDS.priority1 probably misconfigured
ptp4l[2937.836]: selected best master clock 6acd3f.fffe.b27665
ptp4l[2937.839]: foreign master not using PTP timescale
ptp4l[2938.207]: selected best master clock 6acd3f.fffe.b27665
ptp4l[2938.208]: foreign master not using PTP timescale
ptp4l[2938.209]: port 2: master state recommended in slave only mode
ptp4l[2938.210]: port 2: defaultDS.priority1 probably misconfigured
ptp4l[2938.592]: selected best master clock 6acd3f.fffe.b27665
ptp4l[2938.593]: foreign master not using PTP timescale
ptp4l[2938.957]: selected best master clock 6acd3f.fffe.b27665
ptp4l[2938.958]: foreign master not using PTP timescale
ptp4l[2938.959]: port 2: master state recommended in slave only mode
ptp4l[2938.959]: port 2: defaultDS.priority1 probably misconfigured
ptp4l[2939.408]: selected best master clock 6acd3f.fffe.b27665
ptp4l[2939.409]: foreign master not using PTP timescale
ptp4l[2939.707]: selected best master clock 6acd3f.fffe.b27665
ptp4l[2939.709]: foreign master not using PTP timescale
ptp4l[2939.710]: port 2: master state recommended in slave only mode
ptp4l[2939.711]: port 2: defaultDS.priority1 probably misconfigured
ptp4l[2940.196]: selected best master clock 6acd3f.fffe.b27665
ptp4l[2940.197]: foreign master not using PTP timescale
ptp4l[2940.458]: selected best master clock 6acd3f.fffe.b27665
ptp4l[2940.458]: foreign master not using PTP timescale
ptp4l[2940.459]: port 2: master state recommended in slave only mode
ptp4l[2940.460]: port 2: defaultDS.priority1 probably misconfigured
ptp4l[2940.996]: selected best master clock 6acd3f.fffe.b27665
ptp4l[2940.997]: foreign master not using PTP timescale
ptp4l[2941.458]: selected best master clock 6acd3f.fffe.b27665
ptp4l[2941.459]: foreign master not using PTP timescale
ptp4l[2941.460]: port 2: master state recommended in slave only mode
ptp4l[2941.461]: port 2: defaultDS.priority1 probably misconfigured
ptp4l[2941.764]: selected best master clock 6acd3f.fffe.b27665
ptp4l[2941.765]: foreign master not using PTP timescale
ptp4l[2942.208]: selected best master clock 6acd3f.fffe.b27665
ptp4l[2942.210]: foreign master not using PTP timescale
ptp4l[2942.212]: port 2: master state recommended in slave only mode
ptp4l[2942.214]: port 2: defaultDS.priority1 probably misconfigured
ptp4l[2942.756]: selected best master clock 6acd3f.fffe.b27665
ptp4l[2942.759]: foreign master not using PTP timescale
ptp4l[2943.210]: selected best master clock 6acd3f.fffe.b27665
ptp4l[2943.213]: foreign master not using PTP timescale
ptp4l[2943.215]: port 2: master state recommended in slave only mode
ptp4l[2943.218]: port 2: defaultDS.priority1 probably misconfigured
ptp4l[2943.588]: selected best master clock 6acd3f.fffe.b27665
ptp4l[2943.591]: foreign master not using PTP timescale
ptp4l[2943.593]: port 2: received SYNC without timestamp
ptp4l[2943.961]: selected best master clock 6acd3f.fffe.b27665
ptp4l[2943.966]: foreign master not using PTP timescale
ptp4l[2943.985]: port 2: master state recommended in slave only mode
ptp4l[2944.012]: port 2: defaultDS.priority1 probably misconfigured
ptp4l[2944.380]: selected best master clock 6acd3f.fffe.b27665
ptp4l[2944.383]: foreign master not using PTP timescale
ptp4l[2944.711]: selected best master clock 6acd3f.fffe.b27665
ptp4l[2944.714]: foreign master not using PTP timescale
ptp4l[2944.716]: port 2: master state recommended in slave only mode
ptp4l[2944.719]: port 2: defaultDS.priority1 probably misconfigured
ptp4l[2945.288]: selected best master clock 6acd3f.fffe.b27665
ptp4l[2945.290]: foreign master not using PTP timescale
ptp4l[2945.712]: selected best master clock 6acd3f.fffe.b27665
ptp4l[2945.714]: foreign master not using PTP timescale
ptp4l[2945.716]: port 2: master state recommended in slave only mode
ptp4l[2945.717]: port 2: defaultDS.priority1 probably misconfigured
ptp4l[2946.052]: selected best master clock 6acd3f.fffe.b27665
ptp4l[2946.058]: foreign master not using PTP timescale
ptp4l[2946.462]: selected best master clock 6acd3f.fffe.b27665
ptp4l[2946.463]: foreign master not using PTP timescale
ptp4l[2946.464]: port 2: master state recommended in slave only mode
ptp4l[2946.465]: port 2: defaultDS.priority1 probably misconfigured
ptp4l[2946.832]: selected best master clock 6acd3f.fffe.b27665
ptp4l[2946.833]: foreign master not using PTP timescale
ptp4l[2946.852]: rms 9298 max 16750 freq   -387 +/- 7961 delay 22728 +/- 5939
ptp4l[2947.213]: selected best master clock 6acd3f.fffe.b27665
ptp4l[2947.213]: foreign master not using PTP timescale
ptp4l[2947.215]: port 2: master state recommended in slave only mode
ptp4l[2947.216]: port 2: defaultDS.priority1 probably misconfigured
ptp4l[2947.708]: selected best master clock 6acd3f.fffe.b27665
ptp4l[2947.711]: foreign master not using PTP timescale
ptp4l[2947.963]: selected best master clock 6acd3f.fffe.b27665
ptp4l[2947.964]: foreign master not using PTP timescale
ptp4l[2947.965]: port 2: master state recommended in slave only mode
ptp4l[2947.966]: port 2: defaultDS.priority1 probably misconfigured
ptp4l[2948.724]: selected best master clock 6acd3f.fffe.b27665
ptp4l[2948.725]: foreign master not using PTP timescale
ptp4l[2949.214]: selected best master clock 6acd3f.fffe.b27665
ptp4l[2949.217]: foreign master not using PTP timescale
ptp4l[2949.220]: port 2: master state recommended in slave only mode
ptp4l[2949.222]: port 2: defaultDS.priority1 probably misconfigured
ptp4l[2949.516]: selected best master clock 6acd3f.fffe.b27665
ptp4l[2949.519]: foreign master not using PTP timescale
ptp4l[2949.965]: selected best master clock 6acd3f.fffe.b27665
ptp4l[2949.969]: foreign master not using PTP timescale
ptp4l[2949.972]: port 2: master state recommended in slave only mode
ptp4l[2949.974]: port 2: defaultDS.priority1 probably misconfigured
ptp4l[2950.380]: selected best master clock 6acd3f.fffe.b27665
ptp4l[2950.382]: foreign master not using PTP timescale
ptp4l[2950.716]: selected best master clock 6acd3f.fffe.b27665
ptp4l[2950.717]: foreign master not using PTP timescale
ptp4l[2950.719]: port 2: master state recommended in slave only mode
ptp4l[2950.721]: port 2: defaultDS.priority1 probably misconfigured
ptp4l[2951.172]: selected best master clock 6acd3f.fffe.b27665
ptp4l[2951.173]: foreign master not using PTP timescale
ptp4l[2951.466]: selected best master clock 6acd3f.fffe.b27665
ptp4l[2951.467]: foreign master not using PTP timescale
ptp4l[2951.468]: port 2: master state recommended in slave only mode
ptp4l[2951.469]: port 2: defaultDS.priority1 probably misconfigured
ptp4l[2952.144]: selected best master clock 6acd3f.fffe.b27665
ptp4l[2952.145]: foreign master not using PTP timescale
ptp4l[2952.467]: selected best master clock 6acd3f.fffe.b27665
ptp4l[2952.468]: foreign master not using PTP timescale
ptp4l[2952.470]: port 2: master state recommended in slave only mode
ptp4l[2952.471]: port 2: defaultDS.priority1 probably misconfigured
ptp4l[2952.996]: selected best master clock 6acd3f.fffe.b27665
ptp4l[2952.998]: foreign master not using PTP timescale
ptp4l[2953.468]: selected best master clock 6acd3f.fffe.b27665
ptp4l[2953.470]: foreign master not using PTP timescale
ptp4l[2953.473]: port 2: master state recommended in slave only mode
ptp4l[2953.475]: port 2: defaultDS.priority1 probably misconfigured
ptp4l[2953.956]: selected best master clock 6acd3f.fffe.b27665
ptp4l[2953.957]: foreign master not using PTP timescale
ptp4l[2954.218]: selected best master clock 6acd3f.fffe.b27665
ptp4l[2954.220]: foreign master not using PTP timescale
ptp4l[2954.222]: port 2: master state recommended in slave only mode
ptp4l[2954.223]: port 2: defaultDS.priority1 probably misconfigured
ptp4l[2954.932]: selected best master clock 6acd3f.fffe.b27665
ptp4l[2954.933]: foreign master not using PTP timescale
ptp4l[2955.219]: selected best master clock 6acd3f.fffe.b27665
ptp4l[2955.220]: foreign master not using PTP timescale
ptp4l[2955.222]: port 2: master state recommended in slave only mode
ptp4l[2955.223]: port 2: defaultDS.priority1 probably misconfigured
ptp4l[2955.796]: selected best master clock 6acd3f.fffe.b27665
ptp4l[2955.797]: foreign master not using PTP timescale
ptp4l[2956.219]: selected best master clock 6acd3f.fffe.b27665
ptp4l[2956.220]: foreign master not using PTP timescale
ptp4l[2956.221]: port 2: master state recommended in slave only mode
ptp4l[2956.222]: port 2: defaultDS.priority1 probably misconfigured
ptp4l[2956.596]: selected best master clock 6acd3f.fffe.b27665
ptp4l[2956.597]: foreign master not using PTP timescale
ptp4l[2956.969]: selected best master clock 6acd3f.fffe.b27665
ptp4l[2956.970]: foreign master not using PTP timescale
ptp4l[2956.971]: port 2: master state recommended in slave only mode
ptp4l[2956.972]: port 2: defaultDS.priority1 probably misconfigured
ptp4l[2957.588]: selected best master clock 6acd3f.fffe.b27665
ptp4l[2957.589]: foreign master not using PTP timescale
ptp4l[2957.970]: selected best master clock 6acd3f.fffe.b27665
ptp4l[2957.971]: foreign master not using PTP timescale
ptp4l[2957.972]: port 2: master state recommended in slave only mode
ptp4l[2957.972]: port 2: defaultDS.priority1 probably misconfigured
ptp4l[2958.444]: selected best master clock 6acd3f.fffe.b27665
ptp4l[2958.446]: foreign master not using PTP timescale
ptp4l[2958.720]: selected best master clock 6acd3f.fffe.b27665
ptp4l[2958.721]: foreign master not using PTP timescale
ptp4l[2958.722]: port 2: master state recommended in slave only mode
ptp4l[2958.723]: port 2: defaultDS.priority1 probably misconfigured
ptp4l[2959.316]: selected best master clock 6acd3f.fffe.b27665
ptp4l[2959.317]: foreign master not using PTP timescale
ptp4l[2959.720]: selected best master clock 6acd3f.fffe.b27665
ptp4l[2959.721]: foreign master not using PTP timescale
ptp4l[2959.722]: port 2: master state recommended in slave only mode
ptp4l[2959.723]: port 2: defaultDS.priority1 probably misconfigured
ptp4l[2960.084]: selected best master clock 6acd3f.fffe.b27665
ptp4l[2960.085]: foreign master not using PTP timescale
ptp4l[2960.471]: selected best master clock 6acd3f.fffe.b27665
ptp4l[2960.472]: foreign master not using PTP timescale
ptp4l[2960.473]: port 2: master state recommended in slave only mode
ptp4l[2960.474]: port 2: defaultDS.priority1 probably misconfigured
ptp4l[2961.072]: selected best master clock 6acd3f.fffe.b27665
ptp4l[2961.073]: foreign master not using PTP timescale
ptp4l[2961.471]: selected best master clock 6acd3f.fffe.b27665
ptp4l[2961.472]: foreign master not using PTP timescale
ptp4l[2961.473]: port 2: master state recommended in slave only mode
ptp4l[2961.474]: port 2: defaultDS.priority1 probably misconfigured
ptp4l[2962.084]: selected best master clock 6acd3f.fffe.b27665
ptp4l[2962.085]: foreign master not using PTP timescale
ptp4l[2962.472]: selected best master clock 6acd3f.fffe.b27665
ptp4l[2962.475]: foreign master not using PTP timescale
ptp4l[2962.478]: port 2: master state recommended in slave only mode
ptp4l[2962.481]: port 2: defaultDS.priority1 probably misconfigured
ptp4l[2962.872]: rms 226737 max 396103 freq +21011 +/- 97166 delay 94130 +/- 38315
ptp4l[2963.020]: selected best master clock 6acd3f.fffe.b27665
ptp4l[2963.023]: foreign master not using PTP timescale
ptp4l[2963.472]: selected best master clock 6acd3f.fffe.b27665
ptp4l[2963.473]: foreign master not using PTP timescale
ptp4l[2963.474]: port 2: master state recommended in slave only mode
ptp4l[2963.474]: port 2: defaultDS.priority1 probably misconfigured
ptp4l[2963.772]: selected best master clock 6acd3f.fffe.b27665
ptp4l[2963.773]: foreign master not using PTP timescale
ptp4l[2964.223]: selected best master clock 6acd3f.fffe.b27665
ptp4l[2964.223]: foreign master not using PTP timescale
ptp4l[2964.224]: port 2: master state recommended in slave only mode
ptp4l[2964.225]: port 2: defaultDS.priority1 probably misconfigured
ptp4l[2964.768]: selected best master clock 6acd3f.fffe.b27665
ptp4l[2964.771]: foreign master not using PTP timescale
ptp4l[2965.224]: selected best master clock 6acd3f.fffe.b27665
ptp4l[2965.227]: foreign master not using PTP timescale
ptp4l[2965.230]: port 2: master state recommended in slave only mode
ptp4l[2965.232]: port 2: defaultDS.priority1 probably misconfigured
ptp4l[2965.644]: selected best master clock 6acd3f.fffe.b27665
ptp4l[2965.645]: foreign master not using PTP timescale
ptp4l[2965.974]: selected best master clock 6acd3f.fffe.b27665
ptp4l[2965.975]: foreign master not using PTP timescale
ptp4l[2965.976]: port 2: master state recommended in slave only mode
ptp4l[2965.977]: port 2: defaultDS.priority1 probably misconfigured
ptp4l[2966.596]: selected best master clock 6acd3f.fffe.b27665
ptp4l[2966.598]: foreign master not using PTP timescale
ptp4l[2966.975]: selected best master clock 6acd3f.fffe.b27665
ptp4l[2966.978]: foreign master not using PTP timescale
ptp4l[2966.980]: port 2: master state recommended in slave only mode
ptp4l[2966.981]: port 2: defaultDS.priority1 probably misconfigured
ptp4l[2967.524]: selected best master clock 6acd3f.fffe.b27665
ptp4l[2967.526]: foreign master not using PTP timescale
ptp4l[2967.976]: selected best master clock 6acd3f.fffe.b27665
ptp4l[2967.978]: foreign master not using PTP timescale
ptp4l[2967.981]: port 2: master state recommended in slave only mode
ptp4l[2967.983]: port 2: defaultDS.priority1 probably misconfigured
ptp4l[2968.492]: selected best master clock 6acd3f.fffe.b27665
ptp4l[2968.495]: foreign master not using PTP timescale
ptp4l[2968.977]: selected best master clock 6acd3f.fffe.b27665
ptp4l[2968.978]: foreign master not using PTP timescale
ptp4l[2968.978]: port 2: master state recommended in slave only mode
ptp4l[2968.979]: port 2: defaultDS.priority1 probably misconfigured
ptp4l[2969.364]: selected best master clock 6acd3f.fffe.b27665
ptp4l[2969.365]: foreign master not using PTP timescale
ptp4l[2969.727]: selected best master clock 6acd3f.fffe.b27665
ptp4l[2969.728]: foreign master not using PTP timescale
ptp4l[2969.728]: port 2: master state recommended in slave only mode
ptp4l[2969.729]: port 2: defaultDS.priority1 probably misconfigured
ptp4l[2970.356]: selected best master clock 6acd3f.fffe.b27665
ptp4l[2970.358]: foreign master not using PTP timescale
ptp4l[2970.729]: selected best master clock 6acd3f.fffe.b27665
ptp4l[2970.731]: foreign master not using PTP timescale
ptp4l[2970.734]: port 2: master state recommended in slave only mode
ptp4l[2970.736]: port 2: defaultDS.priority1 probably misconfigured
ptp4l[2971.312]: selected best master clock 6acd3f.fffe.b27665
ptp4l[2971.313]: foreign master not using PTP timescale
ptp4l[2971.729]: selected best master clock 6acd3f.fffe.b27665
ptp4l[2971.730]: foreign master not using PTP timescale
ptp4l[2971.731]: port 2: master state recommended in slave only mode
ptp4l[2971.732]: port 2: defaultDS.priority1 probably misconfigured
ptp4l[2972.284]: selected best master clock 6acd3f.fffe.b27665
ptp4l[2972.285]: foreign master not using PTP timescale
ptp4l[2972.730]: selected best master clock 6acd3f.fffe.b27665
ptp4l[2972.732]: foreign master not using PTP timescale
ptp4l[2972.734]: port 2: master state recommended in slave only mode
ptp4l[2972.737]: port 2: defaultDS.priority1 probably misconfigured
ptp4l[2973.236]: selected best master clock 6acd3f.fffe.b27665
ptp4l[2973.239]: foreign master not using PTP timescale
ptp4l[2973.731]: selected best master clock 6acd3f.fffe.b27665
ptp4l[2973.733]: foreign master not using PTP timescale
ptp4l[2973.736]: port 2: master state recommended in slave only mode
ptp4l[2973.738]: port 2: defaultDS.priority1 probably misconfigured
ptp4l[2974.044]: selected best master clock 6acd3f.fffe.b27665
ptp4l[2974.047]: foreign master not using PTP timescale
ptp4l[2974.481]: selected best master clock 6acd3f.fffe.b27665
ptp4l[2974.484]: foreign master not using PTP timescale
ptp4l[2974.486]: port 2: master state recommended in slave only mode
ptp4l[2974.488]: port 2: defaultDS.priority1 probably misconfigured
ptp4l[2975.032]: selected best master clock 6acd3f.fffe.b27665
ptp4l[2975.033]: foreign master not using PTP timescale
ptp4l[2975.482]: selected best master clock 6acd3f.fffe.b27665
ptp4l[2975.484]: foreign master not using PTP timescale
ptp4l[2975.485]: port 2: master state recommended in slave only mode
ptp4l[2975.487]: port 2: defaultDS.priority1 probably misconfigured
ptp4l[2975.924]: selected best master clock 6acd3f.fffe.b27665
ptp4l[2975.926]: foreign master not using PTP timescale
ptp4l[2976.233]: selected best master clock 6acd3f.fffe.b27665
ptp4l[2976.235]: foreign master not using PTP timescale
ptp4l[2976.237]: port 2: master state recommended in slave only mode
ptp4l[2976.240]: port 2: defaultDS.priority1 probably misconfigured
ptp4l[2976.760]: selected best master clock 6acd3f.fffe.b27665
ptp4l[2976.763]: foreign master not using PTP timescale
ptp4l[2977.234]: selected best master clock 6acd3f.fffe.b27665
ptp4l[2977.234]: foreign master not using PTP timescale
ptp4l[2977.235]: port 2: master state recommended in slave only mode
ptp4l[2977.236]: port 2: defaultDS.priority1 probably misconfigured
ptp4l[2977.684]: selected best master clock 6acd3f.fffe.b27665
ptp4l[2977.687]: foreign master not using PTP timescale
ptp4l[2977.985]: selected best master clock 6acd3f.fffe.b27665
ptp4l[2977.987]: foreign master not using PTP timescale
ptp4l[2977.990]: port 2: master state recommended in slave only mode
ptp4l[2977.993]: port 2: defaultDS.priority1 probably misconfigured
ptp4l[2978.476]: selected best master clock 6acd3f.fffe.b27665
ptp4l[2978.477]: foreign master not using PTP timescale
ptp4l[2978.735]: selected best master clock 6acd3f.fffe.b27665
ptp4l[2978.738]: foreign master not using PTP timescale
ptp4l[2978.741]: port 2: master state recommended in slave only mode
ptp4l[2978.744]: port 2: defaultDS.priority1 probably misconfigured
ptp4l[2978.897]: rms 188396 max 405777 freq  -3466 +/- 72646 delay 98657 +/- 33153
ptp4l[2979.396]: selected best master clock 6acd3f.fffe.b27665
ptp4l[2979.399]: foreign master not using PTP timescale
ptp4l[2979.736]: selected best master clock 6acd3f.fffe.b27665
ptp4l[2979.737]: foreign master not using PTP timescale
ptp4l[2979.738]: port 2: master state recommended in slave only mode
ptp4l[2979.739]: port 2: defaultDS.priority1 probably misconfigured
ptp4l[2980.280]: selected best master clock 6acd3f.fffe.b27665
ptp4l[2980.281]: foreign master not using PTP timescale
ptp4l[2980.736]: selected best master clock 6acd3f.fffe.b27665
ptp4l[2980.737]: foreign master not using PTP timescale
ptp4l[2980.739]: port 2: master state recommended in slave only mode
ptp4l[2980.740]: port 2: defaultDS.priority1 probably misconfigured
ptp4l[2981.212]: selected best master clock 6acd3f.fffe.b27665
ptp4l[2981.215]: foreign master not using PTP timescale
ptp4l[2981.487]: selected best master clock 6acd3f.fffe.b27665
ptp4l[2981.490]: foreign master not using PTP timescale
ptp4l[2981.492]: port 2: master state recommended in slave only mode
ptp4l[2981.495]: port 2: defaultDS.priority1 probably misconfigured
ptp4l[2981.992]: selected best master clock 6acd3f.fffe.b27665
ptp4l[2981.995]: foreign master not using PTP timescale
ptp4l[2982.488]: selected best master clock 6acd3f.fffe.b27665
ptp4l[2982.489]: foreign master not using PTP timescale
ptp4l[2982.490]: port 2: master state recommended in slave only mode
ptp4l[2982.491]: port 2: defaultDS.priority1 probably misconfigured
ptp4l[2982.792]: selected best master clock 6acd3f.fffe.b27665
ptp4l[2982.793]: foreign master not using PTP timescale
ptp4l[2983.239]: selected best master clock 6acd3f.fffe.b27665
ptp4l[2983.241]: foreign master not using PTP timescale
ptp4l[2983.244]: port 2: master state recommended in slave only mode
ptp4l[2983.246]: port 2: defaultDS.priority1 probably misconfigured
ptp4l[2983.752]: selected best master clock 6acd3f.fffe.b27665
ptp4l[2983.755]: foreign master not using PTP timescale
ptp4l[2984.240]: selected best master clock 6acd3f.fffe.b27665
ptp4l[2984.242]: foreign master not using PTP timescale
ptp4l[2984.244]: port 2: master state recommended in slave only mode
ptp4l[2984.246]: port 2: defaultDS.priority1 probably misconfigured
ptp4l[2984.680]: selected best master clock 6acd3f.fffe.b27665
ptp4l[2984.681]: foreign master not using PTP timescale
ptp4l[2984.990]: selected best master clock 6acd3f.fffe.b27665
ptp4l[2984.991]: foreign master not using PTP timescale
ptp4l[2984.991]: port 2: master state recommended in slave only mode
ptp4l[2984.992]: port 2: defaultDS.priority1 probably misconfigured
ptp4l[2985.556]: selected best master clock 6acd3f.fffe.b27665
ptp4l[2985.557]: foreign master not using PTP timescale
ptp4l[2985.991]: selected best master clock 6acd3f.fffe.b27665
ptp4l[2985.993]: foreign master not using PTP timescale
ptp4l[2985.996]: port 2: master state recommended in slave only mode
ptp4l[2985.999]: port 2: defaultDS.priority1 probably misconfigured
ptp4l[2986.428]: selected best master clock 6acd3f.fffe.b27665
ptp4l[2986.431]: foreign master not using PTP timescale
ptp4l[2986.741]: selected best master clock 6acd3f.fffe.b27665
ptp4l[2986.744]: foreign master not using PTP timescale
ptp4l[2986.747]: port 2: master state recommended in slave only mode
ptp4l[2986.750]: port 2: defaultDS.priority1 probably misconfigured
ptp4l[2987.244]: selected best master clock 6acd3f.fffe.b27665
ptp4l[2987.247]: foreign master not using PTP timescale
ptp4l[2987.742]: selected best master clock 6acd3f.fffe.b27665
ptp4l[2987.744]: foreign master not using PTP timescale
ptp4l[2987.745]: port 2: master state recommended in slave only mode
ptp4l[2987.747]: port 2: defaultDS.priority1 probably misconfigured
ptp4l[2988.076]: selected best master clock 6acd3f.fffe.b27665
ptp4l[2988.077]: foreign master not using PTP timescale
ptp4l[2988.492]: selected best master clock 6acd3f.fffe.b27665
ptp4l[2988.493]: foreign master not using PTP timescale
ptp4l[2988.494]: port 2: master state recommended in slave only mode
ptp4l[2988.495]: port 2: defaultDS.priority1 probably misconfigured
ptp4l[2988.972]: selected best master clock 6acd3f.fffe.b27665
ptp4l[2988.972]: foreign master not using PTP timescale
ptp4l[2989.243]: selected best master clock 6acd3f.fffe.b27665
ptp4l[2989.245]: foreign master not using PTP timescale
ptp4l[2989.248]: port 2: master state recommended in slave only mode
ptp4l[2989.250]: port 2: defaultDS.priority1 probably misconfigured
ptp4l[2989.908]: selected best master clock 6acd3f.fffe.b27665
ptp4l[2989.911]: foreign master not using PTP timescale
ptp4l[2990.244]: selected best master clock 6acd3f.fffe.b27665
ptp4l[2990.246]: foreign master not using PTP timescale
ptp4l[2990.249]: port 2: master state recommended in slave only mode
ptp4l[2990.251]: port 2: defaultDS.priority1 probably misconfigured
ptp4l[2990.860]: selected best master clock 6acd3f.fffe.b27665
ptp4l[2990.863]: foreign master not using PTP timescale
ptp4l[2991.245]: selected best master clock 6acd3f.fffe.b27665
ptp4l[2991.247]: foreign master not using PTP timescale
ptp4l[2991.249]: port 2: master state recommended in slave only mode
ptp4l[2991.250]: port 2: defaultDS.priority1 probably misconfigured
ptp4l[2991.720]: selected best master clock 6acd3f.fffe.b27665
ptp4l[2991.722]: foreign master not using PTP timescale
ptp4l[2991.995]: selected best master clock 6acd3f.fffe.b27665
ptp4l[2991.998]: foreign master not using PTP timescale
ptp4l[2992.000]: port 2: master state recommended in slave only mode
ptp4l[2992.002]: port 2: defaultDS.priority1 probably misconfigured
ptp4l[2992.508]: selected best master clock 6acd3f.fffe.b27665
ptp4l[2992.511]: foreign master not using PTP timescale
ptp4l[2992.996]: selected best master clock 6acd3f.fffe.b27665
ptp4l[2993.001]: foreign master not using PTP timescale
ptp4l[2993.004]: port 2: master state recommended in slave only mode
ptp4l[2993.006]: port 2: defaultDS.priority1 probably misconfigured
ptp4l[2993.492]: selected best master clock 6acd3f.fffe.b27665
ptp4l[2993.494]: foreign master not using PTP timescale
ptp4l[2993.747]: selected best master clock 6acd3f.fffe.b27665
ptp4l[2993.749]: foreign master not using PTP timescale
ptp4l[2993.751]: port 2: master state recommended in slave only mode
ptp4l[2993.753]: port 2: defaultDS.priority1 probably misconfigured
ptp4l[2994.364]: selected best master clock 6acd3f.fffe.b27665
ptp4l[2994.366]: foreign master not using PTP timescale
ptp4l[2994.748]: selected best master clock 6acd3f.fffe.b27665
ptp4l[2994.750]: foreign master not using PTP timescale
ptp4l[2994.752]: port 2: master state recommended in slave only mode
ptp4l[2994.755]: port 2: defaultDS.priority1 probably misconfigured
ptp4l[2994.921]: rms 154288 max 280677 freq -16435 +/- 97314 delay 125607 +/- 43579
ptp4l[2995.124]: selected best master clock 6acd3f.fffe.b27665
ptp4l[2995.125]: foreign master not using PTP timescale
ptp4l[2995.498]: selected best master clock 6acd3f.fffe.b27665
ptp4l[2995.499]: foreign master not using PTP timescale
ptp4l[2995.500]: port 2: master state recommended in slave only mode
ptp4l[2995.500]: port 2: defaultDS.priority1 probably misconfigured
ptp4l[2996.000]: selected best master clock 6acd3f.fffe.b27665
ptp4l[2996.001]: foreign master not using PTP timescale
ptp4l[2996.498]: selected best master clock 6acd3f.fffe.b27665
ptp4l[2996.499]: foreign master not using PTP timescale
ptp4l[2996.500]: port 2: master state recommended in slave only mode
ptp4l[2996.501]: port 2: defaultDS.priority1 probably misconfigured
ptp4l[2996.820]: selected best master clock 6acd3f.fffe.b27665
ptp4l[2996.823]: foreign master not using PTP timescale
ptp4l[2997.249]: selected best master clock 6acd3f.fffe.b27665
ptp4l[2997.252]: foreign master not using PTP timescale
ptp4l[2997.255]: port 2: master state recommended in slave only mode
ptp4l[2997.258]: port 2: defaultDS.priority1 probably misconfigured
ptp4l[2997.692]: selected best master clock 6acd3f.fffe.b27665
ptp4l[2997.695]: foreign master not using PTP timescale
ptp4l[2998.000]: selected best master clock 6acd3f.fffe.b27665
ptp4l[2998.003]: foreign master not using PTP timescale
ptp4l[2998.006]: port 2: master state recommended in slave only mode
ptp4l[2998.008]: port 2: defaultDS.priority1 probably misconfigured
ptp4l[2998.448]: selected best master clock 6acd3f.fffe.b27665
ptp4l[2998.451]: foreign master not using PTP timescale
ptp4l[2998.751]: selected best master clock 6acd3f.fffe.b27665
ptp4l[2998.754]: foreign master not using PTP timescale
ptp4l[2998.756]: port 2: master state recommended in slave only mode
ptp4l[2998.759]: port 2: defaultDS.priority1 probably misconfigured
ptp4l[2999.204]: selected best master clock 6acd3f.fffe.b27665
ptp4l[2999.207]: foreign master not using PTP timescale
ptp4l[2999.501]: selected best master clock 6acd3f.fffe.b27665
ptp4l[2999.503]: foreign master not using PTP timescale
ptp4l[2999.505]: port 2: master state recommended in slave only mode
ptp4l[2999.507]: port 2: defaultDS.priority1 probably misconfigured
ptp4l[3000.012]: selected best master clock 6acd3f.fffe.b27665
ptp4l[3000.014]: foreign master not using PTP timescale
ptp4l[3000.502]: selected best master clock 6acd3f.fffe.b27665
ptp4l[3000.505]: foreign master not using PTP timescale
ptp4l[3000.508]: port 2: master state recommended in slave only mode
ptp4l[3000.510]: port 2: defaultDS.priority1 probably misconfigured
ptp4l[3001.012]: selected best master clock 6acd3f.fffe.b27665
ptp4l[3001.013]: foreign master not using PTP timescale
ptp4l[3001.503]: selected best master clock 6acd3f.fffe.b27665
ptp4l[3001.506]: foreign master not using PTP timescale
ptp4l[3001.508]: port 2: master state recommended in slave only mode
ptp4l[3001.511]: port 2: defaultDS.priority1 probably misconfigured
ptp4l[3001.960]: selected best master clock 6acd3f.fffe.b27665
ptp4l[3001.962]: foreign master not using PTP timescale
ptp4l[3002.253]: selected best master clock 6acd3f.fffe.b27665
ptp4l[3002.254]: foreign master not using PTP timescale
ptp4l[3002.255]: port 2: master state recommended in slave only mode
ptp4l[3002.256]: port 2: defaultDS.priority1 probably misconfigured
ptp4l[3002.872]: selected best master clock 6acd3f.fffe.b27665
ptp4l[3002.873]: foreign master not using PTP timescale
ptp4l[3003.254]: selected best master clock 6acd3f.fffe.b27665
ptp4l[3003.255]: foreign master not using PTP timescale
ptp4l[3003.256]: port 2: master state recommended in slave only mode
ptp4l[3003.257]: port 2: defaultDS.priority1 probably misconfigured
ptp4l[3003.652]: selected best master clock 6acd3f.fffe.b27665
ptp4l[3003.653]: foreign master not using PTP timescale
ptp4l[3004.004]: selected best master clock 6acd3f.fffe.b27665
ptp4l[3004.005]: foreign master not using PTP timescale
ptp4l[3004.005]: port 2: master state recommended in slave only mode
ptp4l[3004.006]: port 2: defaultDS.priority1 probably misconfigured
ptp4l[3004.604]: selected best master clock 6acd3f.fffe.b27665
ptp4l[3004.607]: foreign master not using PTP timescale
ptp4l[3005.005]: selected best master clock 6acd3f.fffe.b27665
ptp4l[3005.007]: foreign master not using PTP timescale
ptp4l[3005.011]: port 2: master state recommended in slave only mode
ptp4l[3005.014]: port 2: defaultDS.priority1 probably misconfigured
ptp4l[3005.516]: selected best master clock 6acd3f.fffe.b27665
ptp4l[3005.519]: foreign master not using PTP timescale
ptp4l[3006.006]: selected best master clock 6acd3f.fffe.b27665
ptp4l[3006.007]: foreign master not using PTP timescale
ptp4l[3006.008]: port 2: master state recommended in slave only mode
ptp4l[3006.009]: port 2: defaultDS.priority1 probably misconfigured
ptp4l[3006.384]: selected best master clock 6acd3f.fffe.b27665
ptp4l[3006.387]: foreign master not using PTP timescale
ptp4l[3006.757]: selected best master clock 6acd3f.fffe.b27665
ptp4l[3006.760]: foreign master not using PTP timescale
ptp4l[3006.763]: port 2: master state recommended in slave only mode
ptp4l[3006.765]: port 2: defaultDS.priority1 probably misconfigured
ptp4l[3007.336]: selected best master clock 6acd3f.fffe.b27665
ptp4l[3007.338]: foreign master not using PTP timescale
ptp4l[3007.757]: selected best master clock 6acd3f.fffe.b27665
ptp4l[3007.758]: foreign master not using PTP timescale
ptp4l[3007.759]: port 2: master state recommended in slave only mode
ptp4l[3007.759]: port 2: defaultDS.priority1 probably misconfigured
ptp4l[3008.104]: selected best master clock 6acd3f.fffe.b27665
ptp4l[3008.107]: foreign master not using PTP timescale
ptp4l[3008.508]: selected best master clock 6acd3f.fffe.b27665
ptp4l[3008.511]: foreign master not using PTP timescale
ptp4l[3008.514]: port 2: master state recommended in slave only mode
ptp4l[3008.516]: port 2: defaultDS.priority1 probably misconfigured
ptp4l[3008.848]: selected best master clock 6acd3f.fffe.b27665
ptp4l[3008.850]: foreign master not using PTP timescale
ptp4l[3009.259]: selected best master clock 6acd3f.fffe.b27665
ptp4l[3009.261]: foreign master not using PTP timescale
ptp4l[3009.264]: port 2: master state recommended in slave only mode
ptp4l[3009.267]: port 2: defaultDS.priority1 probably misconfigured
ptp4l[3009.860]: selected best master clock 6acd3f.fffe.b27665
ptp4l[3009.861]: foreign master not using PTP timescale
ptp4l[3010.259]: selected best master clock 6acd3f.fffe.b27665
ptp4l[3010.260]: foreign master not using PTP timescale
ptp4l[3010.261]: port 2: master state recommended in slave only mode
ptp4l[3010.261]: port 2: defaultDS.priority1 probably misconfigured
ptp4l[3010.740]: selected best master clock 6acd3f.fffe.b27665
ptp4l[3010.740]: foreign master not using PTP timescale
ptp4l[3010.944]: rms 224319 max 441852 freq +29874 +/- 88874 delay 99715 +/- 35564
ptp4l[3011.009]: selected best master clock 6acd3f.fffe.b27665
ptp4l[3011.010]: foreign master not using PTP timescale
ptp4l[3011.011]: port 2: master state recommended in slave only mode
ptp4l[3011.013]: port 2: defaultDS.priority1 probably misconfigured
ptp4l[3011.548]: selected best master clock 6acd3f.fffe.b27665
ptp4l[3011.549]: foreign master not using PTP timescale
ptp4l[3012.010]: selected best master clock 6acd3f.fffe.b27665
ptp4l[3012.011]: foreign master not using PTP timescale
ptp4l[3012.012]: port 2: master state recommended in slave only mode
ptp4l[3012.013]: port 2: defaultDS.priority1 probably misconfigured
ptp4l[3012.380]: selected best master clock 6acd3f.fffe.b27665
ptp4l[3012.383]: foreign master not using PTP timescale
ptp4l[3012.761]: selected best master clock 6acd3f.fffe.b27665
ptp4l[3012.764]: foreign master not using PTP timescale
ptp4l[3012.767]: port 2: master state recommended in slave only mode
ptp4l[3012.769]: port 2: defaultDS.priority1 probably misconfigured
ptp4l[3013.116]: selected best master clock 6acd3f.fffe.b27665
ptp4l[3013.118]: foreign master not using PTP timescale
ptp4l[3013.511]: selected best master clock 6acd3f.fffe.b27665
ptp4l[3013.514]: foreign master not using PTP timescale
ptp4l[3013.517]: port 2: master state recommended in slave only mode
ptp4l[3013.520]: port 2: defaultDS.priority1 probably misconfigured
ptp4l[3014.048]: selected best master clock 6acd3f.fffe.b27665
ptp4l[3014.049]: foreign master not using PTP timescale
ptp4l[3014.512]: selected best master clock 6acd3f.fffe.b27665
ptp4l[3014.514]: foreign master not using PTP timescale
ptp4l[3014.515]: port 2: master state recommended in slave only mode
ptp4l[3014.517]: port 2: defaultDS.priority1 probably misconfigured
ptp4l[3014.892]: selected best master clock 6acd3f.fffe.b27665
ptp4l[3014.893]: foreign master not using PTP timescale
ptp4l[3015.263]: selected best master clock 6acd3f.fffe.b27665
ptp4l[3015.265]: foreign master not using PTP timescale
ptp4l[3015.268]: port 2: master state recommended in slave only mode
ptp4l[3015.270]: port 2: defaultDS.priority1 probably misconfigured
ptp4l[3015.772]: selected best master clock 6acd3f.fffe.b27665
ptp4l[3015.773]: foreign master not using PTP timescale
ptp4l[3016.264]: selected best master clock 6acd3f.fffe.b27665
ptp4l[3016.266]: foreign master not using PTP timescale
ptp4l[3016.269]: port 2: master state recommended in slave only mode
ptp4l[3016.271]: port 2: defaultDS.priority1 probably misconfigured
ptp4l[3016.660]: selected best master clock 6acd3f.fffe.b27665
ptp4l[3016.663]: foreign master not using PTP timescale
ptp4l[3017.014]: selected best master clock 6acd3f.fffe.b27665
ptp4l[3017.015]: foreign master not using PTP timescale
ptp4l[3017.016]: port 2: master state recommended in slave only mode
ptp4l[3017.017]: port 2: defaultDS.priority1 probably misconfigured
ptp4l[3017.628]: selected best master clock 6acd3f.fffe.b27665
ptp4l[3017.629]: foreign master not using PTP timescale
ptp4l[3018.014]: selected best master clock 6acd3f.fffe.b27665
ptp4l[3018.016]: foreign master not using PTP timescale
ptp4l[3018.016]: port 2: master state recommended in slave only mode
ptp4l[3018.017]: port 2: defaultDS.priority1 probably misconfigured
ptp4l[3018.456]: selected best master clock 6acd3f.fffe.b27665
ptp4l[3018.457]: foreign master not using PTP timescale
ptp4l[3018.765]: selected best master clock 6acd3f.fffe.b27665
ptp4l[3018.767]: foreign master not using PTP timescale
ptp4l[3018.771]: port 2: master state recommended in slave only mode
ptp4l[3018.773]: port 2: defaultDS.priority1 probably misconfigured
ptp4l[3019.336]: selected best master clock 6acd3f.fffe.b27665
ptp4l[3019.337]: foreign master not using PTP timescale
ptp4l[3019.766]: selected best master clock 6acd3f.fffe.b27665
ptp4l[3019.768]: foreign master not using PTP timescale
ptp4l[3019.771]: port 2: master state recommended in slave only mode
ptp4l[3019.774]: port 2: defaultDS.priority1 probably misconfigured
ptp4l[3020.176]: selected best master clock 6acd3f.fffe.b27665
ptp4l[3020.178]: foreign master not using PTP timescale
ptp4l[3020.516]: selected best master clock 6acd3f.fffe.b27665
ptp4l[3020.517]: foreign master not using PTP timescale
ptp4l[3020.518]: port 2: master state recommended in slave only mode
ptp4l[3020.519]: port 2: defaultDS.priority1 probably misconfigured
ptp4l[3020.936]: selected best master clock 6acd3f.fffe.b27665
ptp4l[3020.937]: foreign master not using PTP timescale
ptp4l[3021.267]: selected best master clock 6acd3f.fffe.b27665
ptp4l[3021.269]: foreign master not using PTP timescale
ptp4l[3021.272]: port 2: master state recommended in slave only mode
ptp4l[3021.275]: port 2: defaultDS.priority1 probably misconfigured
ptp4l[3021.872]: selected best master clock 6acd3f.fffe.b27665
ptp4l[3021.875]: foreign master not using PTP timescale
ptp4l[3022.268]: selected best master clock 6acd3f.fffe.b27665
ptp4l[3022.270]: foreign master not using PTP timescale
ptp4l[3022.273]: port 2: master state recommended in slave only mode
ptp4l[3022.275]: port 2: defaultDS.priority1 probably misconfigured
ptp4l[3022.748]: selected best master clock 6acd3f.fffe.b27665
ptp4l[3022.751]: foreign master not using PTP timescale
ptp4l[3023.019]: selected best master clock 6acd3f.fffe.b27665
ptp4l[3023.022]: foreign master not using PTP timescale
ptp4l[3023.024]: port 2: master state recommended in slave only mode
ptp4l[3023.027]: port 2: defaultDS.priority1 probably misconfigured
ptp4l[3023.660]: selected best master clock 6acd3f.fffe.b27665
ptp4l[3023.663]: foreign master not using PTP timescale
ptp4l[3024.019]: selected best master clock 6acd3f.fffe.b27665
ptp4l[3024.023]: foreign master not using PTP timescale
ptp4l[3024.026]: port 2: master state recommended in slave only mode
ptp4l[3024.027]: port 2: defaultDS.priority1 probably misconfigured
ptp4l[3024.656]: selected best master clock 6acd3f.fffe.b27665
ptp4l[3024.657]: foreign master not using PTP timescale
ptp4l[3025.020]: selected best master clock 6acd3f.fffe.b27665
ptp4l[3025.021]: foreign master not using PTP timescale
ptp4l[3025.022]: port 2: master state recommended in slave only mode
ptp4l[3025.022]: port 2: defaultDS.priority1 probably misconfigured
ptp4l[3025.436]: selected best master clock 6acd3f.fffe.b27665
ptp4l[3025.437]: foreign master not using PTP timescale
ptp4l[3025.770]: selected best master clock 6acd3f.fffe.b27665
ptp4l[3025.773]: foreign master not using PTP timescale
ptp4l[3025.775]: port 2: master state recommended in slave only mode
ptp4l[3025.778]: port 2: defaultDS.priority1 probably misconfigured
ptp4l[3026.360]: selected best master clock 6acd3f.fffe.b27665
ptp4l[3026.362]: foreign master not using PTP timescale
ptp4l[3026.771]: selected best master clock 6acd3f.fffe.b27665
ptp4l[3026.773]: foreign master not using PTP timescale
ptp4l[3026.775]: port 2: master state recommended in slave only mode
ptp4l[3026.777]: port 2: defaultDS.priority1 probably misconfigured
ptp4l[3026.967]: rms 154568 max 352802 freq -27752 +/- 144389 delay 97069 +/- 44481
ptp4l[3027.260]: selected best master clock 6acd3f.fffe.b27665
ptp4l[3027.263]: foreign master not using PTP timescale
ptp4l[3027.521]: selected best master clock 6acd3f.fffe.b27665
ptp4l[3027.523]: foreign master not using PTP timescale
ptp4l[3027.523]: port 2: master state recommended in slave only mode
ptp4l[3027.524]: port 2: defaultDS.priority1 probably misconfigured
ptp4l[3028.156]: selected best master clock 6acd3f.fffe.b27665
ptp4l[3028.156]: foreign master not using PTP timescale
