ptp4l[403.232]: port 1: INITIALIZING to LISTENING on INIT_COMPLETE
ptp4l[403.233]: port 0: INITIALIZING to LISTENING on INIT_COMPLETE
ptp4l[404.116]: port 1: new foreign master 7643cb.fffe.32ee89-1
ptp4l[404.244]: selected local clock d6e98e.fffe.28ca82 as best master
ptp4l[404.469]: port 1: new foreign master 36eabd.fffe.6ad9de-1
ptp4l[404.616]: selected best master clock 7643cb.fffe.32ee89
ptp4l[404.616]: foreign master not using PTP timescale
ptp4l[404.617]: port 1: LISTENING to UNCALIBRATED on RS_SLAVE
ptp4l[404.969]: selected best master clock 36eabd.fffe.6ad9de
ptp4l[404.970]: foreign master not using PTP timescale
ptp4l[405.366]: selected best master clock 36eabd.fffe.6ad9de
ptp4l[405.367]: foreign master not using PTP timescale
ptp4l[405.866]: selected best master clock 36eabd.fffe.6ad9de
ptp4l[405.867]: foreign master not using PTP timescale
ptp4l[406.366]: selected best master clock 36eabd.fffe.6ad9de
ptp4l[406.367]: foreign master not using PTP timescale
ptp4l[406.867]: selected best master clock 36eabd.fffe.6ad9de
ptp4l[406.868]: foreign master not using PTP timescale
ptp4l[407.367]: selected best master clock 36eabd.fffe.6ad9de
ptp4l[407.368]: foreign master not using PTP timescale
ptp4l[407.867]: selected best master clock 36eabd.fffe.6ad9de
ptp4l[407.868]: foreign master not using PTP timescale
ptp4l[408.367]: selected best master clock 36eabd.fffe.6ad9de
ptp4l[408.368]: foreign master not using PTP timescale
ptp4l[408.867]: selected best master clock 36eabd.fffe.6ad9de
ptp4l[408.868]: foreign master not using PTP timescale
ptp4l[409.367]: selected best master clock 36eabd.fffe.6ad9de
ptp4l[409.368]: foreign master not using PTP timescale
ptp4l[409.868]: selected best master clock 36eabd.fffe.6ad9de
ptp4l[409.869]: foreign master not using PTP timescale
ptp4l[410.368]: selected best master clock 36eabd.fffe.6ad9de
ptp4l[410.369]: foreign master not using PTP timescale
ptp4l[410.868]: selected best master clock 36eabd.fffe.6ad9de
ptp4l[410.869]: foreign master not using PTP timescale
ptp4l[411.368]: selected best master clock 36eabd.fffe.6ad9de
ptp4l[411.369]: foreign master not using PTP timescale
ptp4l[411.868]: selected best master clock 36eabd.fffe.6ad9de
ptp4l[411.869]: foreign master not using PTP timescale
ptp4l[412.369]: selected best master clock 36eabd.fffe.6ad9de
ptp4l[412.370]: foreign master not using PTP timescale
ptp4l[412.869]: selected best master clock 36eabd.fffe.6ad9de
ptp4l[412.869]: foreign master not using PTP timescale
ptp4l[413.369]: selected best master clock 36eabd.fffe.6ad9de
ptp4l[413.370]: foreign master not using PTP timescale
ptp4l[413.869]: selected best master clock 36eabd.fffe.6ad9de
ptp4l[413.870]: foreign master not using PTP timescale
ptp4l[414.370]: selected best master clock 36eabd.fffe.6ad9de
ptp4l[414.372]: foreign master not using PTP timescale
ptp4l[414.870]: selected best master clock 36eabd.fffe.6ad9de
ptp4l[414.870]: foreign master not using PTP timescale
ptp4l[415.370]: selected best master clock 36eabd.fffe.6ad9de
ptp4l[415.371]: foreign master not using PTP timescale
ptp4l[415.871]: selected best master clock 36eabd.fffe.6ad9de
ptp4l[415.873]: foreign master not using PTP timescale
ptp4l[416.371]: selected best master clock 36eabd.fffe.6ad9de
ptp4l[416.371]: foreign master not using PTP timescale
ptp4l[416.871]: selected best master clock 36eabd.fffe.6ad9de
ptp4l[416.874]: foreign master not using PTP timescale
ptp4l[417.372]: selected best master clock 36eabd.fffe.6ad9de
ptp4l[417.375]: foreign master not using PTP timescale
ptp4l[417.872]: selected best master clock 36eabd.fffe.6ad9de
ptp4l[417.873]: foreign master not using PTP timescale
ptp4l[418.373]: selected best master clock 36eabd.fffe.6ad9de
ptp4l[418.373]: foreign master not using PTP timescale
ptp4l[418.873]: selected best master clock 36eabd.fffe.6ad9de
ptp4l[418.873]: foreign master not using PTP timescale
ptp4l[419.373]: selected best master clock 36eabd.fffe.6ad9de
ptp4l[419.374]: foreign master not using PTP timescale
ptp4l[419.873]: selected best master clock 36eabd.fffe.6ad9de
ptp4l[419.875]: foreign master not using PTP timescale
ptp4l[420.374]: selected best master clock 36eabd.fffe.6ad9de
ptp4l[420.374]: foreign master not using PTP timescale
ptp4l[420.874]: selected best master clock 36eabd.fffe.6ad9de
ptp4l[420.877]: foreign master not using PTP timescale
ptp4l[421.109]: rms 4979 max 11274 freq   -231 +/- 1500 delay 14074 +/- 3189
ptp4l[421.374]: selected best master clock 36eabd.fffe.6ad9de
ptp4l[421.375]: foreign master not using PTP timescale
ptp4l[421.875]: selected best master clock 36eabd.fffe.6ad9de
ptp4l[421.876]: foreign master not using PTP timescale
ptp4l[422.375]: selected best master clock 36eabd.fffe.6ad9de
ptp4l[422.375]: foreign master not using PTP timescale
ptp4l[422.875]: selected best master clock 36eabd.fffe.6ad9de
ptp4l[422.876]: foreign master not using PTP timescale
ptp4l[423.375]: selected best master clock 36eabd.fffe.6ad9de
ptp4l[423.376]: foreign master not using PTP timescale
ptp4l[423.875]: selected best master clock 36eabd.fffe.6ad9de
ptp4l[423.876]: foreign master not using PTP timescale
ptp4l[424.376]: selected best master clock 36eabd.fffe.6ad9de
ptp4l[424.376]: foreign master not using PTP timescale
ptp4l[424.876]: selected best master clock 36eabd.fffe.6ad9de
ptp4l[424.880]: foreign master not using PTP timescale
ptp4l[425.376]: selected best master clock 36eabd.fffe.6ad9de
ptp4l[425.377]: foreign master not using PTP timescale
ptp4l[425.876]: selected best master clock 36eabd.fffe.6ad9de
ptp4l[425.877]: foreign master not using PTP timescale
ptp4l[426.376]: selected best master clock 36eabd.fffe.6ad9de
ptp4l[426.377]: foreign master not using PTP timescale
ptp4l[426.877]: selected best master clock 36eabd.fffe.6ad9de
ptp4l[426.877]: foreign master not using PTP timescale
ptp4l[427.377]: selected best master clock 36eabd.fffe.6ad9de
ptp4l[427.377]: foreign master not using PTP timescale
ptp4l[427.877]: selected best master clock 36eabd.fffe.6ad9de
ptp4l[427.878]: foreign master not using PTP timescale
ptp4l[428.377]: selected best master clock 36eabd.fffe.6ad9de
ptp4l[428.380]: foreign master not using PTP timescale
ptp4l[428.877]: selected best master clock 36eabd.fffe.6ad9de
ptp4l[428.878]: foreign master not using PTP timescale
ptp4l[429.377]: selected best master clock 36eabd.fffe.6ad9de
ptp4l[429.378]: foreign master not using PTP timescale
ptp4l[429.878]: selected best master clock 36eabd.fffe.6ad9de
ptp4l[429.880]: foreign master not using PTP timescale
ptp4l[430.378]: selected best master clock 36eabd.fffe.6ad9de
ptp4l[430.378]: foreign master not using PTP timescale
ptp4l[430.879]: selected best master clock 36eabd.fffe.6ad9de
ptp4l[430.880]: foreign master not using PTP timescale
ptp4l[431.379]: selected best master clock 36eabd.fffe.6ad9de
ptp4l[431.379]: foreign master not using PTP timescale
ptp4l[431.879]: selected best master clock 36eabd.fffe.6ad9de
ptp4l[431.882]: foreign master not using PTP timescale
ptp4l[432.379]: selected best master clock 36eabd.fffe.6ad9de
ptp4l[432.380]: foreign master not using PTP timescale
ptp4l[432.879]: selected best master clock 36eabd.fffe.6ad9de
ptp4l[432.880]: foreign master not using PTP timescale
ptp4l[433.380]: selected best master clock 36eabd.fffe.6ad9de
ptp4l[433.381]: foreign master not using PTP timescale
ptp4l[433.880]: selected best master clock 36eabd.fffe.6ad9de
ptp4l[433.880]: foreign master not using PTP timescale
ptp4l[434.381]: selected best master clock 36eabd.fffe.6ad9de
ptp4l[434.383]: foreign master not using PTP timescale
ptp4l[434.881]: selected best master clock 36eabd.fffe.6ad9de
ptp4l[434.881]: foreign master not using PTP timescale
ptp4l[435.381]: selected best master clock 36eabd.fffe.6ad9de
ptp4l[435.381]: foreign master not using PTP timescale
ptp4l[435.881]: selected best master clock 36eabd.fffe.6ad9de
ptp4l[435.882]: foreign master not using PTP timescale
