ptp4l[115.464]: port 1: INITIALIZING to LISTENING on INIT_COMPLETE
ptp4l[115.465]: port 0: INITIALIZING to LISTENING on INIT_COMPLETE
ptp4l[116.219]: port 1: new foreign master 06f0aa.fffe.c4eb3c-1
ptp4l[116.242]: port 1: new foreign master 2e4142.fffe.b06fbd-1
ptp4l[116.328]: selected local clock ca296b.fffe.719bfc as best master
ptp4l[116.719]: selected best master clock 06f0aa.fffe.c4eb3c
ptp4l[116.720]: foreign master not using PTP timescale
ptp4l[116.721]: port 1: LISTENING to UNCALIBRATED on RS_SLAVE
ptp4l[116.742]: selected best master clock 2e4142.fffe.b06fbd
ptp4l[116.743]: foreign master not using PTP timescale
ptp4l[117.219]: selected best master clock 2e4142.fffe.b06fbd
ptp4l[117.220]: foreign master not using PTP timescale
ptp4l[117.719]: selected best master clock 2e4142.fffe.b06fbd
ptp4l[117.720]: foreign master not using PTP timescale
ptp4l[118.220]: selected best master clock 2e4142.fffe.b06fbd
ptp4l[118.220]: foreign master not using PTP timescale
ptp4l[118.720]: selected best master clock 2e4142.fffe.b06fbd
ptp4l[118.721]: foreign master not using PTP timescale
ptp4l[119.221]: selected best master clock 2e4142.fffe.b06fbd
ptp4l[119.221]: foreign master not using PTP timescale
ptp4l[119.721]: selected best master clock 2e4142.fffe.b06fbd
ptp4l[119.722]: foreign master not using PTP timescale
ptp4l[120.221]: selected best master clock 2e4142.fffe.b06fbd
ptp4l[120.222]: foreign master not using PTP timescale
ptp4l[120.721]: selected best master clock 2e4142.fffe.b06fbd
ptp4l[120.722]: foreign master not using PTP timescale
ptp4l[121.222]: selected best master clock 2e4142.fffe.b06fbd
ptp4l[121.223]: foreign master not using PTP timescale
ptp4l[121.722]: selected best master clock 2e4142.fffe.b06fbd
ptp4l[121.722]: foreign master not using PTP timescale
ptp4l[122.222]: selected best master clock 2e4142.fffe.b06fbd
ptp4l[122.223]: foreign master not using PTP timescale
ptp4l[122.723]: selected best master clock 2e4142.fffe.b06fbd
ptp4l[122.723]: foreign master not using PTP timescale
ptp4l[123.223]: selected best master clock 2e4142.fffe.b06fbd
ptp4l[123.224]: foreign master not using PTP timescale
ptp4l[123.723]: selected best master clock 2e4142.fffe.b06fbd
ptp4l[123.724]: foreign master not using PTP timescale
ptp4l[124.224]: selected best master clock 2e4142.fffe.b06fbd
ptp4l[124.225]: foreign master not using PTP timescale
ptp4l[124.724]: selected best master clock 2e4142.fffe.b06fbd
ptp4l[124.724]: foreign master not using PTP timescale
ptp4l[125.224]: selected best master clock 2e4142.fffe.b06fbd
ptp4l[125.224]: foreign master not using PTP timescale
ptp4l[125.723]: selected best master clock 2e4142.fffe.b06fbd
ptp4l[125.724]: foreign master not using PTP timescale
ptp4l[126.224]: selected best master clock 2e4142.fffe.b06fbd
ptp4l[126.225]: foreign master not using PTP timescale
