ptp4l[2273.724]: port 1 (v-ru2): INITIALIZING to LISTENING on INIT_COMPLETE
ptp4l[2273.724]: port 0 (/var/run/p.ru2): INITIALIZING to LISTENING on INIT_COMPLETE
ptp4l[2273.724]: port 0 (/var/run/pr.ru2): INITIALIZING to LISTENING on INIT_COMPLETE
ptp4l[2274.168]: port 1 (v-ru2): new foreign master 020000.fffe.000001-2
ptp4l[2274.216]: selected local clock 020000.fffe.00000d as best master
ptp4l[2274.418]: selected best master clock 020000.fffe.00000b
ptp4l[2274.418]: foreign master not using PTP timescale
ptp4l[2274.418]: port 1 (v-ru2): LISTENING to UNCALIBRATED on RS_SLAVE
ptp4l[2274.543]: selected best master clock 020000.fffe.00000a
ptp4l[2274.543]: foreign master not using PTP timescale
ptp4l[2276.607]: master offset       -296 s0 freq   -2959 path delay      4761
ptp4l[2278.609]: master offset       3222 s0 freq   +1573 path delay      4391
ptp4l[2280.611]: master offset       2853 s0 freq     -92 path delay      4576
ptp4l[2282.613]: master offset       1417 s0 freq    -570 path delay      4871
ptp4l[2284.616]: master offset        363 s0 freq    +164 path delay      6253
ptp4l[2286.621]: master offset       -750 s0 freq   -1244 path delay      4871
ptp4l[2288.623]: master offset       1232 s0 freq   +1680 path delay      6253
ptp4l[2290.626]: master offset      -1428 s0 freq   -1096 path delay      6718
ptp4l[2292.631]: master offset      -1137 s0 freq    -951 path delay      4520
ptp4l[2294.633]: master offset       2172 s0 freq   +1920 path delay      5055
ptp4l[2296.636]: master offset      -2447 s0 freq   -1544 path delay      6582
ptp4l[2298.638]: master offset       4209 s0 freq   +2263 path delay      4458
ptp4l[2299.155]: port 1 (v-ru2): new foreign master 020000.fffe.00005c-1
ptp4l[2299.405]: selected best master clock 020000.fffe.00005c
ptp4l[2299.405]: foreign master not using PTP timescale
ptp4l[2299.560]: foreign master not using PTP timescale
ptp4l[2299.810]: foreign master not using PTP timescale
ptp4l[2300.060]: foreign master not using PTP timescale
ptp4l[2300.311]: foreign master not using PTP timescale
ptp4l[2300.561]: foreign master not using PTP timescale
ptp4l[2300.811]: foreign master not using PTP timescale
ptp4l[2301.061]: foreign master not using PTP timescale
ptp4l[2301.311]: foreign master not using PTP timescale
ptp4l[2301.469]: master offset       2787 s0 freq   +1405 path delay      4903
ptp4l[2301.562]: foreign master not using PTP timescale
ptp4l[2301.812]: foreign master not using PTP timescale
ptp4l[2302.062]: foreign master not using PTP timescale
ptp4l[2302.312]: foreign master not using PTP timescale
ptp4l[2302.562]: foreign master not using PTP timescale
ptp4l[2302.813]: foreign master not using PTP timescale
ptp4l[2303.063]: foreign master not using PTP timescale
ptp4l[2303.313]: foreign master not using PTP timescale
ptp4l[2303.472]: master offset      -2775 s0 freq   -2354 path delay      5751
ptp4l[2303.563]: foreign master not using PTP timescale
ptp4l[2303.813]: foreign master not using PTP timescale
ptp4l[2304.064]: foreign master not using PTP timescale
ptp4l[2304.314]: foreign master not using PTP timescale
ptp4l[2304.564]: foreign master not using PTP timescale
ptp4l[2304.814]: foreign master not using PTP timescale
ptp4l[2305.064]: foreign master not using PTP timescale
ptp4l[2305.314]: foreign master not using PTP timescale
ptp4l[2305.474]: master offset      -3315 s0 freq    -546 path delay      5197
ptp4l[2305.565]: foreign master not using PTP timescale
ptp4l[2305.815]: foreign master not using PTP timescale
ptp4l[2306.065]: foreign master not using PTP timescale
ptp4l[2306.315]: foreign master not using PTP timescale
ptp4l[2306.565]: foreign master not using PTP timescale
ptp4l[2306.816]: foreign master not using PTP timescale
ptp4l[2307.066]: foreign master not using PTP timescale
ptp4l[2307.316]: foreign master not using PTP timescale
ptp4l[2307.477]: master offset      -2340 s0 freq    +775 path delay      5775
ptp4l[2307.566]: foreign master not using PTP timescale
ptp4l[2307.816]: foreign master not using PTP timescale
ptp4l[2308.067]: foreign master not using PTP timescale
ptp4l[2308.317]: foreign master not using PTP timescale
ptp4l[2308.567]: foreign master not using PTP timescale
ptp4l[2308.817]: foreign master not using PTP timescale
ptp4l[2309.067]: foreign master not using PTP timescale
ptp4l[2309.317]: foreign master not using PTP timescale
ptp4l[2309.479]: master offset      -2417 s0 freq    -499 path delay      4852
ptp4l[2309.567]: foreign master not using PTP timescale
ptp4l[2309.818]: foreign master not using PTP timescale
ptp4l[2310.068]: foreign master not using PTP timescale
ptp4l[2310.318]: foreign master not using PTP timescale
ptp4l[2310.568]: foreign master not using PTP timescale
ptp4l[2310.818]: foreign master not using PTP timescale
ptp4l[2311.069]: foreign master not using PTP timescale
ptp4l[2311.319]: foreign master not using PTP timescale
ptp4l[2311.482]: master offset       -282 s0 freq    +452 path delay      3622
ptp4l[2311.569]: foreign master not using PTP timescale
ptp4l[2311.819]: foreign master not using PTP timescale
ptp4l[2312.070]: foreign master not using PTP timescale
ptp4l[2312.320]: foreign master not using PTP timescale
ptp4l[2312.571]: foreign master not using PTP timescale
ptp4l[2312.821]: foreign master not using PTP timescale
ptp4l[2313.071]: foreign master not using PTP timescale
ptp4l[2313.321]: foreign master not using PTP timescale
ptp4l[2313.485]: master offset       2865 s0 freq   +2786 path delay      6056
ptp4l[2313.572]: foreign master not using PTP timescale
ptp4l[2313.822]: foreign master not using PTP timescale
ptp4l[2314.072]: foreign master not using PTP timescale
ptp4l[2314.322]: foreign master not using PTP timescale
ptp4l[2314.572]: foreign master not using PTP timescale
ptp4l[2314.822]: foreign master not using PTP timescale
ptp4l[2315.073]: foreign master not using PTP timescale
ptp4l[2315.323]: foreign master not using PTP timescale
ptp4l[2315.488]: master offset       1490 s0 freq   -1401 path delay      4625
ptp4l[2315.573]: foreign master not using PTP timescale
ptp4l[2315.823]: foreign master not using PTP timescale
ptp4l[2316.073]: foreign master not using PTP timescale
ptp4l[2316.323]: foreign master not using PTP timescale
ptp4l[2316.574]: foreign master not using PTP timescale
ptp4l[2316.824]: foreign master not using PTP timescale
ptp4l[2317.074]: foreign master not using PTP timescale
ptp4l[2317.324]: foreign master not using PTP timescale
ptp4l[2317.490]: master offset      -1840 s0 freq   -1713 path delay      4524
ptp4l[2317.574]: foreign master not using PTP timescale
ptp4l[2317.824]: foreign master not using PTP timescale
ptp4l[2318.075]: foreign master not using PTP timescale
ptp4l[2318.325]: foreign master not using PTP timescale
ptp4l[2318.575]: foreign master not using PTP timescale
