ptp4l[4547.096]: port 1 (v-ru1): INITIALIZING to LISTENING on INIT_COMPLETE
ptp4l[4547.096]: port 0 (/var/run/p.ru1): INITIALIZING to LISTENING on INIT_COMPLETE
ptp4l[4547.096]: port 0 (/var/run/pr.ru1): INITIALIZING to LISTENING on INIT_COMPLETE
ptp4l[4547.589]: selected local clock 020000.fffe.00000c as best master
ptp4l[4547.616]: port 1 (v-ru1): new foreign master 020000.fffe.000001-2
ptp4l[4547.866]: selected best master clock 020000.fffe.00000a
ptp4l[4547.866]: foreign master not using PTP timescale
ptp4l[4547.866]: port 1 (v-ru1): LISTENING to UNCALIBRATED on RS_SLAVE
ptp4l[4549.930]: master offset        667 s0 freq    -422 path delay      3373
ptp4l[4551.932]: master offset        569 s0 freq   +1835 path delay      7144
ptp4l[4553.935]: master offset       4314 s0 freq   +1632 path delay      6666
ptp4l[4555.937]: master offset       1142 s0 freq   -1982 path delay      5870
ptp4l[4557.940]: master offset         91 s0 freq    +472 path delay      7866
ptp4l[4559.943]: master offset      -2003 s0 freq   -2175 path delay      5602
ptp4l[4561.946]: master offset       -411 s0 freq   +2427 path delay      8871
ptp4l[4563.948]: master offset      -3630 s0 freq   -2293 path delay      7499
ptp4l[4565.951]: master offset       -412 s0 freq   +1492 path delay      7271
ptp4l[4567.955]: master offset       -387 s0 freq    -458 path delay      6329
ptp4l[4569.957]: master offset       2633 s0 freq   +1462 path delay      6235
ptp4l[4571.959]: master offset       1246 s0 freq    -902 path delay      5817
ptp4l[4573.961]: master offset       1272 s0 freq    -359 path delay      5072
ptp4l[4574.628]: port 1 (v-ru1): new foreign master 020000.fffe.00005a-1
ptp4l[4574.878]: selected best master clock 020000.fffe.00005a
ptp4l[4574.878]: foreign master not using PTP timescale
ptp4l[4575.006]: foreign master not using PTP timescale
ptp4l[4575.256]: foreign master not using PTP timescale
ptp4l[4575.506]: foreign master not using PTP timescale
ptp4l[4575.757]: foreign master not using PTP timescale
ptp4l[4576.007]: foreign master not using PTP timescale
ptp4l[4576.257]: foreign master not using PTP timescale
ptp4l[4576.507]: foreign master not using PTP timescale
ptp4l[4576.757]: foreign master not using PTP timescale
ptp4l[4576.943]: master offset      -1237 s0 freq   -2053 path delay      4561
ptp4l[4577.007]: foreign master not using PTP timescale
ptp4l[4577.257]: foreign master not using PTP timescale
ptp4l[4577.508]: foreign master not using PTP timescale
ptp4l[4577.758]: foreign master not using PTP timescale
ptp4l[4578.008]: foreign master not using PTP timescale
ptp4l[4578.258]: foreign master not using PTP timescale
ptp4l[4578.508]: foreign master not using PTP timescale
ptp4l[4578.758]: foreign master not using PTP timescale
ptp4l[4578.945]: master offset       4025 s0 freq   +2602 path delay      4510
ptp4l[4579.008]: foreign master not using PTP timescale
ptp4l[4579.258]: foreign master not using PTP timescale
ptp4l[4579.509]: foreign master not using PTP timescale
ptp4l[4579.759]: foreign master not using PTP timescale
ptp4l[4580.009]: foreign master not using PTP timescale
ptp4l[4580.259]: foreign master not using PTP timescale
ptp4l[4580.509]: foreign master not using PTP timescale
ptp4l[4580.759]: foreign master not using PTP timescale
ptp4l[4580.947]: master offset       1084 s0 freq   -1643 path delay      4161
ptp4l[4581.009]: foreign master not using PTP timescale
ptp4l[4581.259]: foreign master not using PTP timescale
ptp4l[4581.510]: foreign master not using PTP timescale
ptp4l[4581.760]: foreign master not using PTP timescale
ptp4l[4582.010]: foreign master not using PTP timescale
ptp4l[4582.260]: foreign master not using PTP timescale
ptp4l[4582.510]: foreign master not using PTP timescale
ptp4l[4582.760]: foreign master not using PTP timescale
ptp4l[4582.950]: master offset       -483 s0 freq    -308 path delay      5112
ptp4l[4583.011]: foreign master not using PTP timescale
ptp4l[4583.261]: foreign master not using PTP timescale
ptp4l[4583.511]: foreign master not using PTP timescale
ptp4l[4583.761]: foreign master not using PTP timescale
ptp4l[4584.011]: foreign master not using PTP timescale
ptp4l[4584.261]: foreign master not using PTP timescale
ptp4l[4584.512]: foreign master not using PTP timescale
ptp4l[4584.762]: foreign master not using PTP timescale
ptp4l[4584.952]: master offset        -52 s0 freq    -207 path delay      4266
ptp4l[4585.012]: foreign master not using PTP timescale
ptp4l[4585.262]: foreign master not using PTP timescale
ptp4l[4585.512]: foreign master not using PTP timescale
ptp4l[4585.762]: foreign master not using PTP timescale
ptp4l[4586.012]: foreign master not using PTP timescale
ptp4l[4586.262]: foreign master not using PTP timescale
ptp4l[4586.512]: foreign master not using PTP timescale
ptp4l[4586.763]: foreign master not using PTP timescale
ptp4l[4586.956]: master offset       3082 s0 freq   +1469 path delay      4077
ptp4l[4587.013]: foreign master not using PTP timescale
ptp4l[4587.263]: foreign master not using PTP timescale
ptp4l[4587.513]: foreign master not using PTP timescale
ptp4l[4587.763]: foreign master not using PTP timescale
ptp4l[4588.013]: foreign master not using PTP timescale
ptp4l[4588.263]: foreign master not using PTP timescale
ptp4l[4588.514]: foreign master not using PTP timescale
ptp4l[4588.764]: foreign master not using PTP timescale
ptp4l[4588.959]: master offset       -176 s0 freq    -990 path delay      5353
ptp4l[4589.014]: foreign master not using PTP timescale
ptp4l[4589.264]: foreign master not using PTP timescale
ptp4l[4589.514]: foreign master not using PTP timescale
ptp4l[4589.764]: foreign master not using PTP timescale
ptp4l[4590.014]: foreign master not using PTP timescale
ptp4l[4590.264]: foreign master not using PTP timescale
ptp4l[4590.515]: foreign master not using PTP timescale
ptp4l[4590.765]: foreign master not using PTP timescale
ptp4l[4590.962]: master offset       1610 s0 freq    +863 path delay      5295
ptp4l[4591.015]: foreign master not using PTP timescale
ptp4l[4591.265]: foreign master not using PTP timescale
ptp4l[4591.515]: foreign master not using PTP timescale
ptp4l[4591.765]: foreign master not using PTP timescale
ptp4l[4592.015]: foreign master not using PTP timescale
ptp4l[4592.265]: foreign master not using PTP timescale
ptp4l[4592.515]: foreign master not using PTP timescale
ptp4l[4592.766]: foreign master not using PTP timescale
ptp4l[4592.965]: master offset       4850 s0 freq   +1103 path delay      4264
ptp4l[4593.016]: foreign master not using PTP timescale
ptp4l[4593.266]: foreign master not using PTP timescale
ptp4l[4593.516]: foreign master not using PTP timescale
ptp4l[4593.766]: foreign master not using PTP timescale
ptp4l[4594.016]: foreign master not using PTP timescale
