ptp4l[4547.096]: port 1 (v-ru2): INITIALIZING to LISTENING on INIT_COMPLETE
ptp4l[4547.096]: port 0 (/var/run/p.ru2): INITIALIZING to LISTENING on INIT_COMPLETE
ptp4l[4547.096]: port 0 (/var/run/pr.ru2): INITIALIZING to LISTENING on INIT_COMPLETE
ptp4l[4547.548]: selected local clock 020000.fffe.00000d as best master
ptp4l[4547.616]: port 1 (v-ru2): new foreign master 020000.fffe.000001-2
ptp4l[4547.866]: selected best master clock 020000.fffe.00000a
ptp4l[4547.866]: foreign master not using PTP timescale
ptp4l[4547.866]: port 1 (v-ru2): LISTENING to UNCALIBRATED on RS_SLAVE
ptp4l[4549.930]: master offset        148 s0 freq    -383 path delay      3389
ptp4l[4551.932]: master offset         27 s0 freq   +1560 path delay      6634
ptp4l[4553.935]: master offset       3131 s0 freq   +1444 path delay      6422
ptp4l[4555.937]: master offset       -342 s0 freq   -1781 path delay      6329
ptp4l[4557.940]: master offset       -137 s0 freq    +302 path delay      6729
ptp4l[4559.943]: master offset      -2995 s0 freq   -1718 path delay      6145
ptp4l[4561.946]: master offset       -526 s0 freq   +1929 path delay      7539
ptp4l[4563.948]: master offset      -3031 s0 freq   -1828 path delay      6385
ptp4l[4565.951]: master offset       -661 s0 freq   +1438 path delay      6896
ptp4l[4567.955]: master offset      -1987 s0 freq    -558 path delay      7103
ptp4l[4569.957]: master offset       1657 s0 freq   +1365 path delay      6191
ptp4l[4571.959]: master offset        996 s0 freq    -748 path delay      5355
ptp4l[4573.961]: master offset        239 s0 freq    -314 path delay      5483
ptp4l[4574.628]: port 1 (v-ru2): new foreign master 020000.fffe.00005a-1
ptp4l[4574.878]: selected best master clock 020000.fffe.00005a
ptp4l[4574.878]: foreign master not using PTP timescale
ptp4l[4575.006]: foreign master not using PTP timescale
ptp4l[4575.256]: foreign master not using PTP timescale
ptp4l[4575.506]: foreign master not using PTP timescale
ptp4l[4575.757]: foreign master not using PTP timescale
ptp4l[4576.007]: foreign master not using PTP timescale
ptp4l[4576.257]: foreign master not using PTP timescale
ptp4l[4576.507]: foreign master not using PTP timescale
ptp4l[4576.757]: foreign master not using PTP timescale
ptp4l[4576.943]: master offset      -1157 s0 freq   -1547 path delay      4038
ptp4l[4577.007]: foreign master not using PTP timescale
ptp4l[4577.257]: foreign master not using PTP timescale
ptp4l[4577.508]: foreign master not using PTP timescale
ptp4l[4577.758]: foreign master not using PTP timescale
ptp4l[4578.008]: foreign master not using PTP timescale
ptp4l[4578.258]: foreign master not using PTP timescale
ptp4l[4578.508]: foreign master not using PTP timescale
ptp4l[4578.758]: foreign master not using PTP timescale
ptp4l[4578.945]: master offset       3137 s0 freq   +2063 path delay      3874
ptp4l[4579.008]: foreign master not using PTP timescale
ptp4l[4579.258]: foreign master not using PTP timescale
ptp4l[4579.509]: foreign master not using PTP timescale
ptp4l[4579.759]: foreign master not using PTP timescale
ptp4l[4580.009]: foreign master not using PTP timescale
ptp4l[4580.259]: foreign master not using PTP timescale
ptp4l[4580.509]: foreign master not using PTP timescale
ptp4l[4580.759]: foreign master not using PTP timescale
ptp4l[4580.947]: master offset        724 s0 freq   -1150 path delay      3984
ptp4l[4581.009]: foreign master not using PTP timescale
ptp4l[4581.259]: foreign master not using PTP timescale
ptp4l[4581.510]: foreign master not using PTP timescale
ptp4l[4581.760]: foreign master not using PTP timescale
ptp4l[4582.010]: foreign master not using PTP timescale
ptp4l[4582.260]: foreign master not using PTP timescale
ptp4l[4582.510]: foreign master not using PTP timescale
ptp4l[4582.760]: foreign master not using PTP timescale
ptp4l[4582.950]: master offset       -663 s0 freq    -381 path delay      4608
ptp4l[4583.011]: foreign master not using PTP timescale
ptp4l[4583.261]: foreign master not using PTP timescale
ptp4l[4583.511]: foreign master not using PTP timescale
ptp4l[4583.761]: foreign master not using PTP timescale
ptp4l[4584.011]: foreign master not using PTP timescale
ptp4l[4584.261]: foreign master not using PTP timescale
ptp4l[4584.511]: foreign master not using PTP timescale
ptp4l[4584.762]: foreign master not using PTP timescale
ptp4l[4584.952]: master offset       -489 s0 freq    -106 path delay      4222
ptp4l[4585.012]: foreign master not using PTP timescale
ptp4l[4585.262]: foreign master not using PTP timescale
ptp4l[4585.512]: foreign master not using PTP timescale
ptp4l[4585.762]: foreign master not using PTP timescale
ptp4l[4586.012]: foreign master not using PTP timescale
ptp4l[4586.262]: foreign master not using PTP timescale
ptp4l[4586.512]: foreign master not using PTP timescale
ptp4l[4586.763]: foreign master not using PTP timescale
ptp4l[4586.956]: master offset       2749 s0 freq   +1433 path delay      3856
ptp4l[4587.013]: foreign master not using PTP timescale
ptp4l[4587.263]: foreign master not using PTP timescale
ptp4l[4587.513]: foreign master not using PTP timescale
ptp4l[4587.763]: foreign master not using PTP timescale
ptp4l[4588.013]: foreign master not using PTP timescale
ptp4l[4588.263]: foreign master not using PTP timescale
ptp4l[4588.513]: foreign master not using PTP timescale
ptp4l[4588.764]: foreign master not using PTP timescale
ptp4l[4588.959]: master offset       -208 s0 freq   -1000 path delay      4810
ptp4l[4589.014]: foreign master not using PTP timescale
ptp4l[4589.264]: foreign master not using PTP timescale
ptp4l[4589.514]: foreign master not using PTP timescale
ptp4l[4589.764]: foreign master not using PTP timescale
ptp4l[4590.014]: foreign master not using PTP timescale
ptp4l[4590.264]: foreign master not using PTP timescale
ptp4l[4590.514]: foreign master not using PTP timescale
ptp4l[4590.765]: foreign master not using PTP timescale
ptp4l[4590.962]: master offset       2633 s0 freq    +804 path delay      3580
ptp4l[4591.015]: foreign master not using PTP timescale
ptp4l[4591.265]: foreign master not using PTP timescale
ptp4l[4591.515]: foreign master not using PTP timescale
ptp4l[4591.765]: foreign master not using PTP timescale
ptp4l[4592.015]: foreign master not using PTP timescale
ptp4l[4592.265]: foreign master not using PTP timescale
ptp4l[4592.516]: foreign master not using PTP timescale
ptp4l[4592.766]: foreign master not using PTP timescale
ptp4l[4592.965]: master offset       3501 s0 freq    +818 path delay      4350
ptp4l[4593.016]: foreign master not using PTP timescale
ptp4l[4593.266]: foreign master not using PTP timescale
ptp4l[4593.516]: foreign master not using PTP timescale
ptp4l[4593.766]: foreign master not using PTP timescale
ptp4l[4594.016]: foreign master not using PTP timescale
