ptp4l[4547.108]: port 1 (v-ru3): INITIALIZING to LISTENING on INIT_COMPLETE
ptp4l[4547.108]: port 0 (/var/run/p.ru3): INITIALIZING to LISTENING on INIT_COMPLETE
ptp4l[4547.108]: port 0 (/var/run/pr.ru3): INITIALIZING to LISTENING on INIT_COMPLETE
ptp4l[4547.514]: selected local clock 020000.fffe.00000e as best master
ptp4l[4547.616]: port 1 (v-ru3): new foreign master 020000.fffe.000001-2
ptp4l[4547.866]: selected best master clock 020000.fffe.00000a
ptp4l[4547.866]: foreign master not using PTP timescale
ptp4l[4547.866]: port 1 (v-ru3): LISTENING to UNCALIBRATED on RS_SLAVE
ptp4l[4549.930]: master offset       -829 s0 freq    -606 path delay      3253
ptp4l[4551.932]: master offset       -237 s0 freq   +1471 path delay      5607
ptp4l[4553.935]: master offset        800 s0 freq    +976 path delay      6524
ptp4l[4555.937]: master offset       -726 s0 freq   -1307 path delay      5433
ptp4l[4557.940]: master offset       -436 s0 freq    +114 path delay      5371
ptp4l[4559.943]: master offset      -3386 s0 freq   -1193 path delay      5930
ptp4l[4561.946]: master offset      -1581 s0 freq   +1550 path delay      7229
ptp4l[4563.948]: master offset      -3131 s0 freq   -1570 path delay      5635
ptp4l[4565.951]: master offset         24 s0 freq   +1340 path delay      5164
ptp4l[4567.955]: master offset      -2728 s0 freq    -648 path delay      6617
ptp4l[4569.957]: master offset       1858 s0 freq   +1420 path delay      4874
ptp4l[4571.959]: master offset        316 s0 freq    -739 path delay      4936
ptp4l[4573.961]: master offset        581 s0 freq    -259 path delay      4153
ptp4l[4574.628]: port 1 (v-ru3): new foreign master 020000.fffe.00005a-1
ptp4l[4574.878]: selected best master clock 020000.fffe.00005a
ptp4l[4574.878]: foreign master not using PTP timescale
ptp4l[4575.006]: foreign master not using PTP timescale
ptp4l[4575.256]: foreign master not using PTP timescale
ptp4l[4575.506]: foreign master not using PTP timescale
ptp4l[4575.757]: foreign master not using PTP timescale
ptp4l[4576.007]: foreign master not using PTP timescale
ptp4l[4576.257]: foreign master not using PTP timescale
ptp4l[4576.507]: foreign master not using PTP timescale
ptp4l[4576.757]: foreign master not using PTP timescale
ptp4l[4576.943]: master offset      -2378 s0 freq   -1006 path delay      4968
ptp4l[4577.007]: foreign master not using PTP timescale
ptp4l[4577.257]: foreign master not using PTP timescale
ptp4l[4577.508]: foreign master not using PTP timescale
ptp4l[4577.758]: foreign master not using PTP timescale
ptp4l[4578.008]: foreign master not using PTP timescale
ptp4l[4578.258]: foreign master not using PTP timescale
ptp4l[4578.508]: foreign master not using PTP timescale
ptp4l[4578.758]: foreign master not using PTP timescale
ptp4l[4578.945]: master offset       2332 s0 freq   +1564 path delay      3389
ptp4l[4579.008]: foreign master not using PTP timescale
ptp4l[4579.258]: foreign master not using PTP timescale
ptp4l[4579.509]: foreign master not using PTP timescale
ptp4l[4579.759]: foreign master not using PTP timescale
ptp4l[4580.009]: foreign master not using PTP timescale
ptp4l[4580.259]: foreign master not using PTP timescale
ptp4l[4580.509]: foreign master not using PTP timescale
ptp4l[4580.759]: foreign master not using PTP timescale
ptp4l[4580.947]: master offset        639 s0 freq    -729 path delay      3623
ptp4l[4581.009]: foreign master not using PTP timescale
ptp4l[4581.259]: foreign master not using PTP timescale
ptp4l[4581.510]: foreign master not using PTP timescale
ptp4l[4581.760]: foreign master not using PTP timescale
ptp4l[4582.010]: foreign master not using PTP timescale
ptp4l[4582.260]: foreign master not using PTP timescale
ptp4l[4582.510]: foreign master not using PTP timescale
ptp4l[4582.760]: foreign master not using PTP timescale
ptp4l[4582.950]: master offset       -400 s0 freq    -448 path delay      3766
ptp4l[4583.011]: foreign master not using PTP timescale
ptp4l[4583.261]: foreign master not using PTP timescale
ptp4l[4583.511]: foreign master not using PTP timescale
ptp4l[4583.761]: foreign master not using PTP timescale
ptp4l[4584.011]: foreign master not using PTP timescale
ptp4l[4584.261]: foreign master not using PTP timescale
ptp4l[4584.511]: foreign master not using PTP timescale
ptp4l[4584.762]: foreign master not using PTP timescale
ptp4l[4584.952]: master offset      -1177 s0 freq     -96 path delay      4350
ptp4l[4585.012]: foreign master not using PTP timescale
ptp4l[4585.262]: foreign master not using PTP timescale
ptp4l[4585.512]: foreign master not using PTP timescale
ptp4l[4585.762]: foreign master not using PTP timescale
ptp4l[4586.012]: foreign master not using PTP timescale
ptp4l[4586.262]: foreign master not using PTP timescale
ptp4l[4586.513]: foreign master not using PTP timescale
ptp4l[4586.763]: foreign master not using PTP timescale
ptp4l[4586.956]: master offset       2427 s0 freq   +1273 path delay      3297
ptp4l[4587.013]: foreign master not using PTP timescale
ptp4l[4587.263]: foreign master not using PTP timescale
ptp4l[4587.513]: foreign master not using PTP timescale
ptp4l[4587.763]: foreign master not using PTP timescale
ptp4l[4588.013]: foreign master not using PTP timescale
ptp4l[4588.263]: foreign master not using PTP timescale
ptp4l[4588.514]: foreign master not using PTP timescale
ptp4l[4588.764]: foreign master not using PTP timescale
ptp4l[4588.959]: master offset      -1610 s0 freq    -843 path delay      5646
ptp4l[4589.014]: foreign master not using PTP timescale
ptp4l[4589.264]: foreign master not using PTP timescale
ptp4l[4589.514]: foreign master not using PTP timescale
ptp4l[4589.764]: foreign master not using PTP timescale
ptp4l[4590.014]: foreign master not using PTP timescale
ptp4l[4590.264]: foreign master not using PTP timescale
ptp4l[4590.514]: foreign master not using PTP timescale
ptp4l[4590.765]: foreign master not using PTP timescale
ptp4l[4590.962]: master offset       1024 s0 freq    +737 path delay      4489
ptp4l[4591.015]: foreign master not using PTP timescale
ptp4l[4591.265]: foreign master not using PTP timescale
ptp4l[4591.515]: foreign master not using PTP timescale
ptp4l[4591.765]: foreign master not using PTP timescale
ptp4l[4592.015]: foreign master not using PTP timescale
ptp4l[4592.265]: foreign master not using PTP timescale
ptp4l[4592.515]: foreign master not using PTP timescale
ptp4l[4592.766]: foreign master not using PTP timescale
ptp4l[4592.965]: master offset       2551 s0 freq    +696 path delay      4356
ptp4l[4593.016]: foreign master not using PTP timescale
ptp4l[4593.266]: foreign master not using PTP timescale
ptp4l[4593.516]: foreign master not using PTP timescale
ptp4l[4593.766]: foreign master not using PTP timescale
ptp4l[4594.016]: foreign master not using PTP timescale
