Installing/checking linuxptp, tcpdump, iproute2. Enter the sudo password for oranuser if prompted.
Hit:1 http://archive.ubuntu.com/ubuntu jammy InRelease
Hit:2 https://download.docker.com/linux/ubuntu jammy InRelease
Hit:3 http://security.ubuntu.com/ubuntu jammy-security InRelease
Hit:4 http://archive.ubuntu.com/ubuntu jammy-updates InRelease
Hit:5 http://archive.ubuntu.com/ubuntu jammy-backports InRelease
Reading package lists...
Reading package lists...
Building dependency tree...
Reading state information...
linuxptp is already the newest version (3.1.1-3).
iproute2 is already the newest version (5.15.0-1ubuntu2.2).
tcpdump is already the newest version (4.99.1-3ubuntu0.2).
0 upgraded, 0 newly installed, 0 to remove and 38 not upgraded.
Installing/checking root Python packages needed by sudo python3.
Collecting pandas
  Downloading pandas-2.3.3-cp310-cp310-manylinux_2_24_x86_64.manylinux_2_28_x86_64.whl (12.8 MB)
     ━━━━━━━━━━━━━━━━━━━━━━━━━━━━━━━━━━━━━━━━ 12.8/12.8 MB 6.4 MB/s eta 0:00:00
Collecting numpy
  Downloading numpy-2.2.6-cp310-cp310-manylinux_2_17_x86_64.manylinux2014_x86_64.whl (16.8 MB)
     ━━━━━━━━━━━━━━━━━━━━━━━━━━━━━━━━━━━━━━━━ 16.8/16.8 MB 11.0 MB/s eta 0:00:00
Requirement already satisfied: PyYAML in /usr/lib/python3/dist-packages (5.4.1)
Collecting tzdata>=2022.7
  Downloading tzdata-2026.3-py2.py3-none-any.whl (348 kB)
     ━━━━━━━━━━━━━━━━━━━━━━━━━━━━━━━━━━━━━━━━ 348.2/348.2 KB 8.4 MB/s eta 0:00:00
Requirement already satisfied: pytz>=2020.1 in /usr/lib/python3/dist-packages (from pandas) (2022.1)
Collecting python-dateutil>=2.8.2
  Downloading python_dateutil-2.9.0.post0-py2.py3-none-any.whl (229 kB)
     ━━━━━━━━━━━━━━━━━━━━━━━━━━━━━━━━━━━━━━━━ 229.9/229.9 KB 10.3 MB/s eta 0:00:00
Requirement already satisfied: six>=1.5 in /usr/lib/python3/dist-packages (from python-dateutil>=2.8.2->pandas) (1.16.0)
Installing collected packages: tzdata, python-dateutil, numpy, pandas
Successfully installed numpy-2.2.6 pandas-2.3.3 python-dateutil-2.9.0.post0 tzdata-2026.3
WARNING: Running pip as the 'root' user can result in broken permissions and conflicting behaviour with the system package manager. It is recommended to use a virtual environment instead: https://pip.pypa.io/warnings/venv
Running real netem scenarios for baseline, pdv, loss, holdover.
netem applied for scenario=baseline
tcpdump: listening on splanem, link-type EN10MB (Ethernet), snapshot length 262144 bytes
capturing for 60s -> results/tier2/netem/netem_baseline.pcap
done. slave servo tail:
ptp4l[2077.570]: rms 1763 max 2213 freq +5724545 +/-  90 delay  2415 +/-  54
ptp4l[2078.571]: rms 1012 max 1766 freq +5724404 +/-  81 delay  2506 +/-  28
ptp4l[2079.571]: rms  822 max 1542 freq +5724374 +/-  68 delay  2452 +/-  70
pcap: results/tier2/netem/netem_baseline.pcap
1649 packets captured
1649 packets received by filter
0 packets dropped by kernel
netem applied for scenario=pdv
tcpdump: listening on splanem, link-type EN10MB (Ethernet), snapshot length 262144 bytes
capturing for 60s -> results/tier2/netem/netem_pdv.pcap
done. slave servo tail:
ptp4l[2138.333]: rms 1059 max 1507 freq +5725335 +/-  87 delay  2168 +/- 102
ptp4l[2139.334]: rms 1096 max 1833 freq +5725354 +/-  67 delay  2100 +/-  12
ptp4l[2140.338]: rms 1593 max 2129 freq +5725397 +/- 187 delay  2178 +/- 111
pcap: results/tier2/netem/netem_pdv.pcap
1671 packets captured
1673 packets received by filter
0 packets dropped by kernel
netem applied for scenario=loss
tcpdump: listening on splanem, link-type EN10MB (Ethernet), snapshot length 262144 bytes
capturing for 60s -> results/tier2/netem/netem_loss.pcap
done. slave servo tail:
ptp4l[2200.423]: selected best master clock c29a38.fffe.b34e68
ptp4l[2200.423]: foreign master not using PTP timescale
ptp4l[2200.423]: port 1: LISTENING to UNCALIBRATED on RS_SLAVE
pcap: results/tier2/netem/netem_loss.pcap
80 packets captured
80 packets received by filter
0 packets dropped by kernel
Traceback (most recent call last):
  File "/usr/lib/python3.10/runpy.py", line 196, in _run_module_as_main
    return _run_code(code, main_globals, None,
  File "/usr/lib/python3.10/runpy.py", line 86, in _run_code
    exec(code, run_globals)
  File "/mnt/c/Users/Admin/Documents/AI-Native Self-Healing O-RAN Network using a Digital Twin/01_CURRENT_SPlane_SelfHealing/oran_splane_selfhealing/harness/run_netem_scenarios.py", line 53, in <module>
    df = run(args.scenarios, args.duration, Path(args.out_dir))
  File "/mnt/c/Users/Admin/Documents/AI-Native Self-Healing O-RAN Network using a Digital Twin/01_CURRENT_SPlane_SelfHealing/oran_splane_selfhealing/harness/run_netem_scenarios.py", line 35, in run
    tel = pcap_to_telemetry(pcap, scenario=f"netem_{scen}", label=SCENARIO_LABELS.get(scen, "unlabeled"))
  File "/mnt/c/Users/Admin/Documents/AI-Native Self-Healing O-RAN Network using a Digital Twin/01_CURRENT_SPlane_SelfHealing/oran_splane_selfhealing/ingest/pcap_ingest.py", line 78, in pcap_to_telemetry
    raise ValueError(
ValueError: no PTP offset samples recovered from pcap (need Sync + Follow_Up/one-step and at least one Delay_Req/Delay_Resp exchange)
