ptp4l[290.952]: port 1: INITIALIZING to LISTENING on INIT_COMPLETE
ptp4l[290.952]: port 0: INITIALIZING to LISTENING on INIT_COMPLETE
ptp4l[291.868]: selected local clock 665aa9.fffe.9d942b as best master
ptp4l[291.933]: port 1: new foreign master 4a3e91.fffe.f2d6bb-1
ptp4l[291.938]: port 1: new foreign master 5ed1d9.fffe.56dcc6-1
ptp4l[292.433]: selected best master clock 4a3e91.fffe.f2d6bb
ptp4l[292.434]: foreign master not using PTP timescale
ptp4l[292.435]: port 1: LISTENING to UNCALIBRATED on RS_SLAVE
ptp4l[292.438]: selected best master clock 5ed1d9.fffe.56dcc6
ptp4l[292.439]: foreign master not using PTP timescale
ptp4l[292.933]: selected best master clock 5ed1d9.fffe.56dcc6
ptp4l[292.934]: foreign master not using PTP timescale
ptp4l[293.434]: selected best master clock 5ed1d9.fffe.56dcc6
ptp4l[293.435]: foreign master not using PTP timescale
ptp4l[293.934]: selected best master clock 5ed1d9.fffe.56dcc6
ptp4l[293.934]: foreign master not using PTP timescale
ptp4l[294.434]: selected best master clock 5ed1d9.fffe.56dcc6
ptp4l[294.436]: foreign master not using PTP timescale
ptp4l[294.934]: selected best master clock 5ed1d9.fffe.56dcc6
ptp4l[294.935]: foreign master not using PTP timescale
ptp4l[295.435]: selected best master clock 5ed1d9.fffe.56dcc6
ptp4l[295.436]: foreign master not using PTP timescale
ptp4l[295.935]: selected best master clock 5ed1d9.fffe.56dcc6
ptp4l[295.935]: foreign master not using PTP timescale
ptp4l[296.435]: selected best master clock 5ed1d9.fffe.56dcc6
ptp4l[296.436]: foreign master not using PTP timescale
ptp4l[296.935]: selected best master clock 5ed1d9.fffe.56dcc6
ptp4l[296.936]: foreign master not using PTP timescale
ptp4l[297.435]: selected best master clock 5ed1d9.fffe.56dcc6
ptp4l[297.436]: foreign master not using PTP timescale
ptp4l[297.935]: selected best master clock 5ed1d9.fffe.56dcc6
ptp4l[297.936]: foreign master not using PTP timescale
ptp4l[298.436]: selected best master clock 5ed1d9.fffe.56dcc6
ptp4l[298.437]: foreign master not using PTP timescale
ptp4l[298.936]: selected best master clock 5ed1d9.fffe.56dcc6
ptp4l[298.937]: foreign master not using PTP timescale
ptp4l[299.437]: selected best master clock 5ed1d9.fffe.56dcc6
ptp4l[299.438]: foreign master not using PTP timescale
ptp4l[299.937]: selected best master clock 5ed1d9.fffe.56dcc6
ptp4l[299.937]: foreign master not using PTP timescale
ptp4l[300.437]: selected best master clock 5ed1d9.fffe.56dcc6
ptp4l[300.440]: foreign master not using PTP timescale
ptp4l[300.937]: selected best master clock 5ed1d9.fffe.56dcc6
ptp4l[300.938]: foreign master not using PTP timescale
ptp4l[301.437]: selected best master clock 5ed1d9.fffe.56dcc6
ptp4l[301.438]: foreign master not using PTP timescale
ptp4l[301.938]: selected best master clock 5ed1d9.fffe.56dcc6
ptp4l[301.939]: foreign master not using PTP timescale
