ptp4l[3947.808]: port 1 (v-ru3): INITIALIZING to LISTENING on INIT_COMPLETE
ptp4l[3947.808]: port 0 (/var/run/p.ru3): INITIALIZING to LISTENING on INIT_COMPLETE
ptp4l[3947.808]: port 0 (/var/run/pr.ru3): INITIALIZING to LISTENING on INIT_COMPLETE
ptp4l[3948.266]: selected local clock 020000.fffe.00000e as best master
ptp4l[3948.303]: port 1 (v-ru3): new foreign master 020000.fffe.000001-2
ptp4l[3948.553]: selected best master clock 020000.fffe.00000a
ptp4l[3948.553]: foreign master not using PTP timescale
ptp4l[3948.553]: port 1 (v-ru3): LISTENING to UNCALIBRATED on RS_SLAVE
ptp4l[3950.616]: master offset        -20 s0 freq    -498 path delay      3005
ptp4l[3952.618]: master offset      -1241 s0 freq    -676 path delay      2873
ptp4l[3954.622]: master offset       -796 s0 freq    +755 path delay      3941
ptp4l[3956.624]: master offset       -522 s0 freq     +60 path delay      3787
ptp4l[3958.626]: master offset      -1226 s0 freq    -271 path delay      3949
ptp4l[3960.628]: master offset      -1700 s0 freq    -322 path delay      3779
ptp4l[3962.632]: master offset        156 s0 freq    +980 path delay      3886
ptp4l[3964.635]: master offset        656 s0 freq     +76 path delay      3538
ptp4l[3966.637]: master offset       -844 s0 freq    -613 path delay      3811
ptp4l[3968.639]: master offset       -469 s0 freq     +57 path delay      3551
ptp4l[3970.641]: master offset      -1402 s0 freq    -487 path delay      3509
ptp4l[3972.643]: master offset       -621 s0 freq    +748 path delay      4226
ptp4l[3974.645]: master offset       1162 s0 freq    +692 path delay      3829
ptp4l[3976.313]: port 1 (v-ru3): new foreign master 020000.fffe.000072-1
ptp4l[3976.563]: selected best master clock 020000.fffe.000072
ptp4l[3976.563]: foreign master not using PTP timescale
ptp4l[3976.693]: foreign master not using PTP timescale
ptp4l[3976.943]: foreign master not using PTP timescale
ptp4l[3977.193]: foreign master not using PTP timescale
ptp4l[3977.443]: foreign master not using PTP timescale
ptp4l[3977.693]: foreign master not using PTP timescale
ptp4l[3977.943]: foreign master not using PTP timescale
ptp4l[3978.193]: foreign master not using PTP timescale
ptp4l[3978.444]: foreign master not using PTP timescale
ptp4l[3978.627]: master offset        964 s0 freq    -235 path delay      2363
ptp4l[3978.694]: foreign master not using PTP timescale
ptp4l[3978.944]: foreign master not using PTP timescale
ptp4l[3979.194]: foreign master not using PTP timescale
ptp4l[3979.444]: foreign master not using PTP timescale
ptp4l[3979.694]: foreign master not using PTP timescale
ptp4l[3979.944]: foreign master not using PTP timescale
ptp4l[3980.194]: foreign master not using PTP timescale
ptp4l[3980.445]: foreign master not using PTP timescale
ptp4l[3980.629]: master offset       -565 s0 freq    -560 path delay      2770
ptp4l[3980.695]: foreign master not using PTP timescale
ptp4l[3980.945]: foreign master not using PTP timescale
ptp4l[3981.195]: foreign master not using PTP timescale
ptp4l[3981.445]: foreign master not using PTP timescale
ptp4l[3981.696]: foreign master not using PTP timescale
ptp4l[3981.945]: foreign master not using PTP timescale
ptp4l[3982.195]: foreign master not using PTP timescale
ptp4l[3982.446]: foreign master not using PTP timescale
ptp4l[3982.634]: master offset       -796 s0 freq    -100 path delay      2800
ptp4l[3982.696]: foreign master not using PTP timescale
ptp4l[3982.946]: foreign master not using PTP timescale
ptp4l[3983.196]: foreign master not using PTP timescale
ptp4l[3983.446]: foreign master not using PTP timescale
ptp4l[3983.696]: foreign master not using PTP timescale
ptp4l[3983.946]: foreign master not using PTP timescale
ptp4l[3984.196]: foreign master not using PTP timescale
ptp4l[3984.447]: foreign master not using PTP timescale
ptp4l[3984.636]: master offset       -186 s0 freq    +454 path delay      3099
ptp4l[3984.697]: foreign master not using PTP timescale
ptp4l[3984.947]: foreign master not using PTP timescale
ptp4l[3985.197]: foreign master not using PTP timescale
ptp4l[3985.447]: foreign master not using PTP timescale
ptp4l[3985.697]: foreign master not using PTP timescale
ptp4l[3985.947]: foreign master not using PTP timescale
ptp4l[3986.197]: foreign master not using PTP timescale
ptp4l[3986.448]: foreign master not using PTP timescale
ptp4l[3986.641]: master offset       -542 s0 freq    -211 path delay      3032
ptp4l[3986.698]: foreign master not using PTP timescale
ptp4l[3986.948]: foreign master not using PTP timescale
ptp4l[3987.198]: foreign master not using PTP timescale
ptp4l[3987.448]: foreign master not using PTP timescale
ptp4l[3987.698]: foreign master not using PTP timescale
ptp4l[3987.949]: foreign master not using PTP timescale
ptp4l[3988.199]: foreign master not using PTP timescale
ptp4l[3988.449]: foreign master not using PTP timescale
ptp4l[3988.643]: master offset       -983 s0 freq    -113 path delay      3246
ptp4l[3988.699]: foreign master not using PTP timescale
ptp4l[3988.949]: foreign master not using PTP timescale
ptp4l[3989.199]: foreign master not using PTP timescale
ptp4l[3989.449]: foreign master not using PTP timescale
ptp4l[3989.699]: foreign master not using PTP timescale
ptp4l[3989.950]: foreign master not using PTP timescale
ptp4l[3990.200]: foreign master not using PTP timescale
ptp4l[3990.450]: foreign master not using PTP timescale
ptp4l[3990.645]: master offset       -526 s0 freq     -33 path delay      2722
ptp4l[3990.700]: foreign master not using PTP timescale
ptp4l[3990.950]: foreign master not using PTP timescale
ptp4l[3991.200]: foreign master not using PTP timescale
ptp4l[3991.450]: foreign master not using PTP timescale
ptp4l[3991.701]: foreign master not using PTP timescale
ptp4l[3991.951]: foreign master not using PTP timescale
ptp4l[3992.201]: foreign master not using PTP timescale
ptp4l[3992.451]: foreign master not using PTP timescale
ptp4l[3992.648]: master offset        268 s0 freq    +367 path delay      2662
ptp4l[3992.701]: foreign master not using PTP timescale
ptp4l[3992.951]: foreign master not using PTP timescale
ptp4l[3993.201]: foreign master not using PTP timescale
ptp4l[3993.452]: foreign master not using PTP timescale
ptp4l[3993.702]: foreign master not using PTP timescale
ptp4l[3993.952]: foreign master not using PTP timescale
ptp4l[3994.202]: foreign master not using PTP timescale
ptp4l[3994.452]: foreign master not using PTP timescale
ptp4l[3994.650]: master offset        -27 s0 freq      +4 path delay      2965
ptp4l[3994.702]: foreign master not using PTP timescale
ptp4l[3994.952]: foreign master not using PTP timescale
ptp4l[3995.203]: foreign master not using PTP timescale
ptp4l[3995.453]: foreign master not using PTP timescale
ptp4l[3995.703]: foreign master not using PTP timescale
