ptp4l[5119.292]: port 1 (v-ru2): INITIALIZING to LISTENING on INIT_COMPLETE
ptp4l[5119.292]: port 0 (/var/run/p.ru2): INITIALIZING to LISTENING on INIT_COMPLETE
ptp4l[5119.292]: port 0 (/var/run/pr.ru2): INITIALIZING to LISTENING on INIT_COMPLETE
ptp4l[5119.676]: selected local clock 020000.fffe.00000d as best master
ptp4l[5119.819]: port 1 (v-ru2): new foreign master 020000.fffe.000001-2
ptp4l[5120.069]: selected best master clock 020000.fffe.00000a
ptp4l[5120.069]: foreign master not using PTP timescale
ptp4l[5120.069]: port 1 (v-ru2): LISTENING to UNCALIBRATED on RS_SLAVE
ptp4l[5122.133]: master offset      -1606 s0 freq   -1109 path delay      5160
ptp4l[5124.134]: master offset      -1050 s0 freq     -11 path delay      4581
ptp4l[5126.137]: master offset       3502 s0 freq   +2466 path delay      4966
ptp4l[5128.139]: master offset       2605 s0 freq     +63 path delay      5989
ptp4l[5130.141]: master offset      -1756 s0 freq   -3076 path delay      4193
ptp4l[5132.143]: master offset       9447 s0 freq   +5751 path delay      4504
ptp4l[5134.145]: master offset       5705 s0 freq   -1812 path delay      4618
ptp4l[5136.148]: master offset       1977 s0 freq    +289 path delay      8924
ptp4l[5138.151]: master offset      -4274 s0 freq   -3505 path delay      8154
ptp4l[5140.153]: master offset      -2944 s0 freq      +1 path delay      6826
ptp4l[5142.155]: master offset       -615 s0 freq    +769 path delay      6036
ptp4l[5144.157]: master offset      -1401 s0 freq    -404 path delay      6014
ptp4l[5146.159]: master offset       -849 s0 freq    +609 path delay      6682
ptp4l[5146.807]: port 1 (v-ru2): new foreign master 020000.fffe.000096-1
ptp4l[5147.057]: selected best master clock 020000.fffe.000096
ptp4l[5147.057]: foreign master not using PTP timescale
ptp4l[5147.208]: foreign master not using PTP timescale
ptp4l[5147.458]: foreign master not using PTP timescale
ptp4l[5147.708]: foreign master not using PTP timescale
ptp4l[5147.958]: foreign master not using PTP timescale
ptp4l[5148.208]: foreign master not using PTP timescale
ptp4l[5148.458]: foreign master not using PTP timescale
ptp4l[5148.708]: foreign master not using PTP timescale
ptp4l[5148.958]: foreign master not using PTP timescale
ptp4l[5149.121]: master offset       -418 s0 freq    -436 path delay      2868
ptp4l[5149.209]: foreign master not using PTP timescale
ptp4l[5149.459]: foreign master not using PTP timescale
ptp4l[5149.709]: foreign master not using PTP timescale
ptp4l[5149.959]: foreign master not using PTP timescale
ptp4l[5150.209]: foreign master not using PTP timescale
ptp4l[5150.460]: foreign master not using PTP timescale
ptp4l[5150.710]: foreign master not using PTP timescale
ptp4l[5150.960]: foreign master not using PTP timescale
ptp4l[5151.123]: master offset       1054 s0 freq   +1196 path delay      3791
ptp4l[5151.210]: foreign master not using PTP timescale
ptp4l[5151.460]: foreign master not using PTP timescale
ptp4l[5151.710]: foreign master not using PTP timescale
ptp4l[5151.960]: foreign master not using PTP timescale
ptp4l[5152.210]: foreign master not using PTP timescale
ptp4l[5152.460]: foreign master not using PTP timescale
ptp4l[5152.711]: foreign master not using PTP timescale
ptp4l[5152.961]: foreign master not using PTP timescale
ptp4l[5153.125]: master offset        523 s0 freq    -113 path delay      4095
ptp4l[5153.211]: foreign master not using PTP timescale
ptp4l[5153.461]: foreign master not using PTP timescale
ptp4l[5153.711]: foreign master not using PTP timescale
ptp4l[5153.961]: foreign master not using PTP timescale
ptp4l[5154.212]: foreign master not using PTP timescale
ptp4l[5154.462]: foreign master not using PTP timescale
ptp4l[5154.712]: foreign master not using PTP timescale
ptp4l[5154.962]: foreign master not using PTP timescale
ptp4l[5155.127]: master offset        384 s0 freq    -297 path delay      3639
ptp4l[5155.212]: foreign master not using PTP timescale
ptp4l[5155.462]: foreign master not using PTP timescale
ptp4l[5155.712]: foreign master not using PTP timescale
ptp4l[5155.963]: foreign master not using PTP timescale
ptp4l[5156.213]: foreign master not using PTP timescale
ptp4l[5156.463]: foreign master not using PTP timescale
ptp4l[5156.713]: foreign master not using PTP timescale
ptp4l[5156.963]: foreign master not using PTP timescale
ptp4l[5157.130]: master offset        866 s0 freq    +175 path delay      3507
ptp4l[5157.213]: foreign master not using PTP timescale
ptp4l[5157.463]: foreign master not using PTP timescale
ptp4l[5157.714]: foreign master not using PTP timescale
ptp4l[5157.964]: foreign master not using PTP timescale
ptp4l[5158.214]: foreign master not using PTP timescale
ptp4l[5158.464]: foreign master not using PTP timescale
ptp4l[5158.714]: foreign master not using PTP timescale
ptp4l[5158.964]: foreign master not using PTP timescale
ptp4l[5159.132]: master offset       -469 s0 freq    -735 path delay      3370
ptp4l[5159.214]: foreign master not using PTP timescale
ptp4l[5159.465]: foreign master not using PTP timescale
ptp4l[5159.715]: foreign master not using PTP timescale
ptp4l[5159.965]: foreign master not using PTP timescale
ptp4l[5160.215]: foreign master not using PTP timescale
ptp4l[5160.465]: foreign master not using PTP timescale
ptp4l[5160.715]: foreign master not using PTP timescale
ptp4l[5160.965]: foreign master not using PTP timescale
ptp4l[5161.135]: master offset       -228 s0 freq   +1285 path delay      5701
ptp4l[5161.216]: foreign master not using PTP timescale
ptp4l[5161.466]: foreign master not using PTP timescale
ptp4l[5161.716]: foreign master not using PTP timescale
ptp4l[5161.966]: foreign master not using PTP timescale
ptp4l[5162.216]: foreign master not using PTP timescale
ptp4l[5162.466]: foreign master not using PTP timescale
ptp4l[5162.716]: foreign master not using PTP timescale
ptp4l[5162.967]: foreign master not using PTP timescale
ptp4l[5163.137]: master offset       1255 s0 freq    -237 path delay      3744
ptp4l[5163.217]: foreign master not using PTP timescale
ptp4l[5163.467]: foreign master not using PTP timescale
ptp4l[5163.717]: foreign master not using PTP timescale
ptp4l[5163.967]: foreign master not using PTP timescale
ptp4l[5164.217]: foreign master not using PTP timescale
ptp4l[5164.468]: foreign master not using PTP timescale
ptp4l[5164.718]: foreign master not using PTP timescale
ptp4l[5164.968]: foreign master not using PTP timescale
ptp4l[5165.139]: master offset       -260 s0 freq    -872 path delay      3514
ptp4l[5165.218]: foreign master not using PTP timescale
ptp4l[5165.468]: foreign master not using PTP timescale
ptp4l[5165.718]: foreign master not using PTP timescale
ptp4l[5165.969]: foreign master not using PTP timescale
ptp4l[5166.219]: foreign master not using PTP timescale
