ptp4l[494.020]: port 1: INITIALIZING to LISTENING on INIT_COMPLETE
ptp4l[494.044]: port 2: INITIALIZING to LISTENING on INIT_COMPLETE
ptp4l[494.045]: port 0: INITIALIZING to LISTENING on INIT_COMPLETE
ptp4l[494.861]: port 1: new foreign master d29c93.fffe.3b22d7-1
ptp4l[494.887]: port 2: new foreign master 9a4e12.fffe.00c490-1
ptp4l[494.964]: selected local clock 120c39.fffe.e5b308 as best master
ptp4l[495.012]: selected local clock 120c39.fffe.e5b308 as best master
ptp4l[495.362]: selected best master clock d29c93.fffe.3b22d7
ptp4l[495.363]: foreign master not using PTP timescale
ptp4l[495.363]: port 1: LISTENING to UNCALIBRATED on RS_SLAVE
ptp4l[495.388]: selected best master clock d29c93.fffe.3b22d7
ptp4l[495.389]: foreign master not using PTP timescale
ptp4l[495.390]: port 2: master state recommended in slave only mode
ptp4l[495.391]: port 2: defaultDS.priority1 probably misconfigured
ptp4l[495.952]: selected best master clock d29c93.fffe.3b22d7
ptp4l[495.952]: foreign master not using PTP timescale
ptp4l[496.390]: selected best master clock d29c93.fffe.3b22d7
ptp4l[496.392]: foreign master not using PTP timescale
ptp4l[496.392]: port 2: master state recommended in slave only mode
ptp4l[496.393]: port 2: defaultDS.priority1 probably misconfigured
ptp4l[496.764]: selected best master clock d29c93.fffe.3b22d7
ptp4l[496.765]: foreign master not using PTP timescale
ptp4l[497.142]: selected best master clock d29c93.fffe.3b22d7
ptp4l[497.144]: foreign master not using PTP timescale
ptp4l[497.147]: port 2: master state recommended in slave only mode
ptp4l[497.149]: port 2: defaultDS.priority1 probably misconfigured
ptp4l[497.672]: selected best master clock d29c93.fffe.3b22d7
ptp4l[497.675]: foreign master not using PTP timescale
ptp4l[498.143]: selected best master clock d29c93.fffe.3b22d7
ptp4l[498.146]: foreign master not using PTP timescale
ptp4l[498.148]: port 2: master state recommended in slave only mode
ptp4l[498.151]: port 2: defaultDS.priority1 probably misconfigured
ptp4l[498.488]: selected best master clock d29c93.fffe.3b22d7
ptp4l[498.488]: foreign master not using PTP timescale
ptp4l[498.894]: selected best master clock d29c93.fffe.3b22d7
ptp4l[498.895]: foreign master not using PTP timescale
ptp4l[498.895]: port 2: master state recommended in slave only mode
ptp4l[498.896]: port 2: defaultDS.priority1 probably misconfigured
ptp4l[499.476]: selected best master clock d29c93.fffe.3b22d7
ptp4l[499.477]: foreign master not using PTP timescale
ptp4l[499.895]: selected best master clock d29c93.fffe.3b22d7
ptp4l[499.896]: foreign master not using PTP timescale
ptp4l[499.897]: port 2: master state recommended in slave only mode
ptp4l[499.897]: port 2: defaultDS.priority1 probably misconfigured
ptp4l[500.284]: selected best master clock d29c93.fffe.3b22d7
ptp4l[500.285]: foreign master not using PTP timescale
ptp4l[500.645]: selected best master clock d29c93.fffe.3b22d7
ptp4l[500.646]: foreign master not using PTP timescale
ptp4l[500.647]: port 2: master state recommended in slave only mode
ptp4l[500.647]: port 2: defaultDS.priority1 probably misconfigured
ptp4l[501.264]: selected best master clock d29c93.fffe.3b22d7
ptp4l[501.267]: foreign master not using PTP timescale
ptp4l[501.646]: selected best master clock d29c93.fffe.3b22d7
ptp4l[501.647]: foreign master not using PTP timescale
ptp4l[501.648]: port 2: master state recommended in slave only mode
ptp4l[501.648]: port 2: defaultDS.priority1 probably misconfigured
ptp4l[502.164]: selected best master clock d29c93.fffe.3b22d7
ptp4l[502.166]: foreign master not using PTP timescale
ptp4l[502.647]: selected best master clock d29c93.fffe.3b22d7
ptp4l[502.650]: foreign master not using PTP timescale
ptp4l[502.652]: port 2: master state recommended in slave only mode
ptp4l[502.654]: port 2: defaultDS.priority1 probably misconfigured
ptp4l[503.036]: selected best master clock d29c93.fffe.3b22d7
ptp4l[503.038]: foreign master not using PTP timescale
ptp4l[503.398]: selected best master clock d29c93.fffe.3b22d7
ptp4l[503.401]: foreign master not using PTP timescale
ptp4l[503.403]: port 2: master state recommended in slave only mode
ptp4l[503.405]: port 2: defaultDS.priority1 probably misconfigured
ptp4l[504.016]: selected best master clock d29c93.fffe.3b22d7
ptp4l[504.017]: foreign master not using PTP timescale
ptp4l[504.398]: selected best master clock d29c93.fffe.3b22d7
ptp4l[504.399]: foreign master not using PTP timescale
ptp4l[504.400]: port 2: master state recommended in slave only mode
ptp4l[504.400]: port 2: defaultDS.priority1 probably misconfigured
ptp4l[504.852]: selected best master clock d29c93.fffe.3b22d7
ptp4l[504.853]: foreign master not using PTP timescale
ptp4l[505.149]: selected best master clock d29c93.fffe.3b22d7
ptp4l[505.150]: foreign master not using PTP timescale
ptp4l[505.150]: port 2: master state recommended in slave only mode
ptp4l[505.151]: port 2: defaultDS.priority1 probably misconfigured
ptp4l[505.776]: selected best master clock d29c93.fffe.3b22d7
ptp4l[505.777]: foreign master not using PTP timescale
ptp4l[506.150]: selected best master clock d29c93.fffe.3b22d7
ptp4l[506.151]: foreign master not using PTP timescale
ptp4l[506.151]: port 2: master state recommended in slave only mode
ptp4l[506.152]: port 2: defaultDS.priority1 probably misconfigured
ptp4l[506.572]: selected best master clock d29c93.fffe.3b22d7
ptp4l[506.575]: foreign master not using PTP timescale
ptp4l[506.901]: selected best master clock d29c93.fffe.3b22d7
ptp4l[506.903]: foreign master not using PTP timescale
ptp4l[506.906]: port 2: master state recommended in slave only mode
ptp4l[506.908]: port 2: defaultDS.priority1 probably misconfigured
ptp4l[507.464]: selected best master clock d29c93.fffe.3b22d7
ptp4l[507.467]: foreign master not using PTP timescale
ptp4l[507.901]: selected best master clock d29c93.fffe.3b22d7
ptp4l[507.904]: foreign master not using PTP timescale
ptp4l[507.907]: port 2: master state recommended in slave only mode
ptp4l[507.909]: port 2: defaultDS.priority1 probably misconfigured
ptp4l[508.376]: selected best master clock d29c93.fffe.3b22d7
ptp4l[508.379]: foreign master not using PTP timescale
ptp4l[508.652]: selected best master clock d29c93.fffe.3b22d7
ptp4l[508.653]: foreign master not using PTP timescale
ptp4l[508.654]: port 2: master state recommended in slave only mode
ptp4l[508.655]: port 2: defaultDS.priority1 probably misconfigured
ptp4l[509.152]: selected best master clock d29c93.fffe.3b22d7
ptp4l[509.155]: foreign master not using PTP timescale
ptp4l[509.402]: selected best master clock d29c93.fffe.3b22d7
ptp4l[509.405]: foreign master not using PTP timescale
ptp4l[509.408]: port 2: master state recommended in slave only mode
ptp4l[509.410]: port 2: defaultDS.priority1 probably misconfigured
ptp4l[510.088]: selected best master clock d29c93.fffe.3b22d7
ptp4l[510.089]: foreign master not using PTP timescale
ptp4l[510.404]: selected best master clock d29c93.fffe.3b22d7
ptp4l[510.406]: foreign master not using PTP timescale
ptp4l[510.408]: port 2: master state recommended in slave only mode
ptp4l[510.411]: port 2: defaultDS.priority1 probably misconfigured
ptp4l[510.940]: selected best master clock d29c93.fffe.3b22d7
ptp4l[510.941]: foreign master not using PTP timescale
ptp4l[511.405]: selected best master clock d29c93.fffe.3b22d7
ptp4l[511.406]: foreign master not using PTP timescale
ptp4l[511.407]: port 2: master state recommended in slave only mode
ptp4l[511.408]: port 2: defaultDS.priority1 probably misconfigured
ptp4l[511.514]: rms 38776 max 105910 freq  +6307 +/- 20700 delay 20793 +/- 6373
ptp4l[511.848]: selected best master clock d29c93.fffe.3b22d7
ptp4l[511.851]: foreign master not using PTP timescale
ptp4l[512.155]: selected best master clock d29c93.fffe.3b22d7
ptp4l[512.158]: foreign master not using PTP timescale
ptp4l[512.160]: port 2: master state recommended in slave only mode
ptp4l[512.162]: port 2: defaultDS.priority1 probably misconfigured
ptp4l[512.720]: selected best master clock d29c93.fffe.3b22d7
ptp4l[512.722]: foreign master not using PTP timescale
ptp4l[513.156]: selected best master clock d29c93.fffe.3b22d7
ptp4l[513.159]: foreign master not using PTP timescale
ptp4l[513.161]: port 2: master state recommended in slave only mode
ptp4l[513.163]: port 2: defaultDS.priority1 probably misconfigured
ptp4l[513.688]: selected best master clock d29c93.fffe.3b22d7
ptp4l[513.690]: foreign master not using PTP timescale
ptp4l[514.157]: selected best master clock d29c93.fffe.3b22d7
ptp4l[514.159]: foreign master not using PTP timescale
ptp4l[514.161]: port 2: master state recommended in slave only mode
ptp4l[514.162]: port 2: defaultDS.priority1 probably misconfigured
ptp4l[514.668]: selected best master clock d29c93.fffe.3b22d7
ptp4l[514.669]: foreign master not using PTP timescale
ptp4l[515.158]: selected best master clock d29c93.fffe.3b22d7
ptp4l[515.161]: foreign master not using PTP timescale
ptp4l[515.163]: port 2: master state recommended in slave only mode
ptp4l[515.166]: port 2: defaultDS.priority1 probably misconfigured
ptp4l[515.532]: selected best master clock d29c93.fffe.3b22d7
ptp4l[515.534]: foreign master not using PTP timescale
ptp4l[515.908]: selected best master clock d29c93.fffe.3b22d7
ptp4l[515.909]: foreign master not using PTP timescale
ptp4l[515.909]: port 2: master state recommended in slave only mode
ptp4l[515.910]: port 2: defaultDS.priority1 probably misconfigured
ptp4l[516.508]: selected best master clock d29c93.fffe.3b22d7
ptp4l[516.509]: foreign master not using PTP timescale
ptp4l[516.908]: selected best master clock d29c93.fffe.3b22d7
ptp4l[516.909]: foreign master not using PTP timescale
ptp4l[516.911]: port 2: master state recommended in slave only mode
ptp4l[516.911]: port 2: defaultDS.priority1 probably misconfigured
ptp4l[517.340]: selected best master clock d29c93.fffe.3b22d7
ptp4l[517.340]: foreign master not using PTP timescale
ptp4l[517.659]: selected best master clock d29c93.fffe.3b22d7
ptp4l[517.660]: foreign master not using PTP timescale
ptp4l[517.661]: port 2: master state recommended in slave only mode
ptp4l[517.661]: port 2: defaultDS.priority1 probably misconfigured
ptp4l[518.252]: selected best master clock d29c93.fffe.3b22d7
ptp4l[518.253]: foreign master not using PTP timescale
ptp4l[518.659]: selected best master clock d29c93.fffe.3b22d7
ptp4l[518.660]: foreign master not using PTP timescale
ptp4l[518.661]: port 2: master state recommended in slave only mode
ptp4l[518.662]: port 2: defaultDS.priority1 probably misconfigured
ptp4l[519.204]: selected best master clock d29c93.fffe.3b22d7
ptp4l[519.205]: foreign master not using PTP timescale
ptp4l[519.660]: selected best master clock d29c93.fffe.3b22d7
ptp4l[519.661]: foreign master not using PTP timescale
ptp4l[519.662]: port 2: master state recommended in slave only mode
ptp4l[519.663]: port 2: defaultDS.priority1 probably misconfigured
ptp4l[520.144]: selected best master clock d29c93.fffe.3b22d7
ptp4l[520.146]: foreign master not using PTP timescale
ptp4l[520.411]: selected best master clock d29c93.fffe.3b22d7
ptp4l[520.414]: foreign master not using PTP timescale
ptp4l[520.417]: port 2: master state recommended in slave only mode
ptp4l[520.419]: port 2: defaultDS.priority1 probably misconfigured
ptp4l[521.160]: selected best master clock d29c93.fffe.3b22d7
ptp4l[521.163]: foreign master not using PTP timescale
ptp4l[521.412]: selected best master clock d29c93.fffe.3b22d7
ptp4l[521.414]: foreign master not using PTP timescale
ptp4l[521.417]: port 2: master state recommended in slave only mode
ptp4l[521.419]: port 2: defaultDS.priority1 probably misconfigured
ptp4l[522.092]: selected best master clock d29c93.fffe.3b22d7
ptp4l[522.094]: foreign master not using PTP timescale
ptp4l[522.412]: selected best master clock d29c93.fffe.3b22d7
ptp4l[522.413]: foreign master not using PTP timescale
ptp4l[522.414]: port 2: master state recommended in slave only mode
ptp4l[522.415]: port 2: defaultDS.priority1 probably misconfigured
ptp4l[522.884]: selected best master clock d29c93.fffe.3b22d7
ptp4l[522.885]: foreign master not using PTP timescale
ptp4l[523.163]: selected best master clock d29c93.fffe.3b22d7
ptp4l[523.164]: foreign master not using PTP timescale
ptp4l[523.165]: port 2: master state recommended in slave only mode
ptp4l[523.168]: port 2: defaultDS.priority1 probably misconfigured
ptp4l[523.752]: selected best master clock d29c93.fffe.3b22d7
ptp4l[523.755]: foreign master not using PTP timescale
ptp4l[524.163]: selected best master clock d29c93.fffe.3b22d7
ptp4l[524.164]: foreign master not using PTP timescale
ptp4l[524.165]: port 2: master state recommended in slave only mode
ptp4l[524.166]: port 2: defaultDS.priority1 probably misconfigured
ptp4l[524.592]: selected best master clock d29c93.fffe.3b22d7
ptp4l[524.594]: foreign master not using PTP timescale
ptp4l[524.914]: selected best master clock d29c93.fffe.3b22d7
ptp4l[524.916]: foreign master not using PTP timescale
ptp4l[524.919]: port 2: master state recommended in slave only mode
ptp4l[524.921]: port 2: defaultDS.priority1 probably misconfigured
ptp4l[525.520]: selected best master clock d29c93.fffe.3b22d7
ptp4l[525.523]: foreign master not using PTP timescale
ptp4l[525.915]: selected best master clock d29c93.fffe.3b22d7
ptp4l[525.917]: foreign master not using PTP timescale
ptp4l[525.920]: port 2: master state recommended in slave only mode
ptp4l[525.922]: port 2: defaultDS.priority1 probably misconfigured
ptp4l[526.464]: selected best master clock d29c93.fffe.3b22d7
ptp4l[526.466]: foreign master not using PTP timescale
ptp4l[526.916]: selected best master clock d29c93.fffe.3b22d7
ptp4l[526.919]: foreign master not using PTP timescale
ptp4l[526.921]: port 2: master state recommended in slave only mode
ptp4l[526.923]: port 2: defaultDS.priority1 probably misconfigured
ptp4l[527.344]: selected best master clock d29c93.fffe.3b22d7
ptp4l[527.345]: foreign master not using PTP timescale
ptp4l[527.536]: rms 188547 max 404518 freq  +8856 +/- 118368 delay 84603 +/- 39738
ptp4l[527.666]: selected best master clock d29c93.fffe.3b22d7
ptp4l[527.668]: foreign master not using PTP timescale
ptp4l[527.669]: port 2: master state recommended in slave only mode
ptp4l[527.671]: port 2: defaultDS.priority1 probably misconfigured
ptp4l[528.324]: selected best master clock d29c93.fffe.3b22d7
ptp4l[528.326]: foreign master not using PTP timescale
ptp4l[528.667]: selected best master clock d29c93.fffe.3b22d7
ptp4l[528.670]: foreign master not using PTP timescale
ptp4l[528.672]: port 2: master state recommended in slave only mode
ptp4l[528.674]: port 2: defaultDS.priority1 probably misconfigured
ptp4l[529.240]: selected best master clock d29c93.fffe.3b22d7
ptp4l[529.241]: foreign master not using PTP timescale
ptp4l[529.668]: selected best master clock d29c93.fffe.3b22d7
ptp4l[529.671]: foreign master not using PTP timescale
ptp4l[529.673]: port 2: master state recommended in slave only mode
ptp4l[529.675]: port 2: defaultDS.priority1 probably misconfigured
ptp4l[530.064]: selected best master clock d29c93.fffe.3b22d7
ptp4l[530.066]: foreign master not using PTP timescale
ptp4l[530.418]: selected best master clock d29c93.fffe.3b22d7
ptp4l[530.421]: foreign master not using PTP timescale
ptp4l[530.423]: port 2: master state recommended in slave only mode
ptp4l[530.426]: port 2: defaultDS.priority1 probably misconfigured
ptp4l[530.928]: selected best master clock d29c93.fffe.3b22d7
ptp4l[530.928]: foreign master not using PTP timescale
ptp4l[531.419]: selected best master clock d29c93.fffe.3b22d7
ptp4l[531.422]: foreign master not using PTP timescale
ptp4l[531.425]: port 2: master state recommended in slave only mode
ptp4l[531.427]: port 2: defaultDS.priority1 probably misconfigured
ptp4l[531.904]: selected best master clock d29c93.fffe.3b22d7
ptp4l[531.907]: foreign master not using PTP timescale
ptp4l[532.170]: selected best master clock d29c93.fffe.3b22d7
ptp4l[532.172]: foreign master not using PTP timescale
ptp4l[532.175]: port 2: master state recommended in slave only mode
ptp4l[532.177]: port 2: defaultDS.priority1 probably misconfigured
ptp4l[532.672]: selected best master clock d29c93.fffe.3b22d7
ptp4l[532.674]: foreign master not using PTP timescale
ptp4l[533.170]: selected best master clock d29c93.fffe.3b22d7
ptp4l[533.172]: foreign master not using PTP timescale
ptp4l[533.173]: port 2: master state recommended in slave only mode
ptp4l[533.175]: port 2: defaultDS.priority1 probably misconfigured
ptp4l[533.660]: selected best master clock d29c93.fffe.3b22d7
ptp4l[533.663]: foreign master not using PTP timescale
ptp4l[533.921]: selected best master clock d29c93.fffe.3b22d7
ptp4l[533.923]: foreign master not using PTP timescale
ptp4l[533.926]: port 2: master state recommended in slave only mode
ptp4l[533.928]: port 2: defaultDS.priority1 probably misconfigured
ptp4l[534.464]: selected best master clock d29c93.fffe.3b22d7
ptp4l[534.465]: foreign master not using PTP timescale
ptp4l[534.921]: selected best master clock d29c93.fffe.3b22d7
ptp4l[534.922]: foreign master not using PTP timescale
ptp4l[534.923]: port 2: master state recommended in slave only mode
ptp4l[534.924]: port 2: defaultDS.priority1 probably misconfigured
ptp4l[535.332]: selected best master clock d29c93.fffe.3b22d7
ptp4l[535.333]: foreign master not using PTP timescale
ptp4l[535.672]: selected best master clock d29c93.fffe.3b22d7
ptp4l[535.673]: foreign master not using PTP timescale
ptp4l[535.674]: port 2: master state recommended in slave only mode
ptp4l[535.675]: port 2: defaultDS.priority1 probably misconfigured
ptp4l[536.248]: selected best master clock d29c93.fffe.3b22d7
ptp4l[536.249]: foreign master not using PTP timescale
ptp4l[536.672]: selected best master clock d29c93.fffe.3b22d7
ptp4l[536.675]: foreign master not using PTP timescale
ptp4l[536.677]: port 2: master state recommended in slave only mode
ptp4l[536.680]: port 2: defaultDS.priority1 probably misconfigured
ptp4l[537.188]: selected best master clock d29c93.fffe.3b22d7
ptp4l[537.189]: foreign master not using PTP timescale
ptp4l[537.673]: selected best master clock d29c93.fffe.3b22d7
ptp4l[537.676]: foreign master not using PTP timescale
ptp4l[537.678]: port 2: master state recommended in slave only mode
ptp4l[537.681]: port 2: defaultDS.priority1 probably misconfigured
ptp4l[538.000]: selected best master clock d29c93.fffe.3b22d7
ptp4l[538.001]: foreign master not using PTP timescale
ptp4l[538.423]: selected best master clock d29c93.fffe.3b22d7
ptp4l[538.426]: foreign master not using PTP timescale
ptp4l[538.429]: port 2: master state recommended in slave only mode
ptp4l[538.432]: port 2: defaultDS.priority1 probably misconfigured
ptp4l[538.856]: selected best master clock d29c93.fffe.3b22d7
ptp4l[538.858]: foreign master not using PTP timescale
ptp4l[539.174]: selected best master clock d29c93.fffe.3b22d7
ptp4l[539.177]: foreign master not using PTP timescale
ptp4l[539.179]: port 2: master state recommended in slave only mode
ptp4l[539.182]: port 2: defaultDS.priority1 probably misconfigured
ptp4l[539.848]: selected best master clock d29c93.fffe.3b22d7
ptp4l[539.849]: foreign master not using PTP timescale
ptp4l[540.174]: selected best master clock d29c93.fffe.3b22d7
ptp4l[540.175]: foreign master not using PTP timescale
ptp4l[540.176]: port 2: master state recommended in slave only mode
ptp4l[540.177]: port 2: defaultDS.priority1 probably misconfigured
ptp4l[540.624]: selected best master clock d29c93.fffe.3b22d7
ptp4l[540.625]: foreign master not using PTP timescale
ptp4l[540.925]: selected best master clock d29c93.fffe.3b22d7
ptp4l[540.928]: foreign master not using PTP timescale
ptp4l[540.930]: port 2: master state recommended in slave only mode
ptp4l[540.933]: port 2: defaultDS.priority1 probably misconfigured
ptp4l[541.648]: selected best master clock d29c93.fffe.3b22d7
ptp4l[541.649]: foreign master not using PTP timescale
