ptp4l[989.320]: port 1 (v-ru1): INITIALIZING to LISTENING on INIT_COMPLETE
ptp4l[989.320]: port 0 (/var/run/p.ru1): INITIALIZING to LISTENING on INIT_COMPLETE
ptp4l[989.320]: port 0 (/var/run/pr.ru1): INITIALIZING to LISTENING on INIT_COMPLETE
ptp4l[989.779]: selected local clock 020000.fffe.00000c as best master
ptp4l[989.798]: port 1 (v-ru1): new foreign master 020000.fffe.000001-2
ptp4l[990.048]: selected best master clock 020000.fffe.00000b
ptp4l[990.048]: foreign master not using PTP timescale
ptp4l[990.048]: port 1 (v-ru1): LISTENING to UNCALIBRATED on RS_SLAVE
ptp4l[990.173]: selected best master clock 020000.fffe.00000a
ptp4l[990.173]: foreign master not using PTP timescale
ptp4l[992.237]: master offset      -1352 s0 freq   -1248 path delay      4147
ptp4l[994.238]: master offset        661 s0 freq    +795 path delay      3726
ptp4l[996.240]: master offset        297 s0 freq    -131 path delay      3827
ptp4l[998.242]: master offset      -2513 s0 freq    -842 path delay      4952
ptp4l[1000.245]: master offset       -264 s0 freq    +490 path delay      3685
ptp4l[1002.247]: master offset       -667 s0 freq     -58 path delay      3972
ptp4l[1004.250]: master offset       2727 s0 freq   +1804 path delay      4191
ptp4l[1006.251]: master offset      -1290 s0 freq   -2062 path delay      4080
ptp4l[1008.254]: master offset      -3203 s0 freq    +293 path delay      6580
ptp4l[1010.257]: master offset      -1283 s0 freq    -555 path delay      3549
ptp4l[1012.259]: master offset         78 s0 freq    +645 path delay      3480
ptp4l[1014.261]: master offset       -410 s0 freq    -155 path delay      3658
ptp4l[1016.264]: master offset        -69 s0 freq     +78 path delay      3473
ptp4l[1018.266]: master offset       -315 s0 freq    -128 path delay      3462
ptp4l[1020.268]: master offset         27 s0 freq    +448 path delay      4017
ptp4l[1022.270]: master offset       -894 s0 freq    -479 path delay      3978
ptp4l[1024.272]: master offset      -1527 s0 freq    -319 path delay      3972
ptp4l[1026.274]: master offset       -852 s0 freq    +518 path delay      4334
ptp4l[1028.276]: master offset       -298 s0 freq    +108 path delay      3997
