ptp4l[989.320]: port 1 (v-ru3): INITIALIZING to LISTENING on INIT_COMPLETE
ptp4l[989.320]: port 0 (/var/run/p.ru3): INITIALIZING to LISTENING on INIT_COMPLETE
ptp4l[989.320]: port 0 (/var/run/pr.ru3): INITIALIZING to LISTENING on INIT_COMPLETE
ptp4l[989.779]: selected local clock 020000.fffe.00000e as best master
ptp4l[989.798]: port 1 (v-ru3): new foreign master 020000.fffe.000001-2
ptp4l[990.048]: selected best master clock 020000.fffe.00000b
ptp4l[990.048]: foreign master not using PTP timescale
ptp4l[990.048]: port 1 (v-ru3): LISTENING to UNCALIBRATED on RS_SLAVE
ptp4l[990.173]: selected best master clock 020000.fffe.00000a
ptp4l[990.173]: foreign master not using PTP timescale
ptp4l[992.237]: master offset      -1244 s0 freq    -906 path delay      3372
ptp4l[994.238]: master offset       -350 s0 freq    +505 path delay      3489
ptp4l[996.240]: master offset       -733 s0 freq    -324 path delay      3224
ptp4l[998.242]: master offset      -1783 s0 freq    -350 path delay      3573
ptp4l[1000.245]: master offset       -530 s0 freq    +427 path delay      3176
ptp4l[1002.247]: master offset       -909 s0 freq     -30 path delay      3495
ptp4l[1004.250]: master offset       1554 s0 freq   +1305 path delay      3645
ptp4l[1006.251]: master offset      -1297 s0 freq   -1547 path delay      3399
ptp4l[1008.254]: master offset      -3603 s0 freq     -13 path delay      5678
ptp4l[1010.257]: master offset      -1489 s0 freq    -186 path delay      3191
ptp4l[1012.259]: master offset      -1308 s0 freq    +340 path delay      3690
ptp4l[1014.261]: master offset      -1612 s0 freq    -189 path delay      3616
ptp4l[1016.264]: master offset       -762 s0 freq    +315 path delay      3397
ptp4l[1018.266]: master offset       -367 s0 freq     -85 path delay      2831
ptp4l[1020.268]: master offset       -445 s0 freq    +395 path delay      3699
ptp4l[1022.270]: master offset       -750 s0 freq    -444 path delay      3115
ptp4l[1024.272]: master offset      -1566 s0 freq    -269 path delay      3393
ptp4l[1026.274]: master offset       -738 s0 freq    +403 path delay      3371
ptp4l[1028.276]: master offset         -4 s0 freq    +117 path delay      2871
