ptp4l[204.400]: port 1: INITIALIZING to LISTENING on INIT_COMPLETE
ptp4l[204.401]: port 0: INITIALIZING to LISTENING on INIT_COMPLETE
ptp4l[205.134]: port 1: new foreign master fe9714.fffe.87594b-1
ptp4l[205.311]: port 1: new foreign master ba90c3.fffe.3213e0-1
ptp4l[205.368]: selected local clock 7ecd23.fffe.9d2e3c as best master
ptp4l[205.634]: selected best master clock fe9714.fffe.87594b
ptp4l[205.635]: foreign master not using PTP timescale
ptp4l[205.636]: port 1: LISTENING to UNCALIBRATED on RS_SLAVE
ptp4l[205.811]: selected best master clock ba90c3.fffe.3213e0
ptp4l[205.812]: foreign master not using PTP timescale
ptp4l[206.134]: selected best master clock ba90c3.fffe.3213e0
ptp4l[206.135]: foreign master not using PTP timescale
ptp4l[206.634]: selected best master clock ba90c3.fffe.3213e0
ptp4l[206.635]: foreign master not using PTP timescale
ptp4l[207.135]: selected best master clock ba90c3.fffe.3213e0
ptp4l[207.136]: foreign master not using PTP timescale
ptp4l[207.635]: selected best master clock ba90c3.fffe.3213e0
ptp4l[207.636]: foreign master not using PTP timescale
ptp4l[208.136]: selected best master clock ba90c3.fffe.3213e0
ptp4l[208.136]: foreign master not using PTP timescale
ptp4l[208.636]: selected best master clock ba90c3.fffe.3213e0
ptp4l[208.636]: foreign master not using PTP timescale
ptp4l[209.136]: selected best master clock ba90c3.fffe.3213e0
ptp4l[209.137]: foreign master not using PTP timescale
ptp4l[209.636]: selected best master clock ba90c3.fffe.3213e0
ptp4l[209.637]: foreign master not using PTP timescale
ptp4l[210.136]: selected best master clock ba90c3.fffe.3213e0
ptp4l[210.137]: foreign master not using PTP timescale
ptp4l[210.637]: selected best master clock ba90c3.fffe.3213e0
ptp4l[210.637]: foreign master not using PTP timescale
ptp4l[211.137]: selected best master clock ba90c3.fffe.3213e0
ptp4l[211.138]: foreign master not using PTP timescale
ptp4l[211.637]: selected best master clock ba90c3.fffe.3213e0
ptp4l[211.637]: foreign master not using PTP timescale
ptp4l[212.138]: selected best master clock ba90c3.fffe.3213e0
ptp4l[212.142]: foreign master not using PTP timescale
ptp4l[212.637]: selected best master clock ba90c3.fffe.3213e0
ptp4l[212.638]: foreign master not using PTP timescale
ptp4l[213.138]: selected best master clock ba90c3.fffe.3213e0
ptp4l[213.139]: foreign master not using PTP timescale
ptp4l[213.638]: selected best master clock ba90c3.fffe.3213e0
ptp4l[213.639]: foreign master not using PTP timescale
ptp4l[214.138]: selected best master clock ba90c3.fffe.3213e0
ptp4l[214.139]: foreign master not using PTP timescale
ptp4l[214.639]: selected best master clock ba90c3.fffe.3213e0
ptp4l[214.640]: foreign master not using PTP timescale
ptp4l[215.139]: selected best master clock ba90c3.fffe.3213e0
ptp4l[215.140]: foreign master not using PTP timescale
ptp4l[215.639]: selected best master clock ba90c3.fffe.3213e0
ptp4l[215.640]: foreign master not using PTP timescale
ptp4l[216.140]: selected best master clock ba90c3.fffe.3213e0
ptp4l[216.140]: foreign master not using PTP timescale
ptp4l[216.640]: selected best master clock ba90c3.fffe.3213e0
ptp4l[216.644]: foreign master not using PTP timescale
ptp4l[217.140]: selected best master clock ba90c3.fffe.3213e0
ptp4l[217.141]: foreign master not using PTP timescale
ptp4l[217.640]: selected best master clock ba90c3.fffe.3213e0
ptp4l[217.641]: foreign master not using PTP timescale
ptp4l[218.141]: selected best master clock ba90c3.fffe.3213e0
ptp4l[218.142]: foreign master not using PTP timescale
ptp4l[218.641]: selected best master clock ba90c3.fffe.3213e0
ptp4l[218.641]: foreign master not using PTP timescale
ptp4l[219.141]: selected best master clock ba90c3.fffe.3213e0
ptp4l[219.142]: foreign master not using PTP timescale
ptp4l[219.641]: selected best master clock ba90c3.fffe.3213e0
ptp4l[219.642]: foreign master not using PTP timescale
ptp4l[220.141]: selected best master clock ba90c3.fffe.3213e0
ptp4l[220.142]: foreign master not using PTP timescale
ptp4l[220.641]: selected best master clock ba90c3.fffe.3213e0
ptp4l[220.642]: foreign master not using PTP timescale
ptp4l[221.141]: selected best master clock ba90c3.fffe.3213e0
ptp4l[221.142]: foreign master not using PTP timescale
ptp4l[221.642]: selected best master clock ba90c3.fffe.3213e0
ptp4l[221.642]: foreign master not using PTP timescale
ptp4l[222.142]: selected best master clock ba90c3.fffe.3213e0
ptp4l[222.143]: foreign master not using PTP timescale
ptp4l[222.573]: rms 648693 max 829891 freq +79477 +/- 245422 delay 500751 +/- 177176
ptp4l[222.642]: selected best master clock ba90c3.fffe.3213e0
ptp4l[222.642]: foreign master not using PTP timescale
ptp4l[223.393]: selected best master clock ba90c3.fffe.3213e0
ptp4l[223.393]: foreign master not using PTP timescale
ptp4l[223.893]: selected best master clock ba90c3.fffe.3213e0
ptp4l[223.893]: foreign master not using PTP timescale
ptp4l[224.393]: selected best master clock ba90c3.fffe.3213e0
ptp4l[224.394]: foreign master not using PTP timescale
ptp4l[224.893]: selected best master clock ba90c3.fffe.3213e0
ptp4l[224.894]: foreign master not using PTP timescale
ptp4l[225.393]: selected best master clock ba90c3.fffe.3213e0
ptp4l[225.397]: foreign master not using PTP timescale
ptp4l[225.893]: selected best master clock ba90c3.fffe.3213e0
ptp4l[225.894]: foreign master not using PTP timescale
ptp4l[226.393]: selected best master clock ba90c3.fffe.3213e0
ptp4l[226.394]: foreign master not using PTP timescale
ptp4l[226.894]: selected best master clock ba90c3.fffe.3213e0
ptp4l[226.895]: foreign master not using PTP timescale
ptp4l[227.394]: selected best master clock ba90c3.fffe.3213e0
ptp4l[227.395]: foreign master not using PTP timescale
ptp4l[227.894]: selected best master clock ba90c3.fffe.3213e0
ptp4l[227.895]: foreign master not using PTP timescale
ptp4l[228.394]: selected best master clock ba90c3.fffe.3213e0
ptp4l[228.395]: foreign master not using PTP timescale
ptp4l[228.895]: selected best master clock ba90c3.fffe.3213e0
ptp4l[228.897]: foreign master not using PTP timescale
ptp4l[229.395]: selected best master clock ba90c3.fffe.3213e0
ptp4l[229.395]: foreign master not using PTP timescale
ptp4l[229.895]: selected best master clock ba90c3.fffe.3213e0
ptp4l[229.896]: foreign master not using PTP timescale
ptp4l[230.396]: selected best master clock ba90c3.fffe.3213e0
ptp4l[230.396]: foreign master not using PTP timescale
ptp4l[230.896]: selected best master clock ba90c3.fffe.3213e0
ptp4l[230.896]: foreign master not using PTP timescale
ptp4l[231.396]: selected best master clock ba90c3.fffe.3213e0
ptp4l[231.398]: foreign master not using PTP timescale
ptp4l[231.897]: selected best master clock ba90c3.fffe.3213e0
ptp4l[231.898]: foreign master not using PTP timescale
ptp4l[232.397]: selected best master clock ba90c3.fffe.3213e0
ptp4l[232.397]: foreign master not using PTP timescale
ptp4l[232.897]: selected best master clock ba90c3.fffe.3213e0
ptp4l[232.899]: foreign master not using PTP timescale
ptp4l[233.398]: selected best master clock ba90c3.fffe.3213e0
ptp4l[233.398]: foreign master not using PTP timescale
ptp4l[233.897]: selected best master clock ba90c3.fffe.3213e0
ptp4l[233.898]: foreign master not using PTP timescale
ptp4l[234.397]: selected best master clock ba90c3.fffe.3213e0
ptp4l[234.398]: foreign master not using PTP timescale
ptp4l[234.897]: selected best master clock ba90c3.fffe.3213e0
ptp4l[234.898]: foreign master not using PTP timescale
ptp4l[235.398]: selected best master clock ba90c3.fffe.3213e0
ptp4l[235.399]: foreign master not using PTP timescale
ptp4l[235.898]: selected best master clock ba90c3.fffe.3213e0
ptp4l[235.899]: foreign master not using PTP timescale
ptp4l[236.398]: selected best master clock ba90c3.fffe.3213e0
ptp4l[236.399]: foreign master not using PTP timescale
ptp4l[236.899]: selected best master clock ba90c3.fffe.3213e0
ptp4l[236.900]: foreign master not using PTP timescale
ptp4l[237.399]: selected best master clock ba90c3.fffe.3213e0
ptp4l[237.400]: foreign master not using PTP timescale
