ptp4l[3636.980]: port 1 (v-bc-up): INITIALIZING to LISTENING on INIT_COMPLETE
ptp4l[3637.020]: port 2 (v-bc-dn): INITIALIZING to LISTENING on INIT_COMPLETE
ptp4l[3637.020]: port 0 (/var/run/p.bc): INITIALIZING to LISTENING on INIT_COMPLETE
ptp4l[3637.020]: port 0 (/var/run/pr.bc): INITIALIZING to LISTENING on INIT_COMPLETE
ptp4l[3637.376]: port 1 (v-bc-up): new foreign master 020000.fffe.00000b-1
ptp4l[3637.409]: port 1 (v-bc-up): LISTENING to MASTER on ANNOUNCE_RECEIPT_TIMEOUT_EXPIRES
ptp4l[3637.409]: selected local clock 020000.fffe.000001 as best master
ptp4l[3637.409]: port 1 (v-bc-up): assuming the grand master role
ptp4l[3637.467]: port 1 (v-bc-up): new foreign master 020000.fffe.00000a-1
ptp4l[3637.515]: port 2 (v-bc-dn): LISTENING to MASTER on ANNOUNCE_RECEIPT_TIMEOUT_EXPIRES
ptp4l[3637.515]: port 1 (v-bc-up): assuming the grand master role
ptp4l[3637.515]: port 2 (v-bc-dn): assuming the grand master role
ptp4l[3637.626]: selected best master clock 020000.fffe.00000b
ptp4l[3637.626]: foreign master not using PTP timescale
ptp4l[3637.626]: port 1 (v-bc-up): MASTER to UNCALIBRATED on RS_SLAVE
ptp4l[3637.717]: selected best master clock 020000.fffe.00000a
ptp4l[3637.717]: foreign master not using PTP timescale
ptp4l[3637.876]: foreign master not using PTP timescale
ptp4l[3638.127]: foreign master not using PTP timescale
ptp4l[3638.378]: foreign master not using PTP timescale
ptp4l[3638.628]: foreign master not using PTP timescale
ptp4l[3638.878]: foreign master not using PTP timescale
ptp4l[3639.129]: foreign master not using PTP timescale
ptp4l[3639.379]: foreign master not using PTP timescale
ptp4l[3639.629]: foreign master not using PTP timescale
ptp4l[3639.782]: master offset       2550 s0 freq   -1921 path delay      5096
ptp4l[3639.880]: foreign master not using PTP timescale
ptp4l[3640.130]: foreign master not using PTP timescale
ptp4l[3640.380]: foreign master not using PTP timescale
ptp4l[3640.630]: foreign master not using PTP timescale
ptp4l[3640.880]: foreign master not using PTP timescale
ptp4l[3641.130]: foreign master not using PTP timescale
ptp4l[3641.381]: foreign master not using PTP timescale
ptp4l[3641.631]: foreign master not using PTP timescale
ptp4l[3641.784]: master offset        -89 s0 freq   -1134 path delay      5465
ptp4l[3641.881]: foreign master not using PTP timescale
ptp4l[3642.131]: foreign master not using PTP timescale
ptp4l[3642.381]: foreign master not using PTP timescale
ptp4l[3642.631]: foreign master not using PTP timescale
ptp4l[3642.881]: foreign master not using PTP timescale
ptp4l[3643.132]: foreign master not using PTP timescale
ptp4l[3643.382]: foreign master not using PTP timescale
ptp4l[3643.632]: foreign master not using PTP timescale
ptp4l[3643.787]: master offset       2347 s0 freq   +2468 path delay      7971
ptp4l[3643.882]: foreign master not using PTP timescale
ptp4l[3644.132]: foreign master not using PTP timescale
ptp4l[3644.383]: foreign master not using PTP timescale
ptp4l[3644.633]: foreign master not using PTP timescale
ptp4l[3644.883]: foreign master not using PTP timescale
ptp4l[3645.133]: foreign master not using PTP timescale
ptp4l[3645.383]: foreign master not using PTP timescale
ptp4l[3645.633]: foreign master not using PTP timescale
ptp4l[3645.789]: master offset       1277 s0 freq    -751 path delay      7537
ptp4l[3645.884]: foreign master not using PTP timescale
ptp4l[3646.134]: foreign master not using PTP timescale
ptp4l[3646.384]: foreign master not using PTP timescale
ptp4l[3646.634]: foreign master not using PTP timescale
ptp4l[3646.884]: foreign master not using PTP timescale
ptp4l[3647.134]: foreign master not using PTP timescale
ptp4l[3647.385]: foreign master not using PTP timescale
ptp4l[3647.635]: foreign master not using PTP timescale
ptp4l[3647.791]: master offset      -3831 s0 freq   -2934 path delay      6771
ptp4l[3647.885]: foreign master not using PTP timescale
ptp4l[3648.135]: foreign master not using PTP timescale
ptp4l[3648.385]: foreign master not using PTP timescale
ptp4l[3648.635]: foreign master not using PTP timescale
ptp4l[3648.886]: foreign master not using PTP timescale
ptp4l[3649.136]: foreign master not using PTP timescale
ptp4l[3649.386]: foreign master not using PTP timescale
ptp4l[3649.636]: foreign master not using PTP timescale
ptp4l[3649.794]: master offset      -4320 s0 freq    -327 path delay      6605
ptp4l[3649.886]: foreign master not using PTP timescale
ptp4l[3650.136]: foreign master not using PTP timescale
ptp4l[3650.386]: foreign master not using PTP timescale
ptp4l[3650.637]: foreign master not using PTP timescale
ptp4l[3650.887]: foreign master not using PTP timescale
ptp4l[3651.137]: foreign master not using PTP timescale
ptp4l[3651.387]: foreign master not using PTP timescale
ptp4l[3651.637]: foreign master not using PTP timescale
ptp4l[3651.796]: master offset        903 s0 freq   +3246 path delay      7882
ptp4l[3651.888]: foreign master not using PTP timescale
ptp4l[3652.138]: foreign master not using PTP timescale
ptp4l[3652.388]: foreign master not using PTP timescale
ptp4l[3652.638]: foreign master not using PTP timescale
ptp4l[3652.888]: foreign master not using PTP timescale
ptp4l[3653.139]: foreign master not using PTP timescale
ptp4l[3653.389]: foreign master not using PTP timescale
ptp4l[3653.639]: foreign master not using PTP timescale
ptp4l[3653.799]: master offset       8325 s0 freq   +2533 path delay      5532
ptp4l[3653.889]: foreign master not using PTP timescale
ptp4l[3654.139]: foreign master not using PTP timescale
ptp4l[3654.389]: foreign master not using PTP timescale
ptp4l[3654.640]: foreign master not using PTP timescale
ptp4l[3654.890]: foreign master not using PTP timescale
ptp4l[3655.140]: foreign master not using PTP timescale
ptp4l[3655.390]: foreign master not using PTP timescale
ptp4l[3655.640]: foreign master not using PTP timescale
ptp4l[3655.801]: master offset       1057 s0 freq   -3453 path delay      5887
ptp4l[3655.890]: foreign master not using PTP timescale
ptp4l[3656.141]: foreign master not using PTP timescale
ptp4l[3656.391]: foreign master not using PTP timescale
ptp4l[3656.641]: foreign master not using PTP timescale
ptp4l[3656.891]: foreign master not using PTP timescale
ptp4l[3657.141]: foreign master not using PTP timescale
ptp4l[3657.391]: foreign master not using PTP timescale
ptp4l[3657.641]: foreign master not using PTP timescale
ptp4l[3657.804]: master offset      -4468 s0 freq   -1567 path delay      8275
ptp4l[3657.892]: foreign master not using PTP timescale
ptp4l[3658.142]: foreign master not using PTP timescale
ptp4l[3658.392]: foreign master not using PTP timescale
ptp4l[3658.642]: foreign master not using PTP timescale
ptp4l[3658.892]: foreign master not using PTP timescale
ptp4l[3659.143]: foreign master not using PTP timescale
ptp4l[3659.393]: foreign master not using PTP timescale
ptp4l[3659.643]: foreign master not using PTP timescale
ptp4l[3659.807]: master offset       -681 s0 freq   +1841 path delay      8174
ptp4l[3659.893]: foreign master not using PTP timescale
ptp4l[3660.143]: foreign master not using PTP timescale
ptp4l[3660.393]: foreign master not using PTP timescale
ptp4l[3660.644]: foreign master not using PTP timescale
ptp4l[3660.894]: foreign master not using PTP timescale
ptp4l[3661.144]: foreign master not using PTP timescale
ptp4l[3661.394]: foreign master not using PTP timescale
ptp4l[3661.644]: foreign master not using PTP timescale
ptp4l[3661.809]: master offset      -1705 s0 freq    -652 path delay      7892
ptp4l[3661.894]: foreign master not using PTP timescale
ptp4l[3662.144]: foreign master not using PTP timescale
ptp4l[3662.395]: foreign master not using PTP timescale
ptp4l[3662.645]: foreign master not using PTP timescale
ptp4l[3662.895]: foreign master not using PTP timescale
ptp4l[3663.145]: foreign master not using PTP timescale
ptp4l[3663.395]: foreign master not using PTP timescale
ptp4l[3663.645]: foreign master not using PTP timescale
ptp4l[3663.812]: master offset       1169 s0 freq     +69 path delay      5156
ptp4l[3663.896]: foreign master not using PTP timescale
ptp4l[3664.146]: foreign master not using PTP timescale
ptp4l[3664.396]: foreign master not using PTP timescale
ptp4l[3664.646]: foreign master not using PTP timescale
ptp4l[3664.896]: foreign master not using PTP timescale
ptp4l[3665.146]: foreign master not using PTP timescale
ptp4l[3665.397]: foreign master not using PTP timescale
ptp4l[3665.647]: foreign master not using PTP timescale
ptp4l[3665.814]: master offset      27652 s0 freq  +15134 path delay      8980
ptp4l[3665.897]: foreign master not using PTP timescale
ptp4l[3666.147]: foreign master not using PTP timescale
ptp4l[3666.397]: foreign master not using PTP timescale
ptp4l[3666.647]: foreign master not using PTP timescale
ptp4l[3666.898]: foreign master not using PTP timescale
ptp4l[3667.148]: foreign master not using PTP timescale
ptp4l[3667.398]: foreign master not using PTP timescale
ptp4l[3667.650]: foreign master not using PTP timescale
ptp4l[3667.817]: master offset      -1031 s0 freq  -15446 path delay      6730
ptp4l[3667.899]: foreign master not using PTP timescale
ptp4l[3668.149]: foreign master not using PTP timescale
ptp4l[3668.399]: foreign master not using PTP timescale
ptp4l[3668.649]: foreign master not using PTP timescale
ptp4l[3668.900]: foreign master not using PTP timescale
ptp4l[3669.150]: foreign master not using PTP timescale
ptp4l[3669.278]: port 1 (v-bc-up): UNCALIBRATED to MASTER on ANNOUNCE_RECEIPT_TIMEOUT_EXPIRES
ptp4l[3669.278]: selected local clock 020000.fffe.000001 as best master
ptp4l[3669.278]: port 1 (v-bc-up): assuming the grand master role
ptp4l[3669.278]: port 2 (v-bc-dn): assuming the grand master role
ptp4l[3669.400]: selected best master clock 020000.fffe.00000b
ptp4l[3669.400]: foreign master not using PTP timescale
ptp4l[3669.400]: port 1 (v-bc-up): MASTER to UNCALIBRATED on RS_SLAVE
ptp4l[3671.418]: master offset      -1565 s0 freq    +446 path delay      6932
ptp4l[3673.420]: master offset      -2266 s0 freq     -67 path delay      7498
ptp4l[3675.423]: master offset        369 s0 freq    +596 path delay      6056
ptp4l[3677.426]: master offset      -1947 s0 freq     +43 path delay      8459
ptp4l[3679.428]: master offset       1097 s0 freq    +312 path delay      6040
ptp4l[3681.431]: master offset      -1051 s0 freq    -962 path delay      6261
ptp4l[3683.435]: master offset       1194 s0 freq   +1481 path delay      6982
