ptp4l[586.240]: port 1: INITIALIZING to LISTENING on INIT_COMPLETE
ptp4l[586.241]: port 0: INITIALIZING to LISTENING on INIT_COMPLETE
ptp4l[587.104]: selected local clock aa31a3.fffe.eca398 as best master
ptp4l[587.318]: port 1: new foreign master aa38fe.fffe.593c67-1
ptp4l[587.319]: port 1: new foreign master e69225.fffe.1b9b93-1
ptp4l[587.818]: selected best master clock e69225.fffe.1b9b93
ptp4l[587.819]: foreign master not using PTP timescale
ptp4l[587.820]: port 1: LISTENING to UNCALIBRATED on RS_SLAVE
ptp4l[587.821]: selected best master clock e69225.fffe.1b9b93
ptp4l[587.821]: foreign master not using PTP timescale
ptp4l[588.318]: selected best master clock e69225.fffe.1b9b93
ptp4l[588.319]: foreign master not using PTP timescale
ptp4l[588.818]: selected best master clock e69225.fffe.1b9b93
ptp4l[588.819]: foreign master not using PTP timescale
ptp4l[589.319]: selected best master clock e69225.fffe.1b9b93
ptp4l[589.320]: foreign master not using PTP timescale
ptp4l[589.820]: selected best master clock e69225.fffe.1b9b93
ptp4l[589.820]: foreign master not using PTP timescale
ptp4l[590.322]: selected best master clock e69225.fffe.1b9b93
ptp4l[590.337]: foreign master not using PTP timescale
ptp4l[590.822]: selected best master clock e69225.fffe.1b9b93
ptp4l[590.823]: foreign master not using PTP timescale
ptp4l[591.323]: selected best master clock e69225.fffe.1b9b93
ptp4l[591.324]: foreign master not using PTP timescale
ptp4l[591.823]: selected best master clock e69225.fffe.1b9b93
ptp4l[591.824]: foreign master not using PTP timescale
ptp4l[592.325]: selected best master clock e69225.fffe.1b9b93
ptp4l[592.326]: foreign master not using PTP timescale
ptp4l[592.826]: selected best master clock e69225.fffe.1b9b93
ptp4l[592.827]: foreign master not using PTP timescale
ptp4l[593.326]: selected best master clock e69225.fffe.1b9b93
ptp4l[593.327]: foreign master not using PTP timescale
ptp4l[593.826]: selected best master clock e69225.fffe.1b9b93
ptp4l[593.827]: foreign master not using PTP timescale
ptp4l[594.327]: selected best master clock e69225.fffe.1b9b93
ptp4l[594.340]: foreign master not using PTP timescale
ptp4l[594.827]: selected best master clock e69225.fffe.1b9b93
ptp4l[594.828]: foreign master not using PTP timescale
ptp4l[595.326]: selected best master clock e69225.fffe.1b9b93
ptp4l[595.327]: foreign master not using PTP timescale
ptp4l[595.827]: selected best master clock e69225.fffe.1b9b93
ptp4l[595.827]: foreign master not using PTP timescale
ptp4l[596.327]: selected best master clock e69225.fffe.1b9b93
ptp4l[596.332]: foreign master not using PTP timescale
ptp4l[596.827]: selected best master clock e69225.fffe.1b9b93
ptp4l[596.828]: foreign master not using PTP timescale
ptp4l[597.327]: selected best master clock e69225.fffe.1b9b93
ptp4l[597.328]: foreign master not using PTP timescale
ptp4l[597.827]: selected best master clock e69225.fffe.1b9b93
ptp4l[597.828]: foreign master not using PTP timescale
ptp4l[598.327]: selected best master clock e69225.fffe.1b9b93
ptp4l[598.328]: foreign master not using PTP timescale
ptp4l[598.827]: selected best master clock e69225.fffe.1b9b93
ptp4l[598.828]: foreign master not using PTP timescale
ptp4l[599.328]: selected best master clock e69225.fffe.1b9b93
ptp4l[599.328]: foreign master not using PTP timescale
ptp4l[599.827]: selected best master clock e69225.fffe.1b9b93
ptp4l[599.828]: foreign master not using PTP timescale
ptp4l[600.328]: selected best master clock e69225.fffe.1b9b93
ptp4l[600.329]: foreign master not using PTP timescale
ptp4l[600.828]: selected best master clock e69225.fffe.1b9b93
ptp4l[600.829]: foreign master not using PTP timescale
ptp4l[601.328]: selected best master clock e69225.fffe.1b9b93
ptp4l[601.328]: foreign master not using PTP timescale
ptp4l[601.828]: selected best master clock e69225.fffe.1b9b93
ptp4l[601.829]: foreign master not using PTP timescale
ptp4l[602.328]: selected best master clock e69225.fffe.1b9b93
ptp4l[602.329]: foreign master not using PTP timescale
ptp4l[602.829]: selected best master clock e69225.fffe.1b9b93
ptp4l[602.832]: foreign master not using PTP timescale
ptp4l[603.330]: selected best master clock e69225.fffe.1b9b93
ptp4l[603.331]: foreign master not using PTP timescale
ptp4l[603.829]: selected best master clock e69225.fffe.1b9b93
ptp4l[603.830]: foreign master not using PTP timescale
ptp4l[604.329]: selected best master clock e69225.fffe.1b9b93
ptp4l[604.330]: foreign master not using PTP timescale
ptp4l[604.331]: rms 636045 max 1097699 freq +61828 +/- 260302 delay 460492 +/- 167973
ptp4l[604.829]: selected best master clock e69225.fffe.1b9b93
ptp4l[604.830]: foreign master not using PTP timescale
ptp4l[605.330]: selected best master clock e69225.fffe.1b9b93
ptp4l[605.331]: foreign master not using PTP timescale
ptp4l[605.830]: selected best master clock e69225.fffe.1b9b93
ptp4l[605.832]: foreign master not using PTP timescale
ptp4l[606.330]: selected best master clock e69225.fffe.1b9b93
ptp4l[606.331]: foreign master not using PTP timescale
ptp4l[606.830]: selected best master clock e69225.fffe.1b9b93
ptp4l[606.831]: foreign master not using PTP timescale
ptp4l[607.330]: selected best master clock e69225.fffe.1b9b93
ptp4l[607.331]: foreign master not using PTP timescale
ptp4l[607.831]: selected best master clock e69225.fffe.1b9b93
ptp4l[607.832]: foreign master not using PTP timescale
ptp4l[608.331]: selected best master clock e69225.fffe.1b9b93
ptp4l[608.331]: foreign master not using PTP timescale
ptp4l[608.830]: selected best master clock e69225.fffe.1b9b93
ptp4l[608.831]: foreign master not using PTP timescale
ptp4l[609.331]: selected best master clock e69225.fffe.1b9b93
ptp4l[609.332]: foreign master not using PTP timescale
ptp4l[609.831]: selected best master clock e69225.fffe.1b9b93
ptp4l[609.832]: foreign master not using PTP timescale
ptp4l[610.332]: selected best master clock e69225.fffe.1b9b93
ptp4l[610.332]: foreign master not using PTP timescale
ptp4l[610.832]: selected best master clock e69225.fffe.1b9b93
ptp4l[610.832]: foreign master not using PTP timescale
ptp4l[611.332]: selected best master clock e69225.fffe.1b9b93
ptp4l[611.332]: foreign master not using PTP timescale
ptp4l[611.832]: selected best master clock e69225.fffe.1b9b93
ptp4l[611.832]: foreign master not using PTP timescale
ptp4l[612.332]: selected best master clock e69225.fffe.1b9b93
ptp4l[612.333]: foreign master not using PTP timescale
ptp4l[612.832]: selected best master clock e69225.fffe.1b9b93
ptp4l[612.833]: foreign master not using PTP timescale
ptp4l[613.332]: selected best master clock e69225.fffe.1b9b93
ptp4l[613.333]: foreign master not using PTP timescale
ptp4l[613.833]: selected best master clock e69225.fffe.1b9b93
ptp4l[613.834]: foreign master not using PTP timescale
ptp4l[614.333]: selected best master clock e69225.fffe.1b9b93
ptp4l[614.333]: foreign master not using PTP timescale
ptp4l[614.833]: selected best master clock e69225.fffe.1b9b93
ptp4l[614.833]: foreign master not using PTP timescale
ptp4l[615.333]: selected best master clock e69225.fffe.1b9b93
ptp4l[615.334]: foreign master not using PTP timescale
ptp4l[615.833]: selected best master clock e69225.fffe.1b9b93
ptp4l[615.833]: foreign master not using PTP timescale
ptp4l[616.334]: selected best master clock e69225.fffe.1b9b93
ptp4l[616.334]: foreign master not using PTP timescale
ptp4l[616.834]: selected best master clock e69225.fffe.1b9b93
ptp4l[616.834]: foreign master not using PTP timescale
ptp4l[617.334]: selected best master clock e69225.fffe.1b9b93
ptp4l[617.335]: foreign master not using PTP timescale
ptp4l[617.835]: selected best master clock e69225.fffe.1b9b93
ptp4l[617.836]: foreign master not using PTP timescale
ptp4l[618.334]: selected best master clock e69225.fffe.1b9b93
ptp4l[618.335]: foreign master not using PTP timescale
ptp4l[619.085]: selected best master clock e69225.fffe.1b9b93
ptp4l[619.085]: foreign master not using PTP timescale
