ptp4l[182.944]: port 1: INITIALIZING to LISTENING on INIT_COMPLETE
ptp4l[182.946]: port 0: INITIALIZING to LISTENING on INIT_COMPLETE
ptp4l[183.864]: selected local clock ca3334.fffe.8b1336 as best master
ptp4l[183.946]: port 1: new foreign master 0e4456.fffe.443de3-1
ptp4l[184.087]: port 1: new foreign master ba0f8d.fffe.03ebea-1
ptp4l[184.447]: selected best master clock 0e4456.fffe.443de3
ptp4l[184.450]: foreign master not using PTP timescale
ptp4l[184.453]: port 1: LISTENING to UNCALIBRATED on RS_SLAVE
ptp4l[184.588]: selected best master clock ba0f8d.fffe.03ebea
ptp4l[184.590]: foreign master not using PTP timescale
ptp4l[184.947]: selected best master clock ba0f8d.fffe.03ebea
ptp4l[184.948]: foreign master not using PTP timescale
ptp4l[185.448]: selected best master clock ba0f8d.fffe.03ebea
ptp4l[185.449]: foreign master not using PTP timescale
ptp4l[185.948]: selected best master clock ba0f8d.fffe.03ebea
ptp4l[185.948]: foreign master not using PTP timescale
ptp4l[186.448]: selected best master clock ba0f8d.fffe.03ebea
ptp4l[186.451]: foreign master not using PTP timescale
ptp4l[186.949]: selected best master clock ba0f8d.fffe.03ebea
ptp4l[186.950]: foreign master not using PTP timescale
ptp4l[187.449]: selected best master clock ba0f8d.fffe.03ebea
ptp4l[187.449]: foreign master not using PTP timescale
ptp4l[187.949]: selected best master clock ba0f8d.fffe.03ebea
ptp4l[187.950]: foreign master not using PTP timescale
ptp4l[188.450]: selected best master clock ba0f8d.fffe.03ebea
ptp4l[188.450]: foreign master not using PTP timescale
ptp4l[188.950]: selected best master clock ba0f8d.fffe.03ebea
ptp4l[188.951]: foreign master not using PTP timescale
ptp4l[189.450]: selected best master clock ba0f8d.fffe.03ebea
ptp4l[189.451]: foreign master not using PTP timescale
ptp4l[189.950]: selected best master clock ba0f8d.fffe.03ebea
ptp4l[189.951]: foreign master not using PTP timescale
ptp4l[190.451]: selected best master clock ba0f8d.fffe.03ebea
ptp4l[190.451]: foreign master not using PTP timescale
ptp4l[190.951]: selected best master clock ba0f8d.fffe.03ebea
ptp4l[190.951]: foreign master not using PTP timescale
ptp4l[191.451]: selected best master clock ba0f8d.fffe.03ebea
ptp4l[191.454]: foreign master not using PTP timescale
ptp4l[191.951]: selected best master clock ba0f8d.fffe.03ebea
ptp4l[191.952]: foreign master not using PTP timescale
ptp4l[192.451]: selected best master clock ba0f8d.fffe.03ebea
ptp4l[192.452]: foreign master not using PTP timescale
ptp4l[192.951]: selected best master clock ba0f8d.fffe.03ebea
ptp4l[192.952]: foreign master not using PTP timescale
ptp4l[193.452]: selected best master clock ba0f8d.fffe.03ebea
ptp4l[193.452]: foreign master not using PTP timescale
ptp4l[193.952]: selected best master clock ba0f8d.fffe.03ebea
ptp4l[193.952]: foreign master not using PTP timescale
ptp4l[194.452]: selected best master clock ba0f8d.fffe.03ebea
ptp4l[194.453]: foreign master not using PTP timescale
ptp4l[194.668]: port 1: UNCALIBRATED to LISTENING on ANNOUNCE_RECEIPT_TIMEOUT_EXPIRES
ptp4l[194.669]: selected local clock ca3334.fffe.8b1336 as best master
ptp4l[194.952]: selected best master clock 0e4456.fffe.443de3
ptp4l[194.953]: foreign master not using PTP timescale
ptp4l[194.954]: port 1: LISTENING to UNCALIBRATED on RS_SLAVE
