ptp4l[254.032]: port 1: INITIALIZING to LISTENING on INIT_COMPLETE
ptp4l[254.033]: port 0: INITIALIZING to LISTENING on INIT_COMPLETE
ptp4l[254.953]: port 1: new foreign master aeb9f0.fffe.301770-1
ptp4l[255.016]: selected local clock 32c960.fffe.315e91 as best master
ptp4l[255.247]: port 1: new foreign master 86e8ad.fffe.ceb43b-1
ptp4l[255.454]: selected best master clock aeb9f0.fffe.301770
ptp4l[255.454]: foreign master not using PTP timescale
ptp4l[255.455]: port 1: LISTENING to UNCALIBRATED on RS_SLAVE
ptp4l[255.747]: selected best master clock 86e8ad.fffe.ceb43b
ptp4l[255.748]: foreign master not using PTP timescale
ptp4l[256.204]: selected best master clock 86e8ad.fffe.ceb43b
ptp4l[256.204]: foreign master not using PTP timescale
ptp4l[256.704]: selected best master clock 86e8ad.fffe.ceb43b
ptp4l[256.704]: foreign master not using PTP timescale
ptp4l[257.204]: selected best master clock 86e8ad.fffe.ceb43b
ptp4l[257.205]: foreign master not using PTP timescale
ptp4l[257.704]: selected best master clock 86e8ad.fffe.ceb43b
ptp4l[257.705]: foreign master not using PTP timescale
ptp4l[258.204]: selected best master clock 86e8ad.fffe.ceb43b
ptp4l[258.205]: foreign master not using PTP timescale
ptp4l[258.704]: selected best master clock 86e8ad.fffe.ceb43b
ptp4l[258.705]: foreign master not using PTP timescale
ptp4l[259.204]: selected best master clock 86e8ad.fffe.ceb43b
ptp4l[259.205]: foreign master not using PTP timescale
ptp4l[259.705]: selected best master clock 86e8ad.fffe.ceb43b
ptp4l[259.705]: foreign master not using PTP timescale
ptp4l[260.205]: selected best master clock 86e8ad.fffe.ceb43b
ptp4l[260.206]: foreign master not using PTP timescale
ptp4l[260.705]: selected best master clock 86e8ad.fffe.ceb43b
ptp4l[260.706]: foreign master not using PTP timescale
ptp4l[261.205]: selected best master clock 86e8ad.fffe.ceb43b
ptp4l[261.206]: foreign master not using PTP timescale
ptp4l[261.705]: selected best master clock 86e8ad.fffe.ceb43b
ptp4l[261.706]: foreign master not using PTP timescale
ptp4l[262.206]: selected best master clock 86e8ad.fffe.ceb43b
ptp4l[262.206]: foreign master not using PTP timescale
ptp4l[262.706]: selected best master clock 86e8ad.fffe.ceb43b
ptp4l[262.706]: foreign master not using PTP timescale
ptp4l[263.206]: selected best master clock 86e8ad.fffe.ceb43b
ptp4l[263.207]: foreign master not using PTP timescale
ptp4l[263.706]: selected best master clock 86e8ad.fffe.ceb43b
ptp4l[263.707]: foreign master not using PTP timescale
ptp4l[264.207]: selected best master clock 86e8ad.fffe.ceb43b
ptp4l[264.207]: foreign master not using PTP timescale
ptp4l[264.707]: selected best master clock 86e8ad.fffe.ceb43b
ptp4l[264.708]: foreign master not using PTP timescale
