ptp4l[1210.756]: port 1: INITIALIZING to LISTENING on INIT_COMPLETE
ptp4l[1210.780]: port 2: INITIALIZING to LISTENING on INIT_COMPLETE
ptp4l[1210.781]: port 0: INITIALIZING to LISTENING on INIT_COMPLETE
ptp4l[1211.588]: selected local clock f2aa41.fffe.435fee as best master
ptp4l[1211.668]: selected local clock f2aa41.fffe.435fee as best master
ptp4l[1211.726]: port 1: new foreign master c6aca0.fffe.1e816e-1
ptp4l[1211.887]: port 2: new foreign master ba9c36.fffe.79f10d-1
ptp4l[1212.226]: selected best master clock c6aca0.fffe.1e816e
ptp4l[1212.227]: foreign master not using PTP timescale
ptp4l[1212.228]: port 1: LISTENING to UNCALIBRATED on RS_SLAVE
ptp4l[1212.387]: selected best master clock c6aca0.fffe.1e816e
ptp4l[1212.388]: foreign master not using PTP timescale
ptp4l[1212.391]: port 2: master state recommended in slave only mode
ptp4l[1212.392]: port 2: defaultDS.priority1 probably misconfigured
ptp4l[1212.648]: selected best master clock c6aca0.fffe.1e816e
ptp4l[1212.649]: foreign master not using PTP timescale
ptp4l[1213.137]: selected best master clock c6aca0.fffe.1e816e
ptp4l[1213.138]: foreign master not using PTP timescale
ptp4l[1213.139]: port 2: master state recommended in slave only mode
ptp4l[1213.140]: port 2: defaultDS.priority1 probably misconfigured
ptp4l[1213.456]: selected best master clock c6aca0.fffe.1e816e
ptp4l[1213.457]: foreign master not using PTP timescale
ptp4l[1213.887]: selected best master clock c6aca0.fffe.1e816e
ptp4l[1213.888]: foreign master not using PTP timescale
ptp4l[1213.890]: port 2: master state recommended in slave only mode
ptp4l[1213.891]: port 2: defaultDS.priority1 probably misconfigured
ptp4l[1214.280]: selected best master clock c6aca0.fffe.1e816e
ptp4l[1214.281]: foreign master not using PTP timescale
ptp4l[1214.637]: selected best master clock c6aca0.fffe.1e816e
ptp4l[1214.640]: foreign master not using PTP timescale
ptp4l[1214.644]: port 2: master state recommended in slave only mode
ptp4l[1214.647]: port 2: defaultDS.priority1 probably misconfigured
ptp4l[1215.116]: selected best master clock c6aca0.fffe.1e816e
ptp4l[1215.119]: foreign master not using PTP timescale
ptp4l[1215.388]: selected best master clock c6aca0.fffe.1e816e
ptp4l[1215.391]: foreign master not using PTP timescale
ptp4l[1215.394]: port 2: master state recommended in slave only mode
ptp4l[1215.398]: port 2: defaultDS.priority1 probably misconfigured
ptp4l[1215.936]: selected best master clock c6aca0.fffe.1e816e
ptp4l[1215.939]: foreign master not using PTP timescale
ptp4l[1216.389]: selected best master clock c6aca0.fffe.1e816e
ptp4l[1216.391]: foreign master not using PTP timescale
ptp4l[1216.392]: port 2: master state recommended in slave only mode
ptp4l[1216.394]: port 2: defaultDS.priority1 probably misconfigured
ptp4l[1216.828]: selected best master clock c6aca0.fffe.1e816e
ptp4l[1216.830]: foreign master not using PTP timescale
ptp4l[1217.140]: selected best master clock c6aca0.fffe.1e816e
ptp4l[1217.143]: foreign master not using PTP timescale
ptp4l[1217.146]: port 2: master state recommended in slave only mode
ptp4l[1217.149]: port 2: defaultDS.priority1 probably misconfigured
ptp4l[1217.744]: selected best master clock c6aca0.fffe.1e816e
ptp4l[1217.747]: foreign master not using PTP timescale
ptp4l[1218.141]: selected best master clock c6aca0.fffe.1e816e
ptp4l[1218.144]: foreign master not using PTP timescale
ptp4l[1218.147]: port 2: master state recommended in slave only mode
ptp4l[1218.149]: port 2: defaultDS.priority1 probably misconfigured
ptp4l[1218.716]: selected best master clock c6aca0.fffe.1e816e
ptp4l[1218.717]: foreign master not using PTP timescale
ptp4l[1219.141]: selected best master clock c6aca0.fffe.1e816e
ptp4l[1219.142]: foreign master not using PTP timescale
ptp4l[1219.143]: port 2: master state recommended in slave only mode
ptp4l[1219.144]: port 2: defaultDS.priority1 probably misconfigured
ptp4l[1219.580]: selected best master clock c6aca0.fffe.1e816e
ptp4l[1219.581]: foreign master not using PTP timescale
ptp4l[1219.891]: selected best master clock c6aca0.fffe.1e816e
ptp4l[1219.893]: foreign master not using PTP timescale
ptp4l[1219.894]: port 2: master state recommended in slave only mode
ptp4l[1219.894]: port 2: defaultDS.priority1 probably misconfigured
ptp4l[1220.340]: selected best master clock c6aca0.fffe.1e816e
ptp4l[1220.341]: foreign master not using PTP timescale
ptp4l[1220.642]: selected best master clock c6aca0.fffe.1e816e
ptp4l[1220.642]: foreign master not using PTP timescale
ptp4l[1220.643]: port 2: master state recommended in slave only mode
ptp4l[1220.644]: port 2: defaultDS.priority1 probably misconfigured
ptp4l[1221.276]: selected best master clock c6aca0.fffe.1e816e
ptp4l[1221.277]: foreign master not using PTP timescale
ptp4l[1221.642]: selected best master clock c6aca0.fffe.1e816e
ptp4l[1221.644]: foreign master not using PTP timescale
ptp4l[1221.645]: port 2: master state recommended in slave only mode
ptp4l[1221.647]: port 2: defaultDS.priority1 probably misconfigured
ptp4l[1222.256]: selected best master clock c6aca0.fffe.1e816e
ptp4l[1222.258]: foreign master not using PTP timescale
ptp4l[1222.643]: selected best master clock c6aca0.fffe.1e816e
ptp4l[1222.646]: foreign master not using PTP timescale
ptp4l[1222.649]: port 2: master state recommended in slave only mode
ptp4l[1222.652]: port 2: defaultDS.priority1 probably misconfigured
ptp4l[1223.120]: selected best master clock c6aca0.fffe.1e816e
ptp4l[1223.126]: foreign master not using PTP timescale
ptp4l[1223.394]: selected best master clock c6aca0.fffe.1e816e
ptp4l[1223.397]: foreign master not using PTP timescale
ptp4l[1223.399]: port 2: master state recommended in slave only mode
ptp4l[1223.402]: port 2: defaultDS.priority1 probably misconfigured
ptp4l[1223.952]: selected best master clock c6aca0.fffe.1e816e
ptp4l[1223.955]: foreign master not using PTP timescale
ptp4l[1224.395]: selected best master clock c6aca0.fffe.1e816e
ptp4l[1224.398]: foreign master not using PTP timescale
ptp4l[1224.401]: port 2: master state recommended in slave only mode
ptp4l[1224.403]: port 2: defaultDS.priority1 probably misconfigured
ptp4l[1224.740]: selected best master clock c6aca0.fffe.1e816e
ptp4l[1224.743]: foreign master not using PTP timescale
ptp4l[1225.145]: selected best master clock c6aca0.fffe.1e816e
ptp4l[1225.147]: foreign master not using PTP timescale
ptp4l[1225.148]: port 2: master state recommended in slave only mode
ptp4l[1225.149]: port 2: defaultDS.priority1 probably misconfigured
ptp4l[1225.572]: selected best master clock c6aca0.fffe.1e816e
ptp4l[1225.573]: foreign master not using PTP timescale
ptp4l[1225.896]: selected best master clock c6aca0.fffe.1e816e
ptp4l[1225.899]: foreign master not using PTP timescale
ptp4l[1225.901]: port 2: master state recommended in slave only mode
ptp4l[1225.903]: port 2: defaultDS.priority1 probably misconfigured
ptp4l[1226.552]: selected best master clock c6aca0.fffe.1e816e
ptp4l[1226.555]: foreign master not using PTP timescale
ptp4l[1226.897]: selected best master clock c6aca0.fffe.1e816e
ptp4l[1226.900]: foreign master not using PTP timescale
ptp4l[1226.902]: port 2: master state recommended in slave only mode
ptp4l[1226.905]: port 2: defaultDS.priority1 probably misconfigured
ptp4l[1227.372]: selected best master clock c6aca0.fffe.1e816e
ptp4l[1227.373]: foreign master not using PTP timescale
ptp4l[1227.647]: selected best master clock c6aca0.fffe.1e816e
ptp4l[1227.648]: foreign master not using PTP timescale
ptp4l[1227.649]: port 2: master state recommended in slave only mode
ptp4l[1227.650]: port 2: defaultDS.priority1 probably misconfigured
ptp4l[1228.384]: selected best master clock c6aca0.fffe.1e816e
ptp4l[1228.385]: foreign master not using PTP timescale
ptp4l[1228.386]: rms 9143 max 19350 freq  -1048 +/- 4813 delay 23393 +/- 7156
ptp4l[1228.648]: selected best master clock c6aca0.fffe.1e816e
ptp4l[1228.649]: foreign master not using PTP timescale
ptp4l[1228.650]: port 2: master state recommended in slave only mode
ptp4l[1228.651]: port 2: defaultDS.priority1 probably misconfigured
ptp4l[1229.172]: selected best master clock c6aca0.fffe.1e816e
ptp4l[1229.175]: foreign master not using PTP timescale
ptp4l[1229.649]: selected best master clock c6aca0.fffe.1e816e
ptp4l[1229.652]: foreign master not using PTP timescale
ptp4l[1229.655]: port 2: master state recommended in slave only mode
ptp4l[1229.658]: port 2: defaultDS.priority1 probably misconfigured
ptp4l[1229.940]: selected best master clock c6aca0.fffe.1e816e
ptp4l[1229.943]: foreign master not using PTP timescale
ptp4l[1230.400]: selected best master clock c6aca0.fffe.1e816e
ptp4l[1230.401]: foreign master not using PTP timescale
ptp4l[1230.402]: port 2: master state recommended in slave only mode
ptp4l[1230.404]: port 2: defaultDS.priority1 probably misconfigured
ptp4l[1230.800]: selected best master clock c6aca0.fffe.1e816e
ptp4l[1230.802]: foreign master not using PTP timescale
ptp4l[1231.150]: selected best master clock c6aca0.fffe.1e816e
ptp4l[1231.153]: foreign master not using PTP timescale
ptp4l[1231.155]: port 2: master state recommended in slave only mode
ptp4l[1231.157]: port 2: defaultDS.priority1 probably misconfigured
ptp4l[1231.688]: selected best master clock c6aca0.fffe.1e816e
ptp4l[1231.691]: foreign master not using PTP timescale
ptp4l[1232.151]: selected best master clock c6aca0.fffe.1e816e
ptp4l[1232.153]: foreign master not using PTP timescale
ptp4l[1232.155]: port 2: master state recommended in slave only mode
ptp4l[1232.158]: port 2: defaultDS.priority1 probably misconfigured
ptp4l[1232.560]: selected best master clock c6aca0.fffe.1e816e
ptp4l[1232.564]: foreign master not using PTP timescale
ptp4l[1232.902]: selected best master clock c6aca0.fffe.1e816e
ptp4l[1232.903]: foreign master not using PTP timescale
ptp4l[1232.904]: port 2: master state recommended in slave only mode
ptp4l[1232.905]: port 2: defaultDS.priority1 probably misconfigured
ptp4l[1233.532]: selected best master clock c6aca0.fffe.1e816e
ptp4l[1233.535]: foreign master not using PTP timescale
ptp4l[1233.903]: selected best master clock c6aca0.fffe.1e816e
ptp4l[1233.905]: foreign master not using PTP timescale
ptp4l[1233.908]: port 2: master state recommended in slave only mode
ptp4l[1233.911]: port 2: defaultDS.priority1 probably misconfigured
ptp4l[1234.516]: selected best master clock c6aca0.fffe.1e816e
ptp4l[1234.519]: foreign master not using PTP timescale
ptp4l[1234.904]: selected best master clock c6aca0.fffe.1e816e
ptp4l[1234.906]: foreign master not using PTP timescale
ptp4l[1234.910]: port 2: master state recommended in slave only mode
ptp4l[1234.912]: port 2: defaultDS.priority1 probably misconfigured
ptp4l[1235.348]: selected best master clock c6aca0.fffe.1e816e
ptp4l[1235.351]: foreign master not using PTP timescale
ptp4l[1235.654]: selected best master clock c6aca0.fffe.1e816e
ptp4l[1235.658]: foreign master not using PTP timescale
ptp4l[1235.660]: port 2: master state recommended in slave only mode
ptp4l[1235.663]: port 2: defaultDS.priority1 probably misconfigured
ptp4l[1236.312]: selected best master clock c6aca0.fffe.1e816e
ptp4l[1236.314]: foreign master not using PTP timescale
ptp4l[1236.655]: selected best master clock c6aca0.fffe.1e816e
ptp4l[1236.656]: foreign master not using PTP timescale
ptp4l[1236.657]: port 2: master state recommended in slave only mode
ptp4l[1236.659]: port 2: defaultDS.priority1 probably misconfigured
ptp4l[1237.060]: selected best master clock c6aca0.fffe.1e816e
ptp4l[1237.061]: foreign master not using PTP timescale
ptp4l[1237.405]: selected best master clock c6aca0.fffe.1e816e
ptp4l[1237.407]: foreign master not using PTP timescale
ptp4l[1237.408]: port 2: master state recommended in slave only mode
ptp4l[1237.410]: port 2: defaultDS.priority1 probably misconfigured
ptp4l[1238.024]: selected best master clock c6aca0.fffe.1e816e
ptp4l[1238.025]: foreign master not using PTP timescale
ptp4l[1238.406]: selected best master clock c6aca0.fffe.1e816e
ptp4l[1238.407]: foreign master not using PTP timescale
ptp4l[1238.408]: port 2: master state recommended in slave only mode
ptp4l[1238.409]: port 2: defaultDS.priority1 probably misconfigured
ptp4l[1239.004]: selected best master clock c6aca0.fffe.1e816e
ptp4l[1239.005]: foreign master not using PTP timescale
ptp4l[1239.406]: selected best master clock c6aca0.fffe.1e816e
ptp4l[1239.408]: foreign master not using PTP timescale
ptp4l[1239.409]: port 2: master state recommended in slave only mode
ptp4l[1239.410]: port 2: defaultDS.priority1 probably misconfigured
ptp4l[1239.928]: selected best master clock c6aca0.fffe.1e816e
ptp4l[1239.929]: foreign master not using PTP timescale
ptp4l[1240.407]: selected best master clock c6aca0.fffe.1e816e
ptp4l[1240.410]: foreign master not using PTP timescale
ptp4l[1240.413]: port 2: master state recommended in slave only mode
ptp4l[1240.416]: port 2: defaultDS.priority1 probably misconfigured
ptp4l[1240.864]: selected best master clock c6aca0.fffe.1e816e
ptp4l[1240.867]: foreign master not using PTP timescale
ptp4l[1241.158]: selected best master clock c6aca0.fffe.1e816e
ptp4l[1241.161]: foreign master not using PTP timescale
ptp4l[1241.164]: port 2: master state recommended in slave only mode
ptp4l[1241.167]: port 2: defaultDS.priority1 probably misconfigured
ptp4l[1241.808]: selected best master clock c6aca0.fffe.1e816e
ptp4l[1241.811]: foreign master not using PTP timescale
ptp4l[1242.160]: selected best master clock c6aca0.fffe.1e816e
ptp4l[1242.162]: foreign master not using PTP timescale
ptp4l[1242.164]: port 2: master state recommended in slave only mode
ptp4l[1242.166]: port 2: defaultDS.priority1 probably misconfigured
ptp4l[1242.780]: selected best master clock c6aca0.fffe.1e816e
ptp4l[1242.782]: foreign master not using PTP timescale
ptp4l[1243.160]: selected best master clock c6aca0.fffe.1e816e
ptp4l[1243.163]: foreign master not using PTP timescale
ptp4l[1243.165]: port 2: master state recommended in slave only mode
ptp4l[1243.167]: port 2: defaultDS.priority1 probably misconfigured
ptp4l[1243.632]: selected best master clock c6aca0.fffe.1e816e
ptp4l[1243.635]: foreign master not using PTP timescale
ptp4l[1243.911]: selected best master clock c6aca0.fffe.1e816e
ptp4l[1243.914]: foreign master not using PTP timescale
ptp4l[1243.918]: port 2: master state recommended in slave only mode
ptp4l[1243.920]: port 2: defaultDS.priority1 probably misconfigured
ptp4l[1244.401]: rms 193871 max 496154 freq   +610 +/- 142977 delay 103738 +/- 62160
ptp4l[1244.504]: selected best master clock c6aca0.fffe.1e816e
ptp4l[1244.505]: foreign master not using PTP timescale
ptp4l[1244.911]: selected best master clock c6aca0.fffe.1e816e
ptp4l[1244.913]: foreign master not using PTP timescale
ptp4l[1244.914]: port 2: master state recommended in slave only mode
ptp4l[1244.915]: port 2: defaultDS.priority1 probably misconfigured
ptp4l[1245.412]: selected best master clock c6aca0.fffe.1e816e
ptp4l[1245.412]: foreign master not using PTP timescale
ptp4l[1245.662]: selected best master clock c6aca0.fffe.1e816e
ptp4l[1245.664]: foreign master not using PTP timescale
ptp4l[1245.667]: port 2: master state recommended in slave only mode
ptp4l[1245.669]: port 2: defaultDS.priority1 probably misconfigured
ptp4l[1246.324]: selected best master clock c6aca0.fffe.1e816e
ptp4l[1246.327]: foreign master not using PTP timescale
ptp4l[1246.663]: selected best master clock c6aca0.fffe.1e816e
ptp4l[1246.666]: foreign master not using PTP timescale
ptp4l[1246.669]: port 2: master state recommended in slave only mode
ptp4l[1246.671]: port 2: defaultDS.priority1 probably misconfigured
ptp4l[1247.160]: selected best master clock c6aca0.fffe.1e816e
ptp4l[1247.161]: foreign master not using PTP timescale
ptp4l[1247.414]: selected best master clock c6aca0.fffe.1e816e
ptp4l[1247.416]: foreign master not using PTP timescale
ptp4l[1247.418]: port 2: master state recommended in slave only mode
ptp4l[1247.421]: port 2: defaultDS.priority1 probably misconfigured
ptp4l[1248.028]: selected best master clock c6aca0.fffe.1e816e
ptp4l[1248.031]: foreign master not using PTP timescale
ptp4l[1248.414]: selected best master clock c6aca0.fffe.1e816e
ptp4l[1248.415]: foreign master not using PTP timescale
ptp4l[1248.416]: port 2: master state recommended in slave only mode
ptp4l[1248.417]: port 2: defaultDS.priority1 probably misconfigured
ptp4l[1248.964]: selected best master clock c6aca0.fffe.1e816e
ptp4l[1248.967]: foreign master not using PTP timescale
ptp4l[1249.415]: selected best master clock c6aca0.fffe.1e816e
ptp4l[1249.418]: foreign master not using PTP timescale
ptp4l[1249.420]: port 2: master state recommended in slave only mode
ptp4l[1249.423]: port 2: defaultDS.priority1 probably misconfigured
ptp4l[1249.948]: selected best master clock c6aca0.fffe.1e816e
ptp4l[1249.949]: foreign master not using PTP timescale
ptp4l[1250.416]: selected best master clock c6aca0.fffe.1e816e
ptp4l[1250.419]: foreign master not using PTP timescale
ptp4l[1250.422]: port 2: master state recommended in slave only mode
ptp4l[1250.425]: port 2: defaultDS.priority1 probably misconfigured
ptp4l[1250.920]: selected best master clock c6aca0.fffe.1e816e
ptp4l[1250.921]: foreign master not using PTP timescale
ptp4l[1251.417]: selected best master clock c6aca0.fffe.1e816e
ptp4l[1251.420]: foreign master not using PTP timescale
ptp4l[1251.423]: port 2: master state recommended in slave only mode
ptp4l[1251.426]: port 2: defaultDS.priority1 probably misconfigured
ptp4l[1251.808]: selected best master clock c6aca0.fffe.1e816e
ptp4l[1251.811]: foreign master not using PTP timescale
ptp4l[1252.167]: selected best master clock c6aca0.fffe.1e816e
ptp4l[1252.169]: foreign master not using PTP timescale
ptp4l[1252.169]: port 2: master state recommended in slave only mode
ptp4l[1252.171]: port 2: defaultDS.priority1 probably misconfigured
ptp4l[1252.624]: selected best master clock c6aca0.fffe.1e816e
ptp4l[1252.627]: foreign master not using PTP timescale
ptp4l[1252.918]: selected best master clock c6aca0.fffe.1e816e
ptp4l[1252.919]: foreign master not using PTP timescale
ptp4l[1252.920]: port 2: master state recommended in slave only mode
ptp4l[1252.921]: port 2: defaultDS.priority1 probably misconfigured
ptp4l[1253.516]: selected best master clock c6aca0.fffe.1e816e
ptp4l[1253.517]: foreign master not using PTP timescale
ptp4l[1253.918]: selected best master clock c6aca0.fffe.1e816e
ptp4l[1253.919]: foreign master not using PTP timescale
ptp4l[1253.920]: port 2: master state recommended in slave only mode
ptp4l[1253.921]: port 2: defaultDS.priority1 probably misconfigured
ptp4l[1254.428]: selected best master clock c6aca0.fffe.1e816e
ptp4l[1254.431]: foreign master not using PTP timescale
ptp4l[1254.919]: selected best master clock c6aca0.fffe.1e816e
ptp4l[1254.922]: foreign master not using PTP timescale
ptp4l[1254.926]: port 2: master state recommended in slave only mode
ptp4l[1254.928]: port 2: defaultDS.priority1 probably misconfigured
ptp4l[1255.220]: selected best master clock c6aca0.fffe.1e816e
ptp4l[1255.224]: foreign master not using PTP timescale
ptp4l[1255.670]: selected best master clock c6aca0.fffe.1e816e
ptp4l[1255.671]: foreign master not using PTP timescale
ptp4l[1255.672]: port 2: master state recommended in slave only mode
ptp4l[1255.674]: port 2: defaultDS.priority1 probably misconfigured
ptp4l[1255.968]: selected best master clock c6aca0.fffe.1e816e
ptp4l[1255.971]: foreign master not using PTP timescale
ptp4l[1256.420]: selected best master clock c6aca0.fffe.1e816e
ptp4l[1256.423]: foreign master not using PTP timescale
ptp4l[1256.426]: port 2: master state recommended in slave only mode
ptp4l[1256.429]: port 2: defaultDS.priority1 probably misconfigured
ptp4l[1256.824]: selected best master clock c6aca0.fffe.1e816e
ptp4l[1256.826]: foreign master not using PTP timescale
ptp4l[1257.171]: selected best master clock c6aca0.fffe.1e816e
ptp4l[1257.175]: foreign master not using PTP timescale
ptp4l[1257.177]: port 2: master state recommended in slave only mode
ptp4l[1257.180]: port 2: defaultDS.priority1 probably misconfigured
ptp4l[1257.744]: selected best master clock c6aca0.fffe.1e816e
ptp4l[1257.747]: foreign master not using PTP timescale
ptp4l[1258.173]: selected best master clock c6aca0.fffe.1e816e
ptp4l[1258.176]: foreign master not using PTP timescale
ptp4l[1258.178]: port 2: master state recommended in slave only mode
ptp4l[1258.181]: port 2: defaultDS.priority1 probably misconfigured
ptp4l[1258.640]: selected best master clock c6aca0.fffe.1e816e
ptp4l[1258.641]: foreign master not using PTP timescale
ptp4l[1258.923]: selected best master clock c6aca0.fffe.1e816e
ptp4l[1258.926]: foreign master not using PTP timescale
ptp4l[1258.929]: port 2: master state recommended in slave only mode
ptp4l[1258.931]: port 2: defaultDS.priority1 probably misconfigured
ptp4l[1259.437]: selected best master clock c6aca0.fffe.1e816e
ptp4l[1259.439]: foreign master not using PTP timescale
ptp4l[1259.924]: selected best master clock c6aca0.fffe.1e816e
ptp4l[1259.927]: foreign master not using PTP timescale
ptp4l[1259.930]: port 2: master state recommended in slave only mode
ptp4l[1259.933]: port 2: defaultDS.priority1 probably misconfigured
ptp4l[1260.340]: selected best master clock c6aca0.fffe.1e816e
ptp4l[1260.343]: foreign master not using PTP timescale
ptp4l[1260.430]: rms 148204 max 294203 freq  +1014 +/- 104965 delay 85188 +/- 38693
ptp4l[1260.675]: selected best master clock c6aca0.fffe.1e816e
ptp4l[1260.678]: foreign master not using PTP timescale
ptp4l[1260.682]: port 2: master state recommended in slave only mode
ptp4l[1260.686]: port 2: defaultDS.priority1 probably misconfigured
ptp4l[1261.204]: selected best master clock c6aca0.fffe.1e816e
ptp4l[1261.207]: foreign master not using PTP timescale
ptp4l[1261.675]: selected best master clock c6aca0.fffe.1e816e
ptp4l[1261.676]: foreign master not using PTP timescale
ptp4l[1261.677]: port 2: master state recommended in slave only mode
ptp4l[1261.678]: port 2: defaultDS.priority1 probably misconfigured
ptp4l[1262.052]: selected best master clock c6aca0.fffe.1e816e
ptp4l[1262.052]: foreign master not using PTP timescale
ptp4l[1262.426]: selected best master clock c6aca0.fffe.1e816e
ptp4l[1262.427]: foreign master not using PTP timescale
ptp4l[1262.428]: port 2: master state recommended in slave only mode
ptp4l[1262.429]: port 2: defaultDS.priority1 probably misconfigured
ptp4l[1262.924]: selected best master clock c6aca0.fffe.1e816e
ptp4l[1262.927]: foreign master not using PTP timescale
ptp4l[1263.177]: selected best master clock c6aca0.fffe.1e816e
ptp4l[1263.179]: foreign master not using PTP timescale
ptp4l[1263.182]: port 2: master state recommended in slave only mode
ptp4l[1263.184]: port 2: defaultDS.priority1 probably misconfigured
ptp4l[1263.920]: selected best master clock c6aca0.fffe.1e816e
ptp4l[1263.922]: foreign master not using PTP timescale
ptp4l[1264.178]: selected best master clock c6aca0.fffe.1e816e
ptp4l[1264.180]: foreign master not using PTP timescale
ptp4l[1264.182]: port 2: master state recommended in slave only mode
ptp4l[1264.185]: port 2: defaultDS.priority1 probably misconfigured
ptp4l[1264.900]: selected best master clock c6aca0.fffe.1e816e
ptp4l[1264.901]: foreign master not using PTP timescale
ptp4l[1265.178]: selected best master clock c6aca0.fffe.1e816e
ptp4l[1265.179]: foreign master not using PTP timescale
ptp4l[1265.180]: port 2: master state recommended in slave only mode
ptp4l[1265.181]: port 2: defaultDS.priority1 probably misconfigured
ptp4l[1265.776]: selected best master clock c6aca0.fffe.1e816e
ptp4l[1265.779]: foreign master not using PTP timescale
ptp4l[1266.179]: selected best master clock c6aca0.fffe.1e816e
ptp4l[1266.180]: foreign master not using PTP timescale
ptp4l[1266.180]: port 2: master state recommended in slave only mode
ptp4l[1266.181]: port 2: defaultDS.priority1 probably misconfigured
ptp4l[1266.624]: selected best master clock c6aca0.fffe.1e816e
ptp4l[1266.627]: foreign master not using PTP timescale
ptp4l[1266.929]: selected best master clock c6aca0.fffe.1e816e
ptp4l[1266.932]: foreign master not using PTP timescale
ptp4l[1266.935]: port 2: master state recommended in slave only mode
ptp4l[1266.938]: port 2: defaultDS.priority1 probably misconfigured
ptp4l[1267.424]: selected best master clock c6aca0.fffe.1e816e
ptp4l[1267.426]: foreign master not using PTP timescale
ptp4l[1267.680]: selected best master clock c6aca0.fffe.1e816e
ptp4l[1267.681]: foreign master not using PTP timescale
ptp4l[1267.682]: port 2: master state recommended in slave only mode
ptp4l[1267.682]: port 2: defaultDS.priority1 probably misconfigured
ptp4l[1268.412]: selected best master clock c6aca0.fffe.1e816e
ptp4l[1268.415]: foreign master not using PTP timescale
ptp4l[1268.680]: selected best master clock c6aca0.fffe.1e816e
ptp4l[1268.681]: foreign master not using PTP timescale
ptp4l[1268.682]: port 2: master state recommended in slave only mode
ptp4l[1268.682]: port 2: defaultDS.priority1 probably misconfigured
ptp4l[1269.316]: selected best master clock c6aca0.fffe.1e816e
ptp4l[1269.317]: foreign master not using PTP timescale
ptp4l[1269.681]: selected best master clock c6aca0.fffe.1e816e
ptp4l[1269.681]: foreign master not using PTP timescale
ptp4l[1269.682]: port 2: master state recommended in slave only mode
ptp4l[1269.683]: port 2: defaultDS.priority1 probably misconfigured
ptp4l[1270.168]: selected best master clock c6aca0.fffe.1e816e
ptp4l[1270.169]: foreign master not using PTP timescale
ptp4l[1270.431]: selected best master clock c6aca0.fffe.1e816e
ptp4l[1270.433]: foreign master not using PTP timescale
ptp4l[1270.434]: port 2: master state recommended in slave only mode
ptp4l[1270.435]: port 2: defaultDS.priority1 probably misconfigured
ptp4l[1271.024]: selected best master clock c6aca0.fffe.1e816e
ptp4l[1271.025]: foreign master not using PTP timescale
ptp4l[1271.431]: selected best master clock c6aca0.fffe.1e816e
ptp4l[1271.433]: foreign master not using PTP timescale
ptp4l[1271.433]: port 2: master state recommended in slave only mode
ptp4l[1271.434]: port 2: defaultDS.priority1 probably misconfigured
ptp4l[1271.860]: selected best master clock c6aca0.fffe.1e816e
ptp4l[1271.863]: foreign master not using PTP timescale
ptp4l[1272.182]: selected best master clock c6aca0.fffe.1e816e
ptp4l[1272.185]: foreign master not using PTP timescale
ptp4l[1272.187]: port 2: master state recommended in slave only mode
ptp4l[1272.189]: port 2: defaultDS.priority1 probably misconfigured
ptp4l[1272.844]: selected best master clock c6aca0.fffe.1e816e
ptp4l[1272.846]: foreign master not using PTP timescale
ptp4l[1273.183]: selected best master clock c6aca0.fffe.1e816e
ptp4l[1273.186]: foreign master not using PTP timescale
ptp4l[1273.189]: port 2: master state recommended in slave only mode
ptp4l[1273.192]: port 2: defaultDS.priority1 probably misconfigured
ptp4l[1273.684]: selected best master clock c6aca0.fffe.1e816e
ptp4l[1273.686]: foreign master not using PTP timescale
ptp4l[1274.184]: selected best master clock c6aca0.fffe.1e816e
ptp4l[1274.187]: foreign master not using PTP timescale
ptp4l[1274.189]: port 2: master state recommended in slave only mode
ptp4l[1274.192]: port 2: defaultDS.priority1 probably misconfigured
ptp4l[1274.656]: selected best master clock c6aca0.fffe.1e816e
ptp4l[1274.658]: foreign master not using PTP timescale
ptp4l[1274.935]: selected best master clock c6aca0.fffe.1e816e
ptp4l[1274.937]: foreign master not using PTP timescale
ptp4l[1274.939]: port 2: master state recommended in slave only mode
ptp4l[1274.942]: port 2: defaultDS.priority1 probably misconfigured
ptp4l[1275.472]: selected best master clock c6aca0.fffe.1e816e
ptp4l[1275.474]: foreign master not using PTP timescale
ptp4l[1275.935]: selected best master clock c6aca0.fffe.1e816e
ptp4l[1275.939]: foreign master not using PTP timescale
ptp4l[1275.943]: port 2: master state recommended in slave only mode
ptp4l[1275.946]: port 2: defaultDS.priority1 probably misconfigured
ptp4l[1276.276]: selected best master clock c6aca0.fffe.1e816e
ptp4l[1276.279]: foreign master not using PTP timescale
ptp4l[1276.452]: rms 193846 max 420226 freq +10368 +/- 123565 delay 116924 +/- 67795
ptp4l[1276.686]: selected best master clock c6aca0.fffe.1e816e
ptp4l[1276.687]: foreign master not using PTP timescale
ptp4l[1276.688]: port 2: master state recommended in slave only mode
ptp4l[1276.689]: port 2: defaultDS.priority1 probably misconfigured
ptp4l[1277.188]: selected best master clock c6aca0.fffe.1e816e
ptp4l[1277.189]: foreign master not using PTP timescale
ptp4l[1277.686]: selected best master clock c6aca0.fffe.1e816e
ptp4l[1277.689]: foreign master not using PTP timescale
ptp4l[1277.691]: port 2: master state recommended in slave only mode
ptp4l[1277.694]: port 2: defaultDS.priority1 probably misconfigured
ptp4l[1278.156]: selected best master clock c6aca0.fffe.1e816e
ptp4l[1278.159]: foreign master not using PTP timescale
ptp4l[1278.437]: selected best master clock c6aca0.fffe.1e816e
ptp4l[1278.439]: foreign master not using PTP timescale
ptp4l[1278.442]: port 2: master state recommended in slave only mode
ptp4l[1278.444]: port 2: defaultDS.priority1 probably misconfigured
ptp4l[1278.964]: selected best master clock c6aca0.fffe.1e816e
ptp4l[1278.966]: foreign master not using PTP timescale
ptp4l[1279.438]: selected best master clock c6aca0.fffe.1e816e
ptp4l[1279.440]: foreign master not using PTP timescale
ptp4l[1279.443]: port 2: master state recommended in slave only mode
ptp4l[1279.445]: port 2: defaultDS.priority1 probably misconfigured
ptp4l[1279.876]: selected best master clock c6aca0.fffe.1e816e
ptp4l[1279.879]: foreign master not using PTP timescale
ptp4l[1280.188]: selected best master clock c6aca0.fffe.1e816e
ptp4l[1280.191]: foreign master not using PTP timescale
ptp4l[1280.193]: port 2: master state recommended in slave only mode
ptp4l[1280.196]: port 2: defaultDS.priority1 probably misconfigured
ptp4l[1280.804]: selected best master clock c6aca0.fffe.1e816e
ptp4l[1280.807]: foreign master not using PTP timescale
ptp4l[1281.189]: selected best master clock c6aca0.fffe.1e816e
ptp4l[1281.192]: foreign master not using PTP timescale
ptp4l[1281.195]: port 2: master state recommended in slave only mode
ptp4l[1281.197]: port 2: defaultDS.priority1 probably misconfigured
ptp4l[1281.768]: selected best master clock c6aca0.fffe.1e816e
ptp4l[1281.770]: foreign master not using PTP timescale
ptp4l[1282.190]: selected best master clock c6aca0.fffe.1e816e
ptp4l[1282.193]: foreign master not using PTP timescale
ptp4l[1282.195]: port 2: master state recommended in slave only mode
ptp4l[1282.197]: port 2: defaultDS.priority1 probably misconfigured
ptp4l[1282.576]: selected best master clock c6aca0.fffe.1e816e
ptp4l[1282.577]: foreign master not using PTP timescale
ptp4l[1282.941]: selected best master clock c6aca0.fffe.1e816e
ptp4l[1282.943]: foreign master not using PTP timescale
ptp4l[1282.945]: port 2: master state recommended in slave only mode
ptp4l[1282.948]: port 2: defaultDS.priority1 probably misconfigured
ptp4l[1283.356]: selected best master clock c6aca0.fffe.1e816e
ptp4l[1283.358]: foreign master not using PTP timescale
ptp4l[1283.692]: selected best master clock c6aca0.fffe.1e816e
ptp4l[1283.694]: foreign master not using PTP timescale
ptp4l[1283.697]: port 2: master state recommended in slave only mode
ptp4l[1283.699]: port 2: defaultDS.priority1 probably misconfigured
ptp4l[1284.188]: selected best master clock c6aca0.fffe.1e816e
ptp4l[1284.190]: foreign master not using PTP timescale
ptp4l[1284.442]: selected best master clock c6aca0.fffe.1e816e
ptp4l[1284.444]: foreign master not using PTP timescale
ptp4l[1284.447]: port 2: master state recommended in slave only mode
ptp4l[1284.449]: port 2: defaultDS.priority1 probably misconfigured
ptp4l[1285.112]: selected best master clock c6aca0.fffe.1e816e
ptp4l[1285.112]: foreign master not using PTP timescale
ptp4l[1285.442]: selected best master clock c6aca0.fffe.1e816e
ptp4l[1285.443]: foreign master not using PTP timescale
ptp4l[1285.443]: port 2: master state recommended in slave only mode
ptp4l[1285.444]: port 2: defaultDS.priority1 probably misconfigured
ptp4l[1285.964]: selected best master clock c6aca0.fffe.1e816e
ptp4l[1285.965]: foreign master not using PTP timescale
ptp4l[1286.442]: selected best master clock c6aca0.fffe.1e816e
ptp4l[1286.443]: foreign master not using PTP timescale
ptp4l[1286.444]: port 2: master state recommended in slave only mode
ptp4l[1286.444]: port 2: defaultDS.priority1 probably misconfigured
ptp4l[1286.936]: selected best master clock c6aca0.fffe.1e816e
ptp4l[1286.937]: foreign master not using PTP timescale
ptp4l[1287.192]: selected best master clock c6aca0.fffe.1e816e
ptp4l[1287.193]: foreign master not using PTP timescale
ptp4l[1287.194]: port 2: master state recommended in slave only mode
ptp4l[1287.195]: port 2: defaultDS.priority1 probably misconfigured
ptp4l[1287.816]: selected best master clock c6aca0.fffe.1e816e
ptp4l[1287.817]: foreign master not using PTP timescale
ptp4l[1288.193]: selected best master clock c6aca0.fffe.1e816e
ptp4l[1288.194]: foreign master not using PTP timescale
ptp4l[1288.195]: port 2: master state recommended in slave only mode
ptp4l[1288.195]: port 2: defaultDS.priority1 probably misconfigured
ptp4l[1288.688]: selected best master clock c6aca0.fffe.1e816e
ptp4l[1288.689]: foreign master not using PTP timescale
ptp4l[1288.943]: selected best master clock c6aca0.fffe.1e816e
ptp4l[1288.944]: foreign master not using PTP timescale
ptp4l[1288.945]: port 2: master state recommended in slave only mode
ptp4l[1288.945]: port 2: defaultDS.priority1 probably misconfigured
ptp4l[1289.464]: selected best master clock c6aca0.fffe.1e816e
ptp4l[1289.466]: foreign master not using PTP timescale
ptp4l[1289.944]: selected best master clock c6aca0.fffe.1e816e
ptp4l[1289.945]: foreign master not using PTP timescale
ptp4l[1289.946]: port 2: master state recommended in slave only mode
ptp4l[1289.947]: port 2: defaultDS.priority1 probably misconfigured
ptp4l[1290.296]: selected best master clock c6aca0.fffe.1e816e
ptp4l[1290.298]: foreign master not using PTP timescale
ptp4l[1290.694]: selected best master clock c6aca0.fffe.1e816e
ptp4l[1290.695]: foreign master not using PTP timescale
ptp4l[1290.696]: port 2: master state recommended in slave only mode
ptp4l[1290.696]: port 2: defaultDS.priority1 probably misconfigured
ptp4l[1291.076]: selected best master clock c6aca0.fffe.1e816e
ptp4l[1291.079]: foreign master not using PTP timescale
ptp4l[1291.445]: selected best master clock c6aca0.fffe.1e816e
ptp4l[1291.448]: foreign master not using PTP timescale
ptp4l[1291.451]: port 2: master state recommended in slave only mode
ptp4l[1291.454]: port 2: defaultDS.priority1 probably misconfigured
ptp4l[1291.916]: selected best master clock c6aca0.fffe.1e816e
ptp4l[1291.917]: foreign master not using PTP timescale
ptp4l[1292.195]: selected best master clock c6aca0.fffe.1e816e
ptp4l[1292.197]: foreign master not using PTP timescale
ptp4l[1292.198]: port 2: master state recommended in slave only mode
ptp4l[1292.199]: port 2: defaultDS.priority1 probably misconfigured
ptp4l[1292.473]: rms 93188 max 144976 freq   -748 +/- 51999 delay 83925 +/- 39896
ptp4l[1292.724]: selected best master clock c6aca0.fffe.1e816e
ptp4l[1292.724]: foreign master not using PTP timescale
ptp4l[1293.196]: selected best master clock c6aca0.fffe.1e816e
ptp4l[1293.197]: foreign master not using PTP timescale
ptp4l[1293.197]: port 2: master state recommended in slave only mode
ptp4l[1293.198]: port 2: defaultDS.priority1 probably misconfigured
ptp4l[1293.532]: selected best master clock c6aca0.fffe.1e816e
ptp4l[1293.534]: foreign master not using PTP timescale
ptp4l[1293.946]: selected best master clock c6aca0.fffe.1e816e
ptp4l[1293.949]: foreign master not using PTP timescale
ptp4l[1293.951]: port 2: master state recommended in slave only mode
ptp4l[1293.953]: port 2: defaultDS.priority1 probably misconfigured
ptp4l[1294.504]: selected best master clock c6aca0.fffe.1e816e
ptp4l[1294.507]: foreign master not using PTP timescale
ptp4l[1294.947]: selected best master clock c6aca0.fffe.1e816e
ptp4l[1294.949]: foreign master not using PTP timescale
ptp4l[1294.951]: port 2: master state recommended in slave only mode
ptp4l[1294.952]: port 2: defaultDS.priority1 probably misconfigured
ptp4l[1295.284]: selected best master clock c6aca0.fffe.1e816e
ptp4l[1295.285]: foreign master not using PTP timescale
ptp4l[1295.698]: selected best master clock c6aca0.fffe.1e816e
ptp4l[1295.700]: foreign master not using PTP timescale
ptp4l[1295.702]: port 2: master state recommended in slave only mode
ptp4l[1295.705]: port 2: defaultDS.priority1 probably misconfigured
ptp4l[1296.252]: selected best master clock c6aca0.fffe.1e816e
ptp4l[1296.255]: foreign master not using PTP timescale
ptp4l[1296.699]: selected best master clock c6aca0.fffe.1e816e
ptp4l[1296.701]: foreign master not using PTP timescale
ptp4l[1296.703]: port 2: master state recommended in slave only mode
ptp4l[1296.705]: port 2: defaultDS.priority1 probably misconfigured
ptp4l[1297.144]: selected best master clock c6aca0.fffe.1e816e
ptp4l[1297.146]: foreign master not using PTP timescale
ptp4l[1297.449]: selected best master clock c6aca0.fffe.1e816e
ptp4l[1297.451]: foreign master not using PTP timescale
ptp4l[1297.454]: port 2: master state recommended in slave only mode
ptp4l[1297.456]: port 2: defaultDS.priority1 probably misconfigured
ptp4l[1297.996]: selected best master clock c6aca0.fffe.1e816e
ptp4l[1297.998]: foreign master not using PTP timescale
ptp4l[1298.450]: selected best master clock c6aca0.fffe.1e816e
ptp4l[1298.453]: foreign master not using PTP timescale
ptp4l[1298.455]: port 2: master state recommended in slave only mode
ptp4l[1298.457]: port 2: defaultDS.priority1 probably misconfigured
ptp4l[1298.800]: selected best master clock c6aca0.fffe.1e816e
ptp4l[1298.802]: foreign master not using PTP timescale
ptp4l[1299.201]: selected best master clock c6aca0.fffe.1e816e
ptp4l[1299.202]: foreign master not using PTP timescale
ptp4l[1299.204]: port 2: master state recommended in slave only mode
ptp4l[1299.205]: port 2: defaultDS.priority1 probably misconfigured
ptp4l[1299.572]: selected best master clock c6aca0.fffe.1e816e
ptp4l[1299.573]: foreign master not using PTP timescale
ptp4l[1299.951]: selected best master clock c6aca0.fffe.1e816e
ptp4l[1299.952]: foreign master not using PTP timescale
ptp4l[1299.953]: port 2: master state recommended in slave only mode
ptp4l[1299.954]: port 2: defaultDS.priority1 probably misconfigured
ptp4l[1300.348]: selected best master clock c6aca0.fffe.1e816e
ptp4l[1300.349]: foreign master not using PTP timescale
ptp4l[1300.701]: selected best master clock c6aca0.fffe.1e816e
ptp4l[1300.704]: foreign master not using PTP timescale
ptp4l[1300.707]: port 2: master state recommended in slave only mode
ptp4l[1300.709]: port 2: defaultDS.priority1 probably misconfigured
ptp4l[1301.292]: selected best master clock c6aca0.fffe.1e816e
ptp4l[1301.292]: foreign master not using PTP timescale
ptp4l[1301.702]: selected best master clock c6aca0.fffe.1e816e
ptp4l[1301.704]: foreign master not using PTP timescale
ptp4l[1301.706]: port 2: master state recommended in slave only mode
ptp4l[1301.708]: port 2: defaultDS.priority1 probably misconfigured
ptp4l[1302.140]: selected best master clock c6aca0.fffe.1e816e
ptp4l[1302.142]: foreign master not using PTP timescale
ptp4l[1302.453]: selected best master clock c6aca0.fffe.1e816e
ptp4l[1302.455]: foreign master not using PTP timescale
ptp4l[1302.457]: port 2: master state recommended in slave only mode
ptp4l[1302.460]: port 2: defaultDS.priority1 probably misconfigured
ptp4l[1303.040]: selected best master clock c6aca0.fffe.1e816e
ptp4l[1303.043]: foreign master not using PTP timescale
ptp4l[1303.453]: selected best master clock c6aca0.fffe.1e816e
ptp4l[1303.456]: foreign master not using PTP timescale
ptp4l[1303.458]: port 2: master state recommended in slave only mode
ptp4l[1303.460]: port 2: defaultDS.priority1 probably misconfigured
ptp4l[1303.820]: selected best master clock c6aca0.fffe.1e816e
ptp4l[1303.823]: foreign master not using PTP timescale
ptp4l[1304.204]: selected best master clock c6aca0.fffe.1e816e
ptp4l[1304.206]: foreign master not using PTP timescale
ptp4l[1304.209]: port 2: master state recommended in slave only mode
ptp4l[1304.211]: port 2: defaultDS.priority1 probably misconfigured
ptp4l[1304.584]: selected best master clock c6aca0.fffe.1e816e
ptp4l[1304.585]: foreign master not using PTP timescale
ptp4l[1304.955]: selected best master clock c6aca0.fffe.1e816e
ptp4l[1304.956]: foreign master not using PTP timescale
ptp4l[1304.957]: port 2: master state recommended in slave only mode
ptp4l[1304.958]: port 2: defaultDS.priority1 probably misconfigured
ptp4l[1305.460]: selected best master clock c6aca0.fffe.1e816e
ptp4l[1305.461]: foreign master not using PTP timescale
ptp4l[1305.956]: selected best master clock c6aca0.fffe.1e816e
ptp4l[1305.959]: foreign master not using PTP timescale
ptp4l[1305.961]: port 2: master state recommended in slave only mode
ptp4l[1305.964]: port 2: defaultDS.priority1 probably misconfigured
ptp4l[1306.360]: selected best master clock c6aca0.fffe.1e816e
ptp4l[1306.361]: foreign master not using PTP timescale
ptp4l[1306.706]: selected best master clock c6aca0.fffe.1e816e
ptp4l[1306.707]: foreign master not using PTP timescale
ptp4l[1306.708]: port 2: master state recommended in slave only mode
ptp4l[1306.709]: port 2: defaultDS.priority1 probably misconfigured
ptp4l[1307.324]: selected best master clock c6aca0.fffe.1e816e
ptp4l[1307.325]: foreign master not using PTP timescale
ptp4l[1307.707]: selected best master clock c6aca0.fffe.1e816e
ptp4l[1307.708]: foreign master not using PTP timescale
ptp4l[1307.710]: port 2: master state recommended in slave only mode
ptp4l[1307.712]: port 2: defaultDS.priority1 probably misconfigured
ptp4l[1308.232]: selected best master clock c6aca0.fffe.1e816e
ptp4l[1308.234]: foreign master not using PTP timescale
ptp4l[1308.497]: rms 190038 max 391303 freq -10763 +/- 116450 delay 120331 +/- 45605
ptp4l[1308.707]: selected best master clock c6aca0.fffe.1e816e
ptp4l[1308.708]: foreign master not using PTP timescale
ptp4l[1308.709]: port 2: master state recommended in slave only mode
ptp4l[1308.710]: port 2: defaultDS.priority1 probably misconfigured
ptp4l[1309.084]: selected best master clock c6aca0.fffe.1e816e
ptp4l[1309.087]: foreign master not using PTP timescale
