ptp4l[85.484]: port 1: INITIALIZING to LISTENING on INIT_COMPLETE
ptp4l[85.524]: port 2: INITIALIZING to LISTENING on INIT_COMPLETE
ptp4l[85.525]: port 0: INITIALIZING to LISTENING on INIT_COMPLETE
ptp4l[86.240]: port 1: new foreign master 1a11c2.fffe.d6f470-1
ptp4l[86.388]: selected local clock 7ab142.fffe.d4b5f1 as best master
ptp4l[86.389]: port 2: new foreign master ea1833.fffe.e4003f-1
ptp4l[86.476]: selected local clock 7ab142.fffe.d4b5f1 as best master
ptp4l[86.740]: selected best master clock 1a11c2.fffe.d6f470
ptp4l[86.740]: foreign master not using PTP timescale
ptp4l[86.742]: port 1: LISTENING to UNCALIBRATED on RS_SLAVE
ptp4l[86.861]: selected best master clock 1a11c2.fffe.d6f470
ptp4l[86.861]: foreign master not using PTP timescale
ptp4l[86.862]: port 2: master state recommended in slave only mode
ptp4l[86.862]: port 2: defaultDS.priority1 probably misconfigured
ptp4l[87.380]: selected best master clock 1a11c2.fffe.d6f470
ptp4l[87.380]: foreign master not using PTP timescale
ptp4l[87.861]: selected best master clock 1a11c2.fffe.d6f470
ptp4l[87.861]: foreign master not using PTP timescale
ptp4l[87.862]: port 2: master state recommended in slave only mode
ptp4l[87.863]: port 2: defaultDS.priority1 probably misconfigured
ptp4l[88.312]: selected best master clock 1a11c2.fffe.d6f470
ptp4l[88.313]: foreign master not using PTP timescale
ptp4l[88.611]: selected best master clock 1a11c2.fffe.d6f470
ptp4l[88.612]: foreign master not using PTP timescale
ptp4l[88.613]: port 2: master state recommended in slave only mode
ptp4l[88.613]: port 2: defaultDS.priority1 probably misconfigured
ptp4l[89.116]: selected best master clock 1a11c2.fffe.d6f470
ptp4l[89.118]: foreign master not using PTP timescale
ptp4l[89.611]: selected best master clock 1a11c2.fffe.d6f470
ptp4l[89.612]: foreign master not using PTP timescale
ptp4l[89.612]: port 2: master state recommended in slave only mode
ptp4l[89.613]: port 2: defaultDS.priority1 probably misconfigured
ptp4l[90.048]: selected best master clock 1a11c2.fffe.d6f470
ptp4l[90.049]: foreign master not using PTP timescale
ptp4l[90.361]: selected best master clock 1a11c2.fffe.d6f470
ptp4l[90.362]: foreign master not using PTP timescale
ptp4l[90.363]: port 2: master state recommended in slave only mode
ptp4l[90.363]: port 2: defaultDS.priority1 probably misconfigured
ptp4l[90.944]: selected best master clock 1a11c2.fffe.d6f470
ptp4l[90.944]: foreign master not using PTP timescale
ptp4l[91.362]: selected best master clock 1a11c2.fffe.d6f470
ptp4l[91.363]: foreign master not using PTP timescale
ptp4l[91.363]: port 2: master state recommended in slave only mode
ptp4l[91.364]: port 2: defaultDS.priority1 probably misconfigured
ptp4l[91.672]: selected best master clock 1a11c2.fffe.d6f470
ptp4l[91.672]: foreign master not using PTP timescale
ptp4l[92.112]: selected best master clock 1a11c2.fffe.d6f470
ptp4l[92.113]: foreign master not using PTP timescale
ptp4l[92.114]: port 2: master state recommended in slave only mode
ptp4l[92.114]: port 2: defaultDS.priority1 probably misconfigured
ptp4l[92.636]: selected best master clock 1a11c2.fffe.d6f470
ptp4l[92.636]: foreign master not using PTP timescale
ptp4l[93.112]: selected best master clock 1a11c2.fffe.d6f470
ptp4l[93.113]: foreign master not using PTP timescale
ptp4l[93.114]: port 2: master state recommended in slave only mode
ptp4l[93.114]: port 2: defaultDS.priority1 probably misconfigured
ptp4l[93.628]: selected best master clock 1a11c2.fffe.d6f470
ptp4l[93.628]: foreign master not using PTP timescale
ptp4l[94.113]: selected best master clock 1a11c2.fffe.d6f470
ptp4l[94.113]: foreign master not using PTP timescale
ptp4l[94.114]: port 2: master state recommended in slave only mode
ptp4l[94.114]: port 2: defaultDS.priority1 probably misconfigured
ptp4l[94.608]: selected best master clock 1a11c2.fffe.d6f470
ptp4l[94.609]: foreign master not using PTP timescale
ptp4l[94.863]: selected best master clock 1a11c2.fffe.d6f470
ptp4l[94.864]: foreign master not using PTP timescale
ptp4l[94.864]: port 2: master state recommended in slave only mode
ptp4l[94.865]: port 2: defaultDS.priority1 probably misconfigured
ptp4l[95.516]: selected best master clock 1a11c2.fffe.d6f470
ptp4l[95.517]: foreign master not using PTP timescale
ptp4l[95.863]: selected best master clock 1a11c2.fffe.d6f470
ptp4l[95.864]: foreign master not using PTP timescale
ptp4l[95.864]: port 2: master state recommended in slave only mode
ptp4l[95.865]: port 2: defaultDS.priority1 probably misconfigured
ptp4l[96.348]: selected best master clock 1a11c2.fffe.d6f470
ptp4l[96.349]: foreign master not using PTP timescale
ptp4l[96.614]: selected best master clock 1a11c2.fffe.d6f470
ptp4l[96.615]: foreign master not using PTP timescale
ptp4l[96.615]: port 2: master state recommended in slave only mode
ptp4l[96.616]: port 2: defaultDS.priority1 probably misconfigured
ptp4l[97.184]: selected best master clock 1a11c2.fffe.d6f470
ptp4l[97.184]: foreign master not using PTP timescale
ptp4l[97.614]: selected best master clock 1a11c2.fffe.d6f470
ptp4l[97.615]: foreign master not using PTP timescale
ptp4l[97.615]: port 2: master state recommended in slave only mode
ptp4l[97.616]: port 2: defaultDS.priority1 probably misconfigured
ptp4l[97.960]: selected best master clock 1a11c2.fffe.d6f470
ptp4l[97.960]: foreign master not using PTP timescale
ptp4l[98.364]: selected best master clock 1a11c2.fffe.d6f470
ptp4l[98.365]: foreign master not using PTP timescale
ptp4l[98.365]: port 2: master state recommended in slave only mode
ptp4l[98.366]: port 2: defaultDS.priority1 probably misconfigured
ptp4l[98.732]: selected best master clock 1a11c2.fffe.d6f470
ptp4l[98.734]: foreign master not using PTP timescale
ptp4l[99.115]: selected best master clock 1a11c2.fffe.d6f470
ptp4l[99.116]: foreign master not using PTP timescale
ptp4l[99.117]: port 2: master state recommended in slave only mode
ptp4l[99.117]: port 2: defaultDS.priority1 probably misconfigured
ptp4l[99.504]: selected best master clock 1a11c2.fffe.d6f470
ptp4l[99.504]: foreign master not using PTP timescale
ptp4l[99.865]: selected best master clock 1a11c2.fffe.d6f470
ptp4l[99.866]: foreign master not using PTP timescale
ptp4l[99.867]: port 2: master state recommended in slave only mode
ptp4l[99.867]: port 2: defaultDS.priority1 probably misconfigured
ptp4l[100.460]: selected best master clock 1a11c2.fffe.d6f470
ptp4l[100.460]: foreign master not using PTP timescale
ptp4l[100.866]: selected best master clock 1a11c2.fffe.d6f470
ptp4l[100.867]: foreign master not using PTP timescale
ptp4l[100.867]: port 2: master state recommended in slave only mode
ptp4l[100.868]: port 2: defaultDS.priority1 probably misconfigured
ptp4l[101.296]: selected best master clock 1a11c2.fffe.d6f470
ptp4l[101.296]: foreign master not using PTP timescale
ptp4l[101.616]: selected best master clock 1a11c2.fffe.d6f470
ptp4l[101.617]: foreign master not using PTP timescale
ptp4l[101.617]: port 2: master state recommended in slave only mode
ptp4l[101.617]: port 2: defaultDS.priority1 probably misconfigured
ptp4l[102.192]: selected best master clock 1a11c2.fffe.d6f470
ptp4l[102.195]: foreign master not using PTP timescale
ptp4l[102.616]: selected best master clock 1a11c2.fffe.d6f470
ptp4l[102.617]: foreign master not using PTP timescale
ptp4l[102.617]: port 2: master state recommended in slave only mode
ptp4l[102.618]: port 2: defaultDS.priority1 probably misconfigured
ptp4l[102.874]: rms 3943 max 7519 freq    +93 +/- 2631 delay 11512 +/- 885
ptp4l[103.120]: selected best master clock 1a11c2.fffe.d6f470
ptp4l[103.120]: foreign master not using PTP timescale
ptp4l[103.616]: selected best master clock 1a11c2.fffe.d6f470
ptp4l[103.617]: foreign master not using PTP timescale
ptp4l[103.617]: port 2: master state recommended in slave only mode
ptp4l[103.618]: port 2: defaultDS.priority1 probably misconfigured
ptp4l[103.884]: selected best master clock 1a11c2.fffe.d6f470
ptp4l[103.884]: foreign master not using PTP timescale
ptp4l[104.367]: selected best master clock 1a11c2.fffe.d6f470
ptp4l[104.367]: foreign master not using PTP timescale
ptp4l[104.368]: port 2: master state recommended in slave only mode
ptp4l[104.368]: port 2: defaultDS.priority1 probably misconfigured
ptp4l[104.756]: selected best master clock 1a11c2.fffe.d6f470
ptp4l[104.757]: foreign master not using PTP timescale
ptp4l[105.117]: selected best master clock 1a11c2.fffe.d6f470
ptp4l[105.118]: foreign master not using PTP timescale
ptp4l[105.118]: port 2: master state recommended in slave only mode
ptp4l[105.119]: port 2: defaultDS.priority1 probably misconfigured
ptp4l[105.736]: selected best master clock 1a11c2.fffe.d6f470
ptp4l[105.737]: foreign master not using PTP timescale
ptp4l[106.118]: selected best master clock 1a11c2.fffe.d6f470
ptp4l[106.119]: foreign master not using PTP timescale
ptp4l[106.120]: port 2: master state recommended in slave only mode
ptp4l[106.121]: port 2: defaultDS.priority1 probably misconfigured
ptp4l[106.536]: selected best master clock 1a11c2.fffe.d6f470
ptp4l[106.536]: foreign master not using PTP timescale
ptp4l[106.868]: selected best master clock 1a11c2.fffe.d6f470
ptp4l[106.869]: foreign master not using PTP timescale
ptp4l[106.870]: port 2: master state recommended in slave only mode
ptp4l[106.870]: port 2: defaultDS.priority1 probably misconfigured
ptp4l[107.468]: selected best master clock 1a11c2.fffe.d6f470
ptp4l[107.469]: foreign master not using PTP timescale
ptp4l[107.869]: selected best master clock 1a11c2.fffe.d6f470
ptp4l[107.869]: foreign master not using PTP timescale
ptp4l[107.870]: port 2: master state recommended in slave only mode
ptp4l[107.870]: port 2: defaultDS.priority1 probably misconfigured
ptp4l[108.284]: selected best master clock 1a11c2.fffe.d6f470
ptp4l[108.284]: foreign master not using PTP timescale
ptp4l[108.619]: selected best master clock 1a11c2.fffe.d6f470
ptp4l[108.619]: foreign master not using PTP timescale
ptp4l[108.620]: port 2: master state recommended in slave only mode
ptp4l[108.620]: port 2: defaultDS.priority1 probably misconfigured
ptp4l[109.208]: selected best master clock 1a11c2.fffe.d6f470
ptp4l[109.209]: foreign master not using PTP timescale
ptp4l[109.620]: selected best master clock 1a11c2.fffe.d6f470
ptp4l[109.620]: foreign master not using PTP timescale
ptp4l[109.621]: port 2: master state recommended in slave only mode
ptp4l[109.621]: port 2: defaultDS.priority1 probably misconfigured
ptp4l[110.024]: selected best master clock 1a11c2.fffe.d6f470
ptp4l[110.024]: foreign master not using PTP timescale
ptp4l[110.370]: selected best master clock 1a11c2.fffe.d6f470
ptp4l[110.371]: foreign master not using PTP timescale
ptp4l[110.372]: port 2: master state recommended in slave only mode
ptp4l[110.373]: port 2: defaultDS.priority1 probably misconfigured
ptp4l[110.844]: selected best master clock 1a11c2.fffe.d6f470
ptp4l[110.845]: foreign master not using PTP timescale
ptp4l[111.120]: selected best master clock 1a11c2.fffe.d6f470
ptp4l[111.121]: foreign master not using PTP timescale
ptp4l[111.121]: port 2: master state recommended in slave only mode
ptp4l[111.122]: port 2: defaultDS.priority1 probably misconfigured
ptp4l[111.704]: selected best master clock 1a11c2.fffe.d6f470
ptp4l[111.707]: foreign master not using PTP timescale
ptp4l[112.121]: selected best master clock 1a11c2.fffe.d6f470
ptp4l[112.122]: foreign master not using PTP timescale
ptp4l[112.123]: port 2: master state recommended in slave only mode
ptp4l[112.124]: port 2: defaultDS.priority1 probably misconfigured
ptp4l[112.484]: selected best master clock 1a11c2.fffe.d6f470
ptp4l[112.485]: foreign master not using PTP timescale
ptp4l[112.871]: selected best master clock 1a11c2.fffe.d6f470
ptp4l[112.872]: foreign master not using PTP timescale
ptp4l[112.872]: port 2: master state recommended in slave only mode
ptp4l[112.873]: port 2: defaultDS.priority1 probably misconfigured
ptp4l[113.468]: selected best master clock 1a11c2.fffe.d6f470
ptp4l[113.468]: foreign master not using PTP timescale
ptp4l[113.872]: selected best master clock 1a11c2.fffe.d6f470
ptp4l[113.872]: foreign master not using PTP timescale
ptp4l[113.873]: port 2: master state recommended in slave only mode
ptp4l[113.874]: port 2: defaultDS.priority1 probably misconfigured
ptp4l[114.360]: selected best master clock 1a11c2.fffe.d6f470
ptp4l[114.360]: foreign master not using PTP timescale
ptp4l[114.622]: selected best master clock 1a11c2.fffe.d6f470
ptp4l[114.623]: foreign master not using PTP timescale
ptp4l[114.624]: port 2: master state recommended in slave only mode
ptp4l[114.625]: port 2: defaultDS.priority1 probably misconfigured
ptp4l[115.268]: selected best master clock 1a11c2.fffe.d6f470
ptp4l[115.268]: foreign master not using PTP timescale
ptp4l[115.623]: selected best master clock 1a11c2.fffe.d6f470
ptp4l[115.624]: foreign master not using PTP timescale
ptp4l[115.624]: port 2: master state recommended in slave only mode
ptp4l[115.625]: port 2: defaultDS.priority1 probably misconfigured
ptp4l[116.068]: selected best master clock 1a11c2.fffe.d6f470
ptp4l[116.069]: foreign master not using PTP timescale
ptp4l[116.373]: selected best master clock 1a11c2.fffe.d6f470
ptp4l[116.374]: foreign master not using PTP timescale
ptp4l[116.374]: port 2: master state recommended in slave only mode
ptp4l[116.375]: port 2: defaultDS.priority1 probably misconfigured
ptp4l[116.936]: selected best master clock 1a11c2.fffe.d6f470
ptp4l[116.936]: foreign master not using PTP timescale
ptp4l[117.374]: selected best master clock 1a11c2.fffe.d6f470
ptp4l[117.375]: foreign master not using PTP timescale
ptp4l[117.375]: port 2: master state recommended in slave only mode
ptp4l[117.377]: port 2: defaultDS.priority1 probably misconfigured
ptp4l[117.736]: selected best master clock 1a11c2.fffe.d6f470
ptp4l[117.737]: foreign master not using PTP timescale
ptp4l[118.124]: selected best master clock 1a11c2.fffe.d6f470
ptp4l[118.125]: foreign master not using PTP timescale
ptp4l[118.125]: port 2: master state recommended in slave only mode
ptp4l[118.126]: port 2: defaultDS.priority1 probably misconfigured
ptp4l[118.524]: selected best master clock 1a11c2.fffe.d6f470
ptp4l[118.525]: foreign master not using PTP timescale
ptp4l[118.874]: selected best master clock 1a11c2.fffe.d6f470
ptp4l[118.875]: foreign master not using PTP timescale
ptp4l[118.876]: port 2: master state recommended in slave only mode
ptp4l[118.876]: port 2: defaultDS.priority1 probably misconfigured
ptp4l[118.887]: rms 105043 max 180920 freq    -13 +/- 60317 delay 67295 +/- 27493
ptp4l[119.444]: selected best master clock 1a11c2.fffe.d6f470
ptp4l[119.444]: foreign master not using PTP timescale
ptp4l[119.875]: selected best master clock 1a11c2.fffe.d6f470
ptp4l[119.875]: foreign master not using PTP timescale
ptp4l[119.876]: port 2: master state recommended in slave only mode
ptp4l[119.877]: port 2: defaultDS.priority1 probably misconfigured
ptp4l[120.300]: selected best master clock 1a11c2.fffe.d6f470
ptp4l[120.301]: foreign master not using PTP timescale
ptp4l[120.625]: selected best master clock 1a11c2.fffe.d6f470
ptp4l[120.626]: foreign master not using PTP timescale
ptp4l[120.626]: port 2: master state recommended in slave only mode
ptp4l[120.627]: port 2: defaultDS.priority1 probably misconfigured
ptp4l[121.168]: selected best master clock 1a11c2.fffe.d6f470
ptp4l[121.168]: foreign master not using PTP timescale
ptp4l[121.625]: selected best master clock 1a11c2.fffe.d6f470
ptp4l[121.626]: foreign master not using PTP timescale
ptp4l[121.626]: port 2: master state recommended in slave only mode
ptp4l[121.627]: port 2: defaultDS.priority1 probably misconfigured
ptp4l[121.924]: selected best master clock 1a11c2.fffe.d6f470
ptp4l[121.925]: foreign master not using PTP timescale
ptp4l[122.376]: selected best master clock 1a11c2.fffe.d6f470
ptp4l[122.376]: foreign master not using PTP timescale
ptp4l[122.377]: port 2: master state recommended in slave only mode
ptp4l[122.377]: port 2: defaultDS.priority1 probably misconfigured
ptp4l[122.768]: selected best master clock 1a11c2.fffe.d6f470
ptp4l[122.768]: foreign master not using PTP timescale
ptp4l[123.126]: selected best master clock 1a11c2.fffe.d6f470
ptp4l[123.127]: foreign master not using PTP timescale
ptp4l[123.128]: port 2: master state recommended in slave only mode
ptp4l[123.129]: port 2: defaultDS.priority1 probably misconfigured
ptp4l[123.708]: selected best master clock 1a11c2.fffe.d6f470
ptp4l[123.709]: foreign master not using PTP timescale
ptp4l[124.126]: selected best master clock 1a11c2.fffe.d6f470
ptp4l[124.127]: foreign master not using PTP timescale
ptp4l[124.127]: port 2: master state recommended in slave only mode
ptp4l[124.128]: port 2: defaultDS.priority1 probably misconfigured
ptp4l[124.480]: selected best master clock 1a11c2.fffe.d6f470
ptp4l[124.480]: foreign master not using PTP timescale
ptp4l[124.876]: selected best master clock 1a11c2.fffe.d6f470
ptp4l[124.877]: foreign master not using PTP timescale
ptp4l[124.878]: port 2: master state recommended in slave only mode
ptp4l[124.878]: port 2: defaultDS.priority1 probably misconfigured
ptp4l[125.420]: selected best master clock 1a11c2.fffe.d6f470
ptp4l[125.423]: foreign master not using PTP timescale
ptp4l[125.877]: selected best master clock 1a11c2.fffe.d6f470
ptp4l[125.877]: foreign master not using PTP timescale
ptp4l[125.878]: port 2: master state recommended in slave only mode
ptp4l[125.878]: port 2: defaultDS.priority1 probably misconfigured
ptp4l[126.312]: selected best master clock 1a11c2.fffe.d6f470
ptp4l[126.312]: foreign master not using PTP timescale
ptp4l[126.627]: selected best master clock 1a11c2.fffe.d6f470
ptp4l[126.628]: foreign master not using PTP timescale
ptp4l[126.628]: port 2: master state recommended in slave only mode
ptp4l[126.629]: port 2: defaultDS.priority1 probably misconfigured
ptp4l[127.100]: selected best master clock 1a11c2.fffe.d6f470
ptp4l[127.101]: foreign master not using PTP timescale
ptp4l[127.377]: selected best master clock 1a11c2.fffe.d6f470
ptp4l[127.378]: foreign master not using PTP timescale
ptp4l[127.378]: port 2: master state recommended in slave only mode
ptp4l[127.379]: port 2: defaultDS.priority1 probably misconfigured
ptp4l[127.909]: selected best master clock 1a11c2.fffe.d6f470
ptp4l[127.911]: foreign master not using PTP timescale
ptp4l[128.378]: selected best master clock 1a11c2.fffe.d6f470
ptp4l[128.379]: foreign master not using PTP timescale
ptp4l[128.379]: port 2: master state recommended in slave only mode
ptp4l[128.380]: port 2: defaultDS.priority1 probably misconfigured
ptp4l[128.872]: selected best master clock 1a11c2.fffe.d6f470
ptp4l[128.873]: foreign master not using PTP timescale
ptp4l[129.128]: selected best master clock 1a11c2.fffe.d6f470
ptp4l[129.130]: foreign master not using PTP timescale
ptp4l[129.131]: port 2: master state recommended in slave only mode
ptp4l[129.132]: port 2: defaultDS.priority1 probably misconfigured
ptp4l[129.632]: selected best master clock 1a11c2.fffe.d6f470
ptp4l[129.632]: foreign master not using PTP timescale
ptp4l[130.129]: selected best master clock 1a11c2.fffe.d6f470
ptp4l[130.130]: foreign master not using PTP timescale
ptp4l[130.130]: port 2: master state recommended in slave only mode
ptp4l[130.131]: port 2: defaultDS.priority1 probably misconfigured
ptp4l[130.544]: selected best master clock 1a11c2.fffe.d6f470
ptp4l[130.544]: foreign master not using PTP timescale
ptp4l[130.880]: selected best master clock 1a11c2.fffe.d6f470
ptp4l[130.880]: foreign master not using PTP timescale
ptp4l[130.881]: port 2: master state recommended in slave only mode
ptp4l[130.881]: port 2: defaultDS.priority1 probably misconfigured
ptp4l[131.328]: selected best master clock 1a11c2.fffe.d6f470
ptp4l[131.328]: foreign master not using PTP timescale
ptp4l[131.630]: selected best master clock 1a11c2.fffe.d6f470
ptp4l[131.631]: foreign master not using PTP timescale
ptp4l[131.631]: port 2: master state recommended in slave only mode
ptp4l[131.631]: port 2: defaultDS.priority1 probably misconfigured
ptp4l[132.248]: selected best master clock 1a11c2.fffe.d6f470
ptp4l[132.248]: foreign master not using PTP timescale
ptp4l[132.630]: selected best master clock 1a11c2.fffe.d6f470
ptp4l[132.631]: foreign master not using PTP timescale
ptp4l[132.631]: port 2: master state recommended in slave only mode
ptp4l[132.632]: port 2: defaultDS.priority1 probably misconfigured
ptp4l[133.016]: selected best master clock 1a11c2.fffe.d6f470
ptp4l[133.017]: foreign master not using PTP timescale
ptp4l[133.381]: selected best master clock 1a11c2.fffe.d6f470
ptp4l[133.381]: foreign master not using PTP timescale
ptp4l[133.382]: port 2: master state recommended in slave only mode
ptp4l[133.382]: port 2: defaultDS.priority1 probably misconfigured
ptp4l[133.980]: selected best master clock 1a11c2.fffe.d6f470
ptp4l[133.980]: foreign master not using PTP timescale
ptp4l[134.382]: selected best master clock 1a11c2.fffe.d6f470
ptp4l[134.383]: foreign master not using PTP timescale
ptp4l[134.384]: port 2: master state recommended in slave only mode
ptp4l[134.385]: port 2: defaultDS.priority1 probably misconfigured
ptp4l[134.740]: selected best master clock 1a11c2.fffe.d6f470
ptp4l[134.740]: foreign master not using PTP timescale
ptp4l[134.900]: rms 164835 max 366991 freq   -460 +/- 118061 delay 73984 +/- 21089
ptp4l[135.132]: selected best master clock 1a11c2.fffe.d6f470
ptp4l[135.132]: foreign master not using PTP timescale
ptp4l[135.133]: port 2: master state recommended in slave only mode
ptp4l[135.133]: port 2: defaultDS.priority1 probably misconfigured
ptp4l[135.612]: selected best master clock 1a11c2.fffe.d6f470
ptp4l[135.612]: foreign master not using PTP timescale
ptp4l[135.882]: selected best master clock 1a11c2.fffe.d6f470
ptp4l[135.884]: foreign master not using PTP timescale
ptp4l[135.884]: port 2: master state recommended in slave only mode
ptp4l[135.885]: port 2: defaultDS.priority1 probably misconfigured
ptp4l[136.520]: selected best master clock 1a11c2.fffe.d6f470
ptp4l[136.520]: foreign master not using PTP timescale
ptp4l[136.883]: selected best master clock 1a11c2.fffe.d6f470
ptp4l[136.884]: foreign master not using PTP timescale
ptp4l[136.885]: port 2: master state recommended in slave only mode
ptp4l[136.887]: port 2: defaultDS.priority1 probably misconfigured
ptp4l[137.528]: selected best master clock 1a11c2.fffe.d6f470
ptp4l[137.530]: foreign master not using PTP timescale
ptp4l[137.884]: selected best master clock 1a11c2.fffe.d6f470
ptp4l[137.886]: foreign master not using PTP timescale
ptp4l[137.889]: port 2: master state recommended in slave only mode
ptp4l[137.891]: port 2: defaultDS.priority1 probably misconfigured
ptp4l[138.420]: selected best master clock 1a11c2.fffe.d6f470
ptp4l[138.420]: foreign master not using PTP timescale
ptp4l[138.884]: selected best master clock 1a11c2.fffe.d6f470
ptp4l[138.885]: foreign master not using PTP timescale
ptp4l[138.885]: port 2: master state recommended in slave only mode
ptp4l[138.886]: port 2: defaultDS.priority1 probably misconfigured
ptp4l[139.224]: selected best master clock 1a11c2.fffe.d6f470
ptp4l[139.225]: foreign master not using PTP timescale
ptp4l[139.634]: selected best master clock 1a11c2.fffe.d6f470
ptp4l[139.635]: foreign master not using PTP timescale
ptp4l[139.635]: port 2: master state recommended in slave only mode
ptp4l[139.636]: port 2: defaultDS.priority1 probably misconfigured
ptp4l[140.000]: selected best master clock 1a11c2.fffe.d6f470
ptp4l[140.000]: foreign master not using PTP timescale
ptp4l[140.384]: selected best master clock 1a11c2.fffe.d6f470
ptp4l[140.385]: foreign master not using PTP timescale
ptp4l[140.386]: port 2: master state recommended in slave only mode
ptp4l[140.386]: port 2: defaultDS.priority1 probably misconfigured
ptp4l[140.932]: selected best master clock 1a11c2.fffe.d6f470
ptp4l[140.932]: foreign master not using PTP timescale
ptp4l[141.385]: selected best master clock 1a11c2.fffe.d6f470
ptp4l[141.385]: foreign master not using PTP timescale
ptp4l[141.386]: port 2: master state recommended in slave only mode
ptp4l[141.387]: port 2: defaultDS.priority1 probably misconfigured
ptp4l[141.756]: selected best master clock 1a11c2.fffe.d6f470
ptp4l[141.757]: foreign master not using PTP timescale
ptp4l[142.135]: selected best master clock 1a11c2.fffe.d6f470
ptp4l[142.136]: foreign master not using PTP timescale
ptp4l[142.136]: port 2: master state recommended in slave only mode
ptp4l[142.137]: port 2: defaultDS.priority1 probably misconfigured
ptp4l[142.672]: selected best master clock 1a11c2.fffe.d6f470
ptp4l[142.673]: foreign master not using PTP timescale
ptp4l[143.135]: selected best master clock 1a11c2.fffe.d6f470
ptp4l[143.136]: foreign master not using PTP timescale
ptp4l[143.137]: port 2: master state recommended in slave only mode
ptp4l[143.137]: port 2: defaultDS.priority1 probably misconfigured
ptp4l[143.492]: selected best master clock 1a11c2.fffe.d6f470
ptp4l[143.493]: foreign master not using PTP timescale
ptp4l[143.886]: selected best master clock 1a11c2.fffe.d6f470
ptp4l[143.887]: foreign master not using PTP timescale
ptp4l[143.888]: port 2: master state recommended in slave only mode
ptp4l[143.888]: port 2: defaultDS.priority1 probably misconfigured
ptp4l[144.412]: selected best master clock 1a11c2.fffe.d6f470
ptp4l[144.412]: foreign master not using PTP timescale
ptp4l[144.886]: selected best master clock 1a11c2.fffe.d6f470
ptp4l[144.887]: foreign master not using PTP timescale
ptp4l[144.887]: port 2: master state recommended in slave only mode
ptp4l[144.888]: port 2: defaultDS.priority1 probably misconfigured
ptp4l[145.280]: selected best master clock 1a11c2.fffe.d6f470
ptp4l[145.281]: foreign master not using PTP timescale
ptp4l[145.637]: selected best master clock 1a11c2.fffe.d6f470
ptp4l[145.637]: foreign master not using PTP timescale
ptp4l[145.638]: port 2: master state recommended in slave only mode
ptp4l[145.638]: port 2: defaultDS.priority1 probably misconfigured
ptp4l[146.056]: selected best master clock 1a11c2.fffe.d6f470
ptp4l[146.056]: foreign master not using PTP timescale
ptp4l[146.387]: selected best master clock 1a11c2.fffe.d6f470
ptp4l[146.388]: foreign master not using PTP timescale
ptp4l[146.389]: port 2: master state recommended in slave only mode
ptp4l[146.390]: port 2: defaultDS.priority1 probably misconfigured
ptp4l[146.904]: selected best master clock 1a11c2.fffe.d6f470
ptp4l[146.905]: foreign master not using PTP timescale
ptp4l[147.388]: selected best master clock 1a11c2.fffe.d6f470
ptp4l[147.389]: foreign master not using PTP timescale
ptp4l[147.390]: port 2: master state recommended in slave only mode
ptp4l[147.391]: port 2: defaultDS.priority1 probably misconfigured
ptp4l[147.884]: selected best master clock 1a11c2.fffe.d6f470
ptp4l[147.885]: foreign master not using PTP timescale
ptp4l[148.138]: selected best master clock 1a11c2.fffe.d6f470
ptp4l[148.139]: foreign master not using PTP timescale
ptp4l[148.140]: port 2: master state recommended in slave only mode
ptp4l[148.141]: port 2: defaultDS.priority1 probably misconfigured
ptp4l[148.700]: selected best master clock 1a11c2.fffe.d6f470
ptp4l[148.701]: foreign master not using PTP timescale
ptp4l[149.139]: selected best master clock 1a11c2.fffe.d6f470
ptp4l[149.139]: foreign master not using PTP timescale
ptp4l[149.139]: port 2: master state recommended in slave only mode
ptp4l[149.140]: port 2: defaultDS.priority1 probably misconfigured
ptp4l[149.616]: selected best master clock 1a11c2.fffe.d6f470
ptp4l[149.616]: foreign master not using PTP timescale
ptp4l[149.889]: selected best master clock 1a11c2.fffe.d6f470
ptp4l[149.890]: foreign master not using PTP timescale
ptp4l[149.891]: port 2: master state recommended in slave only mode
ptp4l[149.892]: port 2: defaultDS.priority1 probably misconfigured
ptp4l[150.580]: selected best master clock 1a11c2.fffe.d6f470
ptp4l[150.580]: foreign master not using PTP timescale
ptp4l[150.889]: selected best master clock 1a11c2.fffe.d6f470
ptp4l[150.890]: foreign master not using PTP timescale
ptp4l[150.891]: port 2: master state recommended in slave only mode
ptp4l[150.891]: port 2: defaultDS.priority1 probably misconfigured
ptp4l[150.911]: rms 75841 max 126542 freq   +476 +/- 36934 delay 57236 +/- 25958
ptp4l[151.476]: selected best master clock 1a11c2.fffe.d6f470
ptp4l[151.477]: foreign master not using PTP timescale
ptp4l[151.890]: selected best master clock 1a11c2.fffe.d6f470
ptp4l[151.891]: foreign master not using PTP timescale
ptp4l[151.891]: port 2: master state recommended in slave only mode
ptp4l[151.893]: port 2: defaultDS.priority1 probably misconfigured
ptp4l[152.460]: selected best master clock 1a11c2.fffe.d6f470
ptp4l[152.461]: foreign master not using PTP timescale
ptp4l[152.891]: selected best master clock 1a11c2.fffe.d6f470
ptp4l[152.892]: foreign master not using PTP timescale
ptp4l[152.893]: port 2: master state recommended in slave only mode
ptp4l[152.893]: port 2: defaultDS.priority1 probably misconfigured
ptp4l[153.364]: selected best master clock 1a11c2.fffe.d6f470
ptp4l[153.364]: foreign master not using PTP timescale
ptp4l[153.641]: selected best master clock 1a11c2.fffe.d6f470
ptp4l[153.642]: foreign master not using PTP timescale
ptp4l[153.642]: port 2: master state recommended in slave only mode
ptp4l[153.643]: port 2: defaultDS.priority1 probably misconfigured
ptp4l[154.316]: selected best master clock 1a11c2.fffe.d6f470
ptp4l[154.317]: foreign master not using PTP timescale
ptp4l[154.641]: selected best master clock 1a11c2.fffe.d6f470
ptp4l[154.642]: foreign master not using PTP timescale
ptp4l[154.643]: port 2: master state recommended in slave only mode
ptp4l[154.643]: port 2: defaultDS.priority1 probably misconfigured
ptp4l[155.220]: selected best master clock 1a11c2.fffe.d6f470
ptp4l[155.220]: foreign master not using PTP timescale
ptp4l[155.642]: selected best master clock 1a11c2.fffe.d6f470
ptp4l[155.642]: foreign master not using PTP timescale
ptp4l[155.643]: port 2: master state recommended in slave only mode
ptp4l[155.644]: port 2: defaultDS.priority1 probably misconfigured
ptp4l[156.164]: selected best master clock 1a11c2.fffe.d6f470
ptp4l[156.164]: foreign master not using PTP timescale
ptp4l[156.642]: selected best master clock 1a11c2.fffe.d6f470
ptp4l[156.642]: foreign master not using PTP timescale
ptp4l[156.643]: port 2: master state recommended in slave only mode
ptp4l[156.644]: port 2: defaultDS.priority1 probably misconfigured
ptp4l[156.916]: selected best master clock 1a11c2.fffe.d6f470
ptp4l[156.916]: foreign master not using PTP timescale
ptp4l[157.393]: selected best master clock 1a11c2.fffe.d6f470
ptp4l[157.394]: foreign master not using PTP timescale
ptp4l[157.395]: port 2: master state recommended in slave only mode
ptp4l[157.395]: port 2: defaultDS.priority1 probably misconfigured
ptp4l[157.664]: selected best master clock 1a11c2.fffe.d6f470
ptp4l[157.665]: foreign master not using PTP timescale
ptp4l[158.143]: selected best master clock 1a11c2.fffe.d6f470
ptp4l[158.144]: foreign master not using PTP timescale
ptp4l[158.144]: port 2: master state recommended in slave only mode
ptp4l[158.145]: port 2: defaultDS.priority1 probably misconfigured
ptp4l[158.624]: selected best master clock 1a11c2.fffe.d6f470
ptp4l[158.625]: foreign master not using PTP timescale
ptp4l[158.894]: selected best master clock 1a11c2.fffe.d6f470
ptp4l[158.894]: foreign master not using PTP timescale
ptp4l[158.895]: port 2: master state recommended in slave only mode
ptp4l[158.896]: port 2: defaultDS.priority1 probably misconfigured
ptp4l[159.436]: selected best master clock 1a11c2.fffe.d6f470
ptp4l[159.436]: foreign master not using PTP timescale
ptp4l[159.894]: selected best master clock 1a11c2.fffe.d6f470
ptp4l[159.895]: foreign master not using PTP timescale
ptp4l[159.896]: port 2: master state recommended in slave only mode
ptp4l[159.897]: port 2: defaultDS.priority1 probably misconfigured
ptp4l[160.192]: selected best master clock 1a11c2.fffe.d6f470
ptp4l[160.193]: foreign master not using PTP timescale
ptp4l[160.644]: selected best master clock 1a11c2.fffe.d6f470
ptp4l[160.645]: foreign master not using PTP timescale
ptp4l[160.646]: port 2: master state recommended in slave only mode
ptp4l[160.646]: port 2: defaultDS.priority1 probably misconfigured
ptp4l[161.028]: selected best master clock 1a11c2.fffe.d6f470
ptp4l[161.028]: foreign master not using PTP timescale
ptp4l[161.395]: selected best master clock 1a11c2.fffe.d6f470
ptp4l[161.395]: foreign master not using PTP timescale
ptp4l[161.396]: port 2: master state recommended in slave only mode
ptp4l[161.396]: port 2: defaultDS.priority1 probably misconfigured
ptp4l[161.940]: selected best master clock 1a11c2.fffe.d6f470
ptp4l[161.940]: foreign master not using PTP timescale
ptp4l[162.395]: selected best master clock 1a11c2.fffe.d6f470
ptp4l[162.396]: foreign master not using PTP timescale
ptp4l[162.396]: port 2: master state recommended in slave only mode
ptp4l[162.397]: port 2: defaultDS.priority1 probably misconfigured
ptp4l[162.704]: selected best master clock 1a11c2.fffe.d6f470
ptp4l[162.705]: foreign master not using PTP timescale
ptp4l[163.145]: selected best master clock 1a11c2.fffe.d6f470
ptp4l[163.146]: foreign master not using PTP timescale
ptp4l[163.147]: port 2: master state recommended in slave only mode
ptp4l[163.147]: port 2: defaultDS.priority1 probably misconfigured
ptp4l[163.644]: selected best master clock 1a11c2.fffe.d6f470
ptp4l[163.645]: foreign master not using PTP timescale
ptp4l[163.896]: selected best master clock 1a11c2.fffe.d6f470
ptp4l[163.897]: foreign master not using PTP timescale
ptp4l[163.898]: port 2: master state recommended in slave only mode
ptp4l[163.899]: port 2: defaultDS.priority1 probably misconfigured
ptp4l[164.488]: selected best master clock 1a11c2.fffe.d6f470
ptp4l[164.488]: foreign master not using PTP timescale
ptp4l[164.896]: selected best master clock 1a11c2.fffe.d6f470
ptp4l[164.897]: foreign master not using PTP timescale
ptp4l[164.898]: port 2: master state recommended in slave only mode
ptp4l[164.899]: port 2: defaultDS.priority1 probably misconfigured
ptp4l[165.300]: selected best master clock 1a11c2.fffe.d6f470
ptp4l[165.300]: foreign master not using PTP timescale
ptp4l[165.646]: selected best master clock 1a11c2.fffe.d6f470
ptp4l[165.647]: foreign master not using PTP timescale
ptp4l[165.647]: port 2: master state recommended in slave only mode
ptp4l[165.648]: port 2: defaultDS.priority1 probably misconfigured
ptp4l[166.176]: selected best master clock 1a11c2.fffe.d6f470
ptp4l[166.176]: foreign master not using PTP timescale
ptp4l[166.646]: selected best master clock 1a11c2.fffe.d6f470
ptp4l[166.647]: foreign master not using PTP timescale
ptp4l[166.648]: port 2: master state recommended in slave only mode
ptp4l[166.648]: port 2: defaultDS.priority1 probably misconfigured
ptp4l[166.927]: rms 115149 max 187247 freq +15581 +/- 72388 delay 74674 +/- 26566
ptp4l[167.088]: selected best master clock 1a11c2.fffe.d6f470
ptp4l[167.088]: foreign master not using PTP timescale
ptp4l[167.397]: selected best master clock 1a11c2.fffe.d6f470
ptp4l[167.398]: foreign master not using PTP timescale
ptp4l[167.399]: port 2: master state recommended in slave only mode
ptp4l[167.399]: port 2: defaultDS.priority1 probably misconfigured
ptp4l[168.040]: selected best master clock 1a11c2.fffe.d6f470
ptp4l[168.040]: foreign master not using PTP timescale
ptp4l[168.397]: selected best master clock 1a11c2.fffe.d6f470
ptp4l[168.398]: foreign master not using PTP timescale
ptp4l[168.399]: port 2: master state recommended in slave only mode
ptp4l[168.400]: port 2: defaultDS.priority1 probably misconfigured
ptp4l[168.848]: selected best master clock 1a11c2.fffe.d6f470
ptp4l[168.850]: foreign master not using PTP timescale
ptp4l[169.148]: selected best master clock 1a11c2.fffe.d6f470
ptp4l[169.149]: foreign master not using PTP timescale
ptp4l[169.150]: port 2: master state recommended in slave only mode
ptp4l[169.150]: port 2: defaultDS.priority1 probably misconfigured
ptp4l[169.768]: selected best master clock 1a11c2.fffe.d6f470
ptp4l[169.769]: foreign master not using PTP timescale
ptp4l[170.148]: selected best master clock 1a11c2.fffe.d6f470
ptp4l[170.149]: foreign master not using PTP timescale
ptp4l[170.149]: port 2: master state recommended in slave only mode
ptp4l[170.150]: port 2: defaultDS.priority1 probably misconfigured
ptp4l[170.588]: selected best master clock 1a11c2.fffe.d6f470
ptp4l[170.588]: foreign master not using PTP timescale
ptp4l[170.899]: selected best master clock 1a11c2.fffe.d6f470
ptp4l[170.900]: foreign master not using PTP timescale
ptp4l[170.900]: port 2: master state recommended in slave only mode
ptp4l[170.901]: port 2: defaultDS.priority1 probably misconfigured
ptp4l[171.464]: selected best master clock 1a11c2.fffe.d6f470
ptp4l[171.464]: foreign master not using PTP timescale
ptp4l[171.899]: selected best master clock 1a11c2.fffe.d6f470
ptp4l[171.899]: foreign master not using PTP timescale
ptp4l[171.900]: port 2: master state recommended in slave only mode
ptp4l[171.900]: port 2: defaultDS.priority1 probably misconfigured
ptp4l[172.288]: selected best master clock 1a11c2.fffe.d6f470
ptp4l[172.288]: foreign master not using PTP timescale
ptp4l[172.649]: selected best master clock 1a11c2.fffe.d6f470
ptp4l[172.650]: foreign master not using PTP timescale
ptp4l[172.651]: port 2: master state recommended in slave only mode
ptp4l[172.651]: port 2: defaultDS.priority1 probably misconfigured
ptp4l[173.100]: selected best master clock 1a11c2.fffe.d6f470
ptp4l[173.101]: foreign master not using PTP timescale
ptp4l[173.400]: selected best master clock 1a11c2.fffe.d6f470
ptp4l[173.403]: foreign master not using PTP timescale
ptp4l[173.405]: port 2: master state recommended in slave only mode
ptp4l[173.407]: port 2: defaultDS.priority1 probably misconfigured
ptp4l[174.004]: selected best master clock 1a11c2.fffe.d6f470
ptp4l[174.004]: foreign master not using PTP timescale
ptp4l[174.400]: selected best master clock 1a11c2.fffe.d6f470
ptp4l[174.402]: foreign master not using PTP timescale
ptp4l[174.403]: port 2: master state recommended in slave only mode
ptp4l[174.404]: port 2: defaultDS.priority1 probably misconfigured
ptp4l[174.868]: selected best master clock 1a11c2.fffe.d6f470
ptp4l[174.868]: foreign master not using PTP timescale
ptp4l[175.151]: selected best master clock 1a11c2.fffe.d6f470
ptp4l[175.151]: foreign master not using PTP timescale
ptp4l[175.152]: port 2: master state recommended in slave only mode
ptp4l[175.153]: port 2: defaultDS.priority1 probably misconfigured
ptp4l[175.652]: selected best master clock 1a11c2.fffe.d6f470
ptp4l[175.653]: foreign master not using PTP timescale
ptp4l[176.151]: selected best master clock 1a11c2.fffe.d6f470
ptp4l[176.152]: foreign master not using PTP timescale
ptp4l[176.153]: port 2: master state recommended in slave only mode
ptp4l[176.154]: port 2: defaultDS.priority1 probably misconfigured
ptp4l[176.408]: selected best master clock 1a11c2.fffe.d6f470
ptp4l[176.408]: foreign master not using PTP timescale
ptp4l[176.901]: selected best master clock 1a11c2.fffe.d6f470
ptp4l[176.902]: foreign master not using PTP timescale
ptp4l[176.903]: port 2: master state recommended in slave only mode
ptp4l[176.904]: port 2: defaultDS.priority1 probably misconfigured
ptp4l[177.280]: selected best master clock 1a11c2.fffe.d6f470
ptp4l[177.280]: foreign master not using PTP timescale
ptp4l[177.652]: selected best master clock 1a11c2.fffe.d6f470
ptp4l[177.652]: foreign master not using PTP timescale
ptp4l[177.653]: port 2: master state recommended in slave only mode
ptp4l[177.653]: port 2: defaultDS.priority1 probably misconfigured
ptp4l[178.272]: selected best master clock 1a11c2.fffe.d6f470
ptp4l[178.273]: foreign master not using PTP timescale
ptp4l[178.652]: selected best master clock 1a11c2.fffe.d6f470
ptp4l[178.653]: foreign master not using PTP timescale
ptp4l[178.653]: port 2: master state recommended in slave only mode
ptp4l[178.654]: port 2: defaultDS.priority1 probably misconfigured
ptp4l[179.200]: selected best master clock 1a11c2.fffe.d6f470
ptp4l[179.201]: foreign master not using PTP timescale
ptp4l[179.652]: selected best master clock 1a11c2.fffe.d6f470
ptp4l[179.653]: foreign master not using PTP timescale
ptp4l[179.654]: port 2: master state recommended in slave only mode
ptp4l[179.655]: port 2: defaultDS.priority1 probably misconfigured
ptp4l[180.148]: selected best master clock 1a11c2.fffe.d6f470
ptp4l[180.148]: foreign master not using PTP timescale
ptp4l[180.403]: selected best master clock 1a11c2.fffe.d6f470
ptp4l[180.403]: foreign master not using PTP timescale
ptp4l[180.404]: port 2: master state recommended in slave only mode
ptp4l[180.404]: port 2: defaultDS.priority1 probably misconfigured
ptp4l[181.004]: selected best master clock 1a11c2.fffe.d6f470
ptp4l[181.004]: foreign master not using PTP timescale
ptp4l[181.403]: selected best master clock 1a11c2.fffe.d6f470
ptp4l[181.404]: foreign master not using PTP timescale
ptp4l[181.404]: port 2: master state recommended in slave only mode
ptp4l[181.405]: port 2: defaultDS.priority1 probably misconfigured
ptp4l[181.864]: selected best master clock 1a11c2.fffe.d6f470
ptp4l[181.864]: foreign master not using PTP timescale
ptp4l[182.154]: selected best master clock 1a11c2.fffe.d6f470
ptp4l[182.154]: foreign master not using PTP timescale
ptp4l[182.155]: port 2: master state recommended in slave only mode
ptp4l[182.155]: port 2: defaultDS.priority1 probably misconfigured
ptp4l[182.760]: selected best master clock 1a11c2.fffe.d6f470
ptp4l[182.760]: foreign master not using PTP timescale
ptp4l[182.942]: rms 63627 max 105968 freq  -8001 +/- 41315 delay 83654 +/- 32712
ptp4l[183.154]: selected best master clock 1a11c2.fffe.d6f470
ptp4l[183.155]: foreign master not using PTP timescale
ptp4l[183.156]: port 2: master state recommended in slave only mode
ptp4l[183.156]: port 2: defaultDS.priority1 probably misconfigured
ptp4l[183.568]: selected best master clock 1a11c2.fffe.d6f470
ptp4l[183.568]: foreign master not using PTP timescale
