ptp4l[242.516]: port 1: INITIALIZING to LISTENING on INIT_COMPLETE
ptp4l[242.517]: port 0: INITIALIZING to LISTENING on INIT_COMPLETE
ptp4l[243.290]: port 1: new foreign master 327ec3.fffe.044691-1
ptp4l[243.380]: selected local clock bedbfd.fffe.8dd84d as best master
ptp4l[243.388]: port 1: new foreign master 3ab353.fffe.ba4f10-1
ptp4l[243.790]: selected best master clock 327ec3.fffe.044691
ptp4l[243.791]: foreign master not using PTP timescale
ptp4l[243.791]: port 1: LISTENING to UNCALIBRATED on RS_SLAVE
ptp4l[243.888]: selected best master clock 3ab353.fffe.ba4f10
ptp4l[243.889]: foreign master not using PTP timescale
ptp4l[244.290]: selected best master clock 3ab353.fffe.ba4f10
ptp4l[244.291]: foreign master not using PTP timescale
ptp4l[244.790]: selected best master clock 3ab353.fffe.ba4f10
ptp4l[244.791]: foreign master not using PTP timescale
ptp4l[245.290]: selected best master clock 3ab353.fffe.ba4f10
ptp4l[245.291]: foreign master not using PTP timescale
ptp4l[245.790]: selected best master clock 3ab353.fffe.ba4f10
ptp4l[245.792]: foreign master not using PTP timescale
ptp4l[246.291]: selected best master clock 3ab353.fffe.ba4f10
ptp4l[246.291]: foreign master not using PTP timescale
ptp4l[246.791]: selected best master clock 3ab353.fffe.ba4f10
ptp4l[246.791]: foreign master not using PTP timescale
ptp4l[247.291]: selected best master clock 3ab353.fffe.ba4f10
ptp4l[247.291]: foreign master not using PTP timescale
ptp4l[247.791]: selected best master clock 3ab353.fffe.ba4f10
ptp4l[247.792]: foreign master not using PTP timescale
ptp4l[248.291]: selected best master clock 3ab353.fffe.ba4f10
ptp4l[248.292]: foreign master not using PTP timescale
ptp4l[248.791]: selected best master clock 3ab353.fffe.ba4f10
ptp4l[248.792]: foreign master not using PTP timescale
ptp4l[249.292]: selected best master clock 3ab353.fffe.ba4f10
ptp4l[249.293]: foreign master not using PTP timescale
ptp4l[249.792]: selected best master clock 3ab353.fffe.ba4f10
ptp4l[249.793]: foreign master not using PTP timescale
ptp4l[250.292]: selected best master clock 3ab353.fffe.ba4f10
ptp4l[250.293]: foreign master not using PTP timescale
ptp4l[250.792]: selected best master clock 3ab353.fffe.ba4f10
ptp4l[250.793]: foreign master not using PTP timescale
ptp4l[251.292]: selected best master clock 3ab353.fffe.ba4f10
ptp4l[251.293]: foreign master not using PTP timescale
ptp4l[251.793]: selected best master clock 3ab353.fffe.ba4f10
ptp4l[251.793]: foreign master not using PTP timescale
ptp4l[252.293]: selected best master clock 3ab353.fffe.ba4f10
ptp4l[252.294]: foreign master not using PTP timescale
ptp4l[252.793]: selected best master clock 3ab353.fffe.ba4f10
ptp4l[252.794]: foreign master not using PTP timescale
ptp4l[253.293]: selected best master clock 3ab353.fffe.ba4f10
ptp4l[253.294]: foreign master not using PTP timescale
