ptp4l[219.408]: port 1: INITIALIZING to LISTENING on INIT_COMPLETE
ptp4l[219.409]: port 0: INITIALIZING to LISTENING on INIT_COMPLETE
ptp4l[220.220]: port 1: new foreign master 3a50af.fffe.502bc3-1
ptp4l[220.312]: selected local clock 0a66e1.fffe.8524a1 as best master
ptp4l[220.497]: port 1: new foreign master 6ab27b.fffe.173cf3-1
ptp4l[220.720]: selected best master clock 3a50af.fffe.502bc3
ptp4l[220.721]: foreign master not using PTP timescale
ptp4l[220.722]: port 1: LISTENING to UNCALIBRATED on RS_SLAVE
ptp4l[220.997]: selected best master clock 6ab27b.fffe.173cf3
ptp4l[220.997]: foreign master not using PTP timescale
ptp4l[221.471]: selected best master clock 6ab27b.fffe.173cf3
ptp4l[221.471]: foreign master not using PTP timescale
ptp4l[221.971]: selected best master clock 6ab27b.fffe.173cf3
ptp4l[221.971]: foreign master not using PTP timescale
ptp4l[222.472]: selected best master clock 6ab27b.fffe.173cf3
ptp4l[222.473]: foreign master not using PTP timescale
ptp4l[222.972]: selected best master clock 6ab27b.fffe.173cf3
ptp4l[222.973]: foreign master not using PTP timescale
ptp4l[223.472]: selected best master clock 6ab27b.fffe.173cf3
ptp4l[223.473]: foreign master not using PTP timescale
ptp4l[223.972]: selected best master clock 6ab27b.fffe.173cf3
ptp4l[223.973]: foreign master not using PTP timescale
ptp4l[224.472]: selected best master clock 6ab27b.fffe.173cf3
ptp4l[224.473]: foreign master not using PTP timescale
ptp4l[224.972]: selected best master clock 6ab27b.fffe.173cf3
ptp4l[224.973]: foreign master not using PTP timescale
ptp4l[225.473]: selected best master clock 6ab27b.fffe.173cf3
ptp4l[225.474]: foreign master not using PTP timescale
ptp4l[225.973]: selected best master clock 6ab27b.fffe.173cf3
ptp4l[225.974]: foreign master not using PTP timescale
ptp4l[226.473]: selected best master clock 6ab27b.fffe.173cf3
ptp4l[226.474]: foreign master not using PTP timescale
ptp4l[226.973]: selected best master clock 6ab27b.fffe.173cf3
ptp4l[226.974]: foreign master not using PTP timescale
ptp4l[227.473]: selected best master clock 6ab27b.fffe.173cf3
ptp4l[227.474]: foreign master not using PTP timescale
ptp4l[227.974]: selected best master clock 6ab27b.fffe.173cf3
ptp4l[227.974]: foreign master not using PTP timescale
ptp4l[228.474]: selected best master clock 6ab27b.fffe.173cf3
ptp4l[228.474]: foreign master not using PTP timescale
ptp4l[228.974]: selected best master clock 6ab27b.fffe.173cf3
ptp4l[228.974]: foreign master not using PTP timescale
ptp4l[229.474]: selected best master clock 6ab27b.fffe.173cf3
ptp4l[229.475]: foreign master not using PTP timescale
ptp4l[229.974]: selected best master clock 6ab27b.fffe.173cf3
ptp4l[229.975]: foreign master not using PTP timescale
