ptp4l[144.088]: port 1: INITIALIZING to LISTENING on INIT_COMPLETE
ptp4l[144.089]: port 0: INITIALIZING to LISTENING on INIT_COMPLETE
ptp4l[144.912]: port 1: new foreign master 7a73ae.fffe.cbef8f-1
ptp4l[145.016]: selected local clock 72bbee.fffe.225473 as best master
ptp4l[145.045]: port 1: new foreign master 16db19.fffe.127d1c-1
ptp4l[145.413]: selected best master clock 7a73ae.fffe.cbef8f
ptp4l[145.414]: foreign master not using PTP timescale
ptp4l[145.415]: port 1: LISTENING to UNCALIBRATED on RS_SLAVE
ptp4l[145.545]: selected best master clock 16db19.fffe.127d1c
ptp4l[145.547]: foreign master not using PTP timescale
ptp4l[145.913]: selected best master clock 16db19.fffe.127d1c
ptp4l[145.914]: foreign master not using PTP timescale
ptp4l[146.413]: selected best master clock 16db19.fffe.127d1c
ptp4l[146.414]: foreign master not using PTP timescale
ptp4l[146.913]: selected best master clock 16db19.fffe.127d1c
ptp4l[146.914]: foreign master not using PTP timescale
ptp4l[147.413]: selected best master clock 16db19.fffe.127d1c
ptp4l[147.414]: foreign master not using PTP timescale
ptp4l[147.913]: selected best master clock 16db19.fffe.127d1c
ptp4l[147.914]: foreign master not using PTP timescale
ptp4l[148.414]: selected best master clock 16db19.fffe.127d1c
ptp4l[148.414]: foreign master not using PTP timescale
ptp4l[148.914]: selected best master clock 16db19.fffe.127d1c
ptp4l[148.915]: foreign master not using PTP timescale
ptp4l[149.414]: selected best master clock 16db19.fffe.127d1c
ptp4l[149.415]: foreign master not using PTP timescale
ptp4l[149.914]: selected best master clock 16db19.fffe.127d1c
ptp4l[149.915]: foreign master not using PTP timescale
ptp4l[150.414]: selected best master clock 16db19.fffe.127d1c
ptp4l[150.415]: foreign master not using PTP timescale
ptp4l[150.914]: selected best master clock 16db19.fffe.127d1c
ptp4l[150.915]: foreign master not using PTP timescale
ptp4l[151.415]: selected best master clock 16db19.fffe.127d1c
ptp4l[151.416]: foreign master not using PTP timescale
ptp4l[151.915]: selected best master clock 16db19.fffe.127d1c
ptp4l[151.916]: foreign master not using PTP timescale
ptp4l[152.415]: selected best master clock 16db19.fffe.127d1c
ptp4l[152.416]: foreign master not using PTP timescale
ptp4l[152.915]: selected best master clock 16db19.fffe.127d1c
ptp4l[152.916]: foreign master not using PTP timescale
ptp4l[153.415]: selected best master clock 16db19.fffe.127d1c
ptp4l[153.416]: foreign master not using PTP timescale
ptp4l[153.916]: selected best master clock 16db19.fffe.127d1c
ptp4l[153.918]: foreign master not using PTP timescale
ptp4l[154.416]: selected best master clock 16db19.fffe.127d1c
ptp4l[154.419]: foreign master not using PTP timescale
ptp4l[154.916]: selected best master clock 16db19.fffe.127d1c
ptp4l[154.917]: foreign master not using PTP timescale
