ptp4l[2832.776]: port 1 (v-ru3): INITIALIZING to LISTENING on INIT_COMPLETE
ptp4l[2832.776]: port 0 (/var/run/p.ru3): INITIALIZING to LISTENING on INIT_COMPLETE
ptp4l[2832.776]: port 0 (/var/run/pr.ru3): INITIALIZING to LISTENING on INIT_COMPLETE
ptp4l[2833.205]: selected local clock 020000.fffe.00000e as best master
ptp4l[2833.264]: port 1 (v-ru3): new foreign master 020000.fffe.000001-2
ptp4l[2833.514]: selected best master clock 020000.fffe.00000a
ptp4l[2833.514]: foreign master not using PTP timescale
ptp4l[2833.514]: port 1 (v-ru3): LISTENING to UNCALIBRATED on RS_SLAVE
ptp4l[2835.578]: master offset       2150 s0 freq   +2783 path delay      8122
ptp4l[2837.581]: master offset      -5815 s0 freq   -4014 path delay      8050
ptp4l[2839.584]: master offset       -929 s0 freq   +2858 path delay      8889
ptp4l[2841.586]: master offset       2873 s0 freq    +687 path delay      6463
ptp4l[2843.591]: master offset       -275 s0 freq   -1578 path delay      6447
ptp4l[2845.593]: master offset       1277 s0 freq   +1337 path delay      7572
ptp4l[2847.596]: master offset      -2896 s0 freq   -2516 path delay      6707
ptp4l[2849.598]: master offset      -4035 s0 freq     -89 path delay      7668
ptp4l[2851.602]: master offset      -3197 s0 freq    +237 path delay      7305
ptp4l[2853.605]: master offset      -2027 s0 freq    +481 path delay      7099
ptp4l[2855.261]: port 1 (v-ru3): new foreign master 020000.fffe.0000bf-1
ptp4l[2855.511]: selected best master clock 020000.fffe.0000bf
ptp4l[2855.511]: foreign master not using PTP timescale
ptp4l[2855.656]: foreign master not using PTP timescale
ptp4l[2855.906]: foreign master not using PTP timescale
ptp4l[2856.156]: foreign master not using PTP timescale
ptp4l[2856.407]: foreign master not using PTP timescale
ptp4l[2856.657]: foreign master not using PTP timescale
ptp4l[2856.907]: foreign master not using PTP timescale
ptp4l[2857.157]: foreign master not using PTP timescale
ptp4l[2857.407]: foreign master not using PTP timescale
ptp4l[2857.575]: master offset      -1351 s0 freq    +687 path delay      5638
ptp4l[2857.657]: foreign master not using PTP timescale
ptp4l[2857.908]: foreign master not using PTP timescale
ptp4l[2858.158]: foreign master not using PTP timescale
ptp4l[2858.408]: foreign master not using PTP timescale
ptp4l[2858.658]: foreign master not using PTP timescale
ptp4l[2858.908]: foreign master not using PTP timescale
ptp4l[2859.158]: foreign master not using PTP timescale
ptp4l[2859.409]: foreign master not using PTP timescale
ptp4l[2859.577]: master offset         85 s0 freq    -196 path delay      3810
ptp4l[2859.659]: foreign master not using PTP timescale
ptp4l[2859.909]: foreign master not using PTP timescale
ptp4l[2860.159]: foreign master not using PTP timescale
ptp4l[2860.409]: foreign master not using PTP timescale
ptp4l[2860.659]: foreign master not using PTP timescale
ptp4l[2860.910]: foreign master not using PTP timescale
ptp4l[2861.160]: foreign master not using PTP timescale
ptp4l[2861.410]: foreign master not using PTP timescale
ptp4l[2861.579]: master offset      -2153 s0 freq   -1436 path delay      3172
ptp4l[2861.660]: foreign master not using PTP timescale
ptp4l[2861.910]: foreign master not using PTP timescale
ptp4l[2862.160]: foreign master not using PTP timescale
ptp4l[2862.410]: foreign master not using PTP timescale
ptp4l[2862.661]: foreign master not using PTP timescale
ptp4l[2862.911]: foreign master not using PTP timescale
ptp4l[2863.162]: foreign master not using PTP timescale
ptp4l[2863.412]: foreign master not using PTP timescale
ptp4l[2863.582]: master offset       2525 s0 freq   +4357 path delay      7220
ptp4l[2863.662]: foreign master not using PTP timescale
ptp4l[2863.913]: foreign master not using PTP timescale
ptp4l[2864.163]: foreign master not using PTP timescale
ptp4l[2864.413]: foreign master not using PTP timescale
ptp4l[2864.663]: foreign master not using PTP timescale
ptp4l[2864.914]: foreign master not using PTP timescale
ptp4l[2865.164]: foreign master not using PTP timescale
ptp4l[2865.414]: foreign master not using PTP timescale
ptp4l[2865.585]: master offset        748 s0 freq    -947 path delay      7101
ptp4l[2865.664]: foreign master not using PTP timescale
ptp4l[2865.914]: foreign master not using PTP timescale
ptp4l[2866.164]: foreign master not using PTP timescale
ptp4l[2866.415]: foreign master not using PTP timescale
ptp4l[2866.665]: foreign master not using PTP timescale
ptp4l[2866.915]: foreign master not using PTP timescale
ptp4l[2867.165]: foreign master not using PTP timescale
ptp4l[2867.415]: foreign master not using PTP timescale
ptp4l[2867.587]: master offset       4966 s0 freq    +584 path delay      4053
ptp4l[2867.666]: foreign master not using PTP timescale
ptp4l[2867.916]: foreign master not using PTP timescale
ptp4l[2868.166]: foreign master not using PTP timescale
ptp4l[2868.416]: foreign master not using PTP timescale
ptp4l[2868.666]: foreign master not using PTP timescale
ptp4l[2868.916]: foreign master not using PTP timescale
ptp4l[2869.167]: foreign master not using PTP timescale
ptp4l[2869.417]: foreign master not using PTP timescale
ptp4l[2869.591]: master offset       3286 s0 freq    +619 path delay      6974
ptp4l[2869.667]: foreign master not using PTP timescale
ptp4l[2869.917]: foreign master not using PTP timescale
ptp4l[2870.167]: foreign master not using PTP timescale
ptp4l[2870.417]: foreign master not using PTP timescale
ptp4l[2870.668]: foreign master not using PTP timescale
ptp4l[2870.918]: foreign master not using PTP timescale
ptp4l[2871.168]: foreign master not using PTP timescale
ptp4l[2871.418]: foreign master not using PTP timescale
ptp4l[2871.596]: master offset      -4751 s0 freq   -3713 path delay      7568
ptp4l[2871.668]: foreign master not using PTP timescale
ptp4l[2871.918]: foreign master not using PTP timescale
ptp4l[2872.169]: foreign master not using PTP timescale
ptp4l[2872.419]: foreign master not using PTP timescale
ptp4l[2872.669]: foreign master not using PTP timescale
ptp4l[2872.919]: foreign master not using PTP timescale
ptp4l[2873.169]: foreign master not using PTP timescale
ptp4l[2873.420]: foreign master not using PTP timescale
ptp4l[2873.599]: master offset      -1851 s0 freq   +2274 path delay      9222
ptp4l[2873.670]: foreign master not using PTP timescale
ptp4l[2873.920]: foreign master not using PTP timescale
ptp4l[2874.170]: foreign master not using PTP timescale
ptp4l[2874.420]: foreign master not using PTP timescale
ptp4l[2874.671]: foreign master not using PTP timescale
