ptp4l[1333.452]: port 1 (v-ru3): INITIALIZING to LISTENING on INIT_COMPLETE
ptp4l[1333.452]: port 0 (/var/run/p.ru3): INITIALIZING to LISTENING on INIT_COMPLETE
ptp4l[1333.452]: port 0 (/var/run/pr.ru3): INITIALIZING to LISTENING on INIT_COMPLETE
ptp4l[1333.873]: selected local clock 020000.fffe.00000e as best master
ptp4l[1333.926]: port 1 (v-ru3): new foreign master 020000.fffe.000001-2
ptp4l[1334.176]: selected best master clock 020000.fffe.00000b
ptp4l[1334.176]: foreign master not using PTP timescale
ptp4l[1334.176]: port 1 (v-ru3): LISTENING to UNCALIBRATED on RS_SLAVE
ptp4l[1334.301]: selected best master clock 020000.fffe.00000a
ptp4l[1334.301]: foreign master not using PTP timescale
ptp4l[1336.366]: master offset      -2819 s0 freq    -867 path delay      5222
ptp4l[1338.368]: master offset       -589 s0 freq    +711 path delay      4415
ptp4l[1340.370]: master offset       -597 s0 freq    -378 path delay      3667
ptp4l[1341.676]: port 1 (v-ru3): new foreign master 020000.fffe.00000a-2
ptp4l[1341.932]: selected best master clock 020000.fffe.00000a
ptp4l[1341.932]: running in a temporal vortex
ptp4l[1341.932]: updating time properties to insert leap second
ptp4l[1342.181]: running in a temporal vortex
ptp4l[1342.431]: running in a temporal vortex
ptp4l[1342.681]: running in a temporal vortex
ptp4l[1342.931]: running in a temporal vortex
ptp4l[1343.182]: running in a temporal vortex
ptp4l[1343.432]: running in a temporal vortex
ptp4l[1343.682]: running in a temporal vortex
ptp4l[1343.932]: running in a temporal vortex
ptp4l[1344.182]: running in a temporal vortex
ptp4l[1344.432]: running in a temporal vortex
ptp4l[1344.682]: running in a temporal vortex
ptp4l[1344.932]: running in a temporal vortex
ptp4l[1345.183]: running in a temporal vortex
ptp4l[1345.433]: running in a temporal vortex
ptp4l[1345.683]: running in a temporal vortex
ptp4l[1345.933]: running in a temporal vortex
ptp4l[1346.183]: running in a temporal vortex
ptp4l[1346.433]: running in a temporal vortex
ptp4l[1346.684]: running in a temporal vortex
ptp4l[1346.934]: running in a temporal vortex
ptp4l[1347.184]: running in a temporal vortex
ptp4l[1347.434]: running in a temporal vortex
ptp4l[1347.684]: running in a temporal vortex
ptp4l[1347.934]: running in a temporal vortex
ptp4l[1348.184]: running in a temporal vortex
ptp4l[1348.435]: running in a temporal vortex
ptp4l[1348.685]: running in a temporal vortex
ptp4l[1348.935]: running in a temporal vortex
ptp4l[1349.185]: running in a temporal vortex
ptp4l[1349.435]: running in a temporal vortex
ptp4l[1349.685]: running in a temporal vortex
ptp4l[1349.935]: running in a temporal vortex
ptp4l[1350.185]: running in a temporal vortex
ptp4l[1350.436]: running in a temporal vortex
ptp4l[1350.686]: running in a temporal vortex
ptp4l[1350.936]: running in a temporal vortex
ptp4l[1351.186]: running in a temporal vortex
ptp4l[1351.436]: running in a temporal vortex
ptp4l[1351.686]: running in a temporal vortex
ptp4l[1351.936]: running in a temporal vortex
ptp4l[1352.186]: running in a temporal vortex
ptp4l[1352.436]: running in a temporal vortex
ptp4l[1352.686]: running in a temporal vortex
ptp4l[1352.937]: running in a temporal vortex
ptp4l[1353.187]: running in a temporal vortex
ptp4l[1353.437]: running in a temporal vortex
ptp4l[1353.687]: running in a temporal vortex
ptp4l[1353.937]: running in a temporal vortex
ptp4l[1354.187]: running in a temporal vortex
ptp4l[1354.438]: running in a temporal vortex
ptp4l[1354.688]: running in a temporal vortex
ptp4l[1354.938]: running in a temporal vortex
ptp4l[1355.192]: running in a temporal vortex
ptp4l[1355.438]: running in a temporal vortex
ptp4l[1355.688]: running in a temporal vortex
ptp4l[1355.939]: running in a temporal vortex
ptp4l[1356.190]: running in a temporal vortex
ptp4l[1356.439]: running in a temporal vortex
ptp4l[1356.689]: running in a temporal vortex
ptp4l[1356.939]: running in a temporal vortex
ptp4l[1357.189]: running in a temporal vortex
ptp4l[1357.439]: running in a temporal vortex
ptp4l[1357.689]: running in a temporal vortex
ptp4l[1357.940]: running in a temporal vortex
ptp4l[1358.190]: running in a temporal vortex
ptp4l[1358.440]: running in a temporal vortex
ptp4l[1358.693]: running in a temporal vortex
ptp4l[1358.943]: running in a temporal vortex
ptp4l[1359.193]: running in a temporal vortex
ptp4l[1359.443]: running in a temporal vortex
ptp4l[1359.693]: running in a temporal vortex
ptp4l[1359.944]: running in a temporal vortex
ptp4l[1360.194]: running in a temporal vortex
ptp4l[1360.444]: running in a temporal vortex
ptp4l[1360.694]: running in a temporal vortex
ptp4l[1360.944]: running in a temporal vortex
ptp4l[1361.194]: running in a temporal vortex
ptp4l[1361.444]: running in a temporal vortex
ptp4l[1361.695]: running in a temporal vortex
ptp4l[1361.945]: running in a temporal vortex
ptp4l[1362.195]: running in a temporal vortex
ptp4l[1362.445]: running in a temporal vortex
ptp4l[1362.695]: running in a temporal vortex
ptp4l[1362.945]: running in a temporal vortex
ptp4l[1363.196]: running in a temporal vortex
ptp4l[1363.446]: running in a temporal vortex
ptp4l[1363.696]: running in a temporal vortex
ptp4l[1363.946]: running in a temporal vortex
ptp4l[1364.196]: running in a temporal vortex
ptp4l[1364.446]: running in a temporal vortex
ptp4l[1364.696]: running in a temporal vortex
ptp4l[1364.946]: running in a temporal vortex
ptp4l[1365.196]: running in a temporal vortex
ptp4l[1365.447]: running in a temporal vortex
ptp4l[1365.697]: running in a temporal vortex
ptp4l[1365.947]: running in a temporal vortex
ptp4l[1366.197]: running in a temporal vortex
ptp4l[1366.448]: running in a temporal vortex
ptp4l[1366.698]: running in a temporal vortex
ptp4l[1366.948]: running in a temporal vortex
ptp4l[1367.198]: running in a temporal vortex
ptp4l[1367.448]: running in a temporal vortex
ptp4l[1367.698]: running in a temporal vortex
ptp4l[1367.948]: running in a temporal vortex
ptp4l[1368.198]: running in a temporal vortex
ptp4l[1368.449]: running in a temporal vortex
ptp4l[1368.699]: running in a temporal vortex
ptp4l[1368.949]: running in a temporal vortex
ptp4l[1369.199]: running in a temporal vortex
ptp4l[1369.449]: running in a temporal vortex
ptp4l[1369.699]: running in a temporal vortex
ptp4l[1369.949]: running in a temporal vortex
ptp4l[1370.199]: running in a temporal vortex
ptp4l[1370.450]: running in a temporal vortex
ptp4l[1370.700]: running in a temporal vortex
ptp4l[1370.950]: running in a temporal vortex
ptp4l[1371.200]: running in a temporal vortex
ptp4l[1371.450]: running in a temporal vortex
ptp4l[1371.700]: running in a temporal vortex
ptp4l[1371.950]: running in a temporal vortex
ptp4l[1372.200]: running in a temporal vortex
ptp4l[1372.451]: running in a temporal vortex
ptp4l[1372.701]: running in a temporal vortex
ptp4l[1372.951]: running in a temporal vortex
ptp4l[1373.201]: running in a temporal vortex
