ptp4l[1108.436]: port 1: INITIALIZING to LISTENING on INIT_COMPLETE
ptp4l[1108.480]: port 2: INITIALIZING to LISTENING on INIT_COMPLETE
ptp4l[1108.481]: port 0: INITIALIZING to LISTENING on INIT_COMPLETE
ptp4l[1109.320]: selected local clock 6e88e4.fffe.b302f2 as best master
ptp4l[1109.383]: port 1: new foreign master 469c5a.fffe.6d53cf-1
ptp4l[1109.412]: port 2: new foreign master aafb57.fffe.e86c74-1
ptp4l[1109.508]: selected local clock 6e88e4.fffe.b302f2 as best master
ptp4l[1109.883]: selected best master clock 469c5a.fffe.6d53cf
ptp4l[1109.884]: foreign master not using PTP timescale
ptp4l[1109.885]: port 1: LISTENING to UNCALIBRATED on RS_SLAVE
ptp4l[1109.913]: selected best master clock 469c5a.fffe.6d53cf
ptp4l[1109.914]: foreign master not using PTP timescale
ptp4l[1109.915]: port 2: master state recommended in slave only mode
ptp4l[1109.916]: port 2: defaultDS.priority1 probably misconfigured
ptp4l[1110.408]: selected best master clock 469c5a.fffe.6d53cf
ptp4l[1110.409]: foreign master not using PTP timescale
ptp4l[1110.663]: selected best master clock 469c5a.fffe.6d53cf
ptp4l[1110.664]: foreign master not using PTP timescale
ptp4l[1110.665]: port 2: master state recommended in slave only mode
ptp4l[1110.666]: port 2: defaultDS.priority1 probably misconfigured
ptp4l[1111.400]: selected best master clock 469c5a.fffe.6d53cf
ptp4l[1111.400]: foreign master not using PTP timescale
ptp4l[1111.664]: selected best master clock 469c5a.fffe.6d53cf
ptp4l[1111.665]: foreign master not using PTP timescale
ptp4l[1111.666]: port 2: master state recommended in slave only mode
ptp4l[1111.666]: port 2: defaultDS.priority1 probably misconfigured
ptp4l[1112.180]: selected best master clock 469c5a.fffe.6d53cf
ptp4l[1112.183]: foreign master not using PTP timescale
ptp4l[1112.665]: selected best master clock 469c5a.fffe.6d53cf
ptp4l[1112.667]: foreign master not using PTP timescale
ptp4l[1112.669]: port 2: master state recommended in slave only mode
ptp4l[1112.672]: port 2: defaultDS.priority1 probably misconfigured
ptp4l[1113.044]: selected best master clock 469c5a.fffe.6d53cf
ptp4l[1113.047]: foreign master not using PTP timescale
ptp4l[1113.415]: selected best master clock 469c5a.fffe.6d53cf
ptp4l[1113.416]: foreign master not using PTP timescale
ptp4l[1113.416]: port 2: master state recommended in slave only mode
ptp4l[1113.417]: port 2: defaultDS.priority1 probably misconfigured
ptp4l[1113.920]: selected best master clock 469c5a.fffe.6d53cf
ptp4l[1113.921]: foreign master not using PTP timescale
ptp4l[1114.416]: selected best master clock 469c5a.fffe.6d53cf
ptp4l[1114.419]: foreign master not using PTP timescale
ptp4l[1114.421]: port 2: master state recommended in slave only mode
ptp4l[1114.424]: port 2: defaultDS.priority1 probably misconfigured
ptp4l[1114.772]: selected best master clock 469c5a.fffe.6d53cf
ptp4l[1114.775]: foreign master not using PTP timescale
ptp4l[1115.167]: selected best master clock 469c5a.fffe.6d53cf
ptp4l[1115.170]: foreign master not using PTP timescale
ptp4l[1115.173]: port 2: master state recommended in slave only mode
ptp4l[1115.175]: port 2: defaultDS.priority1 probably misconfigured
ptp4l[1115.652]: selected best master clock 469c5a.fffe.6d53cf
ptp4l[1115.653]: foreign master not using PTP timescale
ptp4l[1115.917]: selected best master clock 469c5a.fffe.6d53cf
ptp4l[1115.918]: foreign master not using PTP timescale
ptp4l[1115.919]: port 2: master state recommended in slave only mode
ptp4l[1115.920]: port 2: defaultDS.priority1 probably misconfigured
ptp4l[1116.432]: selected best master clock 469c5a.fffe.6d53cf
ptp4l[1116.433]: foreign master not using PTP timescale
ptp4l[1116.918]: selected best master clock 469c5a.fffe.6d53cf
ptp4l[1116.918]: foreign master not using PTP timescale
ptp4l[1116.919]: port 2: master state recommended in slave only mode
ptp4l[1116.920]: port 2: defaultDS.priority1 probably misconfigured
ptp4l[1117.268]: selected best master clock 469c5a.fffe.6d53cf
ptp4l[1117.268]: foreign master not using PTP timescale
ptp4l[1117.668]: selected best master clock 469c5a.fffe.6d53cf
ptp4l[1117.668]: foreign master not using PTP timescale
ptp4l[1117.669]: port 2: master state recommended in slave only mode
ptp4l[1117.670]: port 2: defaultDS.priority1 probably misconfigured
ptp4l[1118.176]: selected best master clock 469c5a.fffe.6d53cf
ptp4l[1118.177]: foreign master not using PTP timescale
ptp4l[1118.668]: selected best master clock 469c5a.fffe.6d53cf
ptp4l[1118.669]: foreign master not using PTP timescale
ptp4l[1118.670]: port 2: master state recommended in slave only mode
ptp4l[1118.670]: port 2: defaultDS.priority1 probably misconfigured
ptp4l[1119.096]: selected best master clock 469c5a.fffe.6d53cf
ptp4l[1119.097]: foreign master not using PTP timescale
ptp4l[1119.419]: selected best master clock 469c5a.fffe.6d53cf
ptp4l[1119.420]: foreign master not using PTP timescale
ptp4l[1119.420]: port 2: master state recommended in slave only mode
ptp4l[1119.422]: port 2: defaultDS.priority1 probably misconfigured
ptp4l[1119.896]: selected best master clock 469c5a.fffe.6d53cf
ptp4l[1119.899]: foreign master not using PTP timescale
ptp4l[1120.169]: selected best master clock 469c5a.fffe.6d53cf
ptp4l[1120.172]: foreign master not using PTP timescale
ptp4l[1120.175]: port 2: master state recommended in slave only mode
ptp4l[1120.178]: port 2: defaultDS.priority1 probably misconfigured
ptp4l[1120.824]: selected best master clock 469c5a.fffe.6d53cf
ptp4l[1120.827]: foreign master not using PTP timescale
ptp4l[1121.170]: selected best master clock 469c5a.fffe.6d53cf
ptp4l[1121.171]: foreign master not using PTP timescale
ptp4l[1121.172]: port 2: master state recommended in slave only mode
ptp4l[1121.173]: port 2: defaultDS.priority1 probably misconfigured
ptp4l[1121.800]: selected best master clock 469c5a.fffe.6d53cf
ptp4l[1121.803]: foreign master not using PTP timescale
ptp4l[1122.171]: selected best master clock 469c5a.fffe.6d53cf
ptp4l[1122.172]: foreign master not using PTP timescale
ptp4l[1122.174]: port 2: master state recommended in slave only mode
ptp4l[1122.175]: port 2: defaultDS.priority1 probably misconfigured
ptp4l[1122.616]: selected best master clock 469c5a.fffe.6d53cf
ptp4l[1122.617]: foreign master not using PTP timescale
ptp4l[1122.921]: selected best master clock 469c5a.fffe.6d53cf
ptp4l[1122.922]: foreign master not using PTP timescale
ptp4l[1122.923]: port 2: master state recommended in slave only mode
ptp4l[1122.924]: port 2: defaultDS.priority1 probably misconfigured
ptp4l[1123.460]: selected best master clock 469c5a.fffe.6d53cf
ptp4l[1123.462]: foreign master not using PTP timescale
ptp4l[1123.922]: selected best master clock 469c5a.fffe.6d53cf
ptp4l[1123.923]: foreign master not using PTP timescale
ptp4l[1123.923]: port 2: master state recommended in slave only mode
ptp4l[1123.924]: port 2: defaultDS.priority1 probably misconfigured
ptp4l[1124.296]: selected best master clock 469c5a.fffe.6d53cf
ptp4l[1124.296]: foreign master not using PTP timescale
ptp4l[1124.672]: selected best master clock 469c5a.fffe.6d53cf
ptp4l[1124.673]: foreign master not using PTP timescale
ptp4l[1124.675]: port 2: master state recommended in slave only mode
ptp4l[1124.676]: port 2: defaultDS.priority1 probably misconfigured
ptp4l[1125.196]: selected best master clock 469c5a.fffe.6d53cf
ptp4l[1125.198]: foreign master not using PTP timescale
ptp4l[1125.673]: selected best master clock 469c5a.fffe.6d53cf
ptp4l[1125.676]: foreign master not using PTP timescale
ptp4l[1125.679]: port 2: master state recommended in slave only mode
ptp4l[1125.682]: port 2: defaultDS.priority1 probably misconfigured
ptp4l[1126.029]: rms 12797 max 29450 freq   +575 +/- 6590 delay 21275 +/- 6293
ptp4l[1126.152]: selected best master clock 469c5a.fffe.6d53cf
ptp4l[1126.153]: foreign master not using PTP timescale
ptp4l[1126.424]: selected best master clock 469c5a.fffe.6d53cf
ptp4l[1126.426]: foreign master not using PTP timescale
ptp4l[1126.429]: port 2: master state recommended in slave only mode
ptp4l[1126.431]: port 2: defaultDS.priority1 probably misconfigured
ptp4l[1127.100]: selected best master clock 469c5a.fffe.6d53cf
ptp4l[1127.101]: foreign master not using PTP timescale
ptp4l[1127.424]: selected best master clock 469c5a.fffe.6d53cf
ptp4l[1127.425]: foreign master not using PTP timescale
ptp4l[1127.426]: port 2: master state recommended in slave only mode
ptp4l[1127.427]: port 2: defaultDS.priority1 probably misconfigured
ptp4l[1127.960]: selected best master clock 469c5a.fffe.6d53cf
ptp4l[1127.963]: foreign master not using PTP timescale
ptp4l[1128.425]: selected best master clock 469c5a.fffe.6d53cf
ptp4l[1128.428]: foreign master not using PTP timescale
ptp4l[1128.431]: port 2: master state recommended in slave only mode
ptp4l[1128.433]: port 2: defaultDS.priority1 probably misconfigured
ptp4l[1128.824]: selected best master clock 469c5a.fffe.6d53cf
ptp4l[1128.826]: foreign master not using PTP timescale
ptp4l[1129.176]: selected best master clock 469c5a.fffe.6d53cf
ptp4l[1129.178]: foreign master not using PTP timescale
ptp4l[1129.180]: port 2: master state recommended in slave only mode
ptp4l[1129.182]: port 2: defaultDS.priority1 probably misconfigured
ptp4l[1129.740]: selected best master clock 469c5a.fffe.6d53cf
ptp4l[1129.743]: foreign master not using PTP timescale
ptp4l[1130.177]: selected best master clock 469c5a.fffe.6d53cf
ptp4l[1130.179]: foreign master not using PTP timescale
ptp4l[1130.181]: port 2: master state recommended in slave only mode
ptp4l[1130.184]: port 2: defaultDS.priority1 probably misconfigured
ptp4l[1130.592]: selected best master clock 469c5a.fffe.6d53cf
ptp4l[1130.595]: foreign master not using PTP timescale
ptp4l[1130.927]: selected best master clock 469c5a.fffe.6d53cf
ptp4l[1130.928]: foreign master not using PTP timescale
ptp4l[1130.929]: port 2: master state recommended in slave only mode
ptp4l[1130.930]: port 2: defaultDS.priority1 probably misconfigured
ptp4l[1131.348]: selected best master clock 469c5a.fffe.6d53cf
ptp4l[1131.349]: foreign master not using PTP timescale
ptp4l[1131.677]: selected best master clock 469c5a.fffe.6d53cf
ptp4l[1131.678]: foreign master not using PTP timescale
ptp4l[1131.678]: port 2: master state recommended in slave only mode
ptp4l[1131.679]: port 2: defaultDS.priority1 probably misconfigured
ptp4l[1132.216]: selected best master clock 469c5a.fffe.6d53cf
ptp4l[1132.217]: foreign master not using PTP timescale
ptp4l[1132.678]: selected best master clock 469c5a.fffe.6d53cf
ptp4l[1132.678]: foreign master not using PTP timescale
ptp4l[1132.679]: port 2: master state recommended in slave only mode
ptp4l[1132.679]: port 2: defaultDS.priority1 probably misconfigured
ptp4l[1133.008]: selected best master clock 469c5a.fffe.6d53cf
ptp4l[1133.009]: foreign master not using PTP timescale
ptp4l[1133.428]: selected best master clock 469c5a.fffe.6d53cf
ptp4l[1133.429]: foreign master not using PTP timescale
ptp4l[1133.429]: port 2: master state recommended in slave only mode
ptp4l[1133.430]: port 2: defaultDS.priority1 probably misconfigured
ptp4l[1134.000]: selected best master clock 469c5a.fffe.6d53cf
ptp4l[1134.001]: foreign master not using PTP timescale
ptp4l[1134.429]: selected best master clock 469c5a.fffe.6d53cf
ptp4l[1134.432]: foreign master not using PTP timescale
ptp4l[1134.435]: port 2: master state recommended in slave only mode
ptp4l[1134.438]: port 2: defaultDS.priority1 probably misconfigured
ptp4l[1134.856]: selected best master clock 469c5a.fffe.6d53cf
ptp4l[1134.857]: foreign master not using PTP timescale
ptp4l[1135.180]: selected best master clock 469c5a.fffe.6d53cf
ptp4l[1135.183]: foreign master not using PTP timescale
ptp4l[1135.186]: port 2: master state recommended in slave only mode
ptp4l[1135.189]: port 2: defaultDS.priority1 probably misconfigured
ptp4l[1135.660]: selected best master clock 469c5a.fffe.6d53cf
ptp4l[1135.663]: foreign master not using PTP timescale
ptp4l[1135.930]: selected best master clock 469c5a.fffe.6d53cf
ptp4l[1135.934]: foreign master not using PTP timescale
ptp4l[1135.936]: port 2: master state recommended in slave only mode
ptp4l[1135.939]: port 2: defaultDS.priority1 probably misconfigured
ptp4l[1136.584]: selected best master clock 469c5a.fffe.6d53cf
ptp4l[1136.585]: foreign master not using PTP timescale
ptp4l[1136.931]: selected best master clock 469c5a.fffe.6d53cf
ptp4l[1136.932]: foreign master not using PTP timescale
ptp4l[1136.933]: port 2: master state recommended in slave only mode
ptp4l[1136.934]: port 2: defaultDS.priority1 probably misconfigured
ptp4l[1137.504]: selected best master clock 469c5a.fffe.6d53cf
ptp4l[1137.507]: foreign master not using PTP timescale
ptp4l[1137.932]: selected best master clock 469c5a.fffe.6d53cf
ptp4l[1137.934]: foreign master not using PTP timescale
ptp4l[1137.936]: port 2: master state recommended in slave only mode
ptp4l[1137.938]: port 2: defaultDS.priority1 probably misconfigured
ptp4l[1138.376]: selected best master clock 469c5a.fffe.6d53cf
ptp4l[1138.377]: foreign master not using PTP timescale
ptp4l[1138.682]: selected best master clock 469c5a.fffe.6d53cf
ptp4l[1138.683]: foreign master not using PTP timescale
ptp4l[1138.683]: port 2: master state recommended in slave only mode
ptp4l[1138.684]: port 2: defaultDS.priority1 probably misconfigured
ptp4l[1139.232]: selected best master clock 469c5a.fffe.6d53cf
ptp4l[1139.233]: foreign master not using PTP timescale
ptp4l[1139.683]: selected best master clock 469c5a.fffe.6d53cf
ptp4l[1139.684]: foreign master not using PTP timescale
ptp4l[1139.685]: port 2: master state recommended in slave only mode
ptp4l[1139.686]: port 2: defaultDS.priority1 probably misconfigured
ptp4l[1140.044]: selected best master clock 469c5a.fffe.6d53cf
ptp4l[1140.044]: foreign master not using PTP timescale
ptp4l[1140.434]: selected best master clock 469c5a.fffe.6d53cf
ptp4l[1140.436]: foreign master not using PTP timescale
ptp4l[1140.438]: port 2: master state recommended in slave only mode
ptp4l[1140.441]: port 2: defaultDS.priority1 probably misconfigured
ptp4l[1140.888]: selected best master clock 469c5a.fffe.6d53cf
ptp4l[1140.889]: foreign master not using PTP timescale
ptp4l[1141.184]: selected best master clock 469c5a.fffe.6d53cf
ptp4l[1141.185]: foreign master not using PTP timescale
ptp4l[1141.186]: port 2: master state recommended in slave only mode
ptp4l[1141.187]: port 2: defaultDS.priority1 probably misconfigured
ptp4l[1141.640]: selected best master clock 469c5a.fffe.6d53cf
ptp4l[1141.644]: foreign master not using PTP timescale
ptp4l[1141.934]: selected best master clock 469c5a.fffe.6d53cf
ptp4l[1141.936]: foreign master not using PTP timescale
ptp4l[1141.937]: port 2: master state recommended in slave only mode
ptp4l[1141.937]: port 2: defaultDS.priority1 probably misconfigured
ptp4l[1142.053]: rms 206442 max 428439 freq   -484 +/- 119537 delay 124255 +/- 53777
ptp4l[1142.612]: selected best master clock 469c5a.fffe.6d53cf
ptp4l[1142.613]: foreign master not using PTP timescale
ptp4l[1142.935]: selected best master clock 469c5a.fffe.6d53cf
ptp4l[1142.936]: foreign master not using PTP timescale
ptp4l[1142.936]: port 2: master state recommended in slave only mode
ptp4l[1142.937]: port 2: defaultDS.priority1 probably misconfigured
ptp4l[1143.608]: selected best master clock 469c5a.fffe.6d53cf
ptp4l[1143.609]: foreign master not using PTP timescale
ptp4l[1143.935]: selected best master clock 469c5a.fffe.6d53cf
ptp4l[1143.937]: foreign master not using PTP timescale
ptp4l[1143.938]: port 2: master state recommended in slave only mode
ptp4l[1143.939]: port 2: defaultDS.priority1 probably misconfigured
ptp4l[1144.452]: selected best master clock 469c5a.fffe.6d53cf
ptp4l[1144.452]: foreign master not using PTP timescale
ptp4l[1144.936]: selected best master clock 469c5a.fffe.6d53cf
ptp4l[1144.938]: foreign master not using PTP timescale
ptp4l[1144.940]: port 2: master state recommended in slave only mode
ptp4l[1144.941]: port 2: defaultDS.priority1 probably misconfigured
ptp4l[1145.352]: selected best master clock 469c5a.fffe.6d53cf
ptp4l[1145.354]: foreign master not using PTP timescale
ptp4l[1145.686]: selected best master clock 469c5a.fffe.6d53cf
ptp4l[1145.687]: foreign master not using PTP timescale
ptp4l[1145.688]: port 2: master state recommended in slave only mode
ptp4l[1145.689]: port 2: defaultDS.priority1 probably misconfigured
ptp4l[1146.140]: selected best master clock 469c5a.fffe.6d53cf
ptp4l[1146.141]: foreign master not using PTP timescale
ptp4l[1146.436]: selected best master clock 469c5a.fffe.6d53cf
ptp4l[1146.437]: foreign master not using PTP timescale
ptp4l[1146.438]: port 2: master state recommended in slave only mode
ptp4l[1146.439]: port 2: defaultDS.priority1 probably misconfigured
ptp4l[1146.916]: selected best master clock 469c5a.fffe.6d53cf
ptp4l[1146.917]: foreign master not using PTP timescale
ptp4l[1147.187]: selected best master clock 469c5a.fffe.6d53cf
ptp4l[1147.190]: foreign master not using PTP timescale
ptp4l[1147.194]: port 2: master state recommended in slave only mode
ptp4l[1147.198]: port 2: defaultDS.priority1 probably misconfigured
ptp4l[1147.656]: selected best master clock 469c5a.fffe.6d53cf
ptp4l[1147.657]: foreign master not using PTP timescale
ptp4l[1147.938]: selected best master clock 469c5a.fffe.6d53cf
ptp4l[1147.940]: foreign master not using PTP timescale
ptp4l[1147.943]: port 2: master state recommended in slave only mode
ptp4l[1147.946]: port 2: defaultDS.priority1 probably misconfigured
ptp4l[1148.632]: selected best master clock 469c5a.fffe.6d53cf
ptp4l[1148.635]: foreign master not using PTP timescale
ptp4l[1148.939]: selected best master clock 469c5a.fffe.6d53cf
ptp4l[1148.942]: foreign master not using PTP timescale
ptp4l[1148.944]: port 2: master state recommended in slave only mode
ptp4l[1148.947]: port 2: defaultDS.priority1 probably misconfigured
ptp4l[1149.444]: selected best master clock 469c5a.fffe.6d53cf
ptp4l[1149.447]: foreign master not using PTP timescale
ptp4l[1149.939]: selected best master clock 469c5a.fffe.6d53cf
ptp4l[1149.943]: foreign master not using PTP timescale
ptp4l[1149.946]: port 2: master state recommended in slave only mode
ptp4l[1149.948]: port 2: defaultDS.priority1 probably misconfigured
ptp4l[1150.432]: selected best master clock 469c5a.fffe.6d53cf
ptp4l[1150.436]: foreign master not using PTP timescale
ptp4l[1150.690]: selected best master clock 469c5a.fffe.6d53cf
ptp4l[1150.691]: foreign master not using PTP timescale
ptp4l[1150.692]: port 2: master state recommended in slave only mode
ptp4l[1150.693]: port 2: defaultDS.priority1 probably misconfigured
ptp4l[1151.276]: selected best master clock 469c5a.fffe.6d53cf
ptp4l[1151.277]: foreign master not using PTP timescale
ptp4l[1151.691]: selected best master clock 469c5a.fffe.6d53cf
ptp4l[1151.694]: foreign master not using PTP timescale
ptp4l[1151.696]: port 2: master state recommended in slave only mode
ptp4l[1151.699]: port 2: defaultDS.priority1 probably misconfigured
ptp4l[1152.156]: selected best master clock 469c5a.fffe.6d53cf
ptp4l[1152.157]: foreign master not using PTP timescale
ptp4l[1152.441]: selected best master clock 469c5a.fffe.6d53cf
ptp4l[1152.442]: foreign master not using PTP timescale
ptp4l[1152.443]: port 2: master state recommended in slave only mode
ptp4l[1152.444]: port 2: defaultDS.priority1 probably misconfigured
ptp4l[1153.064]: selected best master clock 469c5a.fffe.6d53cf
ptp4l[1153.067]: foreign master not using PTP timescale
ptp4l[1153.442]: selected best master clock 469c5a.fffe.6d53cf
ptp4l[1153.445]: foreign master not using PTP timescale
ptp4l[1153.448]: port 2: master state recommended in slave only mode
ptp4l[1153.451]: port 2: defaultDS.priority1 probably misconfigured
ptp4l[1153.960]: selected best master clock 469c5a.fffe.6d53cf
ptp4l[1153.961]: foreign master not using PTP timescale
ptp4l[1154.442]: selected best master clock 469c5a.fffe.6d53cf
ptp4l[1154.443]: foreign master not using PTP timescale
ptp4l[1154.444]: port 2: master state recommended in slave only mode
ptp4l[1154.445]: port 2: defaultDS.priority1 probably misconfigured
ptp4l[1154.916]: selected best master clock 469c5a.fffe.6d53cf
ptp4l[1154.917]: foreign master not using PTP timescale
ptp4l[1155.193]: selected best master clock 469c5a.fffe.6d53cf
ptp4l[1155.196]: foreign master not using PTP timescale
ptp4l[1155.199]: port 2: master state recommended in slave only mode
ptp4l[1155.202]: port 2: defaultDS.priority1 probably misconfigured
ptp4l[1155.888]: selected best master clock 469c5a.fffe.6d53cf
ptp4l[1155.891]: foreign master not using PTP timescale
ptp4l[1156.193]: selected best master clock 469c5a.fffe.6d53cf
ptp4l[1156.195]: foreign master not using PTP timescale
ptp4l[1156.196]: port 2: master state recommended in slave only mode
ptp4l[1156.198]: port 2: defaultDS.priority1 probably misconfigured
