ptp4l[196.408]: port 1: INITIALIZING to LISTENING on INIT_COMPLETE
ptp4l[196.409]: port 0: INITIALIZING to LISTENING on INIT_COMPLETE
ptp4l[197.260]: port 1: new foreign master 5a1892.fffe.d2db0e-1
ptp4l[197.370]: port 1: new foreign master ea09f1.fffe.5b971f-1
ptp4l[197.432]: selected local clock 2a9357.fffe.2876b7 as best master
ptp4l[197.760]: selected best master clock 5a1892.fffe.d2db0e
ptp4l[197.761]: foreign master not using PTP timescale
ptp4l[197.762]: port 1: LISTENING to UNCALIBRATED on RS_SLAVE
ptp4l[197.870]: selected best master clock ea09f1.fffe.5b971f
ptp4l[197.871]: foreign master not using PTP timescale
ptp4l[198.260]: selected best master clock ea09f1.fffe.5b971f
ptp4l[198.260]: foreign master not using PTP timescale
ptp4l[198.760]: selected best master clock ea09f1.fffe.5b971f
ptp4l[198.761]: foreign master not using PTP timescale
ptp4l[199.260]: selected best master clock ea09f1.fffe.5b971f
ptp4l[199.261]: foreign master not using PTP timescale
ptp4l[199.760]: selected best master clock ea09f1.fffe.5b971f
ptp4l[199.761]: foreign master not using PTP timescale
ptp4l[200.261]: selected best master clock ea09f1.fffe.5b971f
ptp4l[200.261]: foreign master not using PTP timescale
ptp4l[200.761]: selected best master clock ea09f1.fffe.5b971f
ptp4l[200.761]: foreign master not using PTP timescale
ptp4l[201.261]: selected best master clock ea09f1.fffe.5b971f
ptp4l[201.262]: foreign master not using PTP timescale
ptp4l[201.761]: selected best master clock ea09f1.fffe.5b971f
ptp4l[201.762]: foreign master not using PTP timescale
ptp4l[202.261]: selected best master clock ea09f1.fffe.5b971f
ptp4l[202.262]: foreign master not using PTP timescale
ptp4l[202.761]: selected best master clock ea09f1.fffe.5b971f
ptp4l[202.762]: foreign master not using PTP timescale
ptp4l[203.262]: selected best master clock ea09f1.fffe.5b971f
ptp4l[203.262]: foreign master not using PTP timescale
ptp4l[203.762]: selected best master clock ea09f1.fffe.5b971f
ptp4l[203.762]: foreign master not using PTP timescale
ptp4l[204.262]: selected best master clock ea09f1.fffe.5b971f
ptp4l[204.263]: foreign master not using PTP timescale
ptp4l[204.762]: selected best master clock ea09f1.fffe.5b971f
ptp4l[204.763]: foreign master not using PTP timescale
ptp4l[205.512]: selected best master clock ea09f1.fffe.5b971f
ptp4l[205.513]: foreign master not using PTP timescale
ptp4l[206.012]: selected best master clock ea09f1.fffe.5b971f
ptp4l[206.013]: foreign master not using PTP timescale
ptp4l[206.513]: selected best master clock ea09f1.fffe.5b971f
ptp4l[206.513]: foreign master not using PTP timescale
ptp4l[207.013]: selected best master clock ea09f1.fffe.5b971f
ptp4l[207.014]: foreign master not using PTP timescale
