ptp4l[3584.808]: port 1 (v-ru2): INITIALIZING to LISTENING on INIT_COMPLETE
ptp4l[3584.808]: port 0 (/var/run/p.ru2): INITIALIZING to LISTENING on INIT_COMPLETE
ptp4l[3584.808]: port 0 (/var/run/pr.ru2): INITIALIZING to LISTENING on INIT_COMPLETE
ptp4l[3585.235]: port 1 (v-ru2): new foreign master 020000.fffe.000001-2
ptp4l[3585.271]: selected local clock 020000.fffe.00000d as best master
ptp4l[3585.485]: selected best master clock 020000.fffe.00000b
ptp4l[3585.485]: foreign master not using PTP timescale
ptp4l[3585.485]: port 1 (v-ru2): LISTENING to UNCALIBRATED on RS_SLAVE
ptp4l[3585.610]: selected best master clock 020000.fffe.00000a
ptp4l[3585.610]: foreign master not using PTP timescale
ptp4l[3587.674]: master offset       -304 s0 freq     -76 path delay      3936
ptp4l[3589.676]: master offset       -950 s0 freq    -608 path delay      3365
ptp4l[3591.678]: master offset      -2660 s0 freq    +659 path delay      6394
ptp4l[3593.681]: master offset       3161 s0 freq   +1847 path delay      4271
ptp4l[3595.683]: master offset       4225 s0 freq    +786 path delay      4781
ptp4l[3597.685]: master offset      -1439 s0 freq   -3229 path delay      3980
ptp4l[3599.687]: master offset        777 s0 freq   +2424 path delay      6616
ptp4l[3601.689]: master offset       4526 s0 freq    +936 path delay      4741
ptp4l[3603.691]: master offset       1926 s0 freq      -0 path delay      7340
ptp4l[3605.694]: master offset      19350 s0 freq   +7991 path delay      5917
ptp4l[3607.696]: master offset       -511 s0 freq   -8876 path delay      8004
ptp4l[3609.699]: master offset       1726 s0 freq   +1191 path delay      8153
ptp4l[3611.702]: master offset       -606 s0 freq   -1639 path delay      7202
ptp4l[3612.324]: port 1 (v-ru2): new foreign master 020000.fffe.0000f2-2
ptp4l[3612.574]: foreign master not using PTP timescale
ptp4l[3613.705]: master offset      -2206 s0 freq    -532 path delay      7737
ptp4l[3615.707]: master offset      -2921 s0 freq   -1520 path delay      5409
ptp4l[3617.709]: master offset      -4778 s0 freq     -34 path delay      7198
ptp4l[3619.711]: master offset      -1579 s0 freq   +1183 path delay      6367
ptp4l[3621.714]: master offset      -1269 s0 freq     -83 path delay      5891
ptp4l[3623.717]: master offset       -419 s0 freq    +922 path delay      6889
ptp4l[3625.720]: master offset       1585 s0 freq   +1165 path delay      7218
ptp4l[3627.722]: master offset      -3384 s0 freq   -2617 path delay      6946
ptp4l[3629.725]: master offset      -2554 s0 freq    +882 path delay      7882
ptp4l[3631.727]: master offset        632 s0 freq    +476 path delay      5649
