ptp4l[50.492]: port 1: INITIALIZING to LISTENING on INIT_COMPLETE
ptp4l[50.493]: port 0: INITIALIZING to LISTENING on INIT_COMPLETE
ptp4l[51.285]: port 1: new foreign master 2e9d1f.fffe.c4bc22-1
ptp4l[51.456]: selected local clock 8ada7f.fffe.df3b6a as best master
ptp4l[51.683]: port 1: new foreign master 5e26c0.fffe.52b318-1
ptp4l[51.785]: selected best master clock 2e9d1f.fffe.c4bc22
ptp4l[51.786]: foreign master not using PTP timescale
ptp4l[51.787]: port 1: LISTENING to UNCALIBRATED on RS_SLAVE
ptp4l[52.183]: selected best master clock 5e26c0.fffe.52b318
ptp4l[52.189]: foreign master not using PTP timescale
ptp4l[52.535]: selected best master clock 5e26c0.fffe.52b318
ptp4l[52.536]: foreign master not using PTP timescale
ptp4l[53.036]: selected best master clock 5e26c0.fffe.52b318
ptp4l[53.038]: foreign master not using PTP timescale
ptp4l[53.536]: selected best master clock 5e26c0.fffe.52b318
ptp4l[53.540]: foreign master not using PTP timescale
ptp4l[54.038]: selected best master clock 5e26c0.fffe.52b318
ptp4l[54.041]: foreign master not using PTP timescale
ptp4l[54.538]: selected best master clock 5e26c0.fffe.52b318
ptp4l[54.539]: foreign master not using PTP timescale
ptp4l[55.039]: selected best master clock 5e26c0.fffe.52b318
ptp4l[55.040]: foreign master not using PTP timescale
ptp4l[55.540]: selected best master clock 5e26c0.fffe.52b318
ptp4l[55.541]: foreign master not using PTP timescale
ptp4l[56.041]: selected best master clock 5e26c0.fffe.52b318
ptp4l[56.043]: foreign master not using PTP timescale
ptp4l[56.541]: selected best master clock 5e26c0.fffe.52b318
ptp4l[56.544]: foreign master not using PTP timescale
ptp4l[57.042]: selected best master clock 5e26c0.fffe.52b318
ptp4l[57.045]: foreign master not using PTP timescale
ptp4l[57.542]: selected best master clock 5e26c0.fffe.52b318
ptp4l[57.546]: foreign master not using PTP timescale
ptp4l[58.044]: selected best master clock 5e26c0.fffe.52b318
ptp4l[58.046]: foreign master not using PTP timescale
ptp4l[58.543]: selected best master clock 5e26c0.fffe.52b318
ptp4l[58.545]: foreign master not using PTP timescale
ptp4l[59.043]: selected best master clock 5e26c0.fffe.52b318
ptp4l[59.046]: foreign master not using PTP timescale
ptp4l[59.544]: selected best master clock 5e26c0.fffe.52b318
ptp4l[59.547]: foreign master not using PTP timescale
ptp4l[60.044]: selected best master clock 5e26c0.fffe.52b318
ptp4l[60.047]: foreign master not using PTP timescale
ptp4l[60.544]: selected best master clock 5e26c0.fffe.52b318
ptp4l[60.547]: foreign master not using PTP timescale
ptp4l[61.044]: selected best master clock 5e26c0.fffe.52b318
ptp4l[61.046]: foreign master not using PTP timescale
ptp4l[61.546]: selected best master clock 5e26c0.fffe.52b318
ptp4l[61.549]: foreign master not using PTP timescale
