ptp4l[455.276]: port 1: INITIALIZING to LISTENING on INIT_COMPLETE
ptp4l[455.278]: port 0: INITIALIZING to LISTENING on INIT_COMPLETE
ptp4l[456.048]: port 1: new foreign master a64228.fffe.1dae37-1
ptp4l[456.192]: selected local clock e68b12.fffe.b99a09 as best master
ptp4l[456.408]: port 1: new foreign master 5639fe.fffe.aa106f-1
ptp4l[456.548]: selected best master clock a64228.fffe.1dae37
ptp4l[456.549]: foreign master not using PTP timescale
ptp4l[456.550]: port 1: LISTENING to UNCALIBRATED on RS_SLAVE
ptp4l[456.908]: selected best master clock 5639fe.fffe.aa106f
ptp4l[456.908]: foreign master not using PTP timescale
ptp4l[457.298]: selected best master clock 5639fe.fffe.aa106f
ptp4l[457.299]: foreign master not using PTP timescale
ptp4l[457.798]: selected best master clock 5639fe.fffe.aa106f
ptp4l[457.799]: foreign master not using PTP timescale
ptp4l[458.298]: selected best master clock 5639fe.fffe.aa106f
ptp4l[458.299]: foreign master not using PTP timescale
ptp4l[458.798]: selected best master clock 5639fe.fffe.aa106f
ptp4l[458.799]: foreign master not using PTP timescale
ptp4l[459.299]: selected best master clock 5639fe.fffe.aa106f
ptp4l[459.299]: foreign master not using PTP timescale
ptp4l[459.799]: selected best master clock 5639fe.fffe.aa106f
ptp4l[459.800]: foreign master not using PTP timescale
ptp4l[460.299]: selected best master clock 5639fe.fffe.aa106f
ptp4l[460.300]: foreign master not using PTP timescale
ptp4l[460.799]: selected best master clock 5639fe.fffe.aa106f
ptp4l[460.800]: foreign master not using PTP timescale
ptp4l[461.299]: selected best master clock 5639fe.fffe.aa106f
ptp4l[461.300]: foreign master not using PTP timescale
ptp4l[461.800]: selected best master clock 5639fe.fffe.aa106f
ptp4l[461.800]: foreign master not using PTP timescale
ptp4l[462.300]: selected best master clock 5639fe.fffe.aa106f
ptp4l[462.300]: foreign master not using PTP timescale
ptp4l[462.800]: selected best master clock 5639fe.fffe.aa106f
ptp4l[462.801]: foreign master not using PTP timescale
ptp4l[463.301]: selected best master clock 5639fe.fffe.aa106f
ptp4l[463.303]: foreign master not using PTP timescale
ptp4l[463.801]: selected best master clock 5639fe.fffe.aa106f
ptp4l[463.801]: foreign master not using PTP timescale
ptp4l[464.301]: selected best master clock 5639fe.fffe.aa106f
ptp4l[464.301]: foreign master not using PTP timescale
ptp4l[464.801]: selected best master clock 5639fe.fffe.aa106f
ptp4l[464.802]: foreign master not using PTP timescale
ptp4l[465.301]: selected best master clock 5639fe.fffe.aa106f
ptp4l[465.301]: foreign master not using PTP timescale
ptp4l[465.801]: selected best master clock 5639fe.fffe.aa106f
ptp4l[465.802]: foreign master not using PTP timescale
ptp4l[466.301]: selected best master clock 5639fe.fffe.aa106f
ptp4l[466.302]: foreign master not using PTP timescale
ptp4l[466.801]: selected best master clock 5639fe.fffe.aa106f
ptp4l[466.802]: foreign master not using PTP timescale
ptp4l[467.302]: selected best master clock 5639fe.fffe.aa106f
ptp4l[467.303]: foreign master not using PTP timescale
ptp4l[467.802]: selected best master clock 5639fe.fffe.aa106f
ptp4l[467.803]: foreign master not using PTP timescale
ptp4l[468.302]: selected best master clock 5639fe.fffe.aa106f
ptp4l[468.303]: foreign master not using PTP timescale
ptp4l[468.802]: selected best master clock 5639fe.fffe.aa106f
ptp4l[468.804]: foreign master not using PTP timescale
ptp4l[469.302]: selected best master clock 5639fe.fffe.aa106f
ptp4l[469.303]: foreign master not using PTP timescale
ptp4l[469.803]: selected best master clock 5639fe.fffe.aa106f
ptp4l[469.804]: foreign master not using PTP timescale
ptp4l[470.303]: selected best master clock 5639fe.fffe.aa106f
ptp4l[470.304]: foreign master not using PTP timescale
ptp4l[470.803]: selected best master clock 5639fe.fffe.aa106f
ptp4l[470.804]: foreign master not using PTP timescale
ptp4l[471.303]: selected best master clock 5639fe.fffe.aa106f
ptp4l[471.304]: foreign master not using PTP timescale
ptp4l[471.803]: selected best master clock 5639fe.fffe.aa106f
ptp4l[471.804]: foreign master not using PTP timescale
ptp4l[472.304]: selected best master clock 5639fe.fffe.aa106f
ptp4l[472.304]: foreign master not using PTP timescale
ptp4l[472.804]: selected best master clock 5639fe.fffe.aa106f
ptp4l[472.804]: foreign master not using PTP timescale
ptp4l[473.046]: rms 9064 max 25476 freq   -263 +/- 7151 delay 13703 +/- 2877
ptp4l[473.304]: selected best master clock 5639fe.fffe.aa106f
ptp4l[473.305]: foreign master not using PTP timescale
ptp4l[473.804]: selected best master clock 5639fe.fffe.aa106f
ptp4l[473.805]: foreign master not using PTP timescale
ptp4l[474.304]: selected best master clock 5639fe.fffe.aa106f
ptp4l[474.305]: foreign master not using PTP timescale
ptp4l[474.804]: selected best master clock 5639fe.fffe.aa106f
ptp4l[474.805]: foreign master not using PTP timescale
ptp4l[475.305]: selected best master clock 5639fe.fffe.aa106f
ptp4l[475.305]: foreign master not using PTP timescale
ptp4l[475.805]: selected best master clock 5639fe.fffe.aa106f
ptp4l[475.805]: foreign master not using PTP timescale
ptp4l[476.305]: selected best master clock 5639fe.fffe.aa106f
ptp4l[476.305]: foreign master not using PTP timescale
ptp4l[476.805]: selected best master clock 5639fe.fffe.aa106f
ptp4l[476.806]: foreign master not using PTP timescale
ptp4l[477.305]: selected best master clock 5639fe.fffe.aa106f
ptp4l[477.306]: foreign master not using PTP timescale
ptp4l[477.805]: selected best master clock 5639fe.fffe.aa106f
ptp4l[477.806]: foreign master not using PTP timescale
ptp4l[478.306]: selected best master clock 5639fe.fffe.aa106f
ptp4l[478.307]: foreign master not using PTP timescale
ptp4l[478.806]: selected best master clock 5639fe.fffe.aa106f
ptp4l[478.807]: foreign master not using PTP timescale
ptp4l[479.306]: selected best master clock 5639fe.fffe.aa106f
ptp4l[479.307]: foreign master not using PTP timescale
ptp4l[479.806]: selected best master clock 5639fe.fffe.aa106f
ptp4l[479.807]: foreign master not using PTP timescale
ptp4l[480.306]: selected best master clock 5639fe.fffe.aa106f
ptp4l[480.307]: foreign master not using PTP timescale
ptp4l[480.807]: selected best master clock 5639fe.fffe.aa106f
ptp4l[480.807]: foreign master not using PTP timescale
ptp4l[481.307]: selected best master clock 5639fe.fffe.aa106f
ptp4l[481.307]: foreign master not using PTP timescale
ptp4l[481.807]: selected best master clock 5639fe.fffe.aa106f
ptp4l[481.808]: foreign master not using PTP timescale
ptp4l[482.308]: selected best master clock 5639fe.fffe.aa106f
ptp4l[482.308]: foreign master not using PTP timescale
ptp4l[482.808]: selected best master clock 5639fe.fffe.aa106f
ptp4l[482.808]: foreign master not using PTP timescale
ptp4l[483.308]: selected best master clock 5639fe.fffe.aa106f
ptp4l[483.309]: foreign master not using PTP timescale
ptp4l[483.808]: selected best master clock 5639fe.fffe.aa106f
ptp4l[483.809]: foreign master not using PTP timescale
ptp4l[484.308]: selected best master clock 5639fe.fffe.aa106f
ptp4l[484.309]: foreign master not using PTP timescale
ptp4l[484.809]: selected best master clock 5639fe.fffe.aa106f
ptp4l[484.810]: foreign master not using PTP timescale
ptp4l[485.309]: selected best master clock 5639fe.fffe.aa106f
ptp4l[485.309]: foreign master not using PTP timescale
ptp4l[485.809]: selected best master clock 5639fe.fffe.aa106f
ptp4l[485.810]: foreign master not using PTP timescale
ptp4l[486.309]: selected best master clock 5639fe.fffe.aa106f
ptp4l[486.310]: foreign master not using PTP timescale
ptp4l[486.809]: selected best master clock 5639fe.fffe.aa106f
ptp4l[486.810]: foreign master not using PTP timescale
ptp4l[487.310]: selected best master clock 5639fe.fffe.aa106f
ptp4l[487.311]: foreign master not using PTP timescale
ptp4l[487.810]: selected best master clock 5639fe.fffe.aa106f
ptp4l[487.811]: foreign master not using PTP timescale
