rep30 baseline -> BENIGN healthy None (6128pk)
rep30 A1_rogue_master -> ATTACK attack A1 (7498pk)
rep30 A2_sync_spoof -> ATTACK attack A2 (8058pk)
rep30 A3_replay -> ATTACK attack A3 (8414pk)
rep30 A5_dos_flood -> ATTACK attack A5 (56388pk)
rep30 A8_rogue_bc -> ATTACK attack A8 (7453pk)
rep30 B2_gm_failover -> BENIGN benign B2 (5804pk)
rep30 B_unplanned_failover -> UNKNOWN benign B2? (5756pk)
rep30 B_bc_replacement -> ATTACK benign A8 (5622pk)
rep30 B3_pdv_congestion -> BENIGN benign None (5770pk)
rep30 B7_topology_change -> BENIGN benign None (5520pk)
=== rep 30 complete 04:52:15 ===
rep31 baseline -> BENIGN healthy None (6072pk)
rep31 A1_rogue_master -> ATTACK attack A1 (7434pk)
rep31 A2_sync_spoof -> ATTACK attack A2 (7620pk)
rep31 A3_replay -> ATTACK attack A3 (8562pk)
rep31 A5_dos_flood -> ATTACK attack A5 (31812pk)
rep31 A8_rogue_bc -> ATTACK attack A3 (7417pk)
rep31 B2_gm_failover -> BENIGN benign B2 (5734pk)
rep31 B_unplanned_failover -> UNKNOWN benign B2? (5856pk)
rep31 B_bc_replacement -> ATTACK benign A8 (5699pk)
rep31 B3_pdv_congestion -> BENIGN benign None (5810pk)
rep31 B7_topology_change -> BENIGN benign None (5424pk)
=== rep 31 complete 05:01:10 ===
rep32 baseline -> BENIGN healthy None (5946pk)
rep32 A1_rogue_master -> ATTACK attack A3 (7353pk)
rep32 A2_sync_spoof -> ATTACK attack A2 (6767pk)
rep32 A3_replay -> ATTACK attack A3 (9614pk)
rep32 A5_dos_flood -> ATTACK attack A5 (28445pk)
rep32 A8_rogue_bc -> ATTACK attack A8 (7250pk)
rep32 B2_gm_failover -> BENIGN benign B2 (5638pk)
rep32 B_unplanned_failover -> UNKNOWN benign B2? (5584pk)
rep32 B_bc_replacement -> ATTACK benign A8 (5504pk)
rep32 B3_pdv_congestion -> BENIGN benign None (5595pk)
rep32 B7_topology_change -> BENIGN benign None (5269pk)
=== rep 32 complete 05:09:57 ===
rep33 baseline -> BENIGN healthy None (5966pk)
rep33 A1_rogue_master -> ATTACK attack A3 (7987pk)
rep33 A2_sync_spoof -> ATTACK attack A2 (7512pk)
rep33 A3_replay -> ATTACK attack A3 (8373pk)
rep33 A5_dos_flood -> ATTACK attack A5 (57485pk)
rep33 A8_rogue_bc -> ATTACK attack A8 (8020pk)
rep33 B2_gm_failover -> BENIGN benign B2 (6310pk)
rep33 B_unplanned_failover -> UNKNOWN benign B2? (6205pk)
rep33 B_bc_replacement -> ATTACK benign A8 (6290pk)
rep33 B3_pdv_congestion -> BENIGN benign None (6230pk)
rep33 B7_topology_change -> BENIGN benign None (6082pk)
=== rep 33 complete 05:19:30 ===
rep34 baseline -> BENIGN healthy None (6050pk)
rep34 A1_rogue_master -> ATTACK attack A1 (7772pk)
rep34 A2_sync_spoof -> ATTACK attack A2 (8332pk)
rep34 A3_replay -> ATTACK attack A3 (9235pk)
rep34 A5_dos_flood -> ATTACK attack A5 (57290pk)
rep34 A8_rogue_bc -> ATTACK attack A3 (7829pk)
rep34 B2_gm_failover -> BENIGN benign B2 (6047pk)
rep34 B_unplanned_failover -> UNKNOWN benign B2? (5950pk)
rep34 B_bc_replacement -> ATTACK benign A8 (5990pk)
rep34 B3_pdv_congestion -> BENIGN benign None (5961pk)
rep34 B7_topology_change -> BENIGN benign None (5767pk)
=== rep 34 complete 05:28:48 ===
rep35 baseline -> BENIGN healthy None (5997pk)
rep35 A1_rogue_master -> ATTACK attack A1 (7397pk)
rep35 A2_sync_spoof -> ATTACK attack A2 (6780pk)
rep35 A3_replay -> ATTACK attack A3 (13701pk)
rep35 A5_dos_flood -> ATTACK attack A5 (38395pk)
rep35 A8_rogue_bc -> ATTACK attack A3 (7244pk)
rep35 B2_gm_failover -> BENIGN benign B2 (5629pk)
rep35 B_unplanned_failover -> UNKNOWN benign B2? (5685pk)
rep35 B_bc_replacement -> ATTACK benign A8 (5476pk)
rep35 B3_pdv_congestion -> BENIGN benign None (5600pk)
rep35 B7_topology_change -> BENIGN benign None (5318pk)
=== rep 35 complete 05:37:49 ===
rep36 baseline -> BENIGN healthy None (6067pk)
rep36 A1_rogue_master -> ATTACK attack A1 (8218pk)
rep36 A2_sync_spoof -> ATTACK attack A2 (7773pk)
rep36 A3_replay -> ATTACK attack A3 (14532pk)
rep36 A5_dos_flood -> ATTACK attack A5 (39601pk)
rep36 A8_rogue_bc -> ATTACK attack A3 (8119pk)
rep36 B2_gm_failover -> BENIGN benign B2 (6481pk)
rep36 B_unplanned_failover -> UNKNOWN benign B2? (6420pk)
rep36 B_bc_replacement -> ATTACK benign A8 (6337pk)
rep36 B3_pdv_congestion -> BENIGN benign None (6306pk)
rep36 B7_topology_change -> BENIGN benign None (6090pk)
=== rep 36 complete 05:47:52 ===
rep37 baseline -> BENIGN healthy None (6058pk)
rep37 A1_rogue_master -> ATTACK attack A1 (7340pk)
rep37 A2_sync_spoof -> ATTACK attack A2 (6868pk)
rep37 A3_replay -> ATTACK attack A3 (11548pk)
rep37 A5_dos_flood -> ATTACK attack A5 (24122pk)
rep37 A8_rogue_bc -> ATTACK attack A3 (7344pk)
rep37 B2_gm_failover -> BENIGN benign B2 (5665pk)
rep37 B_unplanned_failover -> UNKNOWN benign B2? (5628pk)
rep37 B_bc_replacement -> ATTACK benign A8 (5544pk)
rep37 B3_pdv_congestion -> BENIGN benign None (5570pk)
rep37 B7_topology_change -> BENIGN benign None (5397pk)
=== rep 37 complete 05:56:45 ===
rep38 baseline -> BENIGN healthy None (5958pk)
rep38 A1_rogue_master -> ATTACK attack A3 (7765pk)
rep38 A2_sync_spoof -> ATTACK attack A2 (7279pk)
rep38 A3_replay -> ATTACK attack A3 (11647pk)
rep38 A5_dos_flood -> ATTACK attack A5 (55802pk)
rep38 A8_rogue_bc -> ATTACK attack A3 (7892pk)
rep38 B2_gm_failover -> BENIGN benign B2 (6168pk)
rep38 B_unplanned_failover -> UNKNOWN benign B2? (6058pk)
rep38 B_bc_replacement -> ATTACK benign A8 (5909pk)
rep38 B3_pdv_congestion -> BENIGN benign None (6072pk)
rep38 B7_topology_change -> BENIGN benign None (5738pk)
=== rep 38 complete 06:06:10 ===
rep39 baseline -> BENIGN healthy None (5941pk)
rep39 A1_rogue_master -> ATTACK attack A1 (7380pk)
rep39 A2_sync_spoof -> ATTACK attack A2 (6301pk)
rep39 A3_replay -> ATTACK attack A3 (7812pk)
rep39 A5_dos_flood -> ATTACK attack A5 (37751pk)
rep39 A8_rogue_bc -> ATTACK attack A8 (7278pk)
rep39 B2_gm_failover -> BENIGN benign B2 (5604pk)
rep39 B_unplanned_failover -> UNKNOWN benign B2? (5654pk)
rep39 B_bc_replacement -> ATTACK benign A8 (5527pk)
rep39 B3_pdv_congestion -> BENIGN benign None (5580pk)
rep39 B7_topology_change -> BENIGN benign None (5383pk)
=== rep 39 complete 06:14:52 ===
rep40 baseline -> BENIGN healthy None (6082pk)
rep40 A1_rogue_master -> ATTACK attack A1 (7450pk)
rep40 A2_sync_spoof -> ATTACK attack A2 (6917pk)
rep40 A3_replay -> ATTACK attack A3 (8911pk)
rep40 A5_dos_flood -> ATTACK attack A5 (38659pk)
rep40 A8_rogue_bc -> ATTACK attack A3 (7447pk)
rep40 B2_gm_failover -> BENIGN benign B2 (5724pk)
rep40 B_unplanned_failover -> UNKNOWN benign B2? (5682pk)
rep40 B_bc_replacement -> ATTACK benign A8 (5687pk)
rep40 B3_pdv_congestion -> BENIGN benign None (5809pk)
rep40 B7_topology_change -> BENIGN benign None (5388pk)
=== rep 40 complete 06:23:48 ===
rep41 baseline -> BENIGN healthy None (6103pk)
rep41 A1_rogue_master -> ATTACK attack A3 (7845pk)
rep41 A2_sync_spoof -> ATTACK attack A2 (7336pk)
rep41 A3_replay -> ATTACK attack A3 (8383pk)
rep41 A5_dos_flood -> ATTACK attack A5 (36027pk)
rep41 A8_rogue_bc -> ATTACK attack A8 (7820pk)
rep41 B2_gm_failover -> BENIGN benign B2 (5994pk)
rep41 B_unplanned_failover -> UNKNOWN benign B2? (5960pk)
rep41 B_bc_replacement -> ATTACK benign A8 (5876pk)
rep41 B3_pdv_congestion -> BENIGN benign None (5971pk)
rep41 B7_topology_change -> BENIGN benign None (5761pk)
=== rep 41 complete 06:33:01 ===
CAMPAIGN COMPLETE 2026-09-17T06:33:01Z
