ptp4l[445.000]: port 1 (v-ru3): INITIALIZING to LISTENING on INIT_COMPLETE
ptp4l[445.000]: port 0 (/var/run/p.ru3): INITIALIZING to LISTENING on INIT_COMPLETE
ptp4l[445.000]: port 0 (/var/run/pr.ru3): INITIALIZING to LISTENING on INIT_COMPLETE
ptp4l[445.426]: port 1 (v-ru3): new foreign master 020000.fffe.000001-2
ptp4l[445.433]: selected local clock 020000.fffe.00000e as best master
ptp4l[445.676]: selected best master clock 020000.fffe.000001
ptp4l[445.676]: foreign master not using PTP timescale
ptp4l[445.676]: port 1 (v-ru3): LISTENING to UNCALIBRATED on RS_SLAVE
ptp4l[445.801]: selected best master clock 020000.fffe.00000a
ptp4l[445.801]: foreign master not using PTP timescale
ptp4l[447.864]: master offset      -1022 s0 freq    -325 path delay      4119
ptp4l[449.866]: master offset        282 s0 freq    +372 path delay      3560
ptp4l[451.867]: master offset       -319 s0 freq    -197 path delay      3767
ptp4l[453.224]: port 1 (v-ru3): new foreign master 020000.fffe.00000a-2
ptp4l[453.672]: selected best master clock 020000.fffe.00000a
ptp4l[453.672]: running in a temporal vortex
ptp4l[453.672]: updating time properties to insert leap second
ptp4l[453.804]: running in a temporal vortex
ptp4l[454.055]: running in a temporal vortex
ptp4l[454.305]: running in a temporal vortex
ptp4l[454.555]: running in a temporal vortex
ptp4l[454.805]: running in a temporal vortex
ptp4l[455.055]: running in a temporal vortex
ptp4l[455.305]: running in a temporal vortex
ptp4l[455.555]: running in a temporal vortex
ptp4l[455.806]: running in a temporal vortex
ptp4l[456.056]: running in a temporal vortex
ptp4l[456.306]: running in a temporal vortex
ptp4l[456.556]: running in a temporal vortex
ptp4l[456.806]: running in a temporal vortex
ptp4l[457.056]: running in a temporal vortex
ptp4l[457.306]: running in a temporal vortex
ptp4l[457.556]: running in a temporal vortex
ptp4l[457.807]: running in a temporal vortex
ptp4l[458.057]: running in a temporal vortex
ptp4l[458.307]: running in a temporal vortex
ptp4l[458.557]: running in a temporal vortex
ptp4l[458.807]: running in a temporal vortex
ptp4l[459.057]: running in a temporal vortex
ptp4l[459.308]: running in a temporal vortex
ptp4l[459.558]: running in a temporal vortex
ptp4l[459.808]: running in a temporal vortex
ptp4l[460.058]: running in a temporal vortex
ptp4l[460.308]: running in a temporal vortex
ptp4l[460.558]: running in a temporal vortex
ptp4l[460.808]: running in a temporal vortex
ptp4l[461.058]: running in a temporal vortex
ptp4l[461.309]: running in a temporal vortex
ptp4l[461.559]: running in a temporal vortex
ptp4l[461.809]: running in a temporal vortex
ptp4l[462.059]: running in a temporal vortex
ptp4l[462.309]: running in a temporal vortex
ptp4l[462.559]: running in a temporal vortex
ptp4l[462.809]: running in a temporal vortex
ptp4l[463.059]: running in a temporal vortex
ptp4l[463.310]: running in a temporal vortex
ptp4l[463.560]: running in a temporal vortex
ptp4l[463.810]: running in a temporal vortex
ptp4l[464.060]: running in a temporal vortex
ptp4l[464.310]: running in a temporal vortex
ptp4l[464.560]: running in a temporal vortex
ptp4l[464.811]: running in a temporal vortex
ptp4l[465.061]: running in a temporal vortex
ptp4l[465.311]: running in a temporal vortex
ptp4l[465.561]: running in a temporal vortex
ptp4l[465.811]: running in a temporal vortex
ptp4l[466.061]: running in a temporal vortex
ptp4l[466.311]: running in a temporal vortex
ptp4l[466.562]: running in a temporal vortex
ptp4l[466.812]: running in a temporal vortex
ptp4l[467.062]: running in a temporal vortex
ptp4l[467.312]: running in a temporal vortex
ptp4l[467.562]: running in a temporal vortex
ptp4l[467.812]: running in a temporal vortex
ptp4l[468.063]: running in a temporal vortex
ptp4l[468.313]: running in a temporal vortex
ptp4l[468.563]: running in a temporal vortex
ptp4l[468.813]: running in a temporal vortex
ptp4l[469.063]: running in a temporal vortex
ptp4l[469.313]: running in a temporal vortex
ptp4l[469.564]: running in a temporal vortex
ptp4l[469.814]: running in a temporal vortex
ptp4l[470.064]: running in a temporal vortex
ptp4l[470.314]: running in a temporal vortex
ptp4l[470.564]: running in a temporal vortex
ptp4l[470.814]: running in a temporal vortex
ptp4l[471.064]: running in a temporal vortex
ptp4l[471.315]: running in a temporal vortex
ptp4l[471.565]: running in a temporal vortex
ptp4l[471.815]: running in a temporal vortex
ptp4l[472.065]: running in a temporal vortex
ptp4l[472.315]: running in a temporal vortex
ptp4l[472.565]: running in a temporal vortex
ptp4l[472.815]: running in a temporal vortex
ptp4l[473.066]: running in a temporal vortex
ptp4l[473.316]: running in a temporal vortex
ptp4l[473.566]: running in a temporal vortex
ptp4l[473.816]: running in a temporal vortex
ptp4l[474.066]: running in a temporal vortex
ptp4l[474.316]: running in a temporal vortex
ptp4l[474.567]: running in a temporal vortex
ptp4l[474.817]: running in a temporal vortex
ptp4l[475.067]: running in a temporal vortex
ptp4l[475.317]: running in a temporal vortex
ptp4l[475.567]: running in a temporal vortex
ptp4l[475.817]: running in a temporal vortex
ptp4l[476.067]: running in a temporal vortex
ptp4l[476.317]: running in a temporal vortex
ptp4l[476.568]: running in a temporal vortex
ptp4l[476.818]: running in a temporal vortex
ptp4l[477.068]: running in a temporal vortex
ptp4l[477.318]: running in a temporal vortex
ptp4l[477.568]: running in a temporal vortex
ptp4l[477.818]: running in a temporal vortex
ptp4l[478.068]: running in a temporal vortex
ptp4l[478.318]: running in a temporal vortex
ptp4l[478.569]: running in a temporal vortex
ptp4l[478.819]: running in a temporal vortex
ptp4l[479.069]: running in a temporal vortex
ptp4l[479.319]: running in a temporal vortex
ptp4l[479.569]: running in a temporal vortex
ptp4l[479.819]: running in a temporal vortex
ptp4l[480.070]: running in a temporal vortex
ptp4l[480.320]: running in a temporal vortex
ptp4l[480.570]: running in a temporal vortex
ptp4l[480.820]: running in a temporal vortex
ptp4l[481.070]: running in a temporal vortex
ptp4l[481.320]: running in a temporal vortex
ptp4l[481.570]: running in a temporal vortex
ptp4l[481.821]: running in a temporal vortex
ptp4l[482.071]: running in a temporal vortex
ptp4l[482.321]: running in a temporal vortex
ptp4l[482.571]: running in a temporal vortex
ptp4l[482.821]: running in a temporal vortex
ptp4l[483.072]: running in a temporal vortex
ptp4l[483.322]: running in a temporal vortex
ptp4l[483.572]: running in a temporal vortex
ptp4l[483.822]: running in a temporal vortex
ptp4l[484.072]: running in a temporal vortex
ptp4l[484.322]: running in a temporal vortex
ptp4l[484.572]: running in a temporal vortex
ptp4l[484.822]: running in a temporal vortex
