ptp4l[5540.160]: port 1 (v-ru3): INITIALIZING to LISTENING on INIT_COMPLETE
ptp4l[5540.160]: port 0 (/var/run/p.ru3): INITIALIZING to LISTENING on INIT_COMPLETE
ptp4l[5540.160]: port 0 (/var/run/pr.ru3): INITIALIZING to LISTENING on INIT_COMPLETE
ptp4l[5540.583]: port 1 (v-ru3): new foreign master 020000.fffe.000001-2
ptp4l[5540.653]: selected local clock 020000.fffe.00000e as best master
ptp4l[5540.833]: selected best master clock 020000.fffe.000001
ptp4l[5540.833]: foreign master not using PTP timescale
ptp4l[5540.833]: port 1 (v-ru3): LISTENING to UNCALIBRATED on RS_SLAVE
ptp4l[5540.958]: selected best master clock 020000.fffe.00000a
ptp4l[5540.958]: foreign master not using PTP timescale
ptp4l[5543.022]: master offset       1316 s0 freq    +898 path delay      4096
ptp4l[5545.024]: master offset      -3277 s0 freq    -623 path delay      7441
ptp4l[5547.027]: master offset      -1110 s0 freq     -96 path delay      5082
ptp4l[5549.029]: master offset      -1338 s0 freq    -194 path delay      4921
ptp4l[5551.031]: master offset      -3565 s0 freq    -760 path delay      5626
ptp4l[5553.034]: master offset       -323 s0 freq   +2112 path delay      6613
ptp4l[5555.036]: master offset        228 s0 freq    -251 path delay      5560
ptp4l[5557.039]: master offset       -850 s0 freq    -600 path delay      5437
ptp4l[5559.041]: master offset      -2420 s0 freq    -495 path delay      6016
ptp4l[5561.043]: master offset      -3712 s0 freq    -916 path delay      5473
ptp4l[5563.045]: master offset      17367 s0 freq  +10493 path delay      5403
ptp4l[5565.049]: master offset       1445 s0 freq   -8177 path delay      4940
ptp4l[5567.051]: master offset      -2704 s0 freq   -2252 path delay      4580
ptp4l[5569.054]: master offset       1590 s0 freq   +2338 path delay      4968
ptp4l[5571.056]: master offset       -367 s0 freq    +127 path delay      7179
ptp4l[5572.603]: selected best master clock 020000.fffe.00000b
ptp4l[5572.603]: foreign master not using PTP timescale
ptp4l[5574.625]: master offset      -3318 s0 freq   -1971 path delay      6696
ptp4l[5576.627]: master offset      -2976 s0 freq    -163 path delay      6027
ptp4l[5578.629]: master offset       3314 s0 freq   +3012 path delay      5768
ptp4l[5580.633]: master offset      -3521 s0 freq   -3150 path delay      6291
ptp4l[5582.637]: master offset       -492 s0 freq   +2697 path delay      8666
ptp4l[5584.640]: master offset       2684 s0 freq   +2724 path delay     10946
ptp4l[5586.643]: master offset      -2800 s0 freq   -3900 path delay      8618
