ptp4l[153.500]: port 1: INITIALIZING to LISTENING on INIT_COMPLETE
ptp4l[153.544]: port 2: INITIALIZING to LISTENING on INIT_COMPLETE
ptp4l[153.544]: port 0: INITIALIZING to LISTENING on INIT_COMPLETE
ptp4l[154.263]: port 1: new foreign master aa5606.fffe.a7edd2-1
ptp4l[154.442]: port 2: new foreign master c658f8.fffe.6d1647-1
ptp4l[154.504]: selected local clock 7aa132.fffe.a1447f as best master
ptp4l[154.568]: selected local clock 7aa132.fffe.a1447f as best master
ptp4l[154.763]: selected best master clock aa5606.fffe.a7edd2
ptp4l[154.765]: foreign master not using PTP timescale
ptp4l[154.768]: port 1: LISTENING to UNCALIBRATED on RS_SLAVE
ptp4l[154.942]: selected best master clock aa5606.fffe.a7edd2
ptp4l[154.945]: foreign master not using PTP timescale
ptp4l[154.948]: port 2: master state recommended in slave only mode
ptp4l[154.950]: port 2: defaultDS.priority1 probably misconfigured
ptp4l[155.408]: selected best master clock aa5606.fffe.a7edd2
ptp4l[155.410]: foreign master not using PTP timescale
ptp4l[155.693]: selected best master clock aa5606.fffe.a7edd2
ptp4l[155.695]: foreign master not using PTP timescale
ptp4l[155.698]: port 2: master state recommended in slave only mode
ptp4l[155.701]: port 2: defaultDS.priority1 probably misconfigured
ptp4l[156.312]: selected best master clock aa5606.fffe.a7edd2
ptp4l[156.314]: foreign master not using PTP timescale
ptp4l[156.693]: selected best master clock aa5606.fffe.a7edd2
ptp4l[156.694]: foreign master not using PTP timescale
ptp4l[156.695]: port 2: master state recommended in slave only mode
ptp4l[156.696]: port 2: defaultDS.priority1 probably misconfigured
ptp4l[157.184]: selected best master clock aa5606.fffe.a7edd2
ptp4l[157.185]: foreign master not using PTP timescale
ptp4l[157.444]: selected best master clock aa5606.fffe.a7edd2
ptp4l[157.445]: foreign master not using PTP timescale
ptp4l[157.446]: port 2: master state recommended in slave only mode
ptp4l[157.447]: port 2: defaultDS.priority1 probably misconfigured
ptp4l[158.164]: selected best master clock aa5606.fffe.a7edd2
ptp4l[158.164]: foreign master not using PTP timescale
ptp4l[158.444]: selected best master clock aa5606.fffe.a7edd2
ptp4l[158.445]: foreign master not using PTP timescale
ptp4l[158.446]: port 2: master state recommended in slave only mode
ptp4l[158.447]: port 2: defaultDS.priority1 probably misconfigured
ptp4l[158.956]: selected best master clock aa5606.fffe.a7edd2
ptp4l[158.959]: foreign master not using PTP timescale
ptp4l[159.445]: selected best master clock aa5606.fffe.a7edd2
ptp4l[159.448]: foreign master not using PTP timescale
ptp4l[159.450]: port 2: master state recommended in slave only mode
ptp4l[159.453]: port 2: defaultDS.priority1 probably misconfigured
ptp4l[159.940]: selected best master clock aa5606.fffe.a7edd2
ptp4l[159.943]: foreign master not using PTP timescale
ptp4l[160.197]: selected best master clock aa5606.fffe.a7edd2
ptp4l[160.199]: foreign master not using PTP timescale
ptp4l[160.202]: port 2: master state recommended in slave only mode
ptp4l[160.205]: port 2: defaultDS.priority1 probably misconfigured
ptp4l[160.688]: selected best master clock aa5606.fffe.a7edd2
ptp4l[160.691]: foreign master not using PTP timescale
ptp4l[160.947]: selected best master clock aa5606.fffe.a7edd2
ptp4l[160.950]: foreign master not using PTP timescale
ptp4l[160.952]: port 2: master state recommended in slave only mode
ptp4l[160.955]: port 2: defaultDS.priority1 probably misconfigured
ptp4l[161.676]: selected best master clock aa5606.fffe.a7edd2
ptp4l[161.679]: foreign master not using PTP timescale
ptp4l[161.948]: selected best master clock aa5606.fffe.a7edd2
ptp4l[161.950]: foreign master not using PTP timescale
ptp4l[161.953]: port 2: master state recommended in slave only mode
ptp4l[161.955]: port 2: defaultDS.priority1 probably misconfigured
ptp4l[162.576]: selected best master clock aa5606.fffe.a7edd2
ptp4l[162.577]: foreign master not using PTP timescale
ptp4l[162.948]: selected best master clock aa5606.fffe.a7edd2
ptp4l[162.949]: foreign master not using PTP timescale
ptp4l[162.950]: port 2: master state recommended in slave only mode
ptp4l[162.951]: port 2: defaultDS.priority1 probably misconfigured
ptp4l[163.404]: selected best master clock aa5606.fffe.a7edd2
ptp4l[163.405]: foreign master not using PTP timescale
ptp4l[163.698]: selected best master clock aa5606.fffe.a7edd2
ptp4l[163.699]: foreign master not using PTP timescale
ptp4l[163.700]: port 2: master state recommended in slave only mode
ptp4l[163.701]: port 2: defaultDS.priority1 probably misconfigured
ptp4l[164.308]: selected best master clock aa5606.fffe.a7edd2
ptp4l[164.309]: foreign master not using PTP timescale
ptp4l[164.699]: selected best master clock aa5606.fffe.a7edd2
ptp4l[164.700]: foreign master not using PTP timescale
ptp4l[164.701]: port 2: master state recommended in slave only mode
ptp4l[164.702]: port 2: defaultDS.priority1 probably misconfigured
ptp4l[165.068]: selected best master clock aa5606.fffe.a7edd2
ptp4l[165.071]: foreign master not using PTP timescale
ptp4l[165.450]: selected best master clock aa5606.fffe.a7edd2
ptp4l[165.453]: foreign master not using PTP timescale
ptp4l[165.456]: port 2: master state recommended in slave only mode
ptp4l[165.459]: port 2: defaultDS.priority1 probably misconfigured
ptp4l[165.944]: selected best master clock aa5606.fffe.a7edd2
ptp4l[165.947]: foreign master not using PTP timescale
ptp4l[166.202]: selected best master clock aa5606.fffe.a7edd2
ptp4l[166.204]: foreign master not using PTP timescale
ptp4l[166.207]: port 2: master state recommended in slave only mode
ptp4l[166.209]: port 2: defaultDS.priority1 probably misconfigured
ptp4l[166.760]: selected best master clock aa5606.fffe.a7edd2
ptp4l[166.763]: foreign master not using PTP timescale
ptp4l[167.203]: selected best master clock aa5606.fffe.a7edd2
ptp4l[167.205]: foreign master not using PTP timescale
ptp4l[167.208]: port 2: master state recommended in slave only mode
ptp4l[167.211]: port 2: defaultDS.priority1 probably misconfigured
ptp4l[167.764]: selected best master clock aa5606.fffe.a7edd2
ptp4l[167.765]: foreign master not using PTP timescale
ptp4l[168.203]: selected best master clock aa5606.fffe.a7edd2
ptp4l[168.204]: foreign master not using PTP timescale
ptp4l[168.205]: port 2: master state recommended in slave only mode
ptp4l[168.206]: port 2: defaultDS.priority1 probably misconfigured
ptp4l[168.632]: selected best master clock aa5606.fffe.a7edd2
ptp4l[168.633]: foreign master not using PTP timescale
ptp4l[168.955]: selected best master clock aa5606.fffe.a7edd2
ptp4l[168.957]: foreign master not using PTP timescale
ptp4l[168.960]: port 2: master state recommended in slave only mode
ptp4l[168.962]: port 2: defaultDS.priority1 probably misconfigured
ptp4l[169.500]: selected best master clock aa5606.fffe.a7edd2
ptp4l[169.503]: foreign master not using PTP timescale
ptp4l[169.956]: selected best master clock aa5606.fffe.a7edd2
ptp4l[169.959]: foreign master not using PTP timescale
ptp4l[169.961]: port 2: master state recommended in slave only mode
ptp4l[169.963]: port 2: defaultDS.priority1 probably misconfigured
ptp4l[170.320]: selected best master clock aa5606.fffe.a7edd2
ptp4l[170.323]: foreign master not using PTP timescale
ptp4l[170.710]: selected best master clock aa5606.fffe.a7edd2
ptp4l[170.713]: foreign master not using PTP timescale
ptp4l[170.716]: port 2: master state recommended in slave only mode
ptp4l[170.719]: port 2: defaultDS.priority1 probably misconfigured
ptp4l[170.929]: rms 13900 max 19785 freq   -801 +/- 6669 delay 22952 +/- 5619
ptp4l[171.216]: selected best master clock aa5606.fffe.a7edd2
ptp4l[171.219]: foreign master not using PTP timescale
ptp4l[171.724]: selected best master clock aa5606.fffe.a7edd2
ptp4l[171.727]: foreign master not using PTP timescale
ptp4l[171.729]: port 2: master state recommended in slave only mode
ptp4l[171.732]: port 2: defaultDS.priority1 probably misconfigured
ptp4l[171.996]: selected best master clock aa5606.fffe.a7edd2
ptp4l[171.999]: foreign master not using PTP timescale
ptp4l[172.477]: selected best master clock aa5606.fffe.a7edd2
ptp4l[172.478]: foreign master not using PTP timescale
ptp4l[172.479]: port 2: master state recommended in slave only mode
ptp4l[172.480]: port 2: defaultDS.priority1 probably misconfigured
ptp4l[172.505]: port 1: link down
ptp4l[172.506]: port 1: UNCALIBRATED to FAULTY on FAULT_DETECTED (FT_UNSPECIFIED)
ptp4l[172.556]: selected best master clock c658f8.fffe.6d1647
ptp4l[172.557]: port 1: master state recommended in slave only mode
ptp4l[172.558]: port 1: defaultDS.priority1 probably misconfigured
ptp4l[172.558]: foreign master not using PTP timescale
ptp4l[172.559]: port 2: LISTENING to UNCALIBRATED on RS_SLAVE
ptp4l[188.648]: rms 18166 max 37660 freq  +3041 +/- 9779 delay 27943 +/- 23255
