ptp4l[2120.624]: port 1: INITIALIZING to LISTENING on INIT_COMPLETE
ptp4l[2120.668]: port 2: INITIALIZING to LISTENING on INIT_COMPLETE
ptp4l[2120.669]: port 0: INITIALIZING to LISTENING on INIT_COMPLETE
ptp4l[2121.405]: port 1: new foreign master fa5c02.fffe.229186-1
ptp4l[2121.507]: port 2: new foreign master 1e6459.fffe.5309f3-1
ptp4l[2121.632]: selected local clock be2e75.fffe.1435fd as best master
ptp4l[2121.704]: selected local clock be2e75.fffe.1435fd as best master
ptp4l[2121.905]: selected best master clock fa5c02.fffe.229186
ptp4l[2121.906]: foreign master not using PTP timescale
ptp4l[2121.907]: port 1: LISTENING to UNCALIBRATED on RS_SLAVE
ptp4l[2122.007]: selected best master clock fa5c02.fffe.229186
ptp4l[2122.009]: foreign master not using PTP timescale
ptp4l[2122.010]: port 2: master state recommended in slave only mode
ptp4l[2122.011]: port 2: defaultDS.priority1 probably misconfigured
ptp4l[2122.624]: selected best master clock fa5c02.fffe.229186
ptp4l[2122.625]: foreign master not using PTP timescale
ptp4l[2123.008]: selected best master clock fa5c02.fffe.229186
ptp4l[2123.009]: foreign master not using PTP timescale
ptp4l[2123.010]: port 2: master state recommended in slave only mode
ptp4l[2123.011]: port 2: defaultDS.priority1 probably misconfigured
ptp4l[2123.392]: selected best master clock fa5c02.fffe.229186
ptp4l[2123.395]: foreign master not using PTP timescale
ptp4l[2123.758]: selected best master clock fa5c02.fffe.229186
ptp4l[2123.761]: foreign master not using PTP timescale
ptp4l[2123.762]: port 2: master state recommended in slave only mode
ptp4l[2123.763]: port 2: defaultDS.priority1 probably misconfigured
ptp4l[2124.248]: selected best master clock fa5c02.fffe.229186
ptp4l[2124.249]: foreign master not using PTP timescale
ptp4l[2124.509]: selected best master clock fa5c02.fffe.229186
ptp4l[2124.512]: foreign master not using PTP timescale
ptp4l[2124.515]: port 2: master state recommended in slave only mode
ptp4l[2124.518]: port 2: defaultDS.priority1 probably misconfigured
ptp4l[2125.056]: selected best master clock fa5c02.fffe.229186
ptp4l[2125.057]: foreign master not using PTP timescale
ptp4l[2125.510]: selected best master clock fa5c02.fffe.229186
ptp4l[2125.515]: foreign master not using PTP timescale
ptp4l[2125.518]: port 2: master state recommended in slave only mode
ptp4l[2125.520]: port 2: defaultDS.priority1 probably misconfigured
ptp4l[2126.112]: selected best master clock fa5c02.fffe.229186
ptp4l[2126.113]: foreign master not using PTP timescale
ptp4l[2126.510]: selected best master clock fa5c02.fffe.229186
ptp4l[2126.511]: foreign master not using PTP timescale
ptp4l[2126.512]: port 2: master state recommended in slave only mode
ptp4l[2126.513]: port 2: defaultDS.priority1 probably misconfigured
ptp4l[2126.968]: selected best master clock fa5c02.fffe.229186
ptp4l[2126.968]: foreign master not using PTP timescale
ptp4l[2127.261]: selected best master clock fa5c02.fffe.229186
ptp4l[2127.262]: foreign master not using PTP timescale
ptp4l[2127.263]: port 2: master state recommended in slave only mode
ptp4l[2127.264]: port 2: defaultDS.priority1 probably misconfigured
ptp4l[2127.884]: selected best master clock fa5c02.fffe.229186
ptp4l[2127.885]: foreign master not using PTP timescale
ptp4l[2128.261]: selected best master clock fa5c02.fffe.229186
ptp4l[2128.262]: foreign master not using PTP timescale
ptp4l[2128.263]: port 2: master state recommended in slave only mode
ptp4l[2128.264]: port 2: defaultDS.priority1 probably misconfigured
ptp4l[2128.740]: selected best master clock fa5c02.fffe.229186
ptp4l[2128.741]: foreign master not using PTP timescale
ptp4l[2129.011]: selected best master clock fa5c02.fffe.229186
ptp4l[2129.012]: foreign master not using PTP timescale
ptp4l[2129.013]: port 2: master state recommended in slave only mode
ptp4l[2129.013]: port 2: defaultDS.priority1 probably misconfigured
ptp4l[2129.612]: selected best master clock fa5c02.fffe.229186
ptp4l[2129.612]: foreign master not using PTP timescale
ptp4l[2130.012]: selected best master clock fa5c02.fffe.229186
ptp4l[2130.015]: foreign master not using PTP timescale
ptp4l[2130.018]: port 2: master state recommended in slave only mode
ptp4l[2130.020]: port 2: defaultDS.priority1 probably misconfigured
ptp4l[2130.388]: selected best master clock fa5c02.fffe.229186
ptp4l[2130.391]: foreign master not using PTP timescale
ptp4l[2130.763]: selected best master clock fa5c02.fffe.229186
ptp4l[2130.765]: foreign master not using PTP timescale
ptp4l[2130.768]: port 2: master state recommended in slave only mode
ptp4l[2130.771]: port 2: defaultDS.priority1 probably misconfigured
ptp4l[2131.224]: selected best master clock fa5c02.fffe.229186
ptp4l[2131.225]: foreign master not using PTP timescale
ptp4l[2131.513]: selected best master clock fa5c02.fffe.229186
ptp4l[2131.516]: foreign master not using PTP timescale
ptp4l[2131.519]: port 2: master state recommended in slave only mode
ptp4l[2131.521]: port 2: defaultDS.priority1 probably misconfigured
ptp4l[2131.988]: selected best master clock fa5c02.fffe.229186
ptp4l[2131.989]: foreign master not using PTP timescale
ptp4l[2132.264]: selected best master clock fa5c02.fffe.229186
ptp4l[2132.267]: foreign master not using PTP timescale
ptp4l[2132.270]: port 2: master state recommended in slave only mode
ptp4l[2132.273]: port 2: defaultDS.priority1 probably misconfigured
ptp4l[2132.916]: selected best master clock fa5c02.fffe.229186
ptp4l[2132.919]: foreign master not using PTP timescale
ptp4l[2133.265]: selected best master clock fa5c02.fffe.229186
ptp4l[2133.268]: foreign master not using PTP timescale
ptp4l[2133.271]: port 2: master state recommended in slave only mode
ptp4l[2133.273]: port 2: defaultDS.priority1 probably misconfigured
ptp4l[2133.684]: selected best master clock fa5c02.fffe.229186
ptp4l[2133.686]: foreign master not using PTP timescale
ptp4l[2134.016]: selected best master clock fa5c02.fffe.229186
ptp4l[2134.018]: foreign master not using PTP timescale
ptp4l[2134.021]: port 2: master state recommended in slave only mode
ptp4l[2134.023]: port 2: defaultDS.priority1 probably misconfigured
ptp4l[2134.652]: selected best master clock fa5c02.fffe.229186
ptp4l[2134.653]: foreign master not using PTP timescale
ptp4l[2135.016]: selected best master clock fa5c02.fffe.229186
ptp4l[2135.017]: foreign master not using PTP timescale
ptp4l[2135.018]: port 2: master state recommended in slave only mode
ptp4l[2135.018]: port 2: defaultDS.priority1 probably misconfigured
ptp4l[2135.604]: selected best master clock fa5c02.fffe.229186
ptp4l[2135.605]: foreign master not using PTP timescale
ptp4l[2136.017]: selected best master clock fa5c02.fffe.229186
ptp4l[2136.019]: foreign master not using PTP timescale
ptp4l[2136.022]: port 2: master state recommended in slave only mode
ptp4l[2136.025]: port 2: defaultDS.priority1 probably misconfigured
ptp4l[2136.496]: selected best master clock fa5c02.fffe.229186
ptp4l[2136.498]: foreign master not using PTP timescale
ptp4l[2136.767]: selected best master clock fa5c02.fffe.229186
ptp4l[2136.770]: foreign master not using PTP timescale
ptp4l[2136.773]: port 2: master state recommended in slave only mode
ptp4l[2136.775]: port 2: defaultDS.priority1 probably misconfigured
ptp4l[2137.420]: selected best master clock fa5c02.fffe.229186
ptp4l[2137.422]: foreign master not using PTP timescale
ptp4l[2137.768]: selected best master clock fa5c02.fffe.229186
ptp4l[2137.771]: foreign master not using PTP timescale
ptp4l[2137.773]: port 2: master state recommended in slave only mode
ptp4l[2137.776]: port 2: defaultDS.priority1 probably misconfigured
ptp4l[2138.049]: rms 6774 max 10900 freq   +486 +/- 6953 delay 21787 +/- 5708
ptp4l[2138.208]: selected best master clock fa5c02.fffe.229186
ptp4l[2138.210]: foreign master not using PTP timescale
ptp4l[2138.519]: selected best master clock fa5c02.fffe.229186
ptp4l[2138.521]: foreign master not using PTP timescale
ptp4l[2138.523]: port 2: master state recommended in slave only mode
ptp4l[2138.525]: port 2: defaultDS.priority1 probably misconfigured
ptp4l[2139.080]: selected best master clock fa5c02.fffe.229186
ptp4l[2139.082]: foreign master not using PTP timescale
ptp4l[2139.519]: selected best master clock fa5c02.fffe.229186
ptp4l[2139.520]: foreign master not using PTP timescale
ptp4l[2139.521]: port 2: master state recommended in slave only mode
ptp4l[2139.522]: port 2: defaultDS.priority1 probably misconfigured
ptp4l[2139.968]: selected best master clock fa5c02.fffe.229186
ptp4l[2139.969]: foreign master not using PTP timescale
ptp4l[2140.270]: selected best master clock fa5c02.fffe.229186
ptp4l[2140.271]: foreign master not using PTP timescale
ptp4l[2140.271]: port 2: master state recommended in slave only mode
ptp4l[2140.272]: port 2: defaultDS.priority1 probably misconfigured
ptp4l[2140.848]: selected best master clock fa5c02.fffe.229186
ptp4l[2140.851]: foreign master not using PTP timescale
ptp4l[2141.271]: selected best master clock fa5c02.fffe.229186
ptp4l[2141.273]: foreign master not using PTP timescale
ptp4l[2141.275]: port 2: master state recommended in slave only mode
ptp4l[2141.277]: port 2: defaultDS.priority1 probably misconfigured
ptp4l[2141.828]: selected best master clock fa5c02.fffe.229186
ptp4l[2141.830]: foreign master not using PTP timescale
ptp4l[2142.271]: selected best master clock fa5c02.fffe.229186
ptp4l[2142.272]: foreign master not using PTP timescale
ptp4l[2142.273]: port 2: master state recommended in slave only mode
ptp4l[2142.274]: port 2: defaultDS.priority1 probably misconfigured
ptp4l[2142.600]: selected best master clock fa5c02.fffe.229186
ptp4l[2142.600]: foreign master not using PTP timescale
ptp4l[2143.022]: selected best master clock fa5c02.fffe.229186
ptp4l[2143.023]: foreign master not using PTP timescale
ptp4l[2143.023]: port 2: master state recommended in slave only mode
ptp4l[2143.024]: port 2: defaultDS.priority1 probably misconfigured
ptp4l[2143.436]: selected best master clock fa5c02.fffe.229186
ptp4l[2143.437]: foreign master not using PTP timescale
ptp4l[2143.772]: selected best master clock fa5c02.fffe.229186
ptp4l[2143.773]: foreign master not using PTP timescale
ptp4l[2143.774]: port 2: master state recommended in slave only mode
ptp4l[2143.775]: port 2: defaultDS.priority1 probably misconfigured
ptp4l[2144.308]: selected best master clock fa5c02.fffe.229186
ptp4l[2144.309]: foreign master not using PTP timescale
ptp4l[2144.772]: selected best master clock fa5c02.fffe.229186
ptp4l[2144.773]: foreign master not using PTP timescale
ptp4l[2144.774]: port 2: master state recommended in slave only mode
ptp4l[2144.774]: port 2: defaultDS.priority1 probably misconfigured
ptp4l[2145.192]: selected best master clock fa5c02.fffe.229186
ptp4l[2145.194]: foreign master not using PTP timescale
ptp4l[2145.523]: selected best master clock fa5c02.fffe.229186
ptp4l[2145.526]: foreign master not using PTP timescale
ptp4l[2145.528]: port 2: master state recommended in slave only mode
ptp4l[2145.530]: port 2: defaultDS.priority1 probably misconfigured
ptp4l[2146.196]: selected best master clock fa5c02.fffe.229186
ptp4l[2146.198]: foreign master not using PTP timescale
ptp4l[2146.524]: selected best master clock fa5c02.fffe.229186
ptp4l[2146.526]: foreign master not using PTP timescale
ptp4l[2146.529]: port 2: master state recommended in slave only mode
ptp4l[2146.531]: port 2: defaultDS.priority1 probably misconfigured
ptp4l[2146.976]: selected best master clock fa5c02.fffe.229186
ptp4l[2146.978]: foreign master not using PTP timescale
ptp4l[2147.274]: selected best master clock fa5c02.fffe.229186
ptp4l[2147.275]: foreign master not using PTP timescale
ptp4l[2147.276]: port 2: master state recommended in slave only mode
ptp4l[2147.277]: port 2: defaultDS.priority1 probably misconfigured
ptp4l[2147.956]: selected best master clock fa5c02.fffe.229186
ptp4l[2147.959]: foreign master not using PTP timescale
ptp4l[2148.275]: selected best master clock fa5c02.fffe.229186
ptp4l[2148.277]: foreign master not using PTP timescale
ptp4l[2148.279]: port 2: master state recommended in slave only mode
ptp4l[2148.282]: port 2: defaultDS.priority1 probably misconfigured
ptp4l[2148.924]: selected best master clock fa5c02.fffe.229186
ptp4l[2148.927]: foreign master not using PTP timescale
ptp4l[2149.276]: selected best master clock fa5c02.fffe.229186
ptp4l[2149.278]: foreign master not using PTP timescale
ptp4l[2149.279]: port 2: master state recommended in slave only mode
ptp4l[2149.281]: port 2: defaultDS.priority1 probably misconfigured
ptp4l[2149.884]: selected best master clock fa5c02.fffe.229186
ptp4l[2149.887]: foreign master not using PTP timescale
ptp4l[2150.276]: selected best master clock fa5c02.fffe.229186
ptp4l[2150.277]: foreign master not using PTP timescale
ptp4l[2150.278]: port 2: master state recommended in slave only mode
ptp4l[2150.279]: port 2: defaultDS.priority1 probably misconfigured
ptp4l[2150.788]: selected best master clock fa5c02.fffe.229186
ptp4l[2150.789]: foreign master not using PTP timescale
ptp4l[2151.277]: selected best master clock fa5c02.fffe.229186
ptp4l[2151.277]: foreign master not using PTP timescale
ptp4l[2151.278]: port 2: master state recommended in slave only mode
ptp4l[2151.278]: port 2: defaultDS.priority1 probably misconfigured
ptp4l[2151.552]: selected best master clock fa5c02.fffe.229186
ptp4l[2151.554]: foreign master not using PTP timescale
ptp4l[2152.027]: selected best master clock fa5c02.fffe.229186
ptp4l[2152.030]: foreign master not using PTP timescale
ptp4l[2152.032]: port 2: master state recommended in slave only mode
ptp4l[2152.034]: port 2: defaultDS.priority1 probably misconfigured
ptp4l[2152.520]: selected best master clock fa5c02.fffe.229186
ptp4l[2152.524]: foreign master not using PTP timescale
ptp4l[2152.778]: selected best master clock fa5c02.fffe.229186
ptp4l[2152.781]: foreign master not using PTP timescale
ptp4l[2152.783]: port 2: master state recommended in slave only mode
ptp4l[2152.786]: port 2: defaultDS.priority1 probably misconfigured
ptp4l[2153.348]: selected best master clock fa5c02.fffe.229186
ptp4l[2153.350]: foreign master not using PTP timescale
ptp4l[2153.778]: selected best master clock fa5c02.fffe.229186
ptp4l[2153.779]: foreign master not using PTP timescale
ptp4l[2153.780]: port 2: master state recommended in slave only mode
ptp4l[2153.780]: port 2: defaultDS.priority1 probably misconfigured
ptp4l[2154.071]: rms 88758 max 183152 freq  +4595 +/- 64986 delay 89597 +/- 21480
ptp4l[2154.132]: selected best master clock fa5c02.fffe.229186
ptp4l[2154.135]: foreign master not using PTP timescale
ptp4l[2154.529]: selected best master clock fa5c02.fffe.229186
ptp4l[2154.532]: foreign master not using PTP timescale
ptp4l[2154.535]: port 2: master state recommended in slave only mode
ptp4l[2154.538]: port 2: defaultDS.priority1 probably misconfigured
ptp4l[2155.104]: selected best master clock fa5c02.fffe.229186
ptp4l[2155.106]: foreign master not using PTP timescale
ptp4l[2155.530]: selected best master clock fa5c02.fffe.229186
ptp4l[2155.533]: foreign master not using PTP timescale
ptp4l[2155.535]: port 2: master state recommended in slave only mode
ptp4l[2155.537]: port 2: defaultDS.priority1 probably misconfigured
ptp4l[2155.972]: selected best master clock fa5c02.fffe.229186
ptp4l[2155.975]: foreign master not using PTP timescale
ptp4l[2156.281]: selected best master clock fa5c02.fffe.229186
ptp4l[2156.283]: foreign master not using PTP timescale
ptp4l[2156.286]: port 2: master state recommended in slave only mode
ptp4l[2156.288]: port 2: defaultDS.priority1 probably misconfigured
ptp4l[2156.972]: selected best master clock fa5c02.fffe.229186
ptp4l[2156.975]: foreign master not using PTP timescale
ptp4l[2157.282]: selected best master clock fa5c02.fffe.229186
ptp4l[2157.283]: foreign master not using PTP timescale
ptp4l[2157.284]: port 2: master state recommended in slave only mode
ptp4l[2157.285]: port 2: defaultDS.priority1 probably misconfigured
ptp4l[2157.808]: selected best master clock fa5c02.fffe.229186
ptp4l[2157.808]: foreign master not using PTP timescale
ptp4l[2158.282]: selected best master clock fa5c02.fffe.229186
ptp4l[2158.283]: foreign master not using PTP timescale
ptp4l[2158.284]: port 2: master state recommended in slave only mode
ptp4l[2158.285]: port 2: defaultDS.priority1 probably misconfigured
ptp4l[2158.640]: selected best master clock fa5c02.fffe.229186
ptp4l[2158.641]: foreign master not using PTP timescale
ptp4l[2159.032]: selected best master clock fa5c02.fffe.229186
ptp4l[2159.033]: foreign master not using PTP timescale
ptp4l[2159.035]: port 2: master state recommended in slave only mode
ptp4l[2159.036]: port 2: defaultDS.priority1 probably misconfigured
ptp4l[2159.636]: selected best master clock fa5c02.fffe.229186
ptp4l[2159.638]: foreign master not using PTP timescale
ptp4l[2160.033]: selected best master clock fa5c02.fffe.229186
ptp4l[2160.036]: foreign master not using PTP timescale
ptp4l[2160.038]: port 2: master state recommended in slave only mode
ptp4l[2160.041]: port 2: defaultDS.priority1 probably misconfigured
ptp4l[2160.480]: selected best master clock fa5c02.fffe.229186
ptp4l[2160.481]: foreign master not using PTP timescale
ptp4l[2160.784]: selected best master clock fa5c02.fffe.229186
ptp4l[2160.786]: foreign master not using PTP timescale
ptp4l[2160.789]: port 2: master state recommended in slave only mode
ptp4l[2160.791]: port 2: defaultDS.priority1 probably misconfigured
ptp4l[2161.356]: selected best master clock fa5c02.fffe.229186
ptp4l[2161.358]: foreign master not using PTP timescale
ptp4l[2161.785]: selected best master clock fa5c02.fffe.229186
ptp4l[2161.788]: foreign master not using PTP timescale
ptp4l[2161.790]: port 2: master state recommended in slave only mode
ptp4l[2161.793]: port 2: defaultDS.priority1 probably misconfigured
ptp4l[2162.324]: selected best master clock fa5c02.fffe.229186
ptp4l[2162.328]: foreign master not using PTP timescale
ptp4l[2162.786]: selected best master clock fa5c02.fffe.229186
ptp4l[2162.788]: foreign master not using PTP timescale
ptp4l[2162.791]: port 2: master state recommended in slave only mode
ptp4l[2162.794]: port 2: defaultDS.priority1 probably misconfigured
ptp4l[2163.296]: selected best master clock fa5c02.fffe.229186
ptp4l[2163.297]: foreign master not using PTP timescale
ptp4l[2163.786]: selected best master clock fa5c02.fffe.229186
ptp4l[2163.786]: foreign master not using PTP timescale
ptp4l[2163.787]: port 2: master state recommended in slave only mode
ptp4l[2163.788]: port 2: defaultDS.priority1 probably misconfigured
ptp4l[2164.084]: selected best master clock fa5c02.fffe.229186
ptp4l[2164.085]: foreign master not using PTP timescale
ptp4l[2164.537]: selected best master clock fa5c02.fffe.229186
ptp4l[2164.539]: foreign master not using PTP timescale
ptp4l[2164.541]: port 2: master state recommended in slave only mode
ptp4l[2164.543]: port 2: defaultDS.priority1 probably misconfigured
ptp4l[2165.068]: selected best master clock fa5c02.fffe.229186
ptp4l[2165.069]: foreign master not using PTP timescale
ptp4l[2165.537]: selected best master clock fa5c02.fffe.229186
ptp4l[2165.538]: foreign master not using PTP timescale
ptp4l[2165.538]: port 2: master state recommended in slave only mode
ptp4l[2165.539]: port 2: defaultDS.priority1 probably misconfigured
ptp4l[2165.976]: selected best master clock fa5c02.fffe.229186
ptp4l[2165.976]: foreign master not using PTP timescale
ptp4l[2166.287]: selected best master clock fa5c02.fffe.229186
ptp4l[2166.288]: foreign master not using PTP timescale
ptp4l[2166.289]: port 2: master state recommended in slave only mode
ptp4l[2166.290]: port 2: defaultDS.priority1 probably misconfigured
ptp4l[2166.856]: selected best master clock fa5c02.fffe.229186
ptp4l[2166.858]: foreign master not using PTP timescale
ptp4l[2167.288]: selected best master clock fa5c02.fffe.229186
ptp4l[2167.291]: foreign master not using PTP timescale
ptp4l[2167.293]: port 2: master state recommended in slave only mode
ptp4l[2167.295]: port 2: defaultDS.priority1 probably misconfigured
ptp4l[2167.672]: selected best master clock fa5c02.fffe.229186
ptp4l[2167.673]: foreign master not using PTP timescale
ptp4l[2168.039]: selected best master clock fa5c02.fffe.229186
ptp4l[2168.041]: foreign master not using PTP timescale
ptp4l[2168.043]: port 2: master state recommended in slave only mode
ptp4l[2168.045]: port 2: defaultDS.priority1 probably misconfigured
ptp4l[2168.624]: selected best master clock fa5c02.fffe.229186
ptp4l[2168.626]: foreign master not using PTP timescale
ptp4l[2169.040]: selected best master clock fa5c02.fffe.229186
ptp4l[2169.042]: foreign master not using PTP timescale
ptp4l[2169.044]: port 2: master state recommended in slave only mode
ptp4l[2169.046]: port 2: defaultDS.priority1 probably misconfigured
ptp4l[2169.564]: selected best master clock fa5c02.fffe.229186
ptp4l[2169.565]: foreign master not using PTP timescale
ptp4l[2170.040]: selected best master clock fa5c02.fffe.229186
ptp4l[2170.042]: foreign master not using PTP timescale
ptp4l[2170.043]: port 2: master state recommended in slave only mode
ptp4l[2170.044]: port 2: defaultDS.priority1 probably misconfigured
ptp4l[2170.093]: rms 126125 max 233826 freq +10489 +/- 63668 delay 113975 +/- 24560
ptp4l[2170.464]: selected best master clock fa5c02.fffe.229186
ptp4l[2170.467]: foreign master not using PTP timescale
ptp4l[2170.791]: selected best master clock fa5c02.fffe.229186
ptp4l[2170.794]: foreign master not using PTP timescale
ptp4l[2170.796]: port 2: master state recommended in slave only mode
ptp4l[2170.799]: port 2: defaultDS.priority1 probably misconfigured
ptp4l[2171.444]: selected best master clock fa5c02.fffe.229186
ptp4l[2171.447]: foreign master not using PTP timescale
ptp4l[2171.792]: selected best master clock fa5c02.fffe.229186
ptp4l[2171.795]: foreign master not using PTP timescale
ptp4l[2171.799]: port 2: master state recommended in slave only mode
ptp4l[2171.801]: port 2: defaultDS.priority1 probably misconfigured
ptp4l[2172.296]: selected best master clock fa5c02.fffe.229186
ptp4l[2172.296]: foreign master not using PTP timescale
ptp4l[2172.792]: selected best master clock fa5c02.fffe.229186
ptp4l[2172.793]: foreign master not using PTP timescale
ptp4l[2172.794]: port 2: master state recommended in slave only mode
ptp4l[2172.795]: port 2: defaultDS.priority1 probably misconfigured
ptp4l[2173.192]: selected best master clock fa5c02.fffe.229186
ptp4l[2173.195]: foreign master not using PTP timescale
ptp4l[2173.543]: selected best master clock fa5c02.fffe.229186
ptp4l[2173.546]: foreign master not using PTP timescale
ptp4l[2173.548]: port 2: master state recommended in slave only mode
ptp4l[2173.551]: port 2: defaultDS.priority1 probably misconfigured
ptp4l[2174.004]: selected best master clock fa5c02.fffe.229186
ptp4l[2174.006]: foreign master not using PTP timescale
ptp4l[2174.293]: selected best master clock fa5c02.fffe.229186
ptp4l[2174.294]: foreign master not using PTP timescale
ptp4l[2174.295]: port 2: master state recommended in slave only mode
ptp4l[2174.296]: port 2: defaultDS.priority1 probably misconfigured
ptp4l[2174.792]: selected best master clock fa5c02.fffe.229186
ptp4l[2174.793]: foreign master not using PTP timescale
ptp4l[2175.044]: selected best master clock fa5c02.fffe.229186
ptp4l[2175.045]: foreign master not using PTP timescale
ptp4l[2175.046]: port 2: master state recommended in slave only mode
ptp4l[2175.047]: port 2: defaultDS.priority1 probably misconfigured
ptp4l[2175.544]: selected best master clock fa5c02.fffe.229186
ptp4l[2175.545]: foreign master not using PTP timescale
ptp4l[2175.794]: selected best master clock fa5c02.fffe.229186
ptp4l[2175.795]: foreign master not using PTP timescale
ptp4l[2175.796]: port 2: master state recommended in slave only mode
ptp4l[2175.797]: port 2: defaultDS.priority1 probably misconfigured
ptp4l[2176.420]: selected best master clock fa5c02.fffe.229186
ptp4l[2176.420]: foreign master not using PTP timescale
ptp4l[2176.794]: selected best master clock fa5c02.fffe.229186
ptp4l[2176.795]: foreign master not using PTP timescale
ptp4l[2176.796]: port 2: master state recommended in slave only mode
ptp4l[2176.797]: port 2: defaultDS.priority1 probably misconfigured
ptp4l[2177.432]: selected best master clock fa5c02.fffe.229186
ptp4l[2177.433]: foreign master not using PTP timescale
ptp4l[2177.795]: selected best master clock fa5c02.fffe.229186
ptp4l[2177.795]: foreign master not using PTP timescale
ptp4l[2177.796]: port 2: master state recommended in slave only mode
ptp4l[2177.797]: port 2: defaultDS.priority1 probably misconfigured
ptp4l[2178.328]: selected best master clock fa5c02.fffe.229186
ptp4l[2178.329]: foreign master not using PTP timescale
ptp4l[2178.795]: selected best master clock fa5c02.fffe.229186
ptp4l[2178.796]: foreign master not using PTP timescale
ptp4l[2178.796]: port 2: master state recommended in slave only mode
ptp4l[2178.797]: port 2: defaultDS.priority1 probably misconfigured
ptp4l[2179.292]: selected best master clock fa5c02.fffe.229186
ptp4l[2179.292]: foreign master not using PTP timescale
ptp4l[2179.545]: selected best master clock fa5c02.fffe.229186
ptp4l[2179.546]: foreign master not using PTP timescale
ptp4l[2179.547]: port 2: master state recommended in slave only mode
ptp4l[2179.548]: port 2: defaultDS.priority1 probably misconfigured
ptp4l[2180.204]: selected best master clock fa5c02.fffe.229186
ptp4l[2180.205]: foreign master not using PTP timescale
ptp4l[2180.546]: selected best master clock fa5c02.fffe.229186
ptp4l[2180.546]: foreign master not using PTP timescale
ptp4l[2180.547]: port 2: master state recommended in slave only mode
ptp4l[2180.548]: port 2: defaultDS.priority1 probably misconfigured
ptp4l[2181.092]: selected best master clock fa5c02.fffe.229186
ptp4l[2181.093]: foreign master not using PTP timescale
ptp4l[2181.546]: selected best master clock fa5c02.fffe.229186
ptp4l[2181.547]: foreign master not using PTP timescale
ptp4l[2181.547]: port 2: master state recommended in slave only mode
ptp4l[2181.548]: port 2: defaultDS.priority1 probably misconfigured
ptp4l[2181.956]: selected best master clock fa5c02.fffe.229186
ptp4l[2181.957]: foreign master not using PTP timescale
ptp4l[2182.296]: selected best master clock fa5c02.fffe.229186
ptp4l[2182.297]: foreign master not using PTP timescale
ptp4l[2182.298]: port 2: master state recommended in slave only mode
ptp4l[2182.299]: port 2: defaultDS.priority1 probably misconfigured
ptp4l[2182.908]: selected best master clock fa5c02.fffe.229186
ptp4l[2182.909]: foreign master not using PTP timescale
ptp4l[2183.296]: selected best master clock fa5c02.fffe.229186
ptp4l[2183.297]: foreign master not using PTP timescale
ptp4l[2183.299]: port 2: master state recommended in slave only mode
ptp4l[2183.300]: port 2: defaultDS.priority1 probably misconfigured
ptp4l[2183.856]: selected best master clock fa5c02.fffe.229186
ptp4l[2183.858]: foreign master not using PTP timescale
ptp4l[2184.297]: selected best master clock fa5c02.fffe.229186
ptp4l[2184.300]: foreign master not using PTP timescale
ptp4l[2184.302]: port 2: master state recommended in slave only mode
ptp4l[2184.304]: port 2: defaultDS.priority1 probably misconfigured
ptp4l[2184.744]: selected best master clock fa5c02.fffe.229186
ptp4l[2184.746]: foreign master not using PTP timescale
ptp4l[2185.048]: selected best master clock fa5c02.fffe.229186
ptp4l[2185.051]: foreign master not using PTP timescale
ptp4l[2185.053]: port 2: master state recommended in slave only mode
ptp4l[2185.055]: port 2: defaultDS.priority1 probably misconfigured
ptp4l[2185.588]: selected best master clock fa5c02.fffe.229186
ptp4l[2185.589]: foreign master not using PTP timescale
ptp4l[2186.049]: selected best master clock fa5c02.fffe.229186
ptp4l[2186.050]: foreign master not using PTP timescale
ptp4l[2186.051]: port 2: master state recommended in slave only mode
ptp4l[2186.052]: port 2: defaultDS.priority1 probably misconfigured
ptp4l[2186.111]: rms 148423 max 236502 freq  +1254 +/- 66664 delay 91897 +/- 18555
ptp4l[2186.560]: selected best master clock fa5c02.fffe.229186
ptp4l[2186.561]: foreign master not using PTP timescale
ptp4l[2187.050]: selected best master clock fa5c02.fffe.229186
ptp4l[2187.052]: foreign master not using PTP timescale
ptp4l[2187.055]: port 2: master state recommended in slave only mode
ptp4l[2187.058]: port 2: defaultDS.priority1 probably misconfigured
ptp4l[2187.512]: selected best master clock fa5c02.fffe.229186
ptp4l[2187.515]: foreign master not using PTP timescale
ptp4l[2187.800]: selected best master clock fa5c02.fffe.229186
ptp4l[2187.801]: foreign master not using PTP timescale
ptp4l[2187.802]: port 2: master state recommended in slave only mode
ptp4l[2187.803]: port 2: defaultDS.priority1 probably misconfigured
ptp4l[2188.384]: selected best master clock fa5c02.fffe.229186
ptp4l[2188.385]: foreign master not using PTP timescale
ptp4l[2188.801]: selected best master clock fa5c02.fffe.229186
ptp4l[2188.802]: foreign master not using PTP timescale
ptp4l[2188.803]: port 2: master state recommended in slave only mode
ptp4l[2188.804]: port 2: defaultDS.priority1 probably misconfigured
ptp4l[2189.244]: selected best master clock fa5c02.fffe.229186
ptp4l[2189.245]: foreign master not using PTP timescale
ptp4l[2189.551]: selected best master clock fa5c02.fffe.229186
ptp4l[2189.552]: foreign master not using PTP timescale
ptp4l[2189.553]: port 2: master state recommended in slave only mode
ptp4l[2189.554]: port 2: defaultDS.priority1 probably misconfigured
ptp4l[2190.152]: selected best master clock fa5c02.fffe.229186
ptp4l[2190.153]: foreign master not using PTP timescale
ptp4l[2190.551]: selected best master clock fa5c02.fffe.229186
ptp4l[2190.552]: foreign master not using PTP timescale
ptp4l[2190.553]: port 2: master state recommended in slave only mode
ptp4l[2190.554]: port 2: defaultDS.priority1 probably misconfigured
ptp4l[2191.024]: selected best master clock fa5c02.fffe.229186
ptp4l[2191.025]: foreign master not using PTP timescale
ptp4l[2191.302]: selected best master clock fa5c02.fffe.229186
ptp4l[2191.303]: foreign master not using PTP timescale
ptp4l[2191.303]: port 2: master state recommended in slave only mode
ptp4l[2191.304]: port 2: defaultDS.priority1 probably misconfigured
ptp4l[2191.956]: selected best master clock fa5c02.fffe.229186
ptp4l[2191.957]: foreign master not using PTP timescale
ptp4l[2192.302]: selected best master clock fa5c02.fffe.229186
ptp4l[2192.303]: foreign master not using PTP timescale
ptp4l[2192.303]: port 2: master state recommended in slave only mode
ptp4l[2192.304]: port 2: defaultDS.priority1 probably misconfigured
ptp4l[2192.732]: selected best master clock fa5c02.fffe.229186
ptp4l[2192.733]: foreign master not using PTP timescale
ptp4l[2193.053]: selected best master clock fa5c02.fffe.229186
ptp4l[2193.055]: foreign master not using PTP timescale
ptp4l[2193.058]: port 2: master state recommended in slave only mode
ptp4l[2193.060]: port 2: defaultDS.priority1 probably misconfigured
ptp4l[2193.520]: selected best master clock fa5c02.fffe.229186
ptp4l[2193.522]: foreign master not using PTP timescale
ptp4l[2193.803]: selected best master clock fa5c02.fffe.229186
ptp4l[2193.806]: foreign master not using PTP timescale
ptp4l[2193.809]: port 2: master state recommended in slave only mode
ptp4l[2193.811]: port 2: defaultDS.priority1 probably misconfigured
ptp4l[2194.340]: selected best master clock fa5c02.fffe.229186
ptp4l[2194.341]: foreign master not using PTP timescale
ptp4l[2194.804]: selected best master clock fa5c02.fffe.229186
ptp4l[2194.805]: foreign master not using PTP timescale
ptp4l[2194.806]: port 2: master state recommended in slave only mode
ptp4l[2194.807]: port 2: defaultDS.priority1 probably misconfigured
ptp4l[2195.156]: selected best master clock fa5c02.fffe.229186
ptp4l[2195.157]: foreign master not using PTP timescale
ptp4l[2195.554]: selected best master clock fa5c02.fffe.229186
ptp4l[2195.557]: foreign master not using PTP timescale
ptp4l[2195.559]: port 2: master state recommended in slave only mode
ptp4l[2195.562]: port 2: defaultDS.priority1 probably misconfigured
ptp4l[2196.020]: selected best master clock fa5c02.fffe.229186
ptp4l[2196.023]: foreign master not using PTP timescale
ptp4l[2196.305]: selected best master clock fa5c02.fffe.229186
ptp4l[2196.308]: foreign master not using PTP timescale
ptp4l[2196.310]: port 2: master state recommended in slave only mode
ptp4l[2196.313]: port 2: defaultDS.priority1 probably misconfigured
ptp4l[2196.936]: selected best master clock fa5c02.fffe.229186
ptp4l[2196.939]: foreign master not using PTP timescale
ptp4l[2197.305]: selected best master clock fa5c02.fffe.229186
ptp4l[2197.307]: foreign master not using PTP timescale
ptp4l[2197.309]: port 2: master state recommended in slave only mode
ptp4l[2197.310]: port 2: defaultDS.priority1 probably misconfigured
ptp4l[2197.888]: selected best master clock fa5c02.fffe.229186
ptp4l[2197.891]: foreign master not using PTP timescale
ptp4l[2198.306]: selected best master clock fa5c02.fffe.229186
ptp4l[2198.309]: foreign master not using PTP timescale
ptp4l[2198.311]: port 2: master state recommended in slave only mode
ptp4l[2198.314]: port 2: defaultDS.priority1 probably misconfigured
ptp4l[2198.876]: selected best master clock fa5c02.fffe.229186
ptp4l[2198.878]: foreign master not using PTP timescale
ptp4l[2199.307]: selected best master clock fa5c02.fffe.229186
ptp4l[2199.310]: foreign master not using PTP timescale
ptp4l[2199.312]: port 2: master state recommended in slave only mode
ptp4l[2199.314]: port 2: defaultDS.priority1 probably misconfigured
ptp4l[2199.724]: selected best master clock fa5c02.fffe.229186
ptp4l[2199.726]: foreign master not using PTP timescale
ptp4l[2200.057]: selected best master clock fa5c02.fffe.229186
ptp4l[2200.058]: foreign master not using PTP timescale
ptp4l[2200.059]: port 2: master state recommended in slave only mode
ptp4l[2200.060]: port 2: defaultDS.priority1 probably misconfigured
ptp4l[2200.568]: selected best master clock fa5c02.fffe.229186
ptp4l[2200.569]: foreign master not using PTP timescale
ptp4l[2201.058]: selected best master clock fa5c02.fffe.229186
ptp4l[2201.060]: foreign master not using PTP timescale
ptp4l[2201.063]: port 2: master state recommended in slave only mode
ptp4l[2201.065]: port 2: defaultDS.priority1 probably misconfigured
ptp4l[2201.460]: selected best master clock fa5c02.fffe.229186
ptp4l[2201.463]: foreign master not using PTP timescale
ptp4l[2201.809]: selected best master clock fa5c02.fffe.229186
ptp4l[2201.811]: foreign master not using PTP timescale
ptp4l[2201.814]: port 2: master state recommended in slave only mode
ptp4l[2201.817]: port 2: defaultDS.priority1 probably misconfigured
ptp4l[2202.131]: rms 135421 max 227501 freq  -5242 +/- 42661 delay 98292 +/- 26053
ptp4l[2202.248]: selected best master clock fa5c02.fffe.229186
ptp4l[2202.250]: foreign master not using PTP timescale
ptp4l[2202.559]: selected best master clock fa5c02.fffe.229186
ptp4l[2202.560]: foreign master not using PTP timescale
ptp4l[2202.561]: port 2: master state recommended in slave only mode
ptp4l[2202.562]: port 2: defaultDS.priority1 probably misconfigured
ptp4l[2203.012]: selected best master clock fa5c02.fffe.229186
ptp4l[2203.012]: foreign master not using PTP timescale
ptp4l[2203.310]: selected best master clock fa5c02.fffe.229186
ptp4l[2203.310]: foreign master not using PTP timescale
ptp4l[2203.311]: port 2: master state recommended in slave only mode
ptp4l[2203.312]: port 2: defaultDS.priority1 probably misconfigured
ptp4l[2203.976]: selected best master clock fa5c02.fffe.229186
ptp4l[2203.976]: foreign master not using PTP timescale
ptp4l[2204.310]: selected best master clock fa5c02.fffe.229186
ptp4l[2204.311]: foreign master not using PTP timescale
ptp4l[2204.311]: port 2: master state recommended in slave only mode
ptp4l[2204.312]: port 2: defaultDS.priority1 probably misconfigured
ptp4l[2204.776]: selected best master clock fa5c02.fffe.229186
ptp4l[2204.776]: foreign master not using PTP timescale
ptp4l[2205.060]: selected best master clock fa5c02.fffe.229186
ptp4l[2205.061]: foreign master not using PTP timescale
ptp4l[2205.062]: port 2: master state recommended in slave only mode
ptp4l[2205.062]: port 2: defaultDS.priority1 probably misconfigured
ptp4l[2205.684]: selected best master clock fa5c02.fffe.229186
ptp4l[2205.684]: foreign master not using PTP timescale
ptp4l[2206.061]: selected best master clock fa5c02.fffe.229186
ptp4l[2206.062]: foreign master not using PTP timescale
ptp4l[2206.063]: port 2: master state recommended in slave only mode
ptp4l[2206.063]: port 2: defaultDS.priority1 probably misconfigured
ptp4l[2206.440]: selected best master clock fa5c02.fffe.229186
ptp4l[2206.441]: foreign master not using PTP timescale
ptp4l[2206.811]: selected best master clock fa5c02.fffe.229186
ptp4l[2206.812]: foreign master not using PTP timescale
ptp4l[2206.812]: port 2: master state recommended in slave only mode
ptp4l[2206.813]: port 2: defaultDS.priority1 probably misconfigured
ptp4l[2207.340]: selected best master clock fa5c02.fffe.229186
ptp4l[2207.341]: foreign master not using PTP timescale
ptp4l[2207.811]: selected best master clock fa5c02.fffe.229186
ptp4l[2207.812]: foreign master not using PTP timescale
ptp4l[2207.813]: port 2: master state recommended in slave only mode
ptp4l[2207.814]: port 2: defaultDS.priority1 probably misconfigured
ptp4l[2208.148]: selected best master clock fa5c02.fffe.229186
ptp4l[2208.149]: foreign master not using PTP timescale
ptp4l[2208.561]: selected best master clock fa5c02.fffe.229186
ptp4l[2208.562]: foreign master not using PTP timescale
ptp4l[2208.563]: port 2: master state recommended in slave only mode
ptp4l[2208.564]: port 2: defaultDS.priority1 probably misconfigured
ptp4l[2209.068]: selected best master clock fa5c02.fffe.229186
ptp4l[2209.069]: foreign master not using PTP timescale
ptp4l[2209.562]: selected best master clock fa5c02.fffe.229186
ptp4l[2209.563]: foreign master not using PTP timescale
ptp4l[2209.563]: port 2: master state recommended in slave only mode
ptp4l[2209.564]: port 2: defaultDS.priority1 probably misconfigured
ptp4l[2210.008]: selected best master clock fa5c02.fffe.229186
ptp4l[2210.009]: foreign master not using PTP timescale
ptp4l[2210.312]: selected best master clock fa5c02.fffe.229186
ptp4l[2210.314]: foreign master not using PTP timescale
ptp4l[2210.315]: port 2: master state recommended in slave only mode
ptp4l[2210.316]: port 2: defaultDS.priority1 probably misconfigured
ptp4l[2210.968]: selected best master clock fa5c02.fffe.229186
ptp4l[2210.969]: foreign master not using PTP timescale
ptp4l[2211.312]: selected best master clock fa5c02.fffe.229186
ptp4l[2211.313]: foreign master not using PTP timescale
ptp4l[2211.314]: port 2: master state recommended in slave only mode
ptp4l[2211.316]: port 2: defaultDS.priority1 probably misconfigured
ptp4l[2211.884]: selected best master clock fa5c02.fffe.229186
ptp4l[2211.887]: foreign master not using PTP timescale
ptp4l[2212.313]: selected best master clock fa5c02.fffe.229186
ptp4l[2212.317]: foreign master not using PTP timescale
ptp4l[2212.319]: port 2: master state recommended in slave only mode
ptp4l[2212.321]: port 2: defaultDS.priority1 probably misconfigured
ptp4l[2212.736]: selected best master clock fa5c02.fffe.229186
ptp4l[2212.739]: foreign master not using PTP timescale
ptp4l[2213.064]: selected best master clock fa5c02.fffe.229186
ptp4l[2213.067]: foreign master not using PTP timescale
ptp4l[2213.069]: port 2: master state recommended in slave only mode
ptp4l[2213.072]: port 2: defaultDS.priority1 probably misconfigured
ptp4l[2213.624]: selected best master clock fa5c02.fffe.229186
ptp4l[2213.627]: foreign master not using PTP timescale
ptp4l[2214.065]: selected best master clock fa5c02.fffe.229186
ptp4l[2214.067]: foreign master not using PTP timescale
ptp4l[2214.070]: port 2: master state recommended in slave only mode
ptp4l[2214.072]: port 2: defaultDS.priority1 probably misconfigured
ptp4l[2214.524]: selected best master clock fa5c02.fffe.229186
ptp4l[2214.525]: foreign master not using PTP timescale
ptp4l[2214.816]: selected best master clock fa5c02.fffe.229186
ptp4l[2214.818]: foreign master not using PTP timescale
ptp4l[2214.821]: port 2: master state recommended in slave only mode
ptp4l[2214.824]: port 2: defaultDS.priority1 probably misconfigured
ptp4l[2215.372]: selected best master clock fa5c02.fffe.229186
ptp4l[2215.375]: foreign master not using PTP timescale
ptp4l[2215.816]: selected best master clock fa5c02.fffe.229186
ptp4l[2215.819]: foreign master not using PTP timescale
ptp4l[2215.821]: port 2: master state recommended in slave only mode
ptp4l[2215.823]: port 2: defaultDS.priority1 probably misconfigured
ptp4l[2216.264]: selected best master clock fa5c02.fffe.229186
ptp4l[2216.267]: foreign master not using PTP timescale
ptp4l[2216.567]: selected best master clock fa5c02.fffe.229186
ptp4l[2216.569]: foreign master not using PTP timescale
ptp4l[2216.572]: port 2: master state recommended in slave only mode
ptp4l[2216.575]: port 2: defaultDS.priority1 probably misconfigured
ptp4l[2217.148]: selected best master clock fa5c02.fffe.229186
ptp4l[2217.149]: foreign master not using PTP timescale
ptp4l[2217.567]: selected best master clock fa5c02.fffe.229186
ptp4l[2217.568]: foreign master not using PTP timescale
ptp4l[2217.569]: port 2: master state recommended in slave only mode
ptp4l[2217.570]: port 2: defaultDS.priority1 probably misconfigured
ptp4l[2218.060]: selected best master clock fa5c02.fffe.229186
ptp4l[2218.060]: foreign master not using PTP timescale
ptp4l[2218.149]: rms 67108 max 124001 freq  +1725 +/- 37220 delay 97629 +/- 32762
ptp4l[2218.318]: selected best master clock fa5c02.fffe.229186
ptp4l[2218.319]: foreign master not using PTP timescale
ptp4l[2218.320]: port 2: master state recommended in slave only mode
ptp4l[2218.321]: port 2: defaultDS.priority1 probably misconfigured
ptp4l[2219.040]: selected best master clock fa5c02.fffe.229186
ptp4l[2219.041]: foreign master not using PTP timescale
