ptp4l[4756.440]: port 1 (v-ru2): INITIALIZING to LISTENING on INIT_COMPLETE
ptp4l[4756.440]: port 0 (/var/run/p.ru2): INITIALIZING to LISTENING on INIT_COMPLETE
ptp4l[4756.440]: port 0 (/var/run/pr.ru2): INITIALIZING to LISTENING on INIT_COMPLETE
ptp4l[4756.835]: selected local clock 020000.fffe.00000d as best master
ptp4l[4756.958]: port 1 (v-ru2): new foreign master 020000.fffe.000001-2
ptp4l[4757.209]: selected best master clock 020000.fffe.00000a
ptp4l[4757.209]: foreign master not using PTP timescale
ptp4l[4757.209]: port 1 (v-ru2): LISTENING to UNCALIBRATED on RS_SLAVE
ptp4l[4759.272]: master offset       -822 s0 freq    +222 path delay      4938
ptp4l[4761.274]: master offset      -3655 s0 freq    -866 path delay      6037
ptp4l[4763.277]: master offset        657 s0 freq   +2826 path delay      7383
ptp4l[4765.279]: master offset      -2039 s0 freq   -1590 path delay      6895
ptp4l[4767.282]: master offset      -3388 s0 freq    +176 path delay      8596
ptp4l[4769.285]: master offset      -1434 s0 freq    +728 path delay      8099
ptp4l[4771.288]: master offset        767 s0 freq    +388 path delay      6675
ptp4l[4773.290]: master offset       3093 s0 freq   +1318 path delay      6987
ptp4l[4775.293]: master offset      -1115 s0 freq   -2335 path delay      6519
ptp4l[4777.296]: master offset      33153 s0 freq  +15961 path delay      4222
ptp4l[4779.298]: master offset      -1306 s0 freq  -16625 path delay      5387
ptp4l[4781.302]: master offset      -2965 s0 freq    -992 path delay      5059
ptp4l[4783.304]: master offset       -735 s0 freq    +885 path delay      4601
ptp4l[4783.984]: port 1 (v-ru2): new foreign master 020000.fffe.000080-2
ptp4l[4784.234]: foreign master not using PTP timescale
ptp4l[4785.306]: master offset       -494 s0 freq    -174 path delay      4012
ptp4l[4787.310]: master offset       -316 s0 freq    +666 path delay      5169
ptp4l[4789.312]: master offset      -1315 s0 freq    -653 path delay      4860
ptp4l[4791.314]: master offset      -1525 s0 freq    -400 path delay      4270
ptp4l[4793.317]: master offset      -1224 s0 freq    +314 path delay      4599
ptp4l[4795.319]: master offset      -1670 s0 freq    -301 path delay      4442
ptp4l[4797.321]: master offset        -67 s0 freq    +537 path delay      3913
ptp4l[4799.324]: master offset        -70 s0 freq      -2 path delay      3912
ptp4l[4801.326]: master offset      -1560 s0 freq    -848 path delay      3703
ptp4l[4803.328]: master offset         45 s0 freq    +676 path delay      3452
