ptp4l[2423.268]: port 1: INITIALIZING to LISTENING on INIT_COMPLETE
ptp4l[2423.312]: port 2: INITIALIZING to LISTENING on INIT_COMPLETE
ptp4l[2423.313]: port 0: INITIALIZING to LISTENING on INIT_COMPLETE
ptp4l[2424.180]: selected local clock 6a8119.fffe.4a8d01 as best master
ptp4l[2424.183]: port 1: new foreign master f28a04.fffe.2ba682-1
ptp4l[2424.248]: selected local clock 6a8119.fffe.4a8d01 as best master
ptp4l[2424.251]: port 2: new foreign master ee1f1d.fffe.ede375-1
ptp4l[2424.616]: selected best master clock f28a04.fffe.2ba682
ptp4l[2424.616]: foreign master not using PTP timescale
ptp4l[2424.617]: port 1: LISTENING to UNCALIBRATED on RS_SLAVE
ptp4l[2424.737]: selected best master clock f28a04.fffe.2ba682
ptp4l[2424.738]: foreign master not using PTP timescale
ptp4l[2424.740]: port 2: master state recommended in slave only mode
ptp4l[2424.741]: port 2: defaultDS.priority1 probably misconfigured
ptp4l[2425.072]: selected best master clock f28a04.fffe.2ba682
ptp4l[2425.073]: foreign master not using PTP timescale
ptp4l[2425.487]: selected best master clock f28a04.fffe.2ba682
ptp4l[2425.488]: foreign master not using PTP timescale
ptp4l[2425.489]: port 2: master state recommended in slave only mode
ptp4l[2425.490]: port 2: defaultDS.priority1 probably misconfigured
ptp4l[2425.876]: selected best master clock f28a04.fffe.2ba682
ptp4l[2425.877]: foreign master not using PTP timescale
ptp4l[2426.237]: selected best master clock f28a04.fffe.2ba682
ptp4l[2426.239]: foreign master not using PTP timescale
ptp4l[2426.239]: port 2: master state recommended in slave only mode
ptp4l[2426.240]: port 2: defaultDS.priority1 probably misconfigured
ptp4l[2426.736]: selected best master clock f28a04.fffe.2ba682
ptp4l[2426.737]: foreign master not using PTP timescale
ptp4l[2426.988]: selected best master clock f28a04.fffe.2ba682
ptp4l[2426.989]: foreign master not using PTP timescale
ptp4l[2426.990]: port 2: master state recommended in slave only mode
ptp4l[2426.991]: port 2: defaultDS.priority1 probably misconfigured
ptp4l[2427.624]: selected best master clock f28a04.fffe.2ba682
ptp4l[2427.625]: foreign master not using PTP timescale
ptp4l[2427.988]: selected best master clock f28a04.fffe.2ba682
ptp4l[2427.990]: foreign master not using PTP timescale
ptp4l[2427.993]: port 2: master state recommended in slave only mode
ptp4l[2427.995]: port 2: defaultDS.priority1 probably misconfigured
ptp4l[2428.496]: selected best master clock f28a04.fffe.2ba682
ptp4l[2428.498]: foreign master not using PTP timescale
ptp4l[2428.989]: selected best master clock f28a04.fffe.2ba682
ptp4l[2428.990]: foreign master not using PTP timescale
ptp4l[2428.991]: port 2: master state recommended in slave only mode
ptp4l[2428.992]: port 2: defaultDS.priority1 probably misconfigured
ptp4l[2429.372]: selected best master clock f28a04.fffe.2ba682
ptp4l[2429.375]: foreign master not using PTP timescale
ptp4l[2429.740]: selected best master clock f28a04.fffe.2ba682
ptp4l[2429.743]: foreign master not using PTP timescale
ptp4l[2429.746]: port 2: master state recommended in slave only mode
ptp4l[2429.748]: port 2: defaultDS.priority1 probably misconfigured
ptp4l[2430.296]: selected best master clock f28a04.fffe.2ba682
ptp4l[2430.299]: foreign master not using PTP timescale
ptp4l[2430.740]: selected best master clock f28a04.fffe.2ba682
ptp4l[2430.742]: foreign master not using PTP timescale
ptp4l[2430.743]: port 2: master state recommended in slave only mode
ptp4l[2430.743]: port 2: defaultDS.priority1 probably misconfigured
ptp4l[2431.172]: selected best master clock f28a04.fffe.2ba682
ptp4l[2431.173]: foreign master not using PTP timescale
ptp4l[2431.491]: selected best master clock f28a04.fffe.2ba682
ptp4l[2431.493]: foreign master not using PTP timescale
ptp4l[2431.496]: port 2: master state recommended in slave only mode
ptp4l[2431.498]: port 2: defaultDS.priority1 probably misconfigured
ptp4l[2432.184]: selected best master clock f28a04.fffe.2ba682
ptp4l[2432.187]: foreign master not using PTP timescale
ptp4l[2432.491]: selected best master clock f28a04.fffe.2ba682
ptp4l[2432.492]: foreign master not using PTP timescale
ptp4l[2432.493]: port 2: master state recommended in slave only mode
ptp4l[2432.494]: port 2: defaultDS.priority1 probably misconfigured
ptp4l[2433.000]: selected best master clock f28a04.fffe.2ba682
ptp4l[2433.000]: foreign master not using PTP timescale
ptp4l[2433.492]: selected best master clock f28a04.fffe.2ba682
ptp4l[2433.493]: foreign master not using PTP timescale
ptp4l[2433.494]: port 2: master state recommended in slave only mode
ptp4l[2433.495]: port 2: defaultDS.priority1 probably misconfigured
ptp4l[2433.896]: selected best master clock f28a04.fffe.2ba682
ptp4l[2433.897]: foreign master not using PTP timescale
ptp4l[2434.242]: selected best master clock f28a04.fffe.2ba682
ptp4l[2434.243]: foreign master not using PTP timescale
ptp4l[2434.244]: port 2: master state recommended in slave only mode
ptp4l[2434.244]: port 2: defaultDS.priority1 probably misconfigured
ptp4l[2434.756]: selected best master clock f28a04.fffe.2ba682
ptp4l[2434.757]: foreign master not using PTP timescale
ptp4l[2435.243]: selected best master clock f28a04.fffe.2ba682
ptp4l[2435.244]: foreign master not using PTP timescale
ptp4l[2435.244]: port 2: master state recommended in slave only mode
ptp4l[2435.246]: port 2: defaultDS.priority1 probably misconfigured
ptp4l[2435.732]: selected best master clock f28a04.fffe.2ba682
ptp4l[2435.732]: foreign master not using PTP timescale
ptp4l[2435.993]: selected best master clock f28a04.fffe.2ba682
ptp4l[2435.996]: foreign master not using PTP timescale
ptp4l[2435.999]: port 2: master state recommended in slave only mode
ptp4l[2436.001]: port 2: defaultDS.priority1 probably misconfigured
ptp4l[2436.472]: selected best master clock f28a04.fffe.2ba682
ptp4l[2436.473]: foreign master not using PTP timescale
ptp4l[2436.744]: selected best master clock f28a04.fffe.2ba682
ptp4l[2436.746]: foreign master not using PTP timescale
ptp4l[2436.749]: port 2: master state recommended in slave only mode
ptp4l[2436.751]: port 2: defaultDS.priority1 probably misconfigured
ptp4l[2437.276]: selected best master clock f28a04.fffe.2ba682
ptp4l[2437.278]: foreign master not using PTP timescale
ptp4l[2437.744]: selected best master clock f28a04.fffe.2ba682
ptp4l[2437.747]: foreign master not using PTP timescale
ptp4l[2437.750]: port 2: master state recommended in slave only mode
ptp4l[2437.752]: port 2: defaultDS.priority1 probably misconfigured
ptp4l[2438.160]: selected best master clock f28a04.fffe.2ba682
ptp4l[2438.161]: foreign master not using PTP timescale
ptp4l[2438.495]: selected best master clock f28a04.fffe.2ba682
ptp4l[2438.496]: foreign master not using PTP timescale
ptp4l[2438.498]: port 2: master state recommended in slave only mode
ptp4l[2438.499]: port 2: defaultDS.priority1 probably misconfigured
ptp4l[2439.144]: selected best master clock f28a04.fffe.2ba682
ptp4l[2439.145]: foreign master not using PTP timescale
ptp4l[2439.495]: selected best master clock f28a04.fffe.2ba682
ptp4l[2439.496]: foreign master not using PTP timescale
ptp4l[2439.497]: port 2: master state recommended in slave only mode
ptp4l[2439.498]: port 2: defaultDS.priority1 probably misconfigured
ptp4l[2439.916]: selected best master clock f28a04.fffe.2ba682
ptp4l[2439.917]: foreign master not using PTP timescale
ptp4l[2440.246]: selected best master clock f28a04.fffe.2ba682
ptp4l[2440.247]: foreign master not using PTP timescale
ptp4l[2440.247]: port 2: master state recommended in slave only mode
ptp4l[2440.248]: port 2: defaultDS.priority1 probably misconfigured
ptp4l[2440.752]: rms 13374 max 25100 freq    -56 +/- 7989 delay 18498 +/- 6917
ptp4l[2440.836]: selected best master clock f28a04.fffe.2ba682
ptp4l[2440.837]: foreign master not using PTP timescale
ptp4l[2441.246]: selected best master clock f28a04.fffe.2ba682
ptp4l[2441.247]: foreign master not using PTP timescale
ptp4l[2441.248]: port 2: master state recommended in slave only mode
ptp4l[2441.248]: port 2: defaultDS.priority1 probably misconfigured
ptp4l[2441.588]: selected best master clock f28a04.fffe.2ba682
ptp4l[2441.589]: foreign master not using PTP timescale
ptp4l[2441.996]: selected best master clock f28a04.fffe.2ba682
ptp4l[2441.997]: foreign master not using PTP timescale
ptp4l[2441.998]: port 2: master state recommended in slave only mode
ptp4l[2441.999]: port 2: defaultDS.priority1 probably misconfigured
ptp4l[2442.540]: selected best master clock f28a04.fffe.2ba682
ptp4l[2442.541]: foreign master not using PTP timescale
ptp4l[2442.996]: selected best master clock f28a04.fffe.2ba682
ptp4l[2442.997]: foreign master not using PTP timescale
ptp4l[2442.998]: port 2: master state recommended in slave only mode
ptp4l[2442.999]: port 2: defaultDS.priority1 probably misconfigured
ptp4l[2443.508]: selected best master clock f28a04.fffe.2ba682
ptp4l[2443.508]: foreign master not using PTP timescale
ptp4l[2443.998]: selected best master clock f28a04.fffe.2ba682
ptp4l[2444.001]: foreign master not using PTP timescale
ptp4l[2444.004]: port 2: master state recommended in slave only mode
ptp4l[2444.006]: port 2: defaultDS.priority1 probably misconfigured
ptp4l[2444.424]: selected best master clock f28a04.fffe.2ba682
ptp4l[2444.427]: foreign master not using PTP timescale
ptp4l[2444.748]: selected best master clock f28a04.fffe.2ba682
ptp4l[2444.750]: foreign master not using PTP timescale
ptp4l[2444.753]: port 2: master state recommended in slave only mode
ptp4l[2444.756]: port 2: defaultDS.priority1 probably misconfigured
ptp4l[2445.244]: selected best master clock f28a04.fffe.2ba682
ptp4l[2445.247]: foreign master not using PTP timescale
ptp4l[2445.499]: selected best master clock f28a04.fffe.2ba682
ptp4l[2445.501]: foreign master not using PTP timescale
ptp4l[2445.503]: port 2: master state recommended in slave only mode
ptp4l[2445.505]: port 2: defaultDS.priority1 probably misconfigured
ptp4l[2446.064]: selected best master clock f28a04.fffe.2ba682
ptp4l[2446.067]: foreign master not using PTP timescale
ptp4l[2446.500]: selected best master clock f28a04.fffe.2ba682
ptp4l[2446.502]: foreign master not using PTP timescale
ptp4l[2446.505]: port 2: master state recommended in slave only mode
ptp4l[2446.507]: port 2: defaultDS.priority1 probably misconfigured
ptp4l[2446.860]: selected best master clock f28a04.fffe.2ba682
ptp4l[2446.862]: foreign master not using PTP timescale
ptp4l[2447.250]: selected best master clock f28a04.fffe.2ba682
ptp4l[2447.253]: foreign master not using PTP timescale
ptp4l[2447.256]: port 2: master state recommended in slave only mode
ptp4l[2447.264]: port 2: defaultDS.priority1 probably misconfigured
ptp4l[2447.856]: selected best master clock f28a04.fffe.2ba682
ptp4l[2447.858]: foreign master not using PTP timescale
ptp4l[2448.251]: selected best master clock f28a04.fffe.2ba682
ptp4l[2448.252]: foreign master not using PTP timescale
ptp4l[2448.252]: port 2: master state recommended in slave only mode
ptp4l[2448.253]: port 2: defaultDS.priority1 probably misconfigured
ptp4l[2448.624]: selected best master clock f28a04.fffe.2ba682
ptp4l[2448.625]: foreign master not using PTP timescale
ptp4l[2449.001]: selected best master clock f28a04.fffe.2ba682
ptp4l[2449.002]: foreign master not using PTP timescale
ptp4l[2449.003]: port 2: master state recommended in slave only mode
ptp4l[2449.004]: port 2: defaultDS.priority1 probably misconfigured
ptp4l[2449.616]: selected best master clock f28a04.fffe.2ba682
ptp4l[2449.619]: foreign master not using PTP timescale
ptp4l[2450.002]: selected best master clock f28a04.fffe.2ba682
ptp4l[2450.004]: foreign master not using PTP timescale
ptp4l[2450.007]: port 2: master state recommended in slave only mode
ptp4l[2450.009]: port 2: defaultDS.priority1 probably misconfigured
ptp4l[2450.476]: selected best master clock f28a04.fffe.2ba682
ptp4l[2450.477]: foreign master not using PTP timescale
ptp4l[2450.752]: selected best master clock f28a04.fffe.2ba682
ptp4l[2450.755]: foreign master not using PTP timescale
ptp4l[2450.758]: port 2: master state recommended in slave only mode
ptp4l[2450.760]: port 2: defaultDS.priority1 probably misconfigured
ptp4l[2451.340]: selected best master clock f28a04.fffe.2ba682
ptp4l[2451.343]: foreign master not using PTP timescale
ptp4l[2451.753]: selected best master clock f28a04.fffe.2ba682
ptp4l[2451.754]: foreign master not using PTP timescale
ptp4l[2451.755]: port 2: master state recommended in slave only mode
ptp4l[2451.756]: port 2: defaultDS.priority1 probably misconfigured
ptp4l[2452.316]: selected best master clock f28a04.fffe.2ba682
ptp4l[2452.317]: foreign master not using PTP timescale
ptp4l[2452.754]: selected best master clock f28a04.fffe.2ba682
ptp4l[2452.756]: foreign master not using PTP timescale
ptp4l[2452.759]: port 2: master state recommended in slave only mode
ptp4l[2452.762]: port 2: defaultDS.priority1 probably misconfigured
ptp4l[2453.108]: selected best master clock f28a04.fffe.2ba682
ptp4l[2453.109]: foreign master not using PTP timescale
ptp4l[2453.504]: selected best master clock f28a04.fffe.2ba682
ptp4l[2453.507]: foreign master not using PTP timescale
ptp4l[2453.510]: port 2: master state recommended in slave only mode
ptp4l[2453.512]: port 2: defaultDS.priority1 probably misconfigured
ptp4l[2453.944]: selected best master clock f28a04.fffe.2ba682
ptp4l[2453.947]: foreign master not using PTP timescale
ptp4l[2454.255]: selected best master clock f28a04.fffe.2ba682
ptp4l[2454.258]: foreign master not using PTP timescale
ptp4l[2454.261]: port 2: master state recommended in slave only mode
ptp4l[2454.265]: port 2: defaultDS.priority1 probably misconfigured
ptp4l[2454.764]: selected best master clock f28a04.fffe.2ba682
ptp4l[2454.765]: foreign master not using PTP timescale
ptp4l[2455.256]: selected best master clock f28a04.fffe.2ba682
ptp4l[2455.258]: foreign master not using PTP timescale
ptp4l[2455.261]: port 2: master state recommended in slave only mode
ptp4l[2455.264]: port 2: defaultDS.priority1 probably misconfigured
ptp4l[2455.532]: selected best master clock f28a04.fffe.2ba682
ptp4l[2455.535]: foreign master not using PTP timescale
ptp4l[2456.006]: selected best master clock f28a04.fffe.2ba682
ptp4l[2456.009]: foreign master not using PTP timescale
ptp4l[2456.012]: port 2: master state recommended in slave only mode
ptp4l[2456.015]: port 2: defaultDS.priority1 probably misconfigured
ptp4l[2456.400]: selected best master clock f28a04.fffe.2ba682
ptp4l[2456.402]: foreign master not using PTP timescale
ptp4l[2456.757]: selected best master clock f28a04.fffe.2ba682
ptp4l[2456.758]: foreign master not using PTP timescale
ptp4l[2456.759]: port 2: master state recommended in slave only mode
ptp4l[2456.760]: port 2: defaultDS.priority1 probably misconfigured
ptp4l[2456.771]: rms 144462 max 349377 freq  +5608 +/- 110616 delay 99867 +/- 38180
ptp4l[2457.312]: selected best master clock f28a04.fffe.2ba682
ptp4l[2457.313]: foreign master not using PTP timescale
ptp4l[2457.757]: selected best master clock f28a04.fffe.2ba682
ptp4l[2457.760]: foreign master not using PTP timescale
ptp4l[2457.762]: port 2: master state recommended in slave only mode
ptp4l[2457.765]: port 2: defaultDS.priority1 probably misconfigured
ptp4l[2458.196]: selected best master clock f28a04.fffe.2ba682
ptp4l[2458.197]: foreign master not using PTP timescale
ptp4l[2458.508]: selected best master clock f28a04.fffe.2ba682
ptp4l[2458.511]: foreign master not using PTP timescale
ptp4l[2458.514]: port 2: master state recommended in slave only mode
ptp4l[2458.516]: port 2: defaultDS.priority1 probably misconfigured
ptp4l[2458.968]: selected best master clock f28a04.fffe.2ba682
ptp4l[2458.972]: foreign master not using PTP timescale
ptp4l[2459.259]: selected best master clock f28a04.fffe.2ba682
ptp4l[2459.262]: foreign master not using PTP timescale
ptp4l[2459.264]: port 2: master state recommended in slave only mode
ptp4l[2459.267]: port 2: defaultDS.priority1 probably misconfigured
ptp4l[2459.920]: selected best master clock f28a04.fffe.2ba682
ptp4l[2459.922]: foreign master not using PTP timescale
ptp4l[2460.260]: selected best master clock f28a04.fffe.2ba682
ptp4l[2460.263]: foreign master not using PTP timescale
ptp4l[2460.266]: port 2: master state recommended in slave only mode
ptp4l[2460.269]: port 2: defaultDS.priority1 probably misconfigured
ptp4l[2460.740]: selected best master clock f28a04.fffe.2ba682
ptp4l[2460.743]: foreign master not using PTP timescale
ptp4l[2461.011]: selected best master clock f28a04.fffe.2ba682
ptp4l[2461.014]: foreign master not using PTP timescale
ptp4l[2461.016]: port 2: master state recommended in slave only mode
ptp4l[2461.020]: port 2: defaultDS.priority1 probably misconfigured
ptp4l[2461.492]: selected best master clock f28a04.fffe.2ba682
ptp4l[2461.495]: foreign master not using PTP timescale
ptp4l[2461.761]: selected best master clock f28a04.fffe.2ba682
ptp4l[2461.764]: foreign master not using PTP timescale
ptp4l[2461.766]: port 2: master state recommended in slave only mode
ptp4l[2461.769]: port 2: defaultDS.priority1 probably misconfigured
ptp4l[2462.260]: selected best master clock f28a04.fffe.2ba682
ptp4l[2462.261]: foreign master not using PTP timescale
ptp4l[2462.512]: selected best master clock f28a04.fffe.2ba682
ptp4l[2462.513]: foreign master not using PTP timescale
ptp4l[2462.514]: port 2: master state recommended in slave only mode
ptp4l[2462.515]: port 2: defaultDS.priority1 probably misconfigured
ptp4l[2463.168]: selected best master clock f28a04.fffe.2ba682
ptp4l[2463.170]: foreign master not using PTP timescale
ptp4l[2463.513]: selected best master clock f28a04.fffe.2ba682
ptp4l[2463.515]: foreign master not using PTP timescale
ptp4l[2463.516]: port 2: master state recommended in slave only mode
ptp4l[2463.518]: port 2: defaultDS.priority1 probably misconfigured
ptp4l[2464.112]: selected best master clock f28a04.fffe.2ba682
ptp4l[2464.115]: foreign master not using PTP timescale
ptp4l[2464.514]: selected best master clock f28a04.fffe.2ba682
ptp4l[2464.516]: foreign master not using PTP timescale
ptp4l[2464.519]: port 2: master state recommended in slave only mode
ptp4l[2464.522]: port 2: defaultDS.priority1 probably misconfigured
ptp4l[2465.084]: selected best master clock f28a04.fffe.2ba682
ptp4l[2465.085]: foreign master not using PTP timescale
ptp4l[2465.514]: selected best master clock f28a04.fffe.2ba682
ptp4l[2465.515]: foreign master not using PTP timescale
ptp4l[2465.517]: port 2: master state recommended in slave only mode
ptp4l[2465.518]: port 2: defaultDS.priority1 probably misconfigured
ptp4l[2466.072]: selected best master clock f28a04.fffe.2ba682
ptp4l[2466.073]: foreign master not using PTP timescale
ptp4l[2466.515]: selected best master clock f28a04.fffe.2ba682
ptp4l[2466.518]: foreign master not using PTP timescale
ptp4l[2466.521]: port 2: master state recommended in slave only mode
ptp4l[2466.523]: port 2: defaultDS.priority1 probably misconfigured
ptp4l[2466.996]: selected best master clock f28a04.fffe.2ba682
ptp4l[2466.999]: foreign master not using PTP timescale
ptp4l[2467.266]: selected best master clock f28a04.fffe.2ba682
ptp4l[2467.269]: foreign master not using PTP timescale
ptp4l[2467.272]: port 2: master state recommended in slave only mode
ptp4l[2467.275]: port 2: defaultDS.priority1 probably misconfigured
ptp4l[2467.752]: selected best master clock f28a04.fffe.2ba682
ptp4l[2467.755]: foreign master not using PTP timescale
ptp4l[2468.017]: selected best master clock f28a04.fffe.2ba682
ptp4l[2468.018]: foreign master not using PTP timescale
ptp4l[2468.020]: port 2: master state recommended in slave only mode
ptp4l[2468.021]: port 2: defaultDS.priority1 probably misconfigured
ptp4l[2468.604]: selected best master clock f28a04.fffe.2ba682
ptp4l[2468.605]: foreign master not using PTP timescale
ptp4l[2469.017]: selected best master clock f28a04.fffe.2ba682
ptp4l[2469.019]: foreign master not using PTP timescale
ptp4l[2469.021]: port 2: master state recommended in slave only mode
ptp4l[2469.022]: port 2: defaultDS.priority1 probably misconfigured
ptp4l[2469.512]: selected best master clock f28a04.fffe.2ba682
ptp4l[2469.515]: foreign master not using PTP timescale
ptp4l[2469.768]: selected best master clock f28a04.fffe.2ba682
ptp4l[2469.771]: foreign master not using PTP timescale
ptp4l[2469.775]: port 2: master state recommended in slave only mode
ptp4l[2469.777]: port 2: defaultDS.priority1 probably misconfigured
ptp4l[2470.284]: selected best master clock f28a04.fffe.2ba682
ptp4l[2470.287]: foreign master not using PTP timescale
ptp4l[2470.769]: selected best master clock f28a04.fffe.2ba682
ptp4l[2470.772]: foreign master not using PTP timescale
ptp4l[2470.774]: port 2: master state recommended in slave only mode
ptp4l[2470.777]: port 2: defaultDS.priority1 probably misconfigured
ptp4l[2471.056]: selected best master clock f28a04.fffe.2ba682
ptp4l[2471.058]: foreign master not using PTP timescale
ptp4l[2471.520]: selected best master clock f28a04.fffe.2ba682
ptp4l[2471.523]: foreign master not using PTP timescale
ptp4l[2471.525]: port 2: master state recommended in slave only mode
ptp4l[2471.528]: port 2: defaultDS.priority1 probably misconfigured
ptp4l[2471.916]: selected best master clock f28a04.fffe.2ba682
ptp4l[2471.919]: foreign master not using PTP timescale
ptp4l[2472.271]: selected best master clock f28a04.fffe.2ba682
ptp4l[2472.274]: foreign master not using PTP timescale
ptp4l[2472.276]: port 2: master state recommended in slave only mode
ptp4l[2472.279]: port 2: defaultDS.priority1 probably misconfigured
ptp4l[2472.795]: rms 185124 max 417352 freq +25205 +/- 117978 delay 94090 +/- 40689
ptp4l[2472.872]: selected best master clock f28a04.fffe.2ba682
ptp4l[2472.875]: foreign master not using PTP timescale
ptp4l[2473.271]: selected best master clock f28a04.fffe.2ba682
ptp4l[2473.274]: foreign master not using PTP timescale
ptp4l[2473.276]: port 2: master state recommended in slave only mode
ptp4l[2473.279]: port 2: defaultDS.priority1 probably misconfigured
ptp4l[2473.704]: selected best master clock f28a04.fffe.2ba682
ptp4l[2473.705]: foreign master not using PTP timescale
ptp4l[2474.022]: selected best master clock f28a04.fffe.2ba682
ptp4l[2474.023]: foreign master not using PTP timescale
ptp4l[2474.024]: port 2: master state recommended in slave only mode
ptp4l[2474.025]: port 2: defaultDS.priority1 probably misconfigured
ptp4l[2474.560]: selected best master clock f28a04.fffe.2ba682
ptp4l[2474.561]: foreign master not using PTP timescale
ptp4l[2475.022]: selected best master clock f28a04.fffe.2ba682
ptp4l[2475.024]: foreign master not using PTP timescale
ptp4l[2475.026]: port 2: master state recommended in slave only mode
ptp4l[2475.027]: port 2: defaultDS.priority1 probably misconfigured
ptp4l[2475.436]: selected best master clock f28a04.fffe.2ba682
ptp4l[2475.439]: foreign master not using PTP timescale
ptp4l[2475.773]: selected best master clock f28a04.fffe.2ba682
ptp4l[2475.776]: foreign master not using PTP timescale
ptp4l[2475.779]: port 2: master state recommended in slave only mode
ptp4l[2475.781]: port 2: defaultDS.priority1 probably misconfigured
ptp4l[2476.220]: selected best master clock f28a04.fffe.2ba682
ptp4l[2476.223]: foreign master not using PTP timescale
ptp4l[2476.524]: selected best master clock f28a04.fffe.2ba682
ptp4l[2476.525]: foreign master not using PTP timescale
ptp4l[2476.526]: port 2: master state recommended in slave only mode
ptp4l[2476.527]: port 2: defaultDS.priority1 probably misconfigured
ptp4l[2477.000]: selected best master clock f28a04.fffe.2ba682
ptp4l[2477.002]: foreign master not using PTP timescale
ptp4l[2477.274]: selected best master clock f28a04.fffe.2ba682
ptp4l[2477.277]: foreign master not using PTP timescale
ptp4l[2477.279]: port 2: master state recommended in slave only mode
ptp4l[2477.282]: port 2: defaultDS.priority1 probably misconfigured
ptp4l[2477.876]: selected best master clock f28a04.fffe.2ba682
ptp4l[2477.878]: foreign master not using PTP timescale
ptp4l[2478.275]: selected best master clock f28a04.fffe.2ba682
ptp4l[2478.277]: foreign master not using PTP timescale
ptp4l[2478.280]: port 2: master state recommended in slave only mode
ptp4l[2478.282]: port 2: defaultDS.priority1 probably misconfigured
ptp4l[2478.704]: selected best master clock f28a04.fffe.2ba682
ptp4l[2478.706]: foreign master not using PTP timescale
ptp4l[2479.026]: selected best master clock f28a04.fffe.2ba682
ptp4l[2479.029]: foreign master not using PTP timescale
ptp4l[2479.031]: port 2: master state recommended in slave only mode
ptp4l[2479.035]: port 2: defaultDS.priority1 probably misconfigured
ptp4l[2479.616]: selected best master clock f28a04.fffe.2ba682
ptp4l[2479.618]: foreign master not using PTP timescale
ptp4l[2480.026]: selected best master clock f28a04.fffe.2ba682
ptp4l[2480.027]: foreign master not using PTP timescale
ptp4l[2480.028]: port 2: master state recommended in slave only mode
ptp4l[2480.029]: port 2: defaultDS.priority1 probably misconfigured
ptp4l[2480.396]: selected best master clock f28a04.fffe.2ba682
ptp4l[2480.399]: foreign master not using PTP timescale
ptp4l[2480.777]: selected best master clock f28a04.fffe.2ba682
ptp4l[2480.778]: foreign master not using PTP timescale
ptp4l[2480.779]: port 2: master state recommended in slave only mode
ptp4l[2480.780]: port 2: defaultDS.priority1 probably misconfigured
ptp4l[2481.248]: selected best master clock f28a04.fffe.2ba682
ptp4l[2481.249]: foreign master not using PTP timescale
ptp4l[2481.527]: selected best master clock f28a04.fffe.2ba682
ptp4l[2481.528]: foreign master not using PTP timescale
ptp4l[2481.529]: port 2: master state recommended in slave only mode
ptp4l[2481.530]: port 2: defaultDS.priority1 probably misconfigured
ptp4l[2481.996]: selected best master clock f28a04.fffe.2ba682
ptp4l[2481.999]: foreign master not using PTP timescale
ptp4l[2482.278]: selected best master clock f28a04.fffe.2ba682
ptp4l[2482.281]: foreign master not using PTP timescale
ptp4l[2482.283]: port 2: master state recommended in slave only mode
ptp4l[2482.285]: port 2: defaultDS.priority1 probably misconfigured
ptp4l[2482.940]: selected best master clock f28a04.fffe.2ba682
ptp4l[2482.942]: foreign master not using PTP timescale
ptp4l[2483.278]: selected best master clock f28a04.fffe.2ba682
ptp4l[2483.280]: foreign master not using PTP timescale
ptp4l[2483.281]: port 2: master state recommended in slave only mode
ptp4l[2483.282]: port 2: defaultDS.priority1 probably misconfigured
ptp4l[2483.904]: selected best master clock f28a04.fffe.2ba682
ptp4l[2483.905]: foreign master not using PTP timescale
ptp4l[2484.279]: selected best master clock f28a04.fffe.2ba682
ptp4l[2484.282]: foreign master not using PTP timescale
ptp4l[2484.284]: port 2: master state recommended in slave only mode
ptp4l[2484.287]: port 2: defaultDS.priority1 probably misconfigured
ptp4l[2484.844]: selected best master clock f28a04.fffe.2ba682
ptp4l[2484.847]: foreign master not using PTP timescale
ptp4l[2485.280]: selected best master clock f28a04.fffe.2ba682
ptp4l[2485.283]: foreign master not using PTP timescale
ptp4l[2485.285]: port 2: master state recommended in slave only mode
ptp4l[2485.288]: port 2: defaultDS.priority1 probably misconfigured
ptp4l[2485.644]: selected best master clock f28a04.fffe.2ba682
ptp4l[2485.646]: foreign master not using PTP timescale
ptp4l[2486.031]: selected best master clock f28a04.fffe.2ba682
ptp4l[2486.034]: foreign master not using PTP timescale
ptp4l[2486.036]: port 2: master state recommended in slave only mode
ptp4l[2486.039]: port 2: defaultDS.priority1 probably misconfigured
ptp4l[2486.620]: selected best master clock f28a04.fffe.2ba682
ptp4l[2486.622]: foreign master not using PTP timescale
ptp4l[2487.032]: selected best master clock f28a04.fffe.2ba682
ptp4l[2487.033]: foreign master not using PTP timescale
ptp4l[2487.035]: port 2: master state recommended in slave only mode
ptp4l[2487.036]: port 2: defaultDS.priority1 probably misconfigured
ptp4l[2487.508]: selected best master clock f28a04.fffe.2ba682
ptp4l[2487.509]: foreign master not using PTP timescale
ptp4l[2487.782]: selected best master clock f28a04.fffe.2ba682
ptp4l[2487.783]: foreign master not using PTP timescale
ptp4l[2487.784]: port 2: master state recommended in slave only mode
ptp4l[2487.785]: port 2: defaultDS.priority1 probably misconfigured
ptp4l[2488.408]: selected best master clock f28a04.fffe.2ba682
ptp4l[2488.411]: foreign master not using PTP timescale
ptp4l[2488.783]: selected best master clock f28a04.fffe.2ba682
ptp4l[2488.784]: foreign master not using PTP timescale
ptp4l[2488.784]: port 2: master state recommended in slave only mode
ptp4l[2488.785]: port 2: defaultDS.priority1 probably misconfigured
ptp4l[2488.818]: rms 118479 max 184677 freq -27677 +/- 93550 delay 99265 +/- 30368
ptp4l[2489.224]: selected best master clock f28a04.fffe.2ba682
ptp4l[2489.224]: foreign master not using PTP timescale
ptp4l[2489.533]: selected best master clock f28a04.fffe.2ba682
ptp4l[2489.536]: foreign master not using PTP timescale
ptp4l[2489.538]: port 2: master state recommended in slave only mode
ptp4l[2489.541]: port 2: defaultDS.priority1 probably misconfigured
ptp4l[2490.136]: selected best master clock f28a04.fffe.2ba682
ptp4l[2490.139]: foreign master not using PTP timescale
ptp4l[2490.534]: selected best master clock f28a04.fffe.2ba682
ptp4l[2490.537]: foreign master not using PTP timescale
ptp4l[2490.539]: port 2: master state recommended in slave only mode
ptp4l[2490.541]: port 2: defaultDS.priority1 probably misconfigured
ptp4l[2490.904]: selected best master clock f28a04.fffe.2ba682
ptp4l[2490.907]: foreign master not using PTP timescale
ptp4l[2491.285]: selected best master clock f28a04.fffe.2ba682
ptp4l[2491.288]: foreign master not using PTP timescale
ptp4l[2491.290]: port 2: master state recommended in slave only mode
ptp4l[2491.293]: port 2: defaultDS.priority1 probably misconfigured
ptp4l[2491.800]: selected best master clock f28a04.fffe.2ba682
ptp4l[2491.803]: foreign master not using PTP timescale
ptp4l[2492.286]: selected best master clock f28a04.fffe.2ba682
ptp4l[2492.288]: foreign master not using PTP timescale
ptp4l[2492.291]: port 2: master state recommended in slave only mode
ptp4l[2492.294]: port 2: defaultDS.priority1 probably misconfigured
ptp4l[2492.736]: selected best master clock f28a04.fffe.2ba682
ptp4l[2492.739]: foreign master not using PTP timescale
ptp4l[2493.036]: selected best master clock f28a04.fffe.2ba682
ptp4l[2493.037]: foreign master not using PTP timescale
ptp4l[2493.038]: port 2: master state recommended in slave only mode
ptp4l[2493.039]: port 2: defaultDS.priority1 probably misconfigured
ptp4l[2493.596]: selected best master clock f28a04.fffe.2ba682
ptp4l[2493.599]: foreign master not using PTP timescale
ptp4l[2494.037]: selected best master clock f28a04.fffe.2ba682
ptp4l[2494.038]: foreign master not using PTP timescale
ptp4l[2494.039]: port 2: master state recommended in slave only mode
ptp4l[2494.040]: port 2: defaultDS.priority1 probably misconfigured
ptp4l[2494.424]: selected best master clock f28a04.fffe.2ba682
ptp4l[2494.426]: foreign master not using PTP timescale
ptp4l[2494.788]: selected best master clock f28a04.fffe.2ba682
ptp4l[2494.791]: foreign master not using PTP timescale
ptp4l[2494.793]: port 2: master state recommended in slave only mode
ptp4l[2494.796]: port 2: defaultDS.priority1 probably misconfigured
ptp4l[2495.344]: selected best master clock f28a04.fffe.2ba682
ptp4l[2495.347]: foreign master not using PTP timescale
ptp4l[2495.789]: selected best master clock f28a04.fffe.2ba682
ptp4l[2495.791]: foreign master not using PTP timescale
ptp4l[2495.795]: port 2: master state recommended in slave only mode
ptp4l[2495.798]: port 2: defaultDS.priority1 probably misconfigured
ptp4l[2496.112]: selected best master clock f28a04.fffe.2ba682
ptp4l[2496.114]: foreign master not using PTP timescale
ptp4l[2496.540]: selected best master clock f28a04.fffe.2ba682
ptp4l[2496.542]: foreign master not using PTP timescale
ptp4l[2496.544]: port 2: master state recommended in slave only mode
ptp4l[2496.547]: port 2: defaultDS.priority1 probably misconfigured
ptp4l[2497.052]: selected best master clock f28a04.fffe.2ba682
ptp4l[2497.053]: foreign master not using PTP timescale
ptp4l[2497.540]: selected best master clock f28a04.fffe.2ba682
ptp4l[2497.541]: foreign master not using PTP timescale
ptp4l[2497.541]: port 2: master state recommended in slave only mode
ptp4l[2497.542]: port 2: defaultDS.priority1 probably misconfigured
ptp4l[2497.964]: selected best master clock f28a04.fffe.2ba682
ptp4l[2497.965]: foreign master not using PTP timescale
ptp4l[2498.290]: selected best master clock f28a04.fffe.2ba682
ptp4l[2498.293]: foreign master not using PTP timescale
ptp4l[2498.295]: port 2: master state recommended in slave only mode
ptp4l[2498.298]: port 2: defaultDS.priority1 probably misconfigured
ptp4l[2498.728]: selected best master clock f28a04.fffe.2ba682
ptp4l[2498.730]: foreign master not using PTP timescale
ptp4l[2499.041]: selected best master clock f28a04.fffe.2ba682
ptp4l[2499.044]: foreign master not using PTP timescale
ptp4l[2499.046]: port 2: master state recommended in slave only mode
ptp4l[2499.049]: port 2: defaultDS.priority1 probably misconfigured
ptp4l[2499.636]: selected best master clock f28a04.fffe.2ba682
ptp4l[2499.639]: foreign master not using PTP timescale
ptp4l[2500.042]: selected best master clock f28a04.fffe.2ba682
ptp4l[2500.044]: foreign master not using PTP timescale
ptp4l[2500.048]: port 2: master state recommended in slave only mode
ptp4l[2500.051]: port 2: defaultDS.priority1 probably misconfigured
ptp4l[2500.388]: selected best master clock f28a04.fffe.2ba682
ptp4l[2500.390]: foreign master not using PTP timescale
ptp4l[2500.792]: selected best master clock f28a04.fffe.2ba682
ptp4l[2500.795]: foreign master not using PTP timescale
ptp4l[2500.797]: port 2: master state recommended in slave only mode
ptp4l[2500.799]: port 2: defaultDS.priority1 probably misconfigured
ptp4l[2501.352]: selected best master clock f28a04.fffe.2ba682
ptp4l[2501.355]: foreign master not using PTP timescale
ptp4l[2501.793]: selected best master clock f28a04.fffe.2ba682
ptp4l[2501.796]: foreign master not using PTP timescale
ptp4l[2501.798]: port 2: master state recommended in slave only mode
ptp4l[2501.800]: port 2: defaultDS.priority1 probably misconfigured
ptp4l[2502.100]: selected best master clock f28a04.fffe.2ba682
ptp4l[2502.102]: foreign master not using PTP timescale
ptp4l[2502.544]: selected best master clock f28a04.fffe.2ba682
ptp4l[2502.546]: foreign master not using PTP timescale
ptp4l[2502.548]: port 2: master state recommended in slave only mode
ptp4l[2502.550]: port 2: defaultDS.priority1 probably misconfigured
ptp4l[2503.052]: selected best master clock f28a04.fffe.2ba682
ptp4l[2503.055]: foreign master not using PTP timescale
ptp4l[2503.545]: selected best master clock f28a04.fffe.2ba682
ptp4l[2503.547]: foreign master not using PTP timescale
ptp4l[2503.549]: port 2: master state recommended in slave only mode
ptp4l[2503.553]: port 2: defaultDS.priority1 probably misconfigured
ptp4l[2503.792]: selected best master clock f28a04.fffe.2ba682
ptp4l[2503.794]: foreign master not using PTP timescale
ptp4l[2504.045]: selected best master clock f28a04.fffe.2ba682
ptp4l[2504.048]: foreign master not using PTP timescale
ptp4l[2504.050]: port 2: master state recommended in slave only mode
ptp4l[2504.052]: port 2: defaultDS.priority1 probably misconfigured
ptp4l[2504.680]: selected best master clock f28a04.fffe.2ba682
ptp4l[2504.681]: foreign master not using PTP timescale
ptp4l[2504.843]: rms 221542 max 404277 freq +17789 +/- 83228 delay 108309 +/- 53783
ptp4l[2505.046]: selected best master clock f28a04.fffe.2ba682
ptp4l[2505.047]: foreign master not using PTP timescale
ptp4l[2505.048]: port 2: master state recommended in slave only mode
ptp4l[2505.048]: port 2: defaultDS.priority1 probably misconfigured
ptp4l[2505.464]: selected best master clock f28a04.fffe.2ba682
ptp4l[2505.465]: foreign master not using PTP timescale
ptp4l[2505.796]: selected best master clock f28a04.fffe.2ba682
ptp4l[2505.797]: foreign master not using PTP timescale
ptp4l[2505.798]: port 2: master state recommended in slave only mode
ptp4l[2505.799]: port 2: defaultDS.priority1 probably misconfigured
ptp4l[2506.208]: selected best master clock f28a04.fffe.2ba682
ptp4l[2506.210]: foreign master not using PTP timescale
ptp4l[2506.547]: selected best master clock f28a04.fffe.2ba682
ptp4l[2506.548]: foreign master not using PTP timescale
ptp4l[2506.550]: port 2: master state recommended in slave only mode
ptp4l[2506.552]: port 2: defaultDS.priority1 probably misconfigured
ptp4l[2507.124]: selected best master clock f28a04.fffe.2ba682
ptp4l[2507.126]: foreign master not using PTP timescale
ptp4l[2507.548]: selected best master clock f28a04.fffe.2ba682
ptp4l[2507.550]: foreign master not using PTP timescale
ptp4l[2507.553]: port 2: master state recommended in slave only mode
ptp4l[2507.555]: port 2: defaultDS.priority1 probably misconfigured
ptp4l[2508.084]: selected best master clock f28a04.fffe.2ba682
ptp4l[2508.085]: foreign master not using PTP timescale
ptp4l[2508.548]: selected best master clock f28a04.fffe.2ba682
ptp4l[2508.549]: foreign master not using PTP timescale
ptp4l[2508.550]: port 2: master state recommended in slave only mode
ptp4l[2508.551]: port 2: defaultDS.priority1 probably misconfigured
ptp4l[2509.040]: selected best master clock f28a04.fffe.2ba682
ptp4l[2509.040]: foreign master not using PTP timescale
ptp4l[2509.299]: selected best master clock f28a04.fffe.2ba682
ptp4l[2509.301]: foreign master not using PTP timescale
ptp4l[2509.304]: port 2: master state recommended in slave only mode
ptp4l[2509.306]: port 2: defaultDS.priority1 probably misconfigured
ptp4l[2510.064]: selected best master clock f28a04.fffe.2ba682
ptp4l[2510.067]: foreign master not using PTP timescale
ptp4l[2510.550]: selected best master clock f28a04.fffe.2ba682
ptp4l[2510.553]: foreign master not using PTP timescale
ptp4l[2510.555]: port 2: master state recommended in slave only mode
ptp4l[2510.558]: port 2: defaultDS.priority1 probably misconfigured
ptp4l[2510.808]: selected best master clock f28a04.fffe.2ba682
ptp4l[2510.810]: foreign master not using PTP timescale
ptp4l[2511.300]: selected best master clock f28a04.fffe.2ba682
ptp4l[2511.304]: foreign master not using PTP timescale
ptp4l[2511.307]: port 2: master state recommended in slave only mode
ptp4l[2511.310]: port 2: defaultDS.priority1 probably misconfigured
ptp4l[2511.556]: selected best master clock f28a04.fffe.2ba682
ptp4l[2511.557]: foreign master not using PTP timescale
ptp4l[2512.051]: selected best master clock f28a04.fffe.2ba682
ptp4l[2512.054]: foreign master not using PTP timescale
ptp4l[2512.056]: port 2: master state recommended in slave only mode
ptp4l[2512.059]: port 2: defaultDS.priority1 probably misconfigured
ptp4l[2512.396]: selected best master clock f28a04.fffe.2ba682
ptp4l[2512.398]: foreign master not using PTP timescale
ptp4l[2512.801]: selected best master clock f28a04.fffe.2ba682
ptp4l[2512.804]: foreign master not using PTP timescale
ptp4l[2512.806]: port 2: master state recommended in slave only mode
ptp4l[2512.808]: port 2: defaultDS.priority1 probably misconfigured
ptp4l[2513.420]: selected best master clock f28a04.fffe.2ba682
ptp4l[2513.420]: foreign master not using PTP timescale
ptp4l[2513.802]: selected best master clock f28a04.fffe.2ba682
ptp4l[2513.803]: foreign master not using PTP timescale
ptp4l[2513.804]: port 2: master state recommended in slave only mode
ptp4l[2513.805]: port 2: defaultDS.priority1 probably misconfigured
ptp4l[2514.336]: selected best master clock f28a04.fffe.2ba682
ptp4l[2514.337]: foreign master not using PTP timescale
ptp4l[2514.803]: selected best master clock f28a04.fffe.2ba682
ptp4l[2514.805]: foreign master not using PTP timescale
ptp4l[2514.808]: port 2: master state recommended in slave only mode
ptp4l[2514.810]: port 2: defaultDS.priority1 probably misconfigured
ptp4l[2515.316]: selected best master clock f28a04.fffe.2ba682
ptp4l[2515.319]: foreign master not using PTP timescale
ptp4l[2515.803]: selected best master clock f28a04.fffe.2ba682
ptp4l[2515.806]: foreign master not using PTP timescale
ptp4l[2515.808]: port 2: master state recommended in slave only mode
ptp4l[2515.810]: port 2: defaultDS.priority1 probably misconfigured
ptp4l[2516.296]: selected best master clock f28a04.fffe.2ba682
ptp4l[2516.298]: foreign master not using PTP timescale
ptp4l[2516.554]: selected best master clock f28a04.fffe.2ba682
ptp4l[2516.557]: foreign master not using PTP timescale
ptp4l[2516.559]: port 2: master state recommended in slave only mode
ptp4l[2516.562]: port 2: defaultDS.priority1 probably misconfigured
ptp4l[2517.076]: selected best master clock f28a04.fffe.2ba682
ptp4l[2517.077]: foreign master not using PTP timescale
ptp4l[2517.555]: selected best master clock f28a04.fffe.2ba682
ptp4l[2517.558]: foreign master not using PTP timescale
ptp4l[2517.561]: port 2: master state recommended in slave only mode
ptp4l[2517.564]: port 2: defaultDS.priority1 probably misconfigured
ptp4l[2517.992]: selected best master clock f28a04.fffe.2ba682
ptp4l[2517.995]: foreign master not using PTP timescale
ptp4l[2518.306]: selected best master clock f28a04.fffe.2ba682
ptp4l[2518.308]: foreign master not using PTP timescale
ptp4l[2518.311]: port 2: master state recommended in slave only mode
ptp4l[2518.313]: port 2: defaultDS.priority1 probably misconfigured
ptp4l[2518.816]: selected best master clock f28a04.fffe.2ba682
ptp4l[2518.818]: foreign master not using PTP timescale
ptp4l[2519.306]: selected best master clock f28a04.fffe.2ba682
ptp4l[2519.308]: foreign master not using PTP timescale
ptp4l[2519.310]: port 2: master state recommended in slave only mode
ptp4l[2519.312]: port 2: defaultDS.priority1 probably misconfigured
ptp4l[2519.581]: selected best master clock f28a04.fffe.2ba682
ptp4l[2519.584]: foreign master not using PTP timescale
ptp4l[2520.057]: selected best master clock f28a04.fffe.2ba682
ptp4l[2520.060]: foreign master not using PTP timescale
ptp4l[2520.062]: port 2: master state recommended in slave only mode
ptp4l[2520.064]: port 2: defaultDS.priority1 probably misconfigured
ptp4l[2520.464]: selected best master clock f28a04.fffe.2ba682
ptp4l[2520.465]: foreign master not using PTP timescale
ptp4l[2520.808]: selected best master clock f28a04.fffe.2ba682
ptp4l[2520.810]: foreign master not using PTP timescale
ptp4l[2520.813]: port 2: master state recommended in slave only mode
ptp4l[2520.815]: port 2: defaultDS.priority1 probably misconfigured
ptp4l[2520.866]: rms 150111 max 289527 freq -16785 +/- 111763 delay 112980 +/- 46242
ptp4l[2521.376]: selected best master clock f28a04.fffe.2ba682
ptp4l[2521.377]: foreign master not using PTP timescale
ptp4l[2521.808]: selected best master clock f28a04.fffe.2ba682
ptp4l[2521.809]: foreign master not using PTP timescale
ptp4l[2521.810]: port 2: master state recommended in slave only mode
ptp4l[2521.811]: port 2: defaultDS.priority1 probably misconfigured
