ptp4l[40.408]: port 1: INITIALIZING to LISTENING on INIT_COMPLETE
ptp4l[40.409]: port 0: INITIALIZING to LISTENING on INIT_COMPLETE
ptp4l[41.372]: selected local clock 5237b9.fffe.6b369b as best master
ptp4l[41.586]: port 1: new foreign master 4abf10.fffe.dd1462-1
ptp4l[41.621]: port 1: new foreign master a68207.fffe.fea6fc-1
ptp4l[42.087]: selected best master clock 4abf10.fffe.dd1462
ptp4l[42.089]: foreign master not using PTP timescale
ptp4l[42.091]: port 1: LISTENING to UNCALIBRATED on RS_SLAVE
ptp4l[42.122]: selected best master clock a68207.fffe.fea6fc
ptp4l[42.123]: foreign master not using PTP timescale
ptp4l[42.587]: selected best master clock a68207.fffe.fea6fc
ptp4l[42.587]: foreign master not using PTP timescale
ptp4l[43.087]: selected best master clock a68207.fffe.fea6fc
ptp4l[43.087]: foreign master not using PTP timescale
ptp4l[43.587]: selected best master clock a68207.fffe.fea6fc
ptp4l[43.588]: foreign master not using PTP timescale
ptp4l[44.088]: selected best master clock a68207.fffe.fea6fc
ptp4l[44.088]: foreign master not using PTP timescale
ptp4l[44.589]: selected best master clock a68207.fffe.fea6fc
ptp4l[44.592]: foreign master not using PTP timescale
ptp4l[45.090]: selected best master clock a68207.fffe.fea6fc
ptp4l[45.091]: foreign master not using PTP timescale
ptp4l[45.590]: selected best master clock a68207.fffe.fea6fc
ptp4l[45.591]: foreign master not using PTP timescale
ptp4l[46.091]: selected best master clock a68207.fffe.fea6fc
ptp4l[46.094]: foreign master not using PTP timescale
ptp4l[46.591]: selected best master clock a68207.fffe.fea6fc
ptp4l[46.592]: foreign master not using PTP timescale
ptp4l[47.092]: selected best master clock a68207.fffe.fea6fc
ptp4l[47.095]: foreign master not using PTP timescale
ptp4l[47.593]: selected best master clock a68207.fffe.fea6fc
ptp4l[47.595]: foreign master not using PTP timescale
ptp4l[48.093]: selected best master clock a68207.fffe.fea6fc
ptp4l[48.094]: foreign master not using PTP timescale
ptp4l[48.594]: selected best master clock a68207.fffe.fea6fc
ptp4l[48.597]: foreign master not using PTP timescale
ptp4l[49.094]: selected best master clock a68207.fffe.fea6fc
ptp4l[49.095]: foreign master not using PTP timescale
ptp4l[49.595]: selected best master clock a68207.fffe.fea6fc
ptp4l[49.596]: foreign master not using PTP timescale
ptp4l[50.095]: selected best master clock a68207.fffe.fea6fc
ptp4l[50.095]: foreign master not using PTP timescale
ptp4l[50.595]: selected best master clock a68207.fffe.fea6fc
ptp4l[50.596]: foreign master not using PTP timescale
ptp4l[51.096]: selected best master clock a68207.fffe.fea6fc
ptp4l[51.096]: foreign master not using PTP timescale
