ptp4l[271.876]: port 1: INITIALIZING to LISTENING on INIT_COMPLETE
ptp4l[271.877]: port 0: INITIALIZING to LISTENING on INIT_COMPLETE
ptp4l[272.775]: port 1: new foreign master 569a19.fffe.3552ef-1
ptp4l[272.908]: selected local clock ae98ac.fffe.4290ad as best master
ptp4l[273.125]: port 1: new foreign master de8d9c.fffe.19b813-1
ptp4l[273.275]: selected best master clock 569a19.fffe.3552ef
ptp4l[273.275]: foreign master not using PTP timescale
ptp4l[273.276]: port 1: LISTENING to UNCALIBRATED on RS_SLAVE
ptp4l[273.625]: selected best master clock de8d9c.fffe.19b813
ptp4l[273.626]: foreign master not using PTP timescale
ptp4l[274.025]: selected best master clock de8d9c.fffe.19b813
ptp4l[274.026]: foreign master not using PTP timescale
ptp4l[274.525]: selected best master clock de8d9c.fffe.19b813
ptp4l[274.526]: foreign master not using PTP timescale
ptp4l[275.025]: selected best master clock de8d9c.fffe.19b813
ptp4l[275.026]: foreign master not using PTP timescale
ptp4l[275.526]: selected best master clock de8d9c.fffe.19b813
ptp4l[275.527]: foreign master not using PTP timescale
ptp4l[276.026]: selected best master clock de8d9c.fffe.19b813
ptp4l[276.026]: foreign master not using PTP timescale
ptp4l[276.526]: selected best master clock de8d9c.fffe.19b813
ptp4l[276.527]: foreign master not using PTP timescale
ptp4l[277.027]: selected best master clock de8d9c.fffe.19b813
ptp4l[277.030]: foreign master not using PTP timescale
ptp4l[277.527]: selected best master clock de8d9c.fffe.19b813
ptp4l[277.528]: foreign master not using PTP timescale
ptp4l[278.028]: selected best master clock de8d9c.fffe.19b813
ptp4l[278.029]: foreign master not using PTP timescale
ptp4l[278.528]: selected best master clock de8d9c.fffe.19b813
ptp4l[278.529]: foreign master not using PTP timescale
ptp4l[279.028]: selected best master clock de8d9c.fffe.19b813
ptp4l[279.029]: foreign master not using PTP timescale
ptp4l[279.528]: selected best master clock de8d9c.fffe.19b813
ptp4l[279.529]: foreign master not using PTP timescale
ptp4l[280.028]: selected best master clock de8d9c.fffe.19b813
ptp4l[280.029]: foreign master not using PTP timescale
ptp4l[280.529]: selected best master clock de8d9c.fffe.19b813
ptp4l[280.530]: foreign master not using PTP timescale
ptp4l[281.029]: selected best master clock de8d9c.fffe.19b813
ptp4l[281.030]: foreign master not using PTP timescale
ptp4l[281.530]: selected best master clock de8d9c.fffe.19b813
ptp4l[281.531]: foreign master not using PTP timescale
ptp4l[282.030]: selected best master clock de8d9c.fffe.19b813
ptp4l[282.031]: foreign master not using PTP timescale
ptp4l[282.530]: selected best master clock de8d9c.fffe.19b813
ptp4l[282.531]: foreign master not using PTP timescale
ptp4l[283.031]: selected best master clock de8d9c.fffe.19b813
ptp4l[283.031]: foreign master not using PTP timescale
ptp4l[283.531]: selected best master clock de8d9c.fffe.19b813
ptp4l[283.531]: foreign master not using PTP timescale
ptp4l[284.031]: selected best master clock de8d9c.fffe.19b813
ptp4l[284.032]: foreign master not using PTP timescale
ptp4l[284.531]: selected best master clock de8d9c.fffe.19b813
ptp4l[284.532]: foreign master not using PTP timescale
ptp4l[285.031]: selected best master clock de8d9c.fffe.19b813
ptp4l[285.032]: foreign master not using PTP timescale
ptp4l[285.532]: selected best master clock de8d9c.fffe.19b813
ptp4l[285.533]: foreign master not using PTP timescale
ptp4l[286.032]: selected best master clock de8d9c.fffe.19b813
ptp4l[286.032]: foreign master not using PTP timescale
ptp4l[286.533]: selected best master clock de8d9c.fffe.19b813
ptp4l[286.535]: foreign master not using PTP timescale
ptp4l[287.032]: selected best master clock de8d9c.fffe.19b813
ptp4l[287.033]: foreign master not using PTP timescale
ptp4l[287.533]: selected best master clock de8d9c.fffe.19b813
ptp4l[287.533]: foreign master not using PTP timescale
ptp4l[288.033]: selected best master clock de8d9c.fffe.19b813
ptp4l[288.034]: foreign master not using PTP timescale
ptp4l[288.533]: selected best master clock de8d9c.fffe.19b813
ptp4l[288.534]: foreign master not using PTP timescale
ptp4l[289.033]: selected best master clock de8d9c.fffe.19b813
ptp4l[289.034]: foreign master not using PTP timescale
ptp4l[289.533]: selected best master clock de8d9c.fffe.19b813
ptp4l[289.534]: foreign master not using PTP timescale
ptp4l[289.765]: rms 4464 max 8600 freq    +63 +/- 4223 delay 14273 +/- 3326
ptp4l[290.034]: selected best master clock de8d9c.fffe.19b813
ptp4l[290.037]: foreign master not using PTP timescale
ptp4l[290.534]: selected best master clock de8d9c.fffe.19b813
ptp4l[290.534]: foreign master not using PTP timescale
ptp4l[291.034]: selected best master clock de8d9c.fffe.19b813
ptp4l[291.035]: foreign master not using PTP timescale
ptp4l[291.534]: selected best master clock de8d9c.fffe.19b813
ptp4l[291.535]: foreign master not using PTP timescale
ptp4l[292.034]: selected best master clock de8d9c.fffe.19b813
ptp4l[292.035]: foreign master not using PTP timescale
ptp4l[292.535]: selected best master clock de8d9c.fffe.19b813
ptp4l[292.538]: foreign master not using PTP timescale
ptp4l[293.036]: selected best master clock de8d9c.fffe.19b813
ptp4l[293.038]: foreign master not using PTP timescale
ptp4l[293.536]: selected best master clock de8d9c.fffe.19b813
ptp4l[293.539]: foreign master not using PTP timescale
ptp4l[294.036]: selected best master clock de8d9c.fffe.19b813
ptp4l[294.036]: foreign master not using PTP timescale
ptp4l[294.536]: selected best master clock de8d9c.fffe.19b813
ptp4l[294.537]: foreign master not using PTP timescale
ptp4l[295.037]: selected best master clock de8d9c.fffe.19b813
ptp4l[295.037]: foreign master not using PTP timescale
ptp4l[295.538]: selected best master clock de8d9c.fffe.19b813
ptp4l[295.540]: foreign master not using PTP timescale
ptp4l[296.037]: selected best master clock de8d9c.fffe.19b813
ptp4l[296.038]: foreign master not using PTP timescale
ptp4l[296.538]: selected best master clock de8d9c.fffe.19b813
ptp4l[296.539]: foreign master not using PTP timescale
ptp4l[297.038]: selected best master clock de8d9c.fffe.19b813
ptp4l[297.039]: foreign master not using PTP timescale
ptp4l[297.538]: selected best master clock de8d9c.fffe.19b813
ptp4l[297.539]: foreign master not using PTP timescale
ptp4l[298.038]: selected best master clock de8d9c.fffe.19b813
ptp4l[298.039]: foreign master not using PTP timescale
ptp4l[298.539]: selected best master clock de8d9c.fffe.19b813
ptp4l[298.540]: foreign master not using PTP timescale
ptp4l[299.039]: selected best master clock de8d9c.fffe.19b813
ptp4l[299.040]: foreign master not using PTP timescale
ptp4l[299.540]: selected best master clock de8d9c.fffe.19b813
ptp4l[299.540]: foreign master not using PTP timescale
ptp4l[300.040]: selected best master clock de8d9c.fffe.19b813
ptp4l[300.043]: foreign master not using PTP timescale
ptp4l[300.540]: selected best master clock de8d9c.fffe.19b813
ptp4l[300.541]: foreign master not using PTP timescale
ptp4l[301.041]: selected best master clock de8d9c.fffe.19b813
ptp4l[301.041]: foreign master not using PTP timescale
ptp4l[301.541]: selected best master clock de8d9c.fffe.19b813
ptp4l[301.544]: foreign master not using PTP timescale
ptp4l[302.041]: selected best master clock de8d9c.fffe.19b813
ptp4l[302.042]: foreign master not using PTP timescale
ptp4l[302.542]: selected best master clock de8d9c.fffe.19b813
ptp4l[302.545]: foreign master not using PTP timescale
ptp4l[303.042]: selected best master clock de8d9c.fffe.19b813
ptp4l[303.043]: foreign master not using PTP timescale
ptp4l[303.543]: selected best master clock de8d9c.fffe.19b813
ptp4l[303.543]: foreign master not using PTP timescale
ptp4l[304.043]: selected best master clock de8d9c.fffe.19b813
ptp4l[304.044]: foreign master not using PTP timescale
ptp4l[304.543]: selected best master clock de8d9c.fffe.19b813
ptp4l[304.543]: foreign master not using PTP timescale
ptp4l[305.043]: selected best master clock de8d9c.fffe.19b813
ptp4l[305.044]: foreign master not using PTP timescale
ptp4l[305.588]: port 1: UNCALIBRATED to LISTENING on ANNOUNCE_RECEIPT_TIMEOUT_EXPIRES
ptp4l[305.588]: selected local clock ae98ac.fffe.4290ad as best master
ptp4l[305.794]: selected best master clock 569a19.fffe.3552ef
ptp4l[305.795]: foreign master not using PTP timescale
ptp4l[305.796]: port 1: LISTENING to UNCALIBRATED on RS_SLAVE
ptp4l[307.810]: rms 7840 max 16475 freq   +855 +/- 3255 delay 14753 +/- 4540
ptp4l[323.833]: rms 2776 max 5425 freq    -14 +/- 4382 delay 15939 +/- 4836
