ptp4l[131.200]: port 1: INITIALIZING to LISTENING on INIT_COMPLETE
ptp4l[131.201]: port 0: INITIALIZING to LISTENING on INIT_COMPLETE
ptp4l[132.160]: selected local clock 1eb4b2.fffe.c5ef3a as best master
ptp4l[132.167]: port 1: new foreign master 560091.fffe.b076ee-1
ptp4l[132.380]: port 1: new foreign master 4a418d.fffe.8c1719-1
ptp4l[132.667]: selected best master clock 560091.fffe.b076ee
ptp4l[132.668]: foreign master not using PTP timescale
ptp4l[132.668]: port 1: LISTENING to UNCALIBRATED on RS_SLAVE
ptp4l[132.881]: selected best master clock 4a418d.fffe.8c1719
ptp4l[132.881]: foreign master not using PTP timescale
ptp4l[133.167]: selected best master clock 4a418d.fffe.8c1719
ptp4l[133.168]: foreign master not using PTP timescale
ptp4l[133.668]: selected best master clock 4a418d.fffe.8c1719
ptp4l[133.668]: foreign master not using PTP timescale
ptp4l[134.168]: selected best master clock 4a418d.fffe.8c1719
ptp4l[134.168]: foreign master not using PTP timescale
ptp4l[134.668]: selected best master clock 4a418d.fffe.8c1719
ptp4l[134.669]: foreign master not using PTP timescale
ptp4l[135.169]: selected best master clock 4a418d.fffe.8c1719
ptp4l[135.170]: foreign master not using PTP timescale
ptp4l[135.669]: selected best master clock 4a418d.fffe.8c1719
ptp4l[135.670]: foreign master not using PTP timescale
ptp4l[136.169]: selected best master clock 4a418d.fffe.8c1719
ptp4l[136.170]: foreign master not using PTP timescale
ptp4l[136.669]: selected best master clock 4a418d.fffe.8c1719
ptp4l[136.670]: foreign master not using PTP timescale
ptp4l[137.170]: selected best master clock 4a418d.fffe.8c1719
ptp4l[137.171]: foreign master not using PTP timescale
ptp4l[137.670]: selected best master clock 4a418d.fffe.8c1719
ptp4l[137.674]: foreign master not using PTP timescale
ptp4l[138.170]: selected best master clock 4a418d.fffe.8c1719
ptp4l[138.171]: foreign master not using PTP timescale
ptp4l[138.670]: selected best master clock 4a418d.fffe.8c1719
ptp4l[138.671]: foreign master not using PTP timescale
ptp4l[139.171]: selected best master clock 4a418d.fffe.8c1719
ptp4l[139.172]: foreign master not using PTP timescale
ptp4l[139.671]: selected best master clock 4a418d.fffe.8c1719
ptp4l[139.672]: foreign master not using PTP timescale
ptp4l[140.171]: selected best master clock 4a418d.fffe.8c1719
ptp4l[140.172]: foreign master not using PTP timescale
ptp4l[140.671]: selected best master clock 4a418d.fffe.8c1719
ptp4l[140.672]: foreign master not using PTP timescale
ptp4l[141.171]: selected best master clock 4a418d.fffe.8c1719
ptp4l[141.172]: foreign master not using PTP timescale
ptp4l[141.671]: selected best master clock 4a418d.fffe.8c1719
ptp4l[141.672]: foreign master not using PTP timescale
ptp4l[142.172]: selected best master clock 4a418d.fffe.8c1719
ptp4l[142.192]: foreign master not using PTP timescale
ptp4l[142.672]: selected best master clock 4a418d.fffe.8c1719
ptp4l[142.672]: foreign master not using PTP timescale
ptp4l[143.172]: selected best master clock 4a418d.fffe.8c1719
ptp4l[143.173]: foreign master not using PTP timescale
ptp4l[143.672]: selected best master clock 4a418d.fffe.8c1719
ptp4l[143.673]: foreign master not using PTP timescale
ptp4l[144.172]: selected best master clock 4a418d.fffe.8c1719
ptp4l[144.173]: foreign master not using PTP timescale
ptp4l[144.672]: selected best master clock 4a418d.fffe.8c1719
ptp4l[144.673]: foreign master not using PTP timescale
ptp4l[145.172]: selected best master clock 4a418d.fffe.8c1719
ptp4l[145.173]: foreign master not using PTP timescale
ptp4l[145.672]: selected best master clock 4a418d.fffe.8c1719
ptp4l[145.673]: foreign master not using PTP timescale
ptp4l[146.173]: selected best master clock 4a418d.fffe.8c1719
ptp4l[146.173]: foreign master not using PTP timescale
ptp4l[146.673]: selected best master clock 4a418d.fffe.8c1719
ptp4l[146.673]: foreign master not using PTP timescale
ptp4l[147.173]: selected best master clock 4a418d.fffe.8c1719
ptp4l[147.174]: foreign master not using PTP timescale
ptp4l[147.673]: selected best master clock 4a418d.fffe.8c1719
ptp4l[147.674]: foreign master not using PTP timescale
ptp4l[148.173]: selected best master clock 4a418d.fffe.8c1719
ptp4l[148.174]: foreign master not using PTP timescale
ptp4l[148.673]: selected best master clock 4a418d.fffe.8c1719
ptp4l[148.674]: foreign master not using PTP timescale
ptp4l[148.892]: rms 6283 max 8232 freq    -59 +/- 1461 delay 12377 +/- 2296
ptp4l[149.173]: selected best master clock 4a418d.fffe.8c1719
ptp4l[149.174]: foreign master not using PTP timescale
ptp4l[149.673]: selected best master clock 4a418d.fffe.8c1719
ptp4l[149.674]: foreign master not using PTP timescale
ptp4l[150.173]: selected best master clock 4a418d.fffe.8c1719
ptp4l[150.174]: foreign master not using PTP timescale
ptp4l[150.674]: selected best master clock 4a418d.fffe.8c1719
ptp4l[150.674]: foreign master not using PTP timescale
ptp4l[151.174]: selected best master clock 4a418d.fffe.8c1719
ptp4l[151.175]: foreign master not using PTP timescale
ptp4l[151.674]: selected best master clock 4a418d.fffe.8c1719
ptp4l[151.675]: foreign master not using PTP timescale
ptp4l[152.174]: selected best master clock 4a418d.fffe.8c1719
ptp4l[152.175]: foreign master not using PTP timescale
ptp4l[152.674]: selected best master clock 4a418d.fffe.8c1719
ptp4l[152.675]: foreign master not using PTP timescale
ptp4l[153.174]: selected best master clock 4a418d.fffe.8c1719
ptp4l[153.175]: foreign master not using PTP timescale
ptp4l[153.674]: selected best master clock 4a418d.fffe.8c1719
ptp4l[153.675]: foreign master not using PTP timescale
ptp4l[154.174]: selected best master clock 4a418d.fffe.8c1719
ptp4l[154.175]: foreign master not using PTP timescale
ptp4l[154.674]: selected best master clock 4a418d.fffe.8c1719
ptp4l[154.675]: foreign master not using PTP timescale
ptp4l[155.175]: selected best master clock 4a418d.fffe.8c1719
ptp4l[155.175]: foreign master not using PTP timescale
ptp4l[155.675]: selected best master clock 4a418d.fffe.8c1719
ptp4l[155.675]: foreign master not using PTP timescale
ptp4l[156.175]: selected best master clock 4a418d.fffe.8c1719
ptp4l[156.175]: foreign master not using PTP timescale
ptp4l[156.675]: selected best master clock 4a418d.fffe.8c1719
ptp4l[156.676]: foreign master not using PTP timescale
ptp4l[157.175]: selected best master clock 4a418d.fffe.8c1719
ptp4l[157.176]: foreign master not using PTP timescale
ptp4l[157.675]: selected best master clock 4a418d.fffe.8c1719
ptp4l[157.676]: foreign master not using PTP timescale
ptp4l[158.175]: selected best master clock 4a418d.fffe.8c1719
ptp4l[158.176]: foreign master not using PTP timescale
ptp4l[158.675]: selected best master clock 4a418d.fffe.8c1719
ptp4l[158.676]: foreign master not using PTP timescale
ptp4l[159.175]: selected best master clock 4a418d.fffe.8c1719
ptp4l[159.176]: foreign master not using PTP timescale
ptp4l[159.675]: selected best master clock 4a418d.fffe.8c1719
ptp4l[159.676]: foreign master not using PTP timescale
ptp4l[160.175]: selected best master clock 4a418d.fffe.8c1719
ptp4l[160.176]: foreign master not using PTP timescale
ptp4l[160.676]: selected best master clock 4a418d.fffe.8c1719
ptp4l[160.677]: foreign master not using PTP timescale
ptp4l[161.176]: selected best master clock 4a418d.fffe.8c1719
ptp4l[161.176]: foreign master not using PTP timescale
ptp4l[161.676]: selected best master clock 4a418d.fffe.8c1719
ptp4l[161.676]: foreign master not using PTP timescale
ptp4l[162.176]: selected best master clock 4a418d.fffe.8c1719
ptp4l[162.176]: foreign master not using PTP timescale
ptp4l[162.676]: selected best master clock 4a418d.fffe.8c1719
ptp4l[162.677]: foreign master not using PTP timescale
ptp4l[163.176]: selected best master clock 4a418d.fffe.8c1719
ptp4l[163.177]: foreign master not using PTP timescale
ptp4l[163.676]: selected best master clock 4a418d.fffe.8c1719
ptp4l[163.677]: foreign master not using PTP timescale
ptp4l[164.176]: selected best master clock 4a418d.fffe.8c1719
ptp4l[164.177]: foreign master not using PTP timescale
