ptp4l[910.260]: port 1: INITIALIZING to LISTENING on INIT_COMPLETE
ptp4l[910.308]: port 2: INITIALIZING to LISTENING on INIT_COMPLETE
ptp4l[910.311]: port 0: INITIALIZING to LISTENING on INIT_COMPLETE
ptp4l[911.068]: selected local clock 4aa743.fffe.abfa4d as best master
ptp4l[911.184]: selected local clock 4aa743.fffe.abfa4d as best master
ptp4l[911.190]: port 2: new foreign master 1ec3c8.fffe.5e5c98-1
ptp4l[911.239]: port 1: new foreign master 9e462c.fffe.bada24-1
ptp4l[911.690]: selected best master clock 1ec3c8.fffe.5e5c98
ptp4l[911.691]: foreign master not using PTP timescale
ptp4l[911.692]: port 2: LISTENING to UNCALIBRATED on RS_SLAVE
ptp4l[911.739]: selected best master clock 9e462c.fffe.bada24
ptp4l[911.740]: foreign master not using PTP timescale
ptp4l[911.741]: port 1: LISTENING to UNCALIBRATED on RS_SLAVE
ptp4l[911.742]: port 2: master state recommended in slave only mode
ptp4l[911.743]: port 2: defaultDS.priority1 probably misconfigured
ptp4l[911.744]: port 2: UNCALIBRATED to LISTENING on RS_MASTER
ptp4l[912.760]: selected best master clock 9e462c.fffe.bada24
ptp4l[912.761]: foreign master not using PTP timescale
ptp4l[913.191]: selected best master clock 9e462c.fffe.bada24
ptp4l[913.192]: foreign master not using PTP timescale
ptp4l[913.193]: port 2: master state recommended in slave only mode
ptp4l[913.193]: port 2: defaultDS.priority1 probably misconfigured
ptp4l[913.668]: selected best master clock 9e462c.fffe.bada24
ptp4l[913.669]: foreign master not using PTP timescale
ptp4l[913.941]: selected best master clock 9e462c.fffe.bada24
ptp4l[913.942]: foreign master not using PTP timescale
ptp4l[913.943]: port 2: master state recommended in slave only mode
ptp4l[913.944]: port 2: defaultDS.priority1 probably misconfigured
ptp4l[914.604]: selected best master clock 9e462c.fffe.bada24
ptp4l[914.605]: foreign master not using PTP timescale
ptp4l[914.941]: selected best master clock 9e462c.fffe.bada24
ptp4l[914.943]: foreign master not using PTP timescale
ptp4l[914.944]: port 2: master state recommended in slave only mode
ptp4l[914.945]: port 2: defaultDS.priority1 probably misconfigured
ptp4l[915.544]: selected best master clock 9e462c.fffe.bada24
ptp4l[915.546]: foreign master not using PTP timescale
ptp4l[915.942]: selected best master clock 9e462c.fffe.bada24
ptp4l[915.944]: foreign master not using PTP timescale
ptp4l[915.946]: port 2: master state recommended in slave only mode
ptp4l[915.947]: port 2: defaultDS.priority1 probably misconfigured
ptp4l[916.460]: selected best master clock 9e462c.fffe.bada24
ptp4l[916.461]: foreign master not using PTP timescale
ptp4l[916.943]: selected best master clock 9e462c.fffe.bada24
ptp4l[916.944]: foreign master not using PTP timescale
ptp4l[916.946]: port 2: master state recommended in slave only mode
ptp4l[916.947]: port 2: defaultDS.priority1 probably misconfigured
ptp4l[917.408]: selected best master clock 9e462c.fffe.bada24
ptp4l[917.409]: foreign master not using PTP timescale
ptp4l[917.693]: selected best master clock 9e462c.fffe.bada24
ptp4l[917.694]: foreign master not using PTP timescale
ptp4l[917.695]: port 2: master state recommended in slave only mode
ptp4l[917.696]: port 2: defaultDS.priority1 probably misconfigured
ptp4l[918.268]: selected best master clock 9e462c.fffe.bada24
ptp4l[918.269]: foreign master not using PTP timescale
ptp4l[918.694]: selected best master clock 9e462c.fffe.bada24
ptp4l[918.695]: foreign master not using PTP timescale
ptp4l[918.696]: port 2: master state recommended in slave only mode
ptp4l[918.696]: port 2: defaultDS.priority1 probably misconfigured
ptp4l[919.052]: selected best master clock 9e462c.fffe.bada24
ptp4l[919.053]: foreign master not using PTP timescale
ptp4l[919.444]: selected best master clock 9e462c.fffe.bada24
ptp4l[919.445]: foreign master not using PTP timescale
ptp4l[919.446]: port 2: master state recommended in slave only mode
ptp4l[919.446]: port 2: defaultDS.priority1 probably misconfigured
ptp4l[919.920]: selected best master clock 9e462c.fffe.bada24
ptp4l[919.921]: foreign master not using PTP timescale
ptp4l[920.194]: selected best master clock 9e462c.fffe.bada24
ptp4l[920.196]: foreign master not using PTP timescale
ptp4l[920.197]: port 2: master state recommended in slave only mode
ptp4l[920.198]: port 2: defaultDS.priority1 probably misconfigured
ptp4l[920.736]: selected best master clock 9e462c.fffe.bada24
ptp4l[920.737]: foreign master not using PTP timescale
ptp4l[921.195]: selected best master clock 9e462c.fffe.bada24
ptp4l[921.196]: foreign master not using PTP timescale
ptp4l[921.197]: port 2: master state recommended in slave only mode
ptp4l[921.197]: port 2: defaultDS.priority1 probably misconfigured
ptp4l[921.500]: selected best master clock 9e462c.fffe.bada24
ptp4l[921.501]: foreign master not using PTP timescale
ptp4l[921.945]: selected best master clock 9e462c.fffe.bada24
ptp4l[921.946]: foreign master not using PTP timescale
ptp4l[921.947]: port 2: master state recommended in slave only mode
ptp4l[921.947]: port 2: defaultDS.priority1 probably misconfigured
ptp4l[922.288]: selected best master clock 9e462c.fffe.bada24
ptp4l[922.289]: foreign master not using PTP timescale
ptp4l[922.696]: selected best master clock 9e462c.fffe.bada24
ptp4l[922.698]: foreign master not using PTP timescale
ptp4l[922.700]: port 2: master state recommended in slave only mode
ptp4l[922.703]: port 2: defaultDS.priority1 probably misconfigured
ptp4l[923.136]: selected best master clock 9e462c.fffe.bada24
ptp4l[923.139]: foreign master not using PTP timescale
ptp4l[923.447]: selected best master clock 9e462c.fffe.bada24
ptp4l[923.449]: foreign master not using PTP timescale
ptp4l[923.452]: port 2: master state recommended in slave only mode
ptp4l[923.455]: port 2: defaultDS.priority1 probably misconfigured
ptp4l[923.972]: selected best master clock 9e462c.fffe.bada24
ptp4l[923.975]: foreign master not using PTP timescale
ptp4l[924.447]: selected best master clock 9e462c.fffe.bada24
ptp4l[924.449]: foreign master not using PTP timescale
ptp4l[924.450]: port 2: master state recommended in slave only mode
ptp4l[924.451]: port 2: defaultDS.priority1 probably misconfigured
ptp4l[924.904]: selected best master clock 9e462c.fffe.bada24
ptp4l[924.905]: foreign master not using PTP timescale
ptp4l[925.197]: selected best master clock 9e462c.fffe.bada24
ptp4l[925.198]: foreign master not using PTP timescale
ptp4l[925.199]: port 2: master state recommended in slave only mode
ptp4l[925.200]: port 2: defaultDS.priority1 probably misconfigured
ptp4l[925.676]: selected best master clock 9e462c.fffe.bada24
ptp4l[925.677]: foreign master not using PTP timescale
ptp4l[925.948]: selected best master clock 9e462c.fffe.bada24
ptp4l[925.951]: foreign master not using PTP timescale
ptp4l[925.954]: port 2: master state recommended in slave only mode
ptp4l[925.957]: port 2: defaultDS.priority1 probably misconfigured
ptp4l[926.480]: selected best master clock 9e462c.fffe.bada24
ptp4l[926.483]: foreign master not using PTP timescale
ptp4l[926.949]: selected best master clock 9e462c.fffe.bada24
ptp4l[926.952]: foreign master not using PTP timescale
ptp4l[926.955]: port 2: master state recommended in slave only mode
ptp4l[926.957]: port 2: defaultDS.priority1 probably misconfigured
ptp4l[927.444]: selected best master clock 9e462c.fffe.bada24
ptp4l[927.445]: foreign master not using PTP timescale
ptp4l[927.699]: selected best master clock 9e462c.fffe.bada24
ptp4l[927.703]: foreign master not using PTP timescale
ptp4l[927.706]: port 2: master state recommended in slave only mode
ptp4l[927.708]: port 2: defaultDS.priority1 probably misconfigured
ptp4l[928.220]: selected local clock 4aa743.fffe.abfa4d as best master
ptp4l[928.222]: port 1: assuming the grand master role
ptp4l[928.224]: port 1: master state recommended in slave only mode
ptp4l[928.226]: port 1: defaultDS.priority1 probably misconfigured
ptp4l[928.229]: port 1: UNCALIBRATED to LISTENING on RS_GRAND_MASTER
ptp4l[928.701]: selected best master clock 1ec3c8.fffe.5e5c98
ptp4l[928.703]: foreign master not using PTP timescale
ptp4l[928.706]: port 2: LISTENING to UNCALIBRATED on RS_SLAVE
ptp4l[929.140]: selected best master clock 1ec3c8.fffe.5e5c98
ptp4l[929.141]: foreign master not using PTP timescale
ptp4l[930.008]: selected best master clock 1ec3c8.fffe.5e5c98
ptp4l[930.009]: foreign master not using PTP timescale
ptp4l[930.710]: rms 12619 max 27951 freq  +1217 +/- 7501 delay 19516 +/- 6619
ptp4l[930.860]: selected best master clock 1ec3c8.fffe.5e5c98
ptp4l[930.862]: foreign master not using PTP timescale
ptp4l[931.740]: selected best master clock 1ec3c8.fffe.5e5c98
ptp4l[931.741]: foreign master not using PTP timescale
ptp4l[932.636]: selected best master clock 1ec3c8.fffe.5e5c98
ptp4l[932.637]: foreign master not using PTP timescale
ptp4l[933.524]: selected best master clock 1ec3c8.fffe.5e5c98
ptp4l[933.525]: foreign master not using PTP timescale
ptp4l[934.340]: selected best master clock 1ec3c8.fffe.5e5c98
ptp4l[934.341]: foreign master not using PTP timescale
ptp4l[935.332]: selected best master clock 1ec3c8.fffe.5e5c98
ptp4l[935.333]: foreign master not using PTP timescale
ptp4l[936.220]: selected best master clock 1ec3c8.fffe.5e5c98
ptp4l[936.223]: foreign master not using PTP timescale
ptp4l[937.032]: selected best master clock 1ec3c8.fffe.5e5c98
ptp4l[937.033]: foreign master not using PTP timescale
ptp4l[937.780]: selected best master clock 1ec3c8.fffe.5e5c98
ptp4l[937.781]: foreign master not using PTP timescale
ptp4l[938.684]: selected best master clock 1ec3c8.fffe.5e5c98
ptp4l[938.687]: foreign master not using PTP timescale
ptp4l[939.460]: selected best master clock 1ec3c8.fffe.5e5c98
ptp4l[939.461]: foreign master not using PTP timescale
ptp4l[940.260]: selected best master clock 1ec3c8.fffe.5e5c98
ptp4l[940.261]: foreign master not using PTP timescale
ptp4l[941.164]: selected best master clock 1ec3c8.fffe.5e5c98
ptp4l[941.167]: foreign master not using PTP timescale
ptp4l[942.064]: selected best master clock 1ec3c8.fffe.5e5c98
ptp4l[942.066]: foreign master not using PTP timescale
ptp4l[942.824]: selected best master clock 1ec3c8.fffe.5e5c98
ptp4l[942.827]: foreign master not using PTP timescale
ptp4l[943.692]: selected best master clock 1ec3c8.fffe.5e5c98
ptp4l[943.693]: foreign master not using PTP timescale
ptp4l[944.616]: selected best master clock 1ec3c8.fffe.5e5c98
ptp4l[944.617]: foreign master not using PTP timescale
ptp4l[945.552]: selected best master clock 1ec3c8.fffe.5e5c98
ptp4l[945.555]: foreign master not using PTP timescale
ptp4l[946.456]: selected best master clock 1ec3c8.fffe.5e5c98
ptp4l[946.459]: foreign master not using PTP timescale
ptp4l[946.735]: rms 16166 max 35030 freq   -505 +/- 8068 delay 20738 +/- 6033
ptp4l[947.312]: selected best master clock 1ec3c8.fffe.5e5c98
ptp4l[947.313]: foreign master not using PTP timescale
ptp4l[948.076]: selected best master clock 1ec3c8.fffe.5e5c98
ptp4l[948.077]: foreign master not using PTP timescale
ptp4l[949.028]: selected best master clock 1ec3c8.fffe.5e5c98
ptp4l[949.029]: foreign master not using PTP timescale
ptp4l[949.916]: selected best master clock 1ec3c8.fffe.5e5c98
ptp4l[949.917]: foreign master not using PTP timescale
ptp4l[950.740]: selected best master clock 1ec3c8.fffe.5e5c98
ptp4l[950.743]: foreign master not using PTP timescale
ptp4l[951.560]: selected best master clock 1ec3c8.fffe.5e5c98
ptp4l[951.561]: foreign master not using PTP timescale
ptp4l[952.504]: selected best master clock 1ec3c8.fffe.5e5c98
ptp4l[952.506]: foreign master not using PTP timescale
ptp4l[953.400]: selected best master clock 1ec3c8.fffe.5e5c98
ptp4l[953.401]: foreign master not using PTP timescale
ptp4l[954.252]: selected best master clock 1ec3c8.fffe.5e5c98
ptp4l[954.255]: foreign master not using PTP timescale
ptp4l[955.008]: selected best master clock 1ec3c8.fffe.5e5c98
ptp4l[955.009]: foreign master not using PTP timescale
ptp4l[955.772]: selected best master clock 1ec3c8.fffe.5e5c98
ptp4l[955.772]: foreign master not using PTP timescale
ptp4l[956.624]: selected best master clock 1ec3c8.fffe.5e5c98
ptp4l[956.625]: foreign master not using PTP timescale
ptp4l[957.444]: selected best master clock 1ec3c8.fffe.5e5c98
ptp4l[957.445]: foreign master not using PTP timescale
