ptp4l[3387.604]: port 1 (v-ru1): INITIALIZING to LISTENING on INIT_COMPLETE
ptp4l[3387.604]: port 0 (/var/run/p.ru1): INITIALIZING to LISTENING on INIT_COMPLETE
ptp4l[3387.604]: port 0 (/var/run/pr.ru1): INITIALIZING to LISTENING on INIT_COMPLETE
ptp4l[3387.981]: selected local clock 020000.fffe.00000c as best master
ptp4l[3388.066]: port 1 (v-ru1): new foreign master 020000.fffe.000001-2
ptp4l[3388.316]: selected best master clock 020000.fffe.00000b
ptp4l[3388.316]: foreign master not using PTP timescale
ptp4l[3388.316]: port 1 (v-ru1): LISTENING to UNCALIBRATED on RS_SLAVE
ptp4l[3388.441]: selected best master clock 020000.fffe.00000a
ptp4l[3388.441]: foreign master not using PTP timescale
ptp4l[3390.505]: master offset       3221 s0 freq   +1979 path delay      4190
ptp4l[3392.507]: master offset        799 s0 freq   -1040 path delay      4529
ptp4l[3394.509]: master offset        204 s0 freq    -705 path delay      3713
ptp4l[3396.511]: master offset       1517 s0 freq    +683 path delay      3767
ptp4l[3398.523]: master offset      -1211 s0 freq   -1290 path delay      3899
ptp4l[3400.525]: master offset       2133 s0 freq   +1389 path delay      3335
ptp4l[3402.527]: master offset       -511 s0 freq   -1162 path delay      3652
ptp4l[3404.529]: master offset      -1330 s0 freq    -450 path delay      3570
ptp4l[3406.531]: master offset       1259 s0 freq   +1891 path delay      4766
ptp4l[3408.534]: master offset        230 s0 freq   -1256 path delay      3279
ptp4l[3410.561]: master offset      12653 s0 freq   +7481 path delay      6021
ptp4l[3412.539]: master offset        541 s0 freq   -6642 path delay      4993
ptp4l[3414.541]: master offset       -657 s0 freq    -726 path delay      4738
ptp4l[3416.546]: master offset      15420 s0 freq   +7422 path delay      3536
ptp4l[3418.558]: master offset      16094 s0 freq    +509 path delay      3886
ptp4l[3420.548]: master offset      -2810 s0 freq   -7121 path delay      8617
ptp4l[3422.558]: master offset      11857 s0 freq   +7406 path delay      8834
ptp4l[3424.553]: master offset      -2897 s0 freq   -8728 path delay      6172
ptp4l[3426.556]: master offset       1765 s0 freq   +3108 path delay      7735
ptp4l[3428.558]: master offset      -3161 s0 freq   -2726 path delay      7203
ptp4l[3430.561]: master offset       -757 s0 freq    +474 path delay      5748
