ptp4l[299.488]: port 1: INITIALIZING to LISTENING on INIT_COMPLETE
ptp4l[299.536]: port 2: INITIALIZING to LISTENING on INIT_COMPLETE
ptp4l[299.537]: port 0: INITIALIZING to LISTENING on INIT_COMPLETE
ptp4l[300.339]: port 1: new foreign master 52105f.fffe.27d9ab-1
ptp4l[300.436]: selected local clock 66a8e6.fffe.476956 as best master
ptp4l[300.516]: selected local clock 66a8e6.fffe.476956 as best master
ptp4l[300.636]: port 2: new foreign master 0afc01.fffe.7bf54d-1
ptp4l[300.839]: selected best master clock 52105f.fffe.27d9ab
ptp4l[300.840]: foreign master not using PTP timescale
ptp4l[300.841]: port 1: LISTENING to UNCALIBRATED on RS_SLAVE
ptp4l[301.136]: selected best master clock 52105f.fffe.27d9ab
ptp4l[301.137]: foreign master not using PTP timescale
ptp4l[301.138]: port 2: master state recommended in slave only mode
ptp4l[301.139]: port 2: defaultDS.priority1 probably misconfigured
ptp4l[301.408]: selected best master clock 52105f.fffe.27d9ab
ptp4l[301.409]: foreign master not using PTP timescale
ptp4l[301.888]: selected best master clock 52105f.fffe.27d9ab
ptp4l[301.891]: foreign master not using PTP timescale
ptp4l[301.893]: port 2: master state recommended in slave only mode
ptp4l[301.895]: port 2: defaultDS.priority1 probably misconfigured
ptp4l[302.344]: selected best master clock 52105f.fffe.27d9ab
ptp4l[302.347]: foreign master not using PTP timescale
ptp4l[302.639]: selected best master clock 52105f.fffe.27d9ab
ptp4l[302.642]: foreign master not using PTP timescale
ptp4l[302.645]: port 2: master state recommended in slave only mode
ptp4l[302.648]: port 2: defaultDS.priority1 probably misconfigured
ptp4l[303.268]: selected best master clock 52105f.fffe.27d9ab
ptp4l[303.269]: foreign master not using PTP timescale
ptp4l[303.640]: selected best master clock 52105f.fffe.27d9ab
ptp4l[303.643]: foreign master not using PTP timescale
ptp4l[303.646]: port 2: master state recommended in slave only mode
ptp4l[303.649]: port 2: defaultDS.priority1 probably misconfigured
ptp4l[304.084]: selected best master clock 52105f.fffe.27d9ab
ptp4l[304.086]: foreign master not using PTP timescale
ptp4l[304.391]: selected best master clock 52105f.fffe.27d9ab
ptp4l[304.394]: foreign master not using PTP timescale
ptp4l[304.396]: port 2: master state recommended in slave only mode
ptp4l[304.398]: port 2: defaultDS.priority1 probably misconfigured
ptp4l[304.960]: selected best master clock 52105f.fffe.27d9ab
ptp4l[304.961]: foreign master not using PTP timescale
ptp4l[305.392]: selected best master clock 52105f.fffe.27d9ab
ptp4l[305.392]: foreign master not using PTP timescale
ptp4l[305.393]: port 2: master state recommended in slave only mode
ptp4l[305.394]: port 2: defaultDS.priority1 probably misconfigured
ptp4l[305.948]: selected best master clock 52105f.fffe.27d9ab
ptp4l[305.949]: foreign master not using PTP timescale
ptp4l[306.392]: selected best master clock 52105f.fffe.27d9ab
ptp4l[306.393]: foreign master not using PTP timescale
ptp4l[306.394]: port 2: master state recommended in slave only mode
ptp4l[306.395]: port 2: defaultDS.priority1 probably misconfigured
ptp4l[306.688]: selected best master clock 52105f.fffe.27d9ab
ptp4l[306.688]: foreign master not using PTP timescale
ptp4l[307.143]: selected best master clock 52105f.fffe.27d9ab
ptp4l[307.143]: foreign master not using PTP timescale
ptp4l[307.144]: port 2: master state recommended in slave only mode
ptp4l[307.145]: port 2: defaultDS.priority1 probably misconfigured
ptp4l[307.592]: selected best master clock 52105f.fffe.27d9ab
ptp4l[307.593]: foreign master not using PTP timescale
ptp4l[307.893]: selected best master clock 52105f.fffe.27d9ab
ptp4l[307.896]: foreign master not using PTP timescale
ptp4l[307.898]: port 2: master state recommended in slave only mode
ptp4l[307.901]: port 2: defaultDS.priority1 probably misconfigured
ptp4l[308.577]: selected best master clock 52105f.fffe.27d9ab
ptp4l[308.579]: foreign master not using PTP timescale
ptp4l[308.894]: selected best master clock 52105f.fffe.27d9ab
ptp4l[308.897]: foreign master not using PTP timescale
ptp4l[308.900]: port 2: master state recommended in slave only mode
ptp4l[308.902]: port 2: defaultDS.priority1 probably misconfigured
ptp4l[309.568]: selected best master clock 52105f.fffe.27d9ab
ptp4l[309.569]: foreign master not using PTP timescale
ptp4l[309.895]: selected best master clock 52105f.fffe.27d9ab
ptp4l[309.896]: foreign master not using PTP timescale
ptp4l[309.896]: port 2: master state recommended in slave only mode
ptp4l[309.897]: port 2: defaultDS.priority1 probably misconfigured
ptp4l[310.484]: selected best master clock 52105f.fffe.27d9ab
ptp4l[310.484]: foreign master not using PTP timescale
ptp4l[310.895]: selected best master clock 52105f.fffe.27d9ab
ptp4l[310.896]: foreign master not using PTP timescale
ptp4l[310.897]: port 2: master state recommended in slave only mode
ptp4l[310.898]: port 2: defaultDS.priority1 probably misconfigured
ptp4l[311.448]: selected best master clock 52105f.fffe.27d9ab
ptp4l[311.448]: foreign master not using PTP timescale
ptp4l[311.896]: selected best master clock 52105f.fffe.27d9ab
ptp4l[311.897]: foreign master not using PTP timescale
ptp4l[311.897]: port 2: master state recommended in slave only mode
ptp4l[311.898]: port 2: defaultDS.priority1 probably misconfigured
ptp4l[312.316]: selected best master clock 52105f.fffe.27d9ab
ptp4l[312.319]: foreign master not using PTP timescale
ptp4l[312.646]: selected best master clock 52105f.fffe.27d9ab
ptp4l[312.649]: foreign master not using PTP timescale
ptp4l[312.651]: port 2: master state recommended in slave only mode
ptp4l[312.654]: port 2: defaultDS.priority1 probably misconfigured
ptp4l[313.296]: selected best master clock 52105f.fffe.27d9ab
ptp4l[313.299]: foreign master not using PTP timescale
ptp4l[313.647]: selected best master clock 52105f.fffe.27d9ab
ptp4l[313.650]: foreign master not using PTP timescale
ptp4l[313.652]: port 2: master state recommended in slave only mode
ptp4l[313.654]: port 2: defaultDS.priority1 probably misconfigured
ptp4l[314.076]: selected best master clock 52105f.fffe.27d9ab
ptp4l[314.077]: foreign master not using PTP timescale
ptp4l[314.397]: selected best master clock 52105f.fffe.27d9ab
ptp4l[314.398]: foreign master not using PTP timescale
ptp4l[314.399]: port 2: master state recommended in slave only mode
ptp4l[314.400]: port 2: defaultDS.priority1 probably misconfigured
ptp4l[315.084]: selected best master clock 52105f.fffe.27d9ab
ptp4l[315.086]: foreign master not using PTP timescale
ptp4l[315.398]: selected best master clock 52105f.fffe.27d9ab
ptp4l[315.399]: foreign master not using PTP timescale
ptp4l[315.399]: port 2: master state recommended in slave only mode
ptp4l[315.400]: port 2: defaultDS.priority1 probably misconfigured
ptp4l[316.064]: selected best master clock 52105f.fffe.27d9ab
ptp4l[316.066]: foreign master not using PTP timescale
ptp4l[316.398]: selected best master clock 52105f.fffe.27d9ab
ptp4l[316.401]: foreign master not using PTP timescale
ptp4l[316.403]: port 2: master state recommended in slave only mode
ptp4l[316.406]: port 2: defaultDS.priority1 probably misconfigured
ptp4l[316.944]: selected best master clock 52105f.fffe.27d9ab
ptp4l[316.946]: foreign master not using PTP timescale
ptp4l[316.984]: rms 5436 max 9241 freq  +1479 +/- 5064 delay 19613 +/- 5871
ptp4l[317.399]: selected best master clock 52105f.fffe.27d9ab
ptp4l[317.402]: foreign master not using PTP timescale
ptp4l[317.404]: port 2: master state recommended in slave only mode
ptp4l[317.406]: port 2: defaultDS.priority1 probably misconfigured
ptp4l[317.700]: selected best master clock 52105f.fffe.27d9ab
ptp4l[317.703]: foreign master not using PTP timescale
ptp4l[318.150]: selected best master clock 52105f.fffe.27d9ab
ptp4l[318.152]: foreign master not using PTP timescale
ptp4l[318.155]: port 2: master state recommended in slave only mode
ptp4l[318.157]: port 2: defaultDS.priority1 probably misconfigured
ptp4l[318.696]: selected best master clock 52105f.fffe.27d9ab
ptp4l[318.698]: foreign master not using PTP timescale
ptp4l[319.150]: selected best master clock 52105f.fffe.27d9ab
ptp4l[319.151]: foreign master not using PTP timescale
ptp4l[319.153]: port 2: master state recommended in slave only mode
ptp4l[319.154]: port 2: defaultDS.priority1 probably misconfigured
ptp4l[319.688]: selected best master clock 52105f.fffe.27d9ab
ptp4l[319.690]: foreign master not using PTP timescale
ptp4l[320.151]: selected best master clock 52105f.fffe.27d9ab
ptp4l[320.153]: foreign master not using PTP timescale
ptp4l[320.155]: port 2: master state recommended in slave only mode
ptp4l[320.158]: port 2: defaultDS.priority1 probably misconfigured
ptp4l[320.496]: selected best master clock 52105f.fffe.27d9ab
ptp4l[320.499]: foreign master not using PTP timescale
ptp4l[320.901]: selected best master clock 52105f.fffe.27d9ab
ptp4l[320.904]: foreign master not using PTP timescale
ptp4l[320.906]: port 2: master state recommended in slave only mode
ptp4l[320.908]: port 2: defaultDS.priority1 probably misconfigured
ptp4l[321.252]: selected best master clock 52105f.fffe.27d9ab
ptp4l[321.252]: foreign master not using PTP timescale
ptp4l[321.651]: selected best master clock 52105f.fffe.27d9ab
ptp4l[321.652]: foreign master not using PTP timescale
ptp4l[321.653]: port 2: master state recommended in slave only mode
ptp4l[321.654]: port 2: defaultDS.priority1 probably misconfigured
ptp4l[322.208]: selected best master clock 52105f.fffe.27d9ab
ptp4l[322.208]: foreign master not using PTP timescale
ptp4l[322.652]: selected best master clock 52105f.fffe.27d9ab
ptp4l[322.653]: foreign master not using PTP timescale
ptp4l[322.653]: port 2: master state recommended in slave only mode
ptp4l[322.654]: port 2: defaultDS.priority1 probably misconfigured
ptp4l[323.172]: selected best master clock 52105f.fffe.27d9ab
ptp4l[323.174]: foreign master not using PTP timescale
ptp4l[323.652]: selected best master clock 52105f.fffe.27d9ab
ptp4l[323.654]: foreign master not using PTP timescale
ptp4l[323.656]: port 2: master state recommended in slave only mode
ptp4l[323.658]: port 2: defaultDS.priority1 probably misconfigured
ptp4l[323.948]: selected best master clock 52105f.fffe.27d9ab
ptp4l[323.948]: foreign master not using PTP timescale
ptp4l[324.403]: selected best master clock 52105f.fffe.27d9ab
ptp4l[324.405]: foreign master not using PTP timescale
ptp4l[324.408]: port 2: master state recommended in slave only mode
ptp4l[324.410]: port 2: defaultDS.priority1 probably misconfigured
ptp4l[324.844]: selected best master clock 52105f.fffe.27d9ab
ptp4l[324.846]: foreign master not using PTP timescale
ptp4l[325.153]: selected best master clock 52105f.fffe.27d9ab
ptp4l[325.155]: foreign master not using PTP timescale
ptp4l[325.158]: port 2: master state recommended in slave only mode
ptp4l[325.160]: port 2: defaultDS.priority1 probably misconfigured
ptp4l[325.796]: selected best master clock 52105f.fffe.27d9ab
ptp4l[325.798]: foreign master not using PTP timescale
ptp4l[326.154]: selected best master clock 52105f.fffe.27d9ab
ptp4l[326.156]: foreign master not using PTP timescale
ptp4l[326.159]: port 2: master state recommended in slave only mode
ptp4l[326.161]: port 2: defaultDS.priority1 probably misconfigured
ptp4l[326.620]: selected best master clock 52105f.fffe.27d9ab
ptp4l[326.622]: foreign master not using PTP timescale
ptp4l[326.904]: selected best master clock 52105f.fffe.27d9ab
ptp4l[326.907]: foreign master not using PTP timescale
ptp4l[326.909]: port 2: master state recommended in slave only mode
ptp4l[326.911]: port 2: defaultDS.priority1 probably misconfigured
ptp4l[327.560]: selected best master clock 52105f.fffe.27d9ab
ptp4l[327.562]: foreign master not using PTP timescale
ptp4l[327.905]: selected best master clock 52105f.fffe.27d9ab
ptp4l[327.905]: foreign master not using PTP timescale
ptp4l[327.906]: port 2: master state recommended in slave only mode
ptp4l[327.907]: port 2: defaultDS.priority1 probably misconfigured
ptp4l[328.428]: selected best master clock 52105f.fffe.27d9ab
ptp4l[328.430]: foreign master not using PTP timescale
ptp4l[328.905]: selected best master clock 52105f.fffe.27d9ab
ptp4l[328.908]: foreign master not using PTP timescale
ptp4l[328.910]: port 2: master state recommended in slave only mode
ptp4l[328.913]: port 2: defaultDS.priority1 probably misconfigured
ptp4l[329.388]: selected best master clock 52105f.fffe.27d9ab
ptp4l[329.390]: foreign master not using PTP timescale
ptp4l[329.656]: selected best master clock 52105f.fffe.27d9ab
ptp4l[329.658]: foreign master not using PTP timescale
ptp4l[329.661]: port 2: master state recommended in slave only mode
ptp4l[329.663]: port 2: defaultDS.priority1 probably misconfigured
ptp4l[330.180]: selected best master clock 52105f.fffe.27d9ab
ptp4l[330.183]: foreign master not using PTP timescale
ptp4l[330.656]: selected best master clock 52105f.fffe.27d9ab
ptp4l[330.659]: foreign master not using PTP timescale
ptp4l[330.661]: port 2: master state recommended in slave only mode
ptp4l[330.664]: port 2: defaultDS.priority1 probably misconfigured
ptp4l[331.076]: selected best master clock 52105f.fffe.27d9ab
ptp4l[331.078]: foreign master not using PTP timescale
ptp4l[331.407]: selected best master clock 52105f.fffe.27d9ab
ptp4l[331.409]: foreign master not using PTP timescale
ptp4l[331.412]: port 2: master state recommended in slave only mode
ptp4l[331.414]: port 2: defaultDS.priority1 probably misconfigured
ptp4l[331.992]: selected best master clock 52105f.fffe.27d9ab
ptp4l[331.994]: foreign master not using PTP timescale
ptp4l[332.407]: selected best master clock 52105f.fffe.27d9ab
ptp4l[332.410]: foreign master not using PTP timescale
ptp4l[332.412]: port 2: master state recommended in slave only mode
ptp4l[332.415]: port 2: defaultDS.priority1 probably misconfigured
ptp4l[332.884]: selected best master clock 52105f.fffe.27d9ab
ptp4l[332.885]: foreign master not using PTP timescale
ptp4l[333.002]: rms 287894 max 464136 freq +31529 +/- 100988 delay 103959 +/- 71187
ptp4l[333.158]: selected best master clock 52105f.fffe.27d9ab
ptp4l[333.159]: foreign master not using PTP timescale
ptp4l[333.159]: port 2: master state recommended in slave only mode
ptp4l[333.160]: port 2: defaultDS.priority1 probably misconfigured
ptp4l[333.728]: selected best master clock 52105f.fffe.27d9ab
ptp4l[333.731]: foreign master not using PTP timescale
ptp4l[334.160]: selected best master clock 52105f.fffe.27d9ab
ptp4l[334.163]: foreign master not using PTP timescale
ptp4l[334.166]: port 2: master state recommended in slave only mode
ptp4l[334.168]: port 2: defaultDS.priority1 probably misconfigured
ptp4l[334.576]: selected best master clock 52105f.fffe.27d9ab
ptp4l[334.579]: foreign master not using PTP timescale
ptp4l[334.912]: selected best master clock 52105f.fffe.27d9ab
ptp4l[334.914]: foreign master not using PTP timescale
ptp4l[334.917]: port 2: master state recommended in slave only mode
ptp4l[334.919]: port 2: defaultDS.priority1 probably misconfigured
ptp4l[335.328]: selected best master clock 52105f.fffe.27d9ab
ptp4l[335.330]: foreign master not using PTP timescale
ptp4l[335.663]: selected best master clock 52105f.fffe.27d9ab
ptp4l[335.665]: foreign master not using PTP timescale
ptp4l[335.667]: port 2: master state recommended in slave only mode
ptp4l[335.670]: port 2: defaultDS.priority1 probably misconfigured
ptp4l[336.168]: selected best master clock 52105f.fffe.27d9ab
ptp4l[336.171]: foreign master not using PTP timescale
ptp4l[336.665]: selected best master clock 52105f.fffe.27d9ab
ptp4l[336.666]: foreign master not using PTP timescale
ptp4l[336.667]: port 2: master state recommended in slave only mode
ptp4l[336.667]: port 2: defaultDS.priority1 probably misconfigured
ptp4l[336.980]: selected best master clock 52105f.fffe.27d9ab
ptp4l[336.983]: foreign master not using PTP timescale
ptp4l[337.417]: selected best master clock 52105f.fffe.27d9ab
ptp4l[337.420]: foreign master not using PTP timescale
ptp4l[337.422]: port 2: master state recommended in slave only mode
ptp4l[337.425]: port 2: defaultDS.priority1 probably misconfigured
ptp4l[337.864]: selected best master clock 52105f.fffe.27d9ab
ptp4l[337.866]: foreign master not using PTP timescale
ptp4l[338.169]: selected best master clock 52105f.fffe.27d9ab
ptp4l[338.172]: foreign master not using PTP timescale
ptp4l[338.175]: port 2: master state recommended in slave only mode
ptp4l[338.177]: port 2: defaultDS.priority1 probably misconfigured
ptp4l[338.660]: selected best master clock 52105f.fffe.27d9ab
ptp4l[338.663]: foreign master not using PTP timescale
ptp4l[338.920]: selected best master clock 52105f.fffe.27d9ab
ptp4l[338.921]: foreign master not using PTP timescale
ptp4l[338.922]: port 2: master state recommended in slave only mode
ptp4l[338.923]: port 2: defaultDS.priority1 probably misconfigured
ptp4l[339.516]: selected best master clock 52105f.fffe.27d9ab
ptp4l[339.518]: foreign master not using PTP timescale
ptp4l[339.921]: selected best master clock 52105f.fffe.27d9ab
ptp4l[339.922]: foreign master not using PTP timescale
ptp4l[339.924]: port 2: master state recommended in slave only mode
ptp4l[339.924]: port 2: defaultDS.priority1 probably misconfigured
ptp4l[340.492]: selected best master clock 52105f.fffe.27d9ab
ptp4l[340.493]: foreign master not using PTP timescale
ptp4l[340.923]: selected best master clock 52105f.fffe.27d9ab
ptp4l[340.926]: foreign master not using PTP timescale
ptp4l[340.928]: port 2: master state recommended in slave only mode
ptp4l[340.931]: port 2: defaultDS.priority1 probably misconfigured
ptp4l[341.488]: selected best master clock 52105f.fffe.27d9ab
ptp4l[341.491]: foreign master not using PTP timescale
ptp4l[341.924]: selected best master clock 52105f.fffe.27d9ab
ptp4l[341.927]: foreign master not using PTP timescale
ptp4l[341.929]: port 2: master state recommended in slave only mode
ptp4l[341.932]: port 2: defaultDS.priority1 probably misconfigured
ptp4l[342.380]: selected best master clock 52105f.fffe.27d9ab
ptp4l[342.383]: foreign master not using PTP timescale
ptp4l[342.675]: selected best master clock 52105f.fffe.27d9ab
ptp4l[342.678]: foreign master not using PTP timescale
ptp4l[342.680]: port 2: master state recommended in slave only mode
ptp4l[342.682]: port 2: defaultDS.priority1 probably misconfigured
ptp4l[343.284]: selected best master clock 52105f.fffe.27d9ab
ptp4l[343.285]: foreign master not using PTP timescale
ptp4l[343.676]: selected best master clock 52105f.fffe.27d9ab
ptp4l[343.676]: foreign master not using PTP timescale
ptp4l[343.677]: port 2: master state recommended in slave only mode
ptp4l[343.678]: port 2: defaultDS.priority1 probably misconfigured
ptp4l[344.208]: selected best master clock 52105f.fffe.27d9ab
ptp4l[344.211]: foreign master not using PTP timescale
ptp4l[344.677]: selected best master clock 52105f.fffe.27d9ab
ptp4l[344.680]: foreign master not using PTP timescale
ptp4l[344.682]: port 2: master state recommended in slave only mode
ptp4l[344.685]: port 2: defaultDS.priority1 probably misconfigured
ptp4l[345.096]: selected best master clock 52105f.fffe.27d9ab
ptp4l[345.098]: foreign master not using PTP timescale
ptp4l[345.427]: selected best master clock 52105f.fffe.27d9ab
ptp4l[345.428]: foreign master not using PTP timescale
ptp4l[345.428]: port 2: master state recommended in slave only mode
ptp4l[345.429]: port 2: defaultDS.priority1 probably misconfigured
ptp4l[345.944]: selected best master clock 52105f.fffe.27d9ab
ptp4l[345.947]: foreign master not using PTP timescale
ptp4l[346.428]: selected best master clock 52105f.fffe.27d9ab
ptp4l[346.430]: foreign master not using PTP timescale
ptp4l[346.433]: port 2: master state recommended in slave only mode
ptp4l[346.435]: port 2: defaultDS.priority1 probably misconfigured
ptp4l[346.740]: selected best master clock 52105f.fffe.27d9ab
ptp4l[346.743]: foreign master not using PTP timescale
