2026-10-05T04:32:38Z start baseline r13 control
baseline__r13__control done
2026-10-05T04:33:48Z start baseline r13 loop
baseline__r13__loop done
2026-10-05T04:34:58Z start A1_rogue_master r13 control
A1_rogue_master__r13__control done
2026-10-05T04:36:08Z start A1_rogue_master r13 loop
A1_rogue_master__r13__loop done
2026-10-05T04:37:19Z start A2_sync_spoof r13 control
A2_sync_spoof__r13__control done
2026-10-05T04:38:29Z start A2_sync_spoof r13 loop
A2_sync_spoof__r13__loop done
2026-10-05T04:39:39Z start A3_replay r13 control
A3_replay__r13__control done
2026-10-05T04:40:49Z start A3_replay r13 loop
A3_replay__r13__loop done
2026-10-05T04:41:59Z start A5_dos_flood r13 control
A5_dos_flood__r13__control done
2026-10-05T04:43:09Z start A5_dos_flood r13 loop
A5_dos_flood__r13__loop done
2026-10-05T04:44:20Z start A8_rogue_bc r13 control
A8_rogue_bc__r13__control done
2026-10-05T04:45:30Z start A8_rogue_bc r13 loop
A8_rogue_bc__r13__loop done
2026-10-05T04:46:40Z start C1_removal r13 control
C1_removal__r13__control done
2026-10-05T04:47:50Z start C1_removal r13 loop
C1_removal__r13__loop done
2026-10-05T04:49:00Z start C2_malformed r13 control
C2_malformed__r13__control done
2026-10-05T04:50:10Z start C2_malformed r13 loop
C2_malformed__r13__loop done
2026-10-05T04:51:21Z start C3_wholesecond r13 control
C3_wholesecond__r13__control done
2026-10-05T04:52:31Z start C3_wholesecond r13 loop
C3_wholesecond__r13__loop done
2026-10-05T04:53:41Z start B2_gm_failover r13 control
B2_gm_failover__r13__control done
2026-10-05T04:54:51Z start B2_gm_failover r13 loop
B2_gm_failover__r13__loop done
2026-10-05T04:56:01Z start B3_pdv_congestion r13 control
B3_pdv_congestion__r13__control done
2026-10-05T04:57:11Z start B3_pdv_congestion r13 loop
B3_pdv_congestion__r13__loop done
2026-10-05T04:58:22Z start B7_topology_change r13 control
B7_topology_change__r13__control done
2026-10-05T04:59:32Z start B7_topology_change r13 loop
B7_topology_change__r13__loop done
2026-10-05T05:00:42Z start B_bc_replacement r13 control
B_bc_replacement__r13__control done
2026-10-05T05:01:52Z start B_bc_replacement r13 loop
B_bc_replacement__r13__loop done
2026-10-05T05:03:02Z start B_unplanned_failover r13 control
B_unplanned_failover__r13__control done
2026-10-05T05:04:12Z start B_unplanned_failover r13 loop
B_unplanned_failover__r13__loop done
2026-10-05T05:05:23Z start baseline r14 loop
baseline__r14__loop done
2026-10-05T05:06:33Z start baseline r14 control
baseline__r14__control done
2026-10-05T05:07:43Z start A1_rogue_master r14 loop
A1_rogue_master__r14__loop done
2026-10-05T05:08:53Z start A1_rogue_master r14 control
A1_rogue_master__r14__control done
2026-10-05T05:10:03Z start A2_sync_spoof r14 loop
A2_sync_spoof__r14__loop done
2026-10-05T05:11:14Z start A2_sync_spoof r14 control
A2_sync_spoof__r14__control done
2026-10-05T05:12:24Z start A3_replay r14 loop
A3_replay__r14__loop done
2026-10-05T05:13:34Z start A3_replay r14 control
A3_replay__r14__control done
2026-10-05T05:14:44Z start A5_dos_flood r14 loop
A5_dos_flood__r14__loop done
2026-10-05T05:15:54Z start A5_dos_flood r14 control
A5_dos_flood__r14__control done
2026-10-05T05:17:05Z start A8_rogue_bc r14 loop
A8_rogue_bc__r14__loop done
2026-10-05T05:18:15Z start A8_rogue_bc r14 control
A8_rogue_bc__r14__control done
2026-10-05T05:19:25Z start C1_removal r14 loop
C1_removal__r14__loop done
2026-10-05T05:20:35Z start C1_removal r14 control
C1_removal__r14__control done
2026-10-05T05:21:45Z start C2_malformed r14 loop
C2_malformed__r14__loop done
2026-10-05T05:22:56Z start C2_malformed r14 control
C2_malformed__r14__control done
2026-10-05T05:24:06Z start C3_wholesecond r14 loop
C3_wholesecond__r14__loop done
2026-10-05T05:25:16Z start C3_wholesecond r14 control
C3_wholesecond__r14__control done
2026-10-05T05:26:26Z start B2_gm_failover r14 loop
B2_gm_failover__r14__loop done
2026-10-05T05:27:36Z start B2_gm_failover r14 control
B2_gm_failover__r14__control done
2026-10-05T05:28:46Z start B3_pdv_congestion r14 loop
B3_pdv_congestion__r14__loop done
2026-10-05T05:29:57Z start B3_pdv_congestion r14 control
B3_pdv_congestion__r14__control done
2026-10-05T05:31:07Z start B7_topology_change r14 loop
B7_topology_change__r14__loop done
2026-10-05T05:32:17Z start B7_topology_change r14 control
B7_topology_change__r14__control done
2026-10-05T05:33:27Z start B_bc_replacement r14 loop
B_bc_replacement__r14__loop done
2026-10-05T05:34:37Z start B_bc_replacement r14 control
B_bc_replacement__r14__control done
2026-10-05T05:35:47Z start B_unplanned_failover r14 loop
B_unplanned_failover__r14__loop done
2026-10-05T05:36:58Z start B_unplanned_failover r14 control
B_unplanned_failover__r14__control done
2026-10-05T05:38:08Z start baseline r15 control
baseline__r15__control done
2026-10-05T05:39:18Z start baseline r15 loop
baseline__r15__loop done
2026-10-05T05:40:28Z start A1_rogue_master r15 control
A1_rogue_master__r15__control done
2026-10-05T05:41:38Z start A1_rogue_master r15 loop
A1_rogue_master__r15__loop done
2026-10-05T05:42:49Z start A2_sync_spoof r15 control
A2_sync_spoof__r15__control done
2026-10-05T05:43:59Z start A2_sync_spoof r15 loop
A2_sync_spoof__r15__loop done
2026-10-05T05:45:09Z start A3_replay r15 control
A3_replay__r15__control done
2026-10-05T05:46:19Z start A3_replay r15 loop
A3_replay__r15__loop done
2026-10-05T05:47:29Z start A5_dos_flood r15 control
A5_dos_flood__r15__control done
2026-10-05T05:48:40Z start A5_dos_flood r15 loop
A5_dos_flood__r15__loop done
2026-10-05T05:49:50Z start A8_rogue_bc r15 control
A8_rogue_bc__r15__control done
2026-10-05T05:51:00Z start A8_rogue_bc r15 loop
A8_rogue_bc__r15__loop done
2026-10-05T05:52:10Z start C1_removal r15 control
C1_removal__r15__control done
2026-10-05T05:53:20Z start C1_removal r15 loop
C1_removal__r15__loop done
2026-10-05T05:54:31Z start C2_malformed r15 control
C2_malformed__r15__control done
2026-10-05T05:55:41Z start C2_malformed r15 loop
C2_malformed__r15__loop done
2026-10-05T05:56:51Z start C3_wholesecond r15 control
C3_wholesecond__r15__control done
2026-10-05T05:58:01Z start C3_wholesecond r15 loop
C3_wholesecond__r15__loop done
2026-10-05T05:59:11Z start B2_gm_failover r15 control
B2_gm_failover__r15__control done
2026-10-05T06:00:22Z start B2_gm_failover r15 loop
B2_gm_failover__r15__loop done
2026-10-05T06:01:32Z start B3_pdv_congestion r15 control
B3_pdv_congestion__r15__control done
2026-10-05T06:02:42Z start B3_pdv_congestion r15 loop
B3_pdv_congestion__r15__loop done
2026-10-05T06:03:52Z start B7_topology_change r15 control
B7_topology_change__r15__control done
2026-10-05T06:05:02Z start B7_topology_change r15 loop
B7_topology_change__r15__loop done
2026-10-05T06:06:13Z start B_bc_replacement r15 control
B_bc_replacement__r15__control done
2026-10-05T06:07:23Z start B_bc_replacement r15 loop
B_bc_replacement__r15__loop done
2026-10-05T06:08:33Z start B_unplanned_failover r15 control
B_unplanned_failover__r15__control done
2026-10-05T06:09:44Z start B_unplanned_failover r15 loop
B_unplanned_failover__r15__loop done
2026-10-05T06:10:54Z start baseline r16 loop
baseline__r16__loop done
2026-10-05T06:12:04Z start baseline r16 control
baseline__r16__control done
2026-10-05T06:13:15Z start A1_rogue_master r16 loop
A1_rogue_master__r16__loop done
2026-10-05T06:14:25Z start A1_rogue_master r16 control
A1_rogue_master__r16__control done
2026-10-05T06:15:35Z start A2_sync_spoof r16 loop
A2_sync_spoof__r16__loop done
2026-10-05T06:16:46Z start A2_sync_spoof r16 control
A2_sync_spoof__r16__control done
2026-10-05T06:17:56Z start A3_replay r16 loop
A3_replay__r16__loop done
2026-10-05T06:19:06Z start A3_replay r16 control
A3_replay__r16__control done
2026-10-05T06:20:17Z start A5_dos_flood r16 loop
A5_dos_flood__r16__loop done
2026-10-05T06:21:27Z start A5_dos_flood r16 control
A5_dos_flood__r16__control done
2026-10-05T06:22:37Z start A8_rogue_bc r16 loop
A8_rogue_bc__r16__loop done
2026-10-05T06:23:48Z start A8_rogue_bc r16 control
A8_rogue_bc__r16__control done
2026-10-05T06:24:58Z start C1_removal r16 loop
C1_removal__r16__loop done
2026-10-05T06:26:08Z start C1_removal r16 control
C1_removal__r16__control done
2026-10-05T06:27:19Z start C2_malformed r16 loop
C2_malformed__r16__loop done
2026-10-05T06:28:29Z start C2_malformed r16 control
C2_malformed__r16__control done
2026-10-05T06:29:39Z start C3_wholesecond r16 loop
C3_wholesecond__r16__loop done
2026-10-05T06:30:50Z start C3_wholesecond r16 control
C3_wholesecond__r16__control done
2026-10-05T06:32:00Z start B2_gm_failover r16 loop
B2_gm_failover__r16__loop done
2026-10-05T06:33:10Z start B2_gm_failover r16 control
B2_gm_failover__r16__control done
2026-10-05T06:34:21Z start B3_pdv_congestion r16 loop
B3_pdv_congestion__r16__loop done
2026-10-05T06:35:31Z start B3_pdv_congestion r16 control
B3_pdv_congestion__r16__control done
2026-10-05T06:36:42Z start B7_topology_change r16 loop
B7_topology_change__r16__loop done
2026-10-05T06:37:52Z start B7_topology_change r16 control
B7_topology_change__r16__control done
2026-10-05T06:39:02Z start B_bc_replacement r16 loop
B_bc_replacement__r16__loop done
2026-10-05T06:40:12Z start B_bc_replacement r16 control
B_bc_replacement__r16__control done
2026-10-05T06:41:23Z start B_unplanned_failover r16 loop
B_unplanned_failover__r16__loop done
2026-10-05T06:42:33Z start B_unplanned_failover r16 control
B_unplanned_failover__r16__control done
2026-10-05T06:43:43Z start baseline r17 control
baseline__r17__control done
2026-10-05T06:44:54Z start baseline r17 loop
baseline__r17__loop done
2026-10-05T06:46:04Z start A1_rogue_master r17 control
A1_rogue_master__r17__control done
2026-10-05T06:47:15Z start A1_rogue_master r17 loop
A1_rogue_master__r17__loop done
2026-10-05T06:48:25Z start A2_sync_spoof r17 control
A2_sync_spoof__r17__control done
2026-10-05T06:49:35Z start A2_sync_spoof r17 loop
A2_sync_spoof__r17__loop done
2026-10-05T06:50:46Z start A3_replay r17 control
A3_replay__r17__control done
2026-10-05T06:51:56Z start A3_replay r17 loop
A3_replay__r17__loop done
2026-10-05T06:53:06Z start A5_dos_flood r17 control
A5_dos_flood__r17__control done
2026-10-05T06:54:16Z start A5_dos_flood r17 loop
A5_dos_flood__r17__loop done
2026-10-05T06:55:27Z start A8_rogue_bc r17 control
A8_rogue_bc__r17__control done
2026-10-05T06:56:37Z start A8_rogue_bc r17 loop
A8_rogue_bc__r17__loop done
2026-10-05T06:57:47Z start C1_removal r17 control
C1_removal__r17__control done
2026-10-05T06:58:57Z start C1_removal r17 loop
C1_removal__r17__loop done
2026-10-05T07:00:07Z start C2_malformed r17 control
C2_malformed__r17__control done
2026-10-05T07:01:18Z start C2_malformed r17 loop
C2_malformed__r17__loop done
2026-10-05T07:02:28Z start C3_wholesecond r17 control
C3_wholesecond__r17__control done
2026-10-05T07:03:38Z start C3_wholesecond r17 loop
C3_wholesecond__r17__loop done
2026-10-05T07:04:48Z start B2_gm_failover r17 control
B2_gm_failover__r17__control done
2026-10-05T07:05:59Z start B2_gm_failover r17 loop
B2_gm_failover__r17__loop done
2026-10-05T07:07:09Z start B3_pdv_congestion r17 control
B3_pdv_congestion__r17__control done
2026-10-05T07:08:19Z start B3_pdv_congestion r17 loop
B3_pdv_congestion__r17__loop done
2026-10-05T07:09:29Z start B7_topology_change r17 control
B7_topology_change__r17__control done
2026-10-05T07:10:39Z start B7_topology_change r17 loop
B7_topology_change__r17__loop done
2026-10-05T07:11:50Z start B_bc_replacement r17 control
B_bc_replacement__r17__control done
2026-10-05T07:13:00Z start B_bc_replacement r17 loop
B_bc_replacement__r17__loop done
2026-10-05T07:14:10Z start B_unplanned_failover r17 control
B_unplanned_failover__r17__control done
2026-10-05T07:15:21Z start B_unplanned_failover r17 loop
B_unplanned_failover__r17__loop done
CAMPAIGN_DONE
