ptp4l[199.268]: port 1: INITIALIZING to LISTENING on INIT_COMPLETE
ptp4l[199.269]: port 0: INITIALIZING to LISTENING on INIT_COMPLETE
ptp4l[200.076]: selected local clock 4a87fb.fffe.8bf345 as best master
ptp4l[200.088]: port 1: new foreign master ee84ac.fffe.4ebd81-1
ptp4l[200.229]: port 1: new foreign master 4a4343.fffe.6b8bce-1
ptp4l[200.588]: selected best master clock ee84ac.fffe.4ebd81
ptp4l[200.589]: foreign master not using PTP timescale
ptp4l[200.589]: port 1: LISTENING to UNCALIBRATED on RS_SLAVE
ptp4l[200.729]: selected best master clock ee84ac.fffe.4ebd81
ptp4l[200.730]: foreign master not using PTP timescale
ptp4l[214.996]: port 1: UNCALIBRATED to LISTENING on ANNOUNCE_RECEIPT_TIMEOUT_EXPIRES
ptp4l[214.997]: selected best master clock 4a4343.fffe.6b8bce
ptp4l[214.998]: port 1: assuming the grand master role
ptp4l[214.999]: port 1: master state recommended in slave only mode
ptp4l[215.000]: port 1: defaultDS.priority1 probably misconfigured
ptp4l[216.028]: selected local clock 4a87fb.fffe.8bf345 as best master
ptp4l[216.488]: selected best master clock 4a4343.fffe.6b8bce
ptp4l[216.488]: port 1: assuming the grand master role
ptp4l[216.489]: port 1: master state recommended in slave only mode
ptp4l[216.489]: port 1: defaultDS.priority1 probably misconfigured
ptp4l[216.804]: selected local clock 4a87fb.fffe.8bf345 as best master
ptp4l[217.238]: selected best master clock 4a4343.fffe.6b8bce
ptp4l[217.238]: port 1: assuming the grand master role
ptp4l[217.239]: port 1: master state recommended in slave only mode
ptp4l[217.239]: port 1: defaultDS.priority1 probably misconfigured
ptp4l[217.736]: selected local clock 4a87fb.fffe.8bf345 as best master
ptp4l[217.988]: selected best master clock 4a4343.fffe.6b8bce
ptp4l[217.989]: port 1: assuming the grand master role
ptp4l[217.990]: port 1: master state recommended in slave only mode
ptp4l[217.990]: port 1: defaultDS.priority1 probably misconfigured
ptp4l[218.572]: selected local clock 4a87fb.fffe.8bf345 as best master
ptp4l[218.989]: selected best master clock 4a4343.fffe.6b8bce
ptp4l[218.989]: port 1: assuming the grand master role
ptp4l[218.990]: port 1: master state recommended in slave only mode
ptp4l[218.990]: port 1: defaultDS.priority1 probably misconfigured
ptp4l[219.564]: selected local clock 4a87fb.fffe.8bf345 as best master
ptp4l[219.989]: selected best master clock 4a4343.fffe.6b8bce
ptp4l[219.990]: port 1: assuming the grand master role
ptp4l[219.990]: port 1: master state recommended in slave only mode
ptp4l[219.990]: port 1: defaultDS.priority1 probably misconfigured
ptp4l[220.564]: selected local clock 4a87fb.fffe.8bf345 as best master
ptp4l[220.989]: selected best master clock 4a4343.fffe.6b8bce
ptp4l[220.990]: port 1: assuming the grand master role
ptp4l[220.990]: port 1: master state recommended in slave only mode
ptp4l[220.991]: port 1: defaultDS.priority1 probably misconfigured
ptp4l[221.328]: selected local clock 4a87fb.fffe.8bf345 as best master
ptp4l[221.740]: selected best master clock 4a4343.fffe.6b8bce
ptp4l[221.740]: port 1: assuming the grand master role
ptp4l[221.741]: port 1: master state recommended in slave only mode
ptp4l[221.741]: port 1: defaultDS.priority1 probably misconfigured
ptp4l[222.264]: selected local clock 4a87fb.fffe.8bf345 as best master
ptp4l[222.740]: selected best master clock 4a4343.fffe.6b8bce
ptp4l[222.741]: port 1: assuming the grand master role
ptp4l[222.742]: port 1: master state recommended in slave only mode
ptp4l[222.743]: port 1: defaultDS.priority1 probably misconfigured
ptp4l[223.180]: selected local clock 4a87fb.fffe.8bf345 as best master
ptp4l[223.491]: selected best master clock 4a4343.fffe.6b8bce
ptp4l[223.491]: port 1: assuming the grand master role
ptp4l[223.492]: port 1: master state recommended in slave only mode
ptp4l[223.493]: port 1: defaultDS.priority1 probably misconfigured
ptp4l[224.164]: selected local clock 4a87fb.fffe.8bf345 as best master
ptp4l[224.491]: selected best master clock 4a4343.fffe.6b8bce
ptp4l[224.492]: port 1: assuming the grand master role
ptp4l[224.493]: port 1: master state recommended in slave only mode
ptp4l[224.494]: port 1: defaultDS.priority1 probably misconfigured
ptp4l[225.040]: selected local clock 4a87fb.fffe.8bf345 as best master
ptp4l[225.492]: selected best master clock 4a4343.fffe.6b8bce
ptp4l[225.493]: port 1: assuming the grand master role
ptp4l[225.494]: port 1: master state recommended in slave only mode
ptp4l[225.494]: port 1: defaultDS.priority1 probably misconfigured
ptp4l[225.928]: selected local clock 4a87fb.fffe.8bf345 as best master
ptp4l[226.242]: selected best master clock 4a4343.fffe.6b8bce
ptp4l[226.244]: port 1: assuming the grand master role
ptp4l[226.245]: port 1: master state recommended in slave only mode
ptp4l[226.247]: port 1: defaultDS.priority1 probably misconfigured
