ptp4l[38.792]: port 1: INITIALIZING to LISTENING on INIT_COMPLETE
ptp4l[38.793]: port 0: INITIALIZING to LISTENING on INIT_COMPLETE
ptp4l[39.594]: port 1: new foreign master 6e5f92.fffe.2080cc-1
ptp4l[39.664]: selected local clock a6d5d7.fffe.e6b574 as best master
ptp4l[39.733]: port 1: new foreign master 7e380f.fffe.afb783-1
ptp4l[40.095]: selected best master clock 6e5f92.fffe.2080cc
ptp4l[40.098]: foreign master not using PTP timescale
ptp4l[40.102]: port 1: LISTENING to UNCALIBRATED on RS_SLAVE
ptp4l[40.233]: selected best master clock 7e380f.fffe.afb783
ptp4l[40.237]: foreign master not using PTP timescale
ptp4l[40.597]: selected best master clock 7e380f.fffe.afb783
ptp4l[40.599]: foreign master not using PTP timescale
ptp4l[41.099]: selected best master clock 7e380f.fffe.afb783
ptp4l[41.101]: foreign master not using PTP timescale
ptp4l[41.600]: selected best master clock 7e380f.fffe.afb783
ptp4l[41.602]: foreign master not using PTP timescale
ptp4l[42.101]: selected best master clock 7e380f.fffe.afb783
ptp4l[42.102]: foreign master not using PTP timescale
ptp4l[42.602]: selected best master clock 7e380f.fffe.afb783
ptp4l[42.605]: foreign master not using PTP timescale
ptp4l[43.104]: selected best master clock 7e380f.fffe.afb783
ptp4l[43.106]: foreign master not using PTP timescale
ptp4l[43.605]: selected best master clock 7e380f.fffe.afb783
ptp4l[43.608]: foreign master not using PTP timescale
ptp4l[44.106]: selected best master clock 7e380f.fffe.afb783
ptp4l[44.109]: foreign master not using PTP timescale
ptp4l[44.607]: selected best master clock 7e380f.fffe.afb783
ptp4l[44.611]: foreign master not using PTP timescale
ptp4l[45.108]: selected best master clock 7e380f.fffe.afb783
ptp4l[45.111]: foreign master not using PTP timescale
ptp4l[45.608]: selected best master clock 7e380f.fffe.afb783
ptp4l[45.609]: foreign master not using PTP timescale
ptp4l[46.110]: selected best master clock 7e380f.fffe.afb783
ptp4l[46.113]: foreign master not using PTP timescale
ptp4l[46.611]: selected best master clock 7e380f.fffe.afb783
ptp4l[46.614]: foreign master not using PTP timescale
ptp4l[47.112]: selected best master clock 7e380f.fffe.afb783
ptp4l[47.114]: foreign master not using PTP timescale
ptp4l[47.613]: selected best master clock 7e380f.fffe.afb783
ptp4l[47.617]: foreign master not using PTP timescale
ptp4l[48.114]: selected best master clock 7e380f.fffe.afb783
ptp4l[48.117]: foreign master not using PTP timescale
ptp4l[48.616]: selected best master clock 7e380f.fffe.afb783
ptp4l[48.618]: foreign master not using PTP timescale
ptp4l[49.116]: selected best master clock 7e380f.fffe.afb783
ptp4l[49.119]: foreign master not using PTP timescale
ptp4l[49.616]: selected best master clock 7e380f.fffe.afb783
ptp4l[49.617]: foreign master not using PTP timescale
