ptp4l[2073.712]: port 1 (v-ru3): INITIALIZING to LISTENING on INIT_COMPLETE
ptp4l[2073.712]: port 0 (/var/run/p.ru3): INITIALIZING to LISTENING on INIT_COMPLETE
ptp4l[2073.712]: port 0 (/var/run/pr.ru3): INITIALIZING to LISTENING on INIT_COMPLETE
ptp4l[2074.177]: selected local clock 020000.fffe.00000e as best master
ptp4l[2074.226]: port 1 (v-ru3): new foreign master 020000.fffe.000001-2
ptp4l[2074.476]: selected best master clock 020000.fffe.00000a
ptp4l[2074.476]: foreign master not using PTP timescale
ptp4l[2074.476]: port 1 (v-ru3): LISTENING to UNCALIBRATED on RS_SLAVE
ptp4l[2076.541]: master offset      -2157 s0 freq   -1088 path delay      4034
ptp4l[2078.543]: master offset      -2619 s0 freq     +51 path delay      4599
ptp4l[2080.544]: master offset        625 s0 freq   +1323 path delay      4002
ptp4l[2081.932]: port 1 (v-ru3): new foreign master 020000.fffe.00000a-2
ptp4l[2082.276]: selected best master clock 020000.fffe.00000a
ptp4l[2082.276]: running in a temporal vortex
ptp4l[2082.276]: updating time properties to insert leap second
ptp4l[2082.481]: running in a temporal vortex
ptp4l[2082.731]: running in a temporal vortex
ptp4l[2082.982]: running in a temporal vortex
ptp4l[2083.232]: running in a temporal vortex
ptp4l[2083.482]: running in a temporal vortex
ptp4l[2083.732]: running in a temporal vortex
ptp4l[2083.982]: running in a temporal vortex
ptp4l[2084.232]: running in a temporal vortex
ptp4l[2084.482]: running in a temporal vortex
ptp4l[2084.733]: running in a temporal vortex
ptp4l[2084.983]: running in a temporal vortex
ptp4l[2085.233]: running in a temporal vortex
ptp4l[2085.483]: running in a temporal vortex
ptp4l[2085.733]: running in a temporal vortex
ptp4l[2085.983]: running in a temporal vortex
ptp4l[2086.233]: running in a temporal vortex
ptp4l[2086.483]: running in a temporal vortex
ptp4l[2086.734]: running in a temporal vortex
ptp4l[2086.984]: running in a temporal vortex
ptp4l[2087.234]: running in a temporal vortex
ptp4l[2087.484]: running in a temporal vortex
ptp4l[2087.734]: running in a temporal vortex
ptp4l[2087.984]: running in a temporal vortex
ptp4l[2088.234]: running in a temporal vortex
ptp4l[2088.485]: running in a temporal vortex
ptp4l[2088.735]: running in a temporal vortex
ptp4l[2088.985]: running in a temporal vortex
ptp4l[2089.235]: running in a temporal vortex
ptp4l[2089.485]: running in a temporal vortex
ptp4l[2089.735]: running in a temporal vortex
ptp4l[2089.985]: running in a temporal vortex
ptp4l[2090.236]: running in a temporal vortex
ptp4l[2090.486]: running in a temporal vortex
ptp4l[2090.736]: running in a temporal vortex
ptp4l[2090.986]: running in a temporal vortex
ptp4l[2091.236]: running in a temporal vortex
ptp4l[2091.486]: running in a temporal vortex
ptp4l[2091.737]: running in a temporal vortex
ptp4l[2091.987]: running in a temporal vortex
ptp4l[2092.237]: running in a temporal vortex
ptp4l[2092.487]: running in a temporal vortex
ptp4l[2092.737]: running in a temporal vortex
ptp4l[2092.987]: running in a temporal vortex
ptp4l[2093.237]: running in a temporal vortex
ptp4l[2093.487]: running in a temporal vortex
ptp4l[2093.738]: running in a temporal vortex
ptp4l[2093.988]: running in a temporal vortex
ptp4l[2094.238]: running in a temporal vortex
ptp4l[2094.488]: running in a temporal vortex
ptp4l[2094.738]: running in a temporal vortex
ptp4l[2094.988]: running in a temporal vortex
ptp4l[2095.238]: running in a temporal vortex
ptp4l[2095.489]: running in a temporal vortex
ptp4l[2095.739]: running in a temporal vortex
ptp4l[2095.989]: running in a temporal vortex
ptp4l[2096.239]: running in a temporal vortex
ptp4l[2096.489]: running in a temporal vortex
ptp4l[2096.739]: running in a temporal vortex
ptp4l[2096.989]: running in a temporal vortex
ptp4l[2097.240]: running in a temporal vortex
ptp4l[2097.490]: running in a temporal vortex
ptp4l[2097.740]: running in a temporal vortex
ptp4l[2097.990]: running in a temporal vortex
ptp4l[2098.240]: running in a temporal vortex
ptp4l[2098.490]: running in a temporal vortex
ptp4l[2098.740]: running in a temporal vortex
ptp4l[2098.991]: running in a temporal vortex
ptp4l[2099.241]: running in a temporal vortex
ptp4l[2099.491]: running in a temporal vortex
ptp4l[2099.741]: running in a temporal vortex
ptp4l[2099.991]: running in a temporal vortex
ptp4l[2100.241]: running in a temporal vortex
ptp4l[2100.491]: running in a temporal vortex
ptp4l[2100.742]: running in a temporal vortex
ptp4l[2100.992]: running in a temporal vortex
ptp4l[2101.242]: running in a temporal vortex
ptp4l[2101.492]: running in a temporal vortex
ptp4l[2101.742]: running in a temporal vortex
ptp4l[2101.992]: running in a temporal vortex
ptp4l[2102.242]: running in a temporal vortex
ptp4l[2102.493]: running in a temporal vortex
ptp4l[2102.743]: running in a temporal vortex
ptp4l[2102.993]: running in a temporal vortex
ptp4l[2103.243]: running in a temporal vortex
ptp4l[2103.493]: running in a temporal vortex
ptp4l[2103.743]: running in a temporal vortex
ptp4l[2103.993]: running in a temporal vortex
ptp4l[2104.243]: running in a temporal vortex
ptp4l[2104.494]: running in a temporal vortex
ptp4l[2104.744]: running in a temporal vortex
ptp4l[2104.994]: running in a temporal vortex
ptp4l[2105.244]: running in a temporal vortex
ptp4l[2105.494]: running in a temporal vortex
ptp4l[2105.744]: running in a temporal vortex
ptp4l[2105.995]: running in a temporal vortex
ptp4l[2106.245]: running in a temporal vortex
ptp4l[2106.495]: running in a temporal vortex
ptp4l[2106.745]: running in a temporal vortex
ptp4l[2106.995]: running in a temporal vortex
ptp4l[2107.246]: running in a temporal vortex
ptp4l[2107.497]: running in a temporal vortex
ptp4l[2107.747]: running in a temporal vortex
ptp4l[2107.997]: running in a temporal vortex
ptp4l[2108.248]: running in a temporal vortex
ptp4l[2108.498]: running in a temporal vortex
ptp4l[2108.748]: running in a temporal vortex
ptp4l[2108.998]: running in a temporal vortex
ptp4l[2109.248]: running in a temporal vortex
ptp4l[2109.498]: running in a temporal vortex
ptp4l[2109.749]: running in a temporal vortex
ptp4l[2109.999]: running in a temporal vortex
ptp4l[2110.249]: running in a temporal vortex
ptp4l[2110.499]: running in a temporal vortex
ptp4l[2110.749]: running in a temporal vortex
ptp4l[2110.999]: running in a temporal vortex
ptp4l[2111.251]: running in a temporal vortex
ptp4l[2111.501]: running in a temporal vortex
ptp4l[2111.751]: running in a temporal vortex
ptp4l[2112.001]: running in a temporal vortex
ptp4l[2112.251]: running in a temporal vortex
ptp4l[2112.502]: running in a temporal vortex
ptp4l[2112.752]: running in a temporal vortex
ptp4l[2113.002]: running in a temporal vortex
ptp4l[2113.252]: running in a temporal vortex
ptp4l[2113.502]: running in a temporal vortex
