ptp4l[94.512]: port 1: INITIALIZING to LISTENING on INIT_COMPLETE
ptp4l[94.513]: port 0: INITIALIZING to LISTENING on INIT_COMPLETE
ptp4l[95.318]: port 1: new foreign master eaa247.fffe.124750-1
ptp4l[95.444]: selected local clock 1a8d8c.fffe.4552ef as best master
ptp4l[95.636]: port 1: new foreign master a6a7ee.fffe.e0361c-1
ptp4l[95.819]: selected best master clock eaa247.fffe.124750
ptp4l[95.820]: foreign master not using PTP timescale
ptp4l[95.822]: port 1: LISTENING to UNCALIBRATED on RS_SLAVE
ptp4l[96.136]: selected best master clock a6a7ee.fffe.e0361c
ptp4l[96.137]: foreign master not using PTP timescale
ptp4l[96.569]: selected best master clock a6a7ee.fffe.e0361c
ptp4l[96.569]: foreign master not using PTP timescale
ptp4l[97.069]: selected best master clock a6a7ee.fffe.e0361c
ptp4l[97.070]: foreign master not using PTP timescale
ptp4l[97.570]: selected best master clock a6a7ee.fffe.e0361c
ptp4l[97.571]: foreign master not using PTP timescale
ptp4l[98.072]: selected best master clock a6a7ee.fffe.e0361c
ptp4l[98.072]: foreign master not using PTP timescale
ptp4l[98.572]: selected best master clock a6a7ee.fffe.e0361c
ptp4l[98.573]: foreign master not using PTP timescale
ptp4l[99.072]: selected best master clock a6a7ee.fffe.e0361c
ptp4l[99.073]: foreign master not using PTP timescale
ptp4l[99.572]: selected best master clock a6a7ee.fffe.e0361c
ptp4l[99.573]: foreign master not using PTP timescale
ptp4l[100.073]: selected best master clock a6a7ee.fffe.e0361c
ptp4l[100.076]: foreign master not using PTP timescale
ptp4l[100.573]: selected best master clock a6a7ee.fffe.e0361c
ptp4l[100.574]: foreign master not using PTP timescale
ptp4l[101.074]: selected best master clock a6a7ee.fffe.e0361c
ptp4l[101.077]: foreign master not using PTP timescale
ptp4l[101.574]: selected best master clock a6a7ee.fffe.e0361c
ptp4l[101.575]: foreign master not using PTP timescale
ptp4l[102.074]: selected best master clock a6a7ee.fffe.e0361c
ptp4l[102.075]: foreign master not using PTP timescale
ptp4l[102.576]: selected best master clock a6a7ee.fffe.e0361c
ptp4l[102.578]: foreign master not using PTP timescale
ptp4l[103.075]: selected best master clock a6a7ee.fffe.e0361c
ptp4l[103.077]: foreign master not using PTP timescale
ptp4l[103.576]: selected best master clock a6a7ee.fffe.e0361c
ptp4l[103.577]: foreign master not using PTP timescale
ptp4l[104.076]: selected best master clock a6a7ee.fffe.e0361c
ptp4l[104.077]: foreign master not using PTP timescale
ptp4l[104.576]: selected best master clock a6a7ee.fffe.e0361c
ptp4l[104.577]: foreign master not using PTP timescale
ptp4l[105.077]: selected best master clock a6a7ee.fffe.e0361c
ptp4l[105.078]: foreign master not using PTP timescale
