ptp4l[612.092]: port 1: INITIALIZING to LISTENING on INIT_COMPLETE
ptp4l[612.140]: port 2: INITIALIZING to LISTENING on INIT_COMPLETE
ptp4l[612.141]: port 0: INITIALIZING to LISTENING on INIT_COMPLETE
ptp4l[612.894]: port 2: new foreign master 56784b.fffe.93ed8c-1
ptp4l[612.939]: port 1: new foreign master 82fb98.fffe.e5e70a-1
ptp4l[613.128]: selected local clock 8a5eba.fffe.42d655 as best master
ptp4l[613.188]: selected local clock 8a5eba.fffe.42d655 as best master
ptp4l[613.439]: selected best master clock 82fb98.fffe.e5e70a
ptp4l[613.440]: foreign master not using PTP timescale
ptp4l[613.440]: port 1: LISTENING to UNCALIBRATED on RS_SLAVE
ptp4l[613.644]: selected best master clock 82fb98.fffe.e5e70a
ptp4l[613.646]: foreign master not using PTP timescale
ptp4l[613.647]: port 2: master state recommended in slave only mode
ptp4l[613.648]: port 2: defaultDS.priority1 probably misconfigured
ptp4l[614.148]: selected best master clock 82fb98.fffe.e5e70a
ptp4l[614.148]: foreign master not using PTP timescale
ptp4l[614.645]: selected best master clock 82fb98.fffe.e5e70a
ptp4l[614.646]: foreign master not using PTP timescale
ptp4l[614.647]: port 2: master state recommended in slave only mode
ptp4l[614.648]: port 2: defaultDS.priority1 probably misconfigured
ptp4l[614.968]: selected best master clock 82fb98.fffe.e5e70a
ptp4l[614.968]: foreign master not using PTP timescale
ptp4l[615.395]: selected best master clock 82fb98.fffe.e5e70a
ptp4l[615.396]: foreign master not using PTP timescale
ptp4l[615.397]: port 2: master state recommended in slave only mode
ptp4l[615.398]: port 2: defaultDS.priority1 probably misconfigured
ptp4l[615.924]: selected best master clock 82fb98.fffe.e5e70a
ptp4l[615.925]: foreign master not using PTP timescale
ptp4l[616.395]: selected best master clock 82fb98.fffe.e5e70a
ptp4l[616.397]: foreign master not using PTP timescale
ptp4l[616.399]: port 2: master state recommended in slave only mode
ptp4l[616.400]: port 2: defaultDS.priority1 probably misconfigured
ptp4l[616.792]: selected best master clock 82fb98.fffe.e5e70a
ptp4l[616.793]: foreign master not using PTP timescale
ptp4l[617.147]: selected best master clock 82fb98.fffe.e5e70a
ptp4l[617.148]: foreign master not using PTP timescale
ptp4l[617.149]: port 2: master state recommended in slave only mode
ptp4l[617.150]: port 2: defaultDS.priority1 probably misconfigured
ptp4l[617.580]: selected best master clock 82fb98.fffe.e5e70a
ptp4l[617.581]: foreign master not using PTP timescale
ptp4l[617.897]: selected best master clock 82fb98.fffe.e5e70a
ptp4l[617.898]: foreign master not using PTP timescale
ptp4l[617.899]: port 2: master state recommended in slave only mode
ptp4l[617.900]: port 2: defaultDS.priority1 probably misconfigured
ptp4l[618.524]: selected best master clock 82fb98.fffe.e5e70a
ptp4l[618.525]: foreign master not using PTP timescale
ptp4l[618.897]: selected best master clock 82fb98.fffe.e5e70a
ptp4l[618.898]: foreign master not using PTP timescale
ptp4l[618.899]: port 2: master state recommended in slave only mode
ptp4l[618.900]: port 2: defaultDS.priority1 probably misconfigured
ptp4l[619.376]: selected best master clock 82fb98.fffe.e5e70a
ptp4l[619.377]: foreign master not using PTP timescale
ptp4l[619.648]: selected best master clock 82fb98.fffe.e5e70a
ptp4l[619.649]: foreign master not using PTP timescale
ptp4l[619.649]: port 2: master state recommended in slave only mode
ptp4l[619.650]: port 2: defaultDS.priority1 probably misconfigured
ptp4l[620.236]: selected best master clock 82fb98.fffe.e5e70a
ptp4l[620.237]: foreign master not using PTP timescale
ptp4l[620.648]: selected best master clock 82fb98.fffe.e5e70a
ptp4l[620.649]: foreign master not using PTP timescale
ptp4l[620.650]: port 2: master state recommended in slave only mode
ptp4l[620.650]: port 2: defaultDS.priority1 probably misconfigured
ptp4l[621.012]: selected best master clock 82fb98.fffe.e5e70a
ptp4l[621.013]: foreign master not using PTP timescale
ptp4l[621.398]: selected best master clock 82fb98.fffe.e5e70a
ptp4l[621.399]: foreign master not using PTP timescale
ptp4l[621.400]: port 2: master state recommended in slave only mode
ptp4l[621.401]: port 2: defaultDS.priority1 probably misconfigured
ptp4l[621.828]: selected best master clock 82fb98.fffe.e5e70a
ptp4l[621.829]: foreign master not using PTP timescale
ptp4l[622.149]: selected best master clock 82fb98.fffe.e5e70a
ptp4l[622.150]: foreign master not using PTP timescale
ptp4l[622.150]: port 2: master state recommended in slave only mode
ptp4l[622.151]: port 2: defaultDS.priority1 probably misconfigured
ptp4l[622.584]: selected best master clock 82fb98.fffe.e5e70a
ptp4l[622.585]: foreign master not using PTP timescale
ptp4l[622.899]: selected best master clock 82fb98.fffe.e5e70a
ptp4l[622.901]: foreign master not using PTP timescale
ptp4l[622.902]: port 2: master state recommended in slave only mode
ptp4l[622.902]: port 2: defaultDS.priority1 probably misconfigured
ptp4l[623.460]: selected best master clock 82fb98.fffe.e5e70a
ptp4l[623.461]: foreign master not using PTP timescale
ptp4l[623.899]: selected best master clock 82fb98.fffe.e5e70a
ptp4l[623.900]: foreign master not using PTP timescale
ptp4l[623.901]: port 2: master state recommended in slave only mode
ptp4l[623.902]: port 2: defaultDS.priority1 probably misconfigured
ptp4l[624.296]: selected best master clock 82fb98.fffe.e5e70a
ptp4l[624.297]: foreign master not using PTP timescale
ptp4l[624.650]: selected best master clock 82fb98.fffe.e5e70a
ptp4l[624.651]: foreign master not using PTP timescale
ptp4l[624.652]: port 2: master state recommended in slave only mode
ptp4l[624.653]: port 2: defaultDS.priority1 probably misconfigured
ptp4l[625.284]: selected best master clock 82fb98.fffe.e5e70a
ptp4l[625.285]: foreign master not using PTP timescale
ptp4l[625.650]: selected best master clock 82fb98.fffe.e5e70a
ptp4l[625.651]: foreign master not using PTP timescale
ptp4l[625.652]: port 2: master state recommended in slave only mode
ptp4l[625.652]: port 2: defaultDS.priority1 probably misconfigured
ptp4l[626.192]: selected best master clock 82fb98.fffe.e5e70a
ptp4l[626.193]: foreign master not using PTP timescale
ptp4l[626.650]: selected best master clock 82fb98.fffe.e5e70a
ptp4l[626.651]: foreign master not using PTP timescale
ptp4l[626.652]: port 2: master state recommended in slave only mode
ptp4l[626.653]: port 2: defaultDS.priority1 probably misconfigured
ptp4l[626.988]: selected best master clock 82fb98.fffe.e5e70a
ptp4l[626.990]: foreign master not using PTP timescale
ptp4l[627.401]: selected best master clock 82fb98.fffe.e5e70a
ptp4l[627.402]: foreign master not using PTP timescale
ptp4l[627.403]: port 2: master state recommended in slave only mode
ptp4l[627.404]: port 2: defaultDS.priority1 probably misconfigured
ptp4l[627.764]: selected best master clock 82fb98.fffe.e5e70a
ptp4l[627.765]: foreign master not using PTP timescale
ptp4l[628.151]: selected best master clock 82fb98.fffe.e5e70a
ptp4l[628.152]: foreign master not using PTP timescale
ptp4l[628.153]: port 2: master state recommended in slave only mode
ptp4l[628.154]: port 2: defaultDS.priority1 probably misconfigured
ptp4l[628.752]: selected best master clock 82fb98.fffe.e5e70a
ptp4l[628.752]: foreign master not using PTP timescale
ptp4l[629.152]: selected best master clock 82fb98.fffe.e5e70a
ptp4l[629.155]: foreign master not using PTP timescale
ptp4l[629.158]: port 2: master state recommended in slave only mode
ptp4l[629.162]: port 2: defaultDS.priority1 probably misconfigured
ptp4l[629.576]: rms 2096 max 4250 freq   +256 +/- 1287 delay 14225 +/- 2143
ptp4l[629.652]: selected best master clock 82fb98.fffe.e5e70a
ptp4l[629.653]: foreign master not using PTP timescale
ptp4l[629.903]: selected best master clock 82fb98.fffe.e5e70a
ptp4l[629.905]: foreign master not using PTP timescale
ptp4l[629.908]: port 2: master state recommended in slave only mode
ptp4l[629.911]: port 2: defaultDS.priority1 probably misconfigured
ptp4l[630.456]: selected best master clock 82fb98.fffe.e5e70a
ptp4l[630.457]: foreign master not using PTP timescale
ptp4l[630.903]: selected best master clock 82fb98.fffe.e5e70a
ptp4l[630.904]: foreign master not using PTP timescale
ptp4l[630.905]: port 2: master state recommended in slave only mode
ptp4l[630.906]: port 2: defaultDS.priority1 probably misconfigured
ptp4l[631.316]: selected best master clock 82fb98.fffe.e5e70a
ptp4l[631.318]: foreign master not using PTP timescale
ptp4l[631.653]: selected best master clock 82fb98.fffe.e5e70a
ptp4l[631.655]: foreign master not using PTP timescale
ptp4l[631.656]: port 2: master state recommended in slave only mode
ptp4l[631.657]: port 2: defaultDS.priority1 probably misconfigured
ptp4l[632.236]: selected best master clock 82fb98.fffe.e5e70a
ptp4l[632.237]: foreign master not using PTP timescale
ptp4l[632.654]: selected best master clock 82fb98.fffe.e5e70a
ptp4l[632.657]: foreign master not using PTP timescale
ptp4l[632.659]: port 2: master state recommended in slave only mode
ptp4l[632.661]: port 2: defaultDS.priority1 probably misconfigured
ptp4l[633.176]: selected best master clock 82fb98.fffe.e5e70a
ptp4l[633.177]: foreign master not using PTP timescale
ptp4l[633.654]: selected best master clock 82fb98.fffe.e5e70a
ptp4l[633.655]: foreign master not using PTP timescale
ptp4l[633.656]: port 2: master state recommended in slave only mode
ptp4l[633.657]: port 2: defaultDS.priority1 probably misconfigured
ptp4l[634.128]: selected best master clock 82fb98.fffe.e5e70a
ptp4l[634.128]: foreign master not using PTP timescale
ptp4l[634.405]: selected best master clock 82fb98.fffe.e5e70a
ptp4l[634.407]: foreign master not using PTP timescale
ptp4l[634.408]: port 2: master state recommended in slave only mode
ptp4l[634.410]: port 2: defaultDS.priority1 probably misconfigured
ptp4l[635.112]: selected best master clock 82fb98.fffe.e5e70a
ptp4l[635.115]: foreign master not using PTP timescale
ptp4l[635.406]: selected best master clock 82fb98.fffe.e5e70a
ptp4l[635.406]: foreign master not using PTP timescale
ptp4l[635.407]: port 2: master state recommended in slave only mode
ptp4l[635.408]: port 2: defaultDS.priority1 probably misconfigured
ptp4l[636.064]: selected best master clock 82fb98.fffe.e5e70a
ptp4l[636.067]: foreign master not using PTP timescale
ptp4l[636.407]: selected best master clock 82fb98.fffe.e5e70a
ptp4l[636.408]: foreign master not using PTP timescale
ptp4l[636.409]: port 2: master state recommended in slave only mode
ptp4l[636.410]: port 2: defaultDS.priority1 probably misconfigured
ptp4l[636.964]: selected best master clock 82fb98.fffe.e5e70a
ptp4l[636.965]: foreign master not using PTP timescale
ptp4l[637.407]: selected best master clock 82fb98.fffe.e5e70a
ptp4l[637.408]: foreign master not using PTP timescale
ptp4l[637.409]: port 2: master state recommended in slave only mode
ptp4l[637.409]: port 2: defaultDS.priority1 probably misconfigured
ptp4l[637.864]: selected best master clock 82fb98.fffe.e5e70a
ptp4l[637.864]: foreign master not using PTP timescale
ptp4l[638.158]: selected best master clock 82fb98.fffe.e5e70a
ptp4l[638.160]: foreign master not using PTP timescale
ptp4l[638.162]: port 2: master state recommended in slave only mode
ptp4l[638.164]: port 2: defaultDS.priority1 probably misconfigured
ptp4l[638.700]: selected best master clock 82fb98.fffe.e5e70a
ptp4l[638.701]: foreign master not using PTP timescale
ptp4l[639.158]: selected best master clock 82fb98.fffe.e5e70a
ptp4l[639.159]: foreign master not using PTP timescale
ptp4l[639.160]: port 2: master state recommended in slave only mode
ptp4l[639.161]: port 2: defaultDS.priority1 probably misconfigured
ptp4l[639.560]: selected best master clock 82fb98.fffe.e5e70a
ptp4l[639.561]: foreign master not using PTP timescale
ptp4l[639.908]: selected best master clock 82fb98.fffe.e5e70a
ptp4l[639.910]: foreign master not using PTP timescale
ptp4l[639.912]: port 2: master state recommended in slave only mode
ptp4l[639.913]: port 2: defaultDS.priority1 probably misconfigured
ptp4l[640.384]: selected best master clock 82fb98.fffe.e5e70a
ptp4l[640.386]: foreign master not using PTP timescale
ptp4l[640.659]: selected best master clock 82fb98.fffe.e5e70a
ptp4l[640.662]: foreign master not using PTP timescale
ptp4l[640.664]: port 2: master state recommended in slave only mode
ptp4l[640.667]: port 2: defaultDS.priority1 probably misconfigured
ptp4l[641.280]: selected best master clock 82fb98.fffe.e5e70a
ptp4l[641.283]: foreign master not using PTP timescale
ptp4l[641.660]: selected best master clock 82fb98.fffe.e5e70a
ptp4l[641.663]: foreign master not using PTP timescale
ptp4l[641.666]: port 2: master state recommended in slave only mode
ptp4l[641.669]: port 2: defaultDS.priority1 probably misconfigured
ptp4l[642.224]: selected best master clock 82fb98.fffe.e5e70a
ptp4l[642.227]: foreign master not using PTP timescale
ptp4l[642.661]: selected best master clock 82fb98.fffe.e5e70a
ptp4l[642.663]: foreign master not using PTP timescale
ptp4l[642.665]: port 2: master state recommended in slave only mode
ptp4l[642.668]: port 2: defaultDS.priority1 probably misconfigured
ptp4l[643.044]: selected best master clock 82fb98.fffe.e5e70a
ptp4l[643.047]: foreign master not using PTP timescale
ptp4l[643.412]: selected best master clock 82fb98.fffe.e5e70a
ptp4l[643.414]: foreign master not using PTP timescale
ptp4l[643.417]: port 2: master state recommended in slave only mode
ptp4l[643.420]: port 2: defaultDS.priority1 probably misconfigured
ptp4l[643.984]: selected best master clock 82fb98.fffe.e5e70a
ptp4l[643.987]: foreign master not using PTP timescale
ptp4l[644.413]: selected best master clock 82fb98.fffe.e5e70a
ptp4l[644.415]: foreign master not using PTP timescale
ptp4l[644.418]: port 2: master state recommended in slave only mode
ptp4l[644.420]: port 2: defaultDS.priority1 probably misconfigured
ptp4l[644.904]: selected best master clock 82fb98.fffe.e5e70a
ptp4l[644.906]: foreign master not using PTP timescale
ptp4l[645.163]: selected best master clock 82fb98.fffe.e5e70a
ptp4l[645.166]: foreign master not using PTP timescale
ptp4l[645.169]: port 2: master state recommended in slave only mode
ptp4l[645.172]: port 2: defaultDS.priority1 probably misconfigured
ptp4l[645.597]: rms 172077 max 368190 freq   +990 +/- 92386 delay 94609 +/- 48760
ptp4l[645.816]: selected best master clock 82fb98.fffe.e5e70a
ptp4l[645.819]: foreign master not using PTP timescale
ptp4l[646.164]: selected best master clock 82fb98.fffe.e5e70a
ptp4l[646.165]: foreign master not using PTP timescale
ptp4l[646.166]: port 2: master state recommended in slave only mode
ptp4l[646.167]: port 2: defaultDS.priority1 probably misconfigured
ptp4l[646.704]: selected best master clock 82fb98.fffe.e5e70a
ptp4l[646.705]: foreign master not using PTP timescale
ptp4l[647.164]: selected best master clock 82fb98.fffe.e5e70a
ptp4l[647.166]: foreign master not using PTP timescale
ptp4l[647.167]: port 2: master state recommended in slave only mode
ptp4l[647.169]: port 2: defaultDS.priority1 probably misconfigured
ptp4l[647.664]: selected best master clock 82fb98.fffe.e5e70a
ptp4l[647.667]: foreign master not using PTP timescale
ptp4l[647.915]: selected best master clock 82fb98.fffe.e5e70a
ptp4l[647.918]: foreign master not using PTP timescale
ptp4l[647.920]: port 2: master state recommended in slave only mode
ptp4l[647.922]: port 2: defaultDS.priority1 probably misconfigured
ptp4l[648.592]: selected best master clock 82fb98.fffe.e5e70a
ptp4l[648.593]: foreign master not using PTP timescale
ptp4l[648.916]: selected best master clock 82fb98.fffe.e5e70a
ptp4l[648.920]: foreign master not using PTP timescale
ptp4l[648.922]: port 2: master state recommended in slave only mode
ptp4l[648.925]: port 2: defaultDS.priority1 probably misconfigured
ptp4l[649.408]: selected best master clock 82fb98.fffe.e5e70a
ptp4l[649.411]: foreign master not using PTP timescale
ptp4l[649.667]: selected best master clock 82fb98.fffe.e5e70a
ptp4l[649.669]: foreign master not using PTP timescale
ptp4l[649.672]: port 2: master state recommended in slave only mode
ptp4l[649.674]: port 2: defaultDS.priority1 probably misconfigured
ptp4l[650.288]: selected best master clock 82fb98.fffe.e5e70a
ptp4l[650.291]: foreign master not using PTP timescale
ptp4l[650.667]: selected best master clock 82fb98.fffe.e5e70a
ptp4l[650.669]: foreign master not using PTP timescale
ptp4l[650.671]: port 2: master state recommended in slave only mode
ptp4l[650.672]: port 2: defaultDS.priority1 probably misconfigured
ptp4l[651.068]: selected best master clock 82fb98.fffe.e5e70a
ptp4l[651.070]: foreign master not using PTP timescale
ptp4l[651.418]: selected best master clock 82fb98.fffe.e5e70a
ptp4l[651.419]: foreign master not using PTP timescale
ptp4l[651.420]: port 2: master state recommended in slave only mode
ptp4l[651.421]: port 2: defaultDS.priority1 probably misconfigured
ptp4l[652.048]: selected best master clock 82fb98.fffe.e5e70a
ptp4l[652.050]: foreign master not using PTP timescale
ptp4l[652.419]: selected best master clock 82fb98.fffe.e5e70a
ptp4l[652.420]: foreign master not using PTP timescale
ptp4l[652.421]: port 2: master state recommended in slave only mode
ptp4l[652.422]: port 2: defaultDS.priority1 probably misconfigured
ptp4l[652.952]: selected best master clock 82fb98.fffe.e5e70a
ptp4l[652.953]: foreign master not using PTP timescale
ptp4l[653.419]: selected best master clock 82fb98.fffe.e5e70a
ptp4l[653.420]: foreign master not using PTP timescale
ptp4l[653.421]: port 2: master state recommended in slave only mode
ptp4l[653.422]: port 2: defaultDS.priority1 probably misconfigured
ptp4l[653.716]: selected best master clock 82fb98.fffe.e5e70a
ptp4l[653.716]: foreign master not using PTP timescale
ptp4l[654.169]: selected best master clock 82fb98.fffe.e5e70a
ptp4l[654.170]: foreign master not using PTP timescale
ptp4l[654.171]: port 2: master state recommended in slave only mode
ptp4l[654.171]: port 2: defaultDS.priority1 probably misconfigured
ptp4l[654.536]: selected best master clock 82fb98.fffe.e5e70a
ptp4l[654.537]: foreign master not using PTP timescale
ptp4l[654.920]: selected best master clock 82fb98.fffe.e5e70a
ptp4l[654.922]: foreign master not using PTP timescale
ptp4l[654.925]: port 2: master state recommended in slave only mode
ptp4l[654.927]: port 2: defaultDS.priority1 probably misconfigured
ptp4l[655.380]: selected best master clock 82fb98.fffe.e5e70a
ptp4l[655.383]: foreign master not using PTP timescale
ptp4l[655.671]: selected best master clock 82fb98.fffe.e5e70a
ptp4l[655.673]: foreign master not using PTP timescale
ptp4l[655.676]: port 2: master state recommended in slave only mode
ptp4l[655.678]: port 2: defaultDS.priority1 probably misconfigured
ptp4l[656.304]: selected best master clock 82fb98.fffe.e5e70a
ptp4l[656.306]: foreign master not using PTP timescale
ptp4l[656.672]: selected best master clock 82fb98.fffe.e5e70a
ptp4l[656.674]: foreign master not using PTP timescale
ptp4l[656.677]: port 2: master state recommended in slave only mode
ptp4l[656.679]: port 2: defaultDS.priority1 probably misconfigured
ptp4l[657.220]: selected best master clock 82fb98.fffe.e5e70a
ptp4l[657.221]: foreign master not using PTP timescale
ptp4l[657.673]: selected best master clock 82fb98.fffe.e5e70a
ptp4l[657.675]: foreign master not using PTP timescale
ptp4l[657.677]: port 2: master state recommended in slave only mode
ptp4l[657.680]: port 2: defaultDS.priority1 probably misconfigured
ptp4l[658.176]: selected best master clock 82fb98.fffe.e5e70a
ptp4l[658.177]: foreign master not using PTP timescale
ptp4l[658.673]: selected best master clock 82fb98.fffe.e5e70a
ptp4l[658.676]: foreign master not using PTP timescale
ptp4l[658.678]: port 2: master state recommended in slave only mode
ptp4l[658.681]: port 2: defaultDS.priority1 probably misconfigured
ptp4l[659.136]: selected best master clock 82fb98.fffe.e5e70a
ptp4l[659.138]: foreign master not using PTP timescale
ptp4l[659.424]: selected best master clock 82fb98.fffe.e5e70a
ptp4l[659.426]: foreign master not using PTP timescale
ptp4l[659.429]: port 2: master state recommended in slave only mode
ptp4l[659.431]: port 2: defaultDS.priority1 probably misconfigured
