ptp4l[170.628]: port 1: INITIALIZING to LISTENING on INIT_COMPLETE
ptp4l[170.629]: port 0: INITIALIZING to LISTENING on INIT_COMPLETE
ptp4l[171.540]: selected local clock da10fb.fffe.9f3d31 as best master
ptp4l[171.579]: port 1: new foreign master 220470.fffe.8ecbc8-1
ptp4l[171.618]: port 1: new foreign master aa334a.fffe.67e1e2-1
ptp4l[172.079]: selected best master clock 220470.fffe.8ecbc8
ptp4l[172.080]: foreign master not using PTP timescale
ptp4l[172.081]: port 1: LISTENING to UNCALIBRATED on RS_SLAVE
ptp4l[172.118]: selected best master clock aa334a.fffe.67e1e2
ptp4l[172.118]: foreign master not using PTP timescale
ptp4l[172.579]: selected best master clock aa334a.fffe.67e1e2
ptp4l[172.579]: foreign master not using PTP timescale
ptp4l[173.079]: selected best master clock aa334a.fffe.67e1e2
ptp4l[173.079]: foreign master not using PTP timescale
ptp4l[173.579]: selected best master clock aa334a.fffe.67e1e2
ptp4l[173.580]: foreign master not using PTP timescale
ptp4l[174.079]: selected best master clock aa334a.fffe.67e1e2
ptp4l[174.080]: foreign master not using PTP timescale
ptp4l[174.579]: selected best master clock aa334a.fffe.67e1e2
ptp4l[174.580]: foreign master not using PTP timescale
ptp4l[175.080]: selected best master clock aa334a.fffe.67e1e2
ptp4l[175.080]: foreign master not using PTP timescale
ptp4l[175.580]: selected best master clock aa334a.fffe.67e1e2
ptp4l[175.580]: foreign master not using PTP timescale
ptp4l[176.080]: selected best master clock aa334a.fffe.67e1e2
ptp4l[176.081]: foreign master not using PTP timescale
ptp4l[176.580]: selected best master clock aa334a.fffe.67e1e2
ptp4l[176.581]: foreign master not using PTP timescale
ptp4l[177.080]: selected best master clock aa334a.fffe.67e1e2
ptp4l[177.081]: foreign master not using PTP timescale
ptp4l[177.581]: selected best master clock aa334a.fffe.67e1e2
ptp4l[177.581]: foreign master not using PTP timescale
ptp4l[178.081]: selected best master clock aa334a.fffe.67e1e2
ptp4l[178.082]: foreign master not using PTP timescale
ptp4l[178.581]: selected best master clock aa334a.fffe.67e1e2
ptp4l[178.582]: foreign master not using PTP timescale
ptp4l[179.081]: selected best master clock aa334a.fffe.67e1e2
ptp4l[179.082]: foreign master not using PTP timescale
ptp4l[179.582]: selected best master clock aa334a.fffe.67e1e2
ptp4l[179.582]: foreign master not using PTP timescale
ptp4l[180.082]: selected best master clock aa334a.fffe.67e1e2
ptp4l[180.082]: foreign master not using PTP timescale
ptp4l[180.582]: selected best master clock aa334a.fffe.67e1e2
ptp4l[180.583]: foreign master not using PTP timescale
ptp4l[181.082]: selected best master clock aa334a.fffe.67e1e2
ptp4l[181.083]: foreign master not using PTP timescale
ptp4l[181.583]: selected best master clock aa334a.fffe.67e1e2
ptp4l[181.584]: foreign master not using PTP timescale
ptp4l[182.083]: selected best master clock aa334a.fffe.67e1e2
ptp4l[182.086]: foreign master not using PTP timescale
ptp4l[182.583]: selected best master clock aa334a.fffe.67e1e2
ptp4l[182.584]: foreign master not using PTP timescale
ptp4l[183.083]: selected best master clock aa334a.fffe.67e1e2
ptp4l[183.084]: foreign master not using PTP timescale
ptp4l[183.583]: selected best master clock aa334a.fffe.67e1e2
ptp4l[183.585]: foreign master not using PTP timescale
ptp4l[184.084]: selected best master clock aa334a.fffe.67e1e2
ptp4l[184.086]: foreign master not using PTP timescale
ptp4l[184.584]: selected best master clock aa334a.fffe.67e1e2
ptp4l[184.585]: foreign master not using PTP timescale
ptp4l[185.085]: selected best master clock aa334a.fffe.67e1e2
ptp4l[185.086]: foreign master not using PTP timescale
ptp4l[185.585]: selected best master clock aa334a.fffe.67e1e2
ptp4l[185.586]: foreign master not using PTP timescale
ptp4l[186.085]: selected best master clock aa334a.fffe.67e1e2
ptp4l[186.086]: foreign master not using PTP timescale
ptp4l[186.585]: selected best master clock aa334a.fffe.67e1e2
ptp4l[186.586]: foreign master not using PTP timescale
ptp4l[187.086]: selected best master clock aa334a.fffe.67e1e2
ptp4l[187.088]: foreign master not using PTP timescale
ptp4l[187.586]: selected best master clock aa334a.fffe.67e1e2
ptp4l[187.587]: foreign master not using PTP timescale
ptp4l[188.087]: selected best master clock aa334a.fffe.67e1e2
ptp4l[188.089]: foreign master not using PTP timescale
ptp4l[188.255]: rms 7239 max 17300 freq  +2066 +/- 5340 delay 12698 +/- 2726
ptp4l[188.587]: selected best master clock aa334a.fffe.67e1e2
ptp4l[188.587]: foreign master not using PTP timescale
ptp4l[189.087]: selected best master clock aa334a.fffe.67e1e2
ptp4l[189.089]: foreign master not using PTP timescale
ptp4l[189.588]: selected best master clock aa334a.fffe.67e1e2
ptp4l[189.589]: foreign master not using PTP timescale
ptp4l[190.088]: selected best master clock aa334a.fffe.67e1e2
ptp4l[190.088]: foreign master not using PTP timescale
ptp4l[190.588]: selected best master clock aa334a.fffe.67e1e2
ptp4l[190.590]: foreign master not using PTP timescale
ptp4l[191.088]: selected best master clock aa334a.fffe.67e1e2
ptp4l[191.089]: foreign master not using PTP timescale
ptp4l[191.589]: selected best master clock aa334a.fffe.67e1e2
ptp4l[191.591]: foreign master not using PTP timescale
ptp4l[192.089]: selected best master clock aa334a.fffe.67e1e2
ptp4l[192.090]: foreign master not using PTP timescale
ptp4l[192.589]: selected best master clock aa334a.fffe.67e1e2
ptp4l[192.590]: foreign master not using PTP timescale
ptp4l[193.089]: selected best master clock aa334a.fffe.67e1e2
ptp4l[193.090]: foreign master not using PTP timescale
ptp4l[193.590]: selected best master clock aa334a.fffe.67e1e2
ptp4l[193.591]: foreign master not using PTP timescale
ptp4l[194.090]: selected best master clock aa334a.fffe.67e1e2
ptp4l[194.092]: foreign master not using PTP timescale
ptp4l[194.590]: selected best master clock aa334a.fffe.67e1e2
ptp4l[194.593]: foreign master not using PTP timescale
ptp4l[195.090]: selected best master clock aa334a.fffe.67e1e2
ptp4l[195.091]: foreign master not using PTP timescale
ptp4l[195.591]: selected best master clock aa334a.fffe.67e1e2
ptp4l[195.591]: foreign master not using PTP timescale
ptp4l[196.091]: selected best master clock aa334a.fffe.67e1e2
ptp4l[196.091]: foreign master not using PTP timescale
ptp4l[196.591]: selected best master clock aa334a.fffe.67e1e2
ptp4l[196.592]: foreign master not using PTP timescale
ptp4l[197.091]: selected best master clock aa334a.fffe.67e1e2
ptp4l[197.092]: foreign master not using PTP timescale
ptp4l[197.591]: selected best master clock aa334a.fffe.67e1e2
ptp4l[197.592]: foreign master not using PTP timescale
ptp4l[198.092]: selected best master clock aa334a.fffe.67e1e2
ptp4l[198.093]: foreign master not using PTP timescale
ptp4l[198.592]: selected best master clock aa334a.fffe.67e1e2
ptp4l[198.593]: foreign master not using PTP timescale
ptp4l[199.092]: selected best master clock aa334a.fffe.67e1e2
ptp4l[199.093]: foreign master not using PTP timescale
ptp4l[199.593]: selected best master clock aa334a.fffe.67e1e2
ptp4l[199.595]: foreign master not using PTP timescale
ptp4l[200.093]: selected best master clock aa334a.fffe.67e1e2
ptp4l[200.094]: foreign master not using PTP timescale
ptp4l[200.593]: selected best master clock aa334a.fffe.67e1e2
ptp4l[200.596]: foreign master not using PTP timescale
ptp4l[201.093]: selected best master clock aa334a.fffe.67e1e2
ptp4l[201.094]: foreign master not using PTP timescale
ptp4l[201.593]: selected best master clock aa334a.fffe.67e1e2
ptp4l[201.594]: foreign master not using PTP timescale
ptp4l[202.093]: selected best master clock aa334a.fffe.67e1e2
ptp4l[202.094]: foreign master not using PTP timescale
ptp4l[202.593]: selected best master clock aa334a.fffe.67e1e2
ptp4l[202.594]: foreign master not using PTP timescale
ptp4l[203.094]: selected best master clock aa334a.fffe.67e1e2
ptp4l[203.094]: foreign master not using PTP timescale
ptp4l[203.594]: selected best master clock aa334a.fffe.67e1e2
ptp4l[203.595]: foreign master not using PTP timescale
