ptp4l[33.888]: port 1: INITIALIZING to LISTENING on INIT_COMPLETE
ptp4l[33.902]: port 0: INITIALIZING to LISTENING on INIT_COMPLETE
ptp4l[34.753]: port 1: new foreign master 76c5aa.fffe.1e7c41-1
ptp4l[34.856]: selected local clock c63dba.fffe.9a0205 as best master
ptp4l[35.071]: port 1: new foreign master 26ad6e.fffe.81c11f-1
ptp4l[35.253]: selected best master clock 76c5aa.fffe.1e7c41
ptp4l[35.254]: foreign master not using PTP timescale
ptp4l[35.256]: port 1: LISTENING to UNCALIBRATED on RS_SLAVE
ptp4l[35.572]: selected best master clock 26ad6e.fffe.81c11f
ptp4l[35.573]: foreign master not using PTP timescale
ptp4l[36.004]: selected best master clock 26ad6e.fffe.81c11f
ptp4l[36.004]: foreign master not using PTP timescale
ptp4l[36.504]: selected best master clock 26ad6e.fffe.81c11f
ptp4l[36.504]: foreign master not using PTP timescale
ptp4l[37.004]: selected best master clock 26ad6e.fffe.81c11f
ptp4l[37.005]: foreign master not using PTP timescale
ptp4l[37.504]: selected best master clock 26ad6e.fffe.81c11f
ptp4l[37.505]: foreign master not using PTP timescale
ptp4l[38.004]: selected best master clock 26ad6e.fffe.81c11f
ptp4l[38.005]: foreign master not using PTP timescale
ptp4l[38.505]: selected best master clock 26ad6e.fffe.81c11f
ptp4l[38.505]: foreign master not using PTP timescale
ptp4l[39.005]: selected best master clock 26ad6e.fffe.81c11f
ptp4l[39.006]: foreign master not using PTP timescale
ptp4l[39.505]: selected best master clock 26ad6e.fffe.81c11f
ptp4l[39.506]: foreign master not using PTP timescale
ptp4l[40.006]: selected best master clock 26ad6e.fffe.81c11f
ptp4l[40.006]: foreign master not using PTP timescale
ptp4l[40.506]: selected best master clock 26ad6e.fffe.81c11f
ptp4l[40.507]: foreign master not using PTP timescale
ptp4l[41.006]: selected best master clock 26ad6e.fffe.81c11f
ptp4l[41.007]: foreign master not using PTP timescale
ptp4l[41.506]: selected best master clock 26ad6e.fffe.81c11f
ptp4l[41.507]: foreign master not using PTP timescale
ptp4l[42.006]: selected best master clock 26ad6e.fffe.81c11f
ptp4l[42.007]: foreign master not using PTP timescale
ptp4l[42.506]: selected best master clock 26ad6e.fffe.81c11f
ptp4l[42.507]: foreign master not using PTP timescale
ptp4l[43.006]: selected best master clock 26ad6e.fffe.81c11f
ptp4l[43.007]: foreign master not using PTP timescale
ptp4l[43.507]: selected best master clock 26ad6e.fffe.81c11f
ptp4l[43.507]: foreign master not using PTP timescale
ptp4l[44.007]: selected best master clock 26ad6e.fffe.81c11f
ptp4l[44.008]: foreign master not using PTP timescale
ptp4l[44.507]: selected best master clock 26ad6e.fffe.81c11f
ptp4l[44.508]: foreign master not using PTP timescale
ptp4l[45.007]: selected best master clock 26ad6e.fffe.81c11f
ptp4l[45.008]: foreign master not using PTP timescale
ptp4l[45.508]: selected best master clock 26ad6e.fffe.81c11f
ptp4l[45.508]: foreign master not using PTP timescale
ptp4l[46.008]: selected best master clock 26ad6e.fffe.81c11f
ptp4l[46.010]: foreign master not using PTP timescale
ptp4l[46.509]: selected best master clock 26ad6e.fffe.81c11f
ptp4l[46.509]: foreign master not using PTP timescale
ptp4l[47.009]: selected best master clock 26ad6e.fffe.81c11f
ptp4l[47.010]: foreign master not using PTP timescale
ptp4l[47.509]: selected best master clock 26ad6e.fffe.81c11f
ptp4l[47.510]: foreign master not using PTP timescale
ptp4l[48.009]: selected best master clock 26ad6e.fffe.81c11f
ptp4l[48.010]: foreign master not using PTP timescale
ptp4l[48.510]: selected best master clock 26ad6e.fffe.81c11f
ptp4l[48.510]: foreign master not using PTP timescale
ptp4l[49.010]: selected best master clock 26ad6e.fffe.81c11f
ptp4l[49.010]: foreign master not using PTP timescale
ptp4l[49.510]: selected best master clock 26ad6e.fffe.81c11f
ptp4l[49.510]: foreign master not using PTP timescale
ptp4l[50.010]: selected best master clock 26ad6e.fffe.81c11f
ptp4l[50.010]: foreign master not using PTP timescale
ptp4l[50.510]: selected best master clock 26ad6e.fffe.81c11f
ptp4l[50.511]: foreign master not using PTP timescale
ptp4l[51.010]: selected best master clock 26ad6e.fffe.81c11f
ptp4l[51.011]: foreign master not using PTP timescale
ptp4l[51.510]: selected best master clock 26ad6e.fffe.81c11f
ptp4l[51.511]: foreign master not using PTP timescale
ptp4l[51.583]: rms 5170 max 7709 freq   +230 +/- 1765 delay 11454 +/- 1399
ptp4l[52.010]: selected best master clock 26ad6e.fffe.81c11f
ptp4l[52.011]: foreign master not using PTP timescale
ptp4l[52.510]: selected best master clock 26ad6e.fffe.81c11f
ptp4l[52.511]: foreign master not using PTP timescale
ptp4l[53.011]: selected best master clock 26ad6e.fffe.81c11f
ptp4l[53.011]: foreign master not using PTP timescale
ptp4l[53.511]: selected best master clock 26ad6e.fffe.81c11f
ptp4l[53.512]: foreign master not using PTP timescale
ptp4l[54.011]: selected best master clock 26ad6e.fffe.81c11f
ptp4l[54.011]: foreign master not using PTP timescale
ptp4l[54.511]: selected best master clock 26ad6e.fffe.81c11f
ptp4l[54.511]: foreign master not using PTP timescale
ptp4l[55.011]: selected best master clock 26ad6e.fffe.81c11f
ptp4l[55.012]: foreign master not using PTP timescale
ptp4l[55.511]: selected best master clock 26ad6e.fffe.81c11f
ptp4l[55.512]: foreign master not using PTP timescale
ptp4l[56.012]: selected best master clock 26ad6e.fffe.81c11f
ptp4l[56.026]: foreign master not using PTP timescale
ptp4l[56.512]: selected best master clock 26ad6e.fffe.81c11f
ptp4l[56.513]: foreign master not using PTP timescale
ptp4l[57.012]: selected best master clock 26ad6e.fffe.81c11f
ptp4l[57.013]: foreign master not using PTP timescale
ptp4l[57.512]: selected best master clock 26ad6e.fffe.81c11f
ptp4l[57.513]: foreign master not using PTP timescale
ptp4l[58.012]: selected best master clock 26ad6e.fffe.81c11f
ptp4l[58.013]: foreign master not using PTP timescale
ptp4l[58.512]: selected best master clock 26ad6e.fffe.81c11f
ptp4l[58.513]: foreign master not using PTP timescale
ptp4l[59.012]: selected best master clock 26ad6e.fffe.81c11f
ptp4l[59.013]: foreign master not using PTP timescale
ptp4l[59.512]: selected best master clock 26ad6e.fffe.81c11f
ptp4l[59.513]: foreign master not using PTP timescale
ptp4l[60.012]: selected best master clock 26ad6e.fffe.81c11f
ptp4l[60.013]: foreign master not using PTP timescale
ptp4l[60.513]: selected best master clock 26ad6e.fffe.81c11f
ptp4l[60.513]: foreign master not using PTP timescale
ptp4l[61.013]: selected best master clock 26ad6e.fffe.81c11f
ptp4l[61.013]: foreign master not using PTP timescale
ptp4l[61.513]: selected best master clock 26ad6e.fffe.81c11f
ptp4l[61.514]: foreign master not using PTP timescale
ptp4l[62.013]: selected best master clock 26ad6e.fffe.81c11f
ptp4l[62.014]: foreign master not using PTP timescale
ptp4l[62.513]: selected best master clock 26ad6e.fffe.81c11f
ptp4l[62.514]: foreign master not using PTP timescale
ptp4l[63.013]: selected best master clock 26ad6e.fffe.81c11f
ptp4l[63.014]: foreign master not using PTP timescale
ptp4l[63.513]: selected best master clock 26ad6e.fffe.81c11f
ptp4l[63.514]: foreign master not using PTP timescale
ptp4l[64.014]: selected best master clock 26ad6e.fffe.81c11f
ptp4l[64.015]: foreign master not using PTP timescale
ptp4l[64.515]: selected best master clock 26ad6e.fffe.81c11f
ptp4l[64.515]: foreign master not using PTP timescale
ptp4l[65.016]: selected best master clock 26ad6e.fffe.81c11f
ptp4l[65.016]: foreign master not using PTP timescale
ptp4l[65.516]: selected best master clock 26ad6e.fffe.81c11f
ptp4l[65.517]: foreign master not using PTP timescale
ptp4l[66.016]: selected best master clock 26ad6e.fffe.81c11f
ptp4l[66.017]: foreign master not using PTP timescale
ptp4l[66.517]: selected best master clock 26ad6e.fffe.81c11f
ptp4l[66.518]: foreign master not using PTP timescale
