ptp4l[387.856]: port 1: INITIALIZING to LISTENING on INIT_COMPLETE
ptp4l[387.858]: port 0: INITIALIZING to LISTENING on INIT_COMPLETE
ptp4l[388.638]: port 1: new foreign master 529a44.fffe.62da02-1
ptp4l[388.642]: port 1: new foreign master 3291e0.fffe.3f8e4f-1
ptp4l[388.796]: selected local clock 424e30.fffe.5cd34d as best master
ptp4l[389.138]: selected best master clock 529a44.fffe.62da02
ptp4l[389.139]: foreign master not using PTP timescale
ptp4l[389.140]: port 1: LISTENING to UNCALIBRATED on RS_SLAVE
ptp4l[389.142]: selected best master clock 3291e0.fffe.3f8e4f
ptp4l[389.143]: foreign master not using PTP timescale
ptp4l[389.638]: selected best master clock 3291e0.fffe.3f8e4f
ptp4l[389.639]: foreign master not using PTP timescale
ptp4l[390.138]: selected best master clock 3291e0.fffe.3f8e4f
ptp4l[390.139]: foreign master not using PTP timescale
ptp4l[390.639]: selected best master clock 3291e0.fffe.3f8e4f
ptp4l[390.640]: foreign master not using PTP timescale
ptp4l[391.139]: selected best master clock 3291e0.fffe.3f8e4f
ptp4l[391.140]: foreign master not using PTP timescale
ptp4l[391.639]: selected best master clock 3291e0.fffe.3f8e4f
ptp4l[391.640]: foreign master not using PTP timescale
ptp4l[392.139]: selected best master clock 3291e0.fffe.3f8e4f
ptp4l[392.140]: foreign master not using PTP timescale
ptp4l[392.639]: selected best master clock 3291e0.fffe.3f8e4f
ptp4l[392.640]: foreign master not using PTP timescale
ptp4l[393.140]: selected best master clock 3291e0.fffe.3f8e4f
ptp4l[393.140]: foreign master not using PTP timescale
ptp4l[393.640]: selected best master clock 3291e0.fffe.3f8e4f
ptp4l[393.641]: foreign master not using PTP timescale
ptp4l[394.140]: selected best master clock 3291e0.fffe.3f8e4f
ptp4l[394.141]: foreign master not using PTP timescale
ptp4l[394.641]: selected best master clock 3291e0.fffe.3f8e4f
ptp4l[394.641]: foreign master not using PTP timescale
ptp4l[395.141]: selected best master clock 3291e0.fffe.3f8e4f
ptp4l[395.141]: foreign master not using PTP timescale
ptp4l[395.641]: selected best master clock 3291e0.fffe.3f8e4f
ptp4l[395.642]: foreign master not using PTP timescale
ptp4l[396.141]: selected best master clock 3291e0.fffe.3f8e4f
ptp4l[396.142]: foreign master not using PTP timescale
ptp4l[396.641]: selected best master clock 3291e0.fffe.3f8e4f
ptp4l[396.642]: foreign master not using PTP timescale
ptp4l[397.142]: selected best master clock 3291e0.fffe.3f8e4f
ptp4l[397.142]: foreign master not using PTP timescale
ptp4l[397.642]: selected best master clock 3291e0.fffe.3f8e4f
ptp4l[397.643]: foreign master not using PTP timescale
ptp4l[398.142]: selected best master clock 3291e0.fffe.3f8e4f
ptp4l[398.143]: foreign master not using PTP timescale
ptp4l[398.642]: selected best master clock 3291e0.fffe.3f8e4f
ptp4l[398.643]: foreign master not using PTP timescale
ptp4l[399.142]: selected best master clock 3291e0.fffe.3f8e4f
ptp4l[399.143]: foreign master not using PTP timescale
ptp4l[399.643]: selected best master clock 3291e0.fffe.3f8e4f
ptp4l[399.643]: foreign master not using PTP timescale
ptp4l[400.143]: selected best master clock 3291e0.fffe.3f8e4f
ptp4l[400.143]: foreign master not using PTP timescale
ptp4l[400.643]: selected best master clock 3291e0.fffe.3f8e4f
ptp4l[400.644]: foreign master not using PTP timescale
ptp4l[401.143]: selected best master clock 3291e0.fffe.3f8e4f
ptp4l[401.144]: foreign master not using PTP timescale
ptp4l[401.643]: selected best master clock 3291e0.fffe.3f8e4f
ptp4l[401.644]: foreign master not using PTP timescale
ptp4l[402.144]: selected best master clock 3291e0.fffe.3f8e4f
ptp4l[402.144]: foreign master not using PTP timescale
ptp4l[402.644]: selected best master clock 3291e0.fffe.3f8e4f
ptp4l[402.644]: foreign master not using PTP timescale
ptp4l[403.144]: selected best master clock 3291e0.fffe.3f8e4f
ptp4l[403.145]: foreign master not using PTP timescale
ptp4l[403.644]: selected best master clock 3291e0.fffe.3f8e4f
ptp4l[403.646]: foreign master not using PTP timescale
ptp4l[404.145]: selected best master clock 3291e0.fffe.3f8e4f
ptp4l[404.146]: foreign master not using PTP timescale
ptp4l[404.645]: selected best master clock 3291e0.fffe.3f8e4f
ptp4l[404.646]: foreign master not using PTP timescale
ptp4l[405.145]: selected best master clock 3291e0.fffe.3f8e4f
ptp4l[405.146]: foreign master not using PTP timescale
ptp4l[405.277]: rms 4297 max 7527 freq   +156 +/- 2091 delay 12285 +/- 1881
ptp4l[405.645]: selected best master clock 3291e0.fffe.3f8e4f
ptp4l[405.646]: foreign master not using PTP timescale
ptp4l[406.145]: selected best master clock 3291e0.fffe.3f8e4f
ptp4l[406.146]: foreign master not using PTP timescale
ptp4l[406.646]: selected best master clock 3291e0.fffe.3f8e4f
ptp4l[406.646]: foreign master not using PTP timescale
ptp4l[407.146]: selected best master clock 3291e0.fffe.3f8e4f
ptp4l[407.146]: foreign master not using PTP timescale
ptp4l[407.646]: selected best master clock 3291e0.fffe.3f8e4f
ptp4l[407.647]: foreign master not using PTP timescale
ptp4l[408.146]: selected best master clock 3291e0.fffe.3f8e4f
ptp4l[408.147]: foreign master not using PTP timescale
ptp4l[408.647]: selected best master clock 3291e0.fffe.3f8e4f
ptp4l[408.647]: foreign master not using PTP timescale
ptp4l[409.147]: selected best master clock 3291e0.fffe.3f8e4f
ptp4l[409.148]: foreign master not using PTP timescale
ptp4l[409.647]: selected best master clock 3291e0.fffe.3f8e4f
ptp4l[409.648]: foreign master not using PTP timescale
ptp4l[410.147]: selected best master clock 3291e0.fffe.3f8e4f
ptp4l[410.148]: foreign master not using PTP timescale
ptp4l[410.647]: selected best master clock 3291e0.fffe.3f8e4f
ptp4l[410.648]: foreign master not using PTP timescale
ptp4l[411.148]: selected best master clock 3291e0.fffe.3f8e4f
ptp4l[411.148]: foreign master not using PTP timescale
ptp4l[411.648]: selected best master clock 3291e0.fffe.3f8e4f
ptp4l[411.649]: foreign master not using PTP timescale
ptp4l[412.148]: selected best master clock 3291e0.fffe.3f8e4f
ptp4l[412.149]: foreign master not using PTP timescale
ptp4l[412.648]: selected best master clock 3291e0.fffe.3f8e4f
ptp4l[412.649]: foreign master not using PTP timescale
ptp4l[413.149]: selected best master clock 3291e0.fffe.3f8e4f
ptp4l[413.150]: foreign master not using PTP timescale
ptp4l[413.649]: selected best master clock 3291e0.fffe.3f8e4f
ptp4l[413.650]: foreign master not using PTP timescale
ptp4l[414.150]: selected best master clock 3291e0.fffe.3f8e4f
ptp4l[414.150]: foreign master not using PTP timescale
ptp4l[414.650]: selected best master clock 3291e0.fffe.3f8e4f
ptp4l[414.650]: foreign master not using PTP timescale
ptp4l[415.150]: selected best master clock 3291e0.fffe.3f8e4f
ptp4l[415.151]: foreign master not using PTP timescale
ptp4l[415.650]: selected best master clock 3291e0.fffe.3f8e4f
ptp4l[415.651]: foreign master not using PTP timescale
ptp4l[416.150]: selected best master clock 3291e0.fffe.3f8e4f
ptp4l[416.151]: foreign master not using PTP timescale
ptp4l[416.650]: selected best master clock 3291e0.fffe.3f8e4f
ptp4l[416.652]: foreign master not using PTP timescale
ptp4l[417.151]: selected best master clock 3291e0.fffe.3f8e4f
ptp4l[417.151]: foreign master not using PTP timescale
ptp4l[417.651]: selected best master clock 3291e0.fffe.3f8e4f
ptp4l[417.651]: foreign master not using PTP timescale
ptp4l[418.151]: selected best master clock 3291e0.fffe.3f8e4f
ptp4l[418.154]: foreign master not using PTP timescale
ptp4l[418.651]: selected best master clock 3291e0.fffe.3f8e4f
ptp4l[418.652]: foreign master not using PTP timescale
ptp4l[419.152]: selected best master clock 3291e0.fffe.3f8e4f
ptp4l[419.153]: foreign master not using PTP timescale
ptp4l[419.652]: selected best master clock 3291e0.fffe.3f8e4f
ptp4l[419.653]: foreign master not using PTP timescale
ptp4l[420.152]: selected best master clock 3291e0.fffe.3f8e4f
ptp4l[420.153]: foreign master not using PTP timescale
ptp4l[420.652]: selected best master clock 3291e0.fffe.3f8e4f
ptp4l[420.653]: foreign master not using PTP timescale
