ptp4l[1925.700]: port 1 (v-ru2): INITIALIZING to LISTENING on INIT_COMPLETE
ptp4l[1925.700]: port 0 (/var/run/p.ru2): INITIALIZING to LISTENING on INIT_COMPLETE
ptp4l[1925.700]: port 0 (/var/run/pr.ru2): INITIALIZING to LISTENING on INIT_COMPLETE
ptp4l[1926.113]: selected local clock 020000.fffe.00000d as best master
ptp4l[1926.165]: port 1 (v-ru2): new foreign master 020000.fffe.000001-2
ptp4l[1926.415]: selected best master clock 020000.fffe.00000a
ptp4l[1926.415]: foreign master not using PTP timescale
ptp4l[1926.415]: port 1 (v-ru2): LISTENING to UNCALIBRATED on RS_SLAVE
ptp4l[1928.479]: master offset       3719 s0 freq   +1186 path delay      7167
ptp4l[1930.482]: master offset      -2103 s0 freq   -2985 path delay      7010
ptp4l[1932.484]: master offset       1137 s0 freq     +88 path delay      3946
ptp4l[1933.904]: port 1 (v-ru2): new foreign master 020000.fffe.00000a-2
ptp4l[1934.356]: selected best master clock 020000.fffe.00000a
ptp4l[1934.356]: running in a temporal vortex
ptp4l[1934.356]: updating time properties to insert leap second
ptp4l[1934.545]: running in a temporal vortex
ptp4l[1934.795]: running in a temporal vortex
ptp4l[1935.045]: running in a temporal vortex
ptp4l[1935.295]: running in a temporal vortex
ptp4l[1935.546]: running in a temporal vortex
ptp4l[1935.796]: running in a temporal vortex
ptp4l[1936.046]: running in a temporal vortex
ptp4l[1936.296]: running in a temporal vortex
ptp4l[1936.547]: running in a temporal vortex
ptp4l[1936.797]: running in a temporal vortex
ptp4l[1937.047]: running in a temporal vortex
ptp4l[1937.297]: running in a temporal vortex
ptp4l[1937.547]: running in a temporal vortex
ptp4l[1937.797]: running in a temporal vortex
ptp4l[1938.047]: running in a temporal vortex
ptp4l[1938.298]: running in a temporal vortex
ptp4l[1938.548]: running in a temporal vortex
ptp4l[1938.798]: running in a temporal vortex
ptp4l[1939.048]: running in a temporal vortex
ptp4l[1939.298]: running in a temporal vortex
ptp4l[1939.549]: running in a temporal vortex
ptp4l[1939.799]: running in a temporal vortex
ptp4l[1940.050]: running in a temporal vortex
ptp4l[1940.300]: running in a temporal vortex
ptp4l[1940.550]: running in a temporal vortex
ptp4l[1940.800]: running in a temporal vortex
ptp4l[1941.050]: running in a temporal vortex
ptp4l[1941.300]: running in a temporal vortex
ptp4l[1941.550]: running in a temporal vortex
ptp4l[1941.801]: running in a temporal vortex
ptp4l[1942.052]: running in a temporal vortex
ptp4l[1942.302]: running in a temporal vortex
ptp4l[1942.552]: running in a temporal vortex
ptp4l[1942.802]: running in a temporal vortex
ptp4l[1943.052]: running in a temporal vortex
ptp4l[1943.302]: running in a temporal vortex
ptp4l[1943.552]: running in a temporal vortex
ptp4l[1943.802]: running in a temporal vortex
ptp4l[1944.053]: running in a temporal vortex
ptp4l[1944.303]: running in a temporal vortex
ptp4l[1944.553]: running in a temporal vortex
ptp4l[1944.803]: running in a temporal vortex
ptp4l[1945.053]: running in a temporal vortex
ptp4l[1945.303]: running in a temporal vortex
ptp4l[1945.553]: running in a temporal vortex
ptp4l[1945.803]: running in a temporal vortex
ptp4l[1946.054]: running in a temporal vortex
ptp4l[1946.304]: running in a temporal vortex
ptp4l[1946.554]: running in a temporal vortex
ptp4l[1946.804]: running in a temporal vortex
ptp4l[1947.054]: running in a temporal vortex
ptp4l[1947.304]: running in a temporal vortex
ptp4l[1947.554]: running in a temporal vortex
ptp4l[1947.804]: running in a temporal vortex
ptp4l[1948.055]: running in a temporal vortex
ptp4l[1948.305]: running in a temporal vortex
ptp4l[1948.555]: running in a temporal vortex
ptp4l[1948.805]: running in a temporal vortex
ptp4l[1949.055]: running in a temporal vortex
ptp4l[1949.305]: running in a temporal vortex
ptp4l[1949.555]: running in a temporal vortex
ptp4l[1949.805]: running in a temporal vortex
ptp4l[1950.056]: running in a temporal vortex
ptp4l[1950.306]: running in a temporal vortex
ptp4l[1950.556]: running in a temporal vortex
ptp4l[1950.806]: running in a temporal vortex
ptp4l[1951.056]: running in a temporal vortex
ptp4l[1951.306]: running in a temporal vortex
ptp4l[1951.557]: running in a temporal vortex
ptp4l[1951.808]: running in a temporal vortex
ptp4l[1952.058]: running in a temporal vortex
ptp4l[1952.308]: running in a temporal vortex
ptp4l[1952.558]: running in a temporal vortex
ptp4l[1952.808]: running in a temporal vortex
ptp4l[1953.058]: running in a temporal vortex
ptp4l[1953.308]: running in a temporal vortex
ptp4l[1953.558]: running in a temporal vortex
ptp4l[1953.808]: running in a temporal vortex
ptp4l[1954.058]: running in a temporal vortex
ptp4l[1954.308]: running in a temporal vortex
ptp4l[1954.559]: running in a temporal vortex
ptp4l[1954.809]: running in a temporal vortex
ptp4l[1955.059]: running in a temporal vortex
ptp4l[1955.309]: running in a temporal vortex
ptp4l[1955.559]: running in a temporal vortex
ptp4l[1955.809]: running in a temporal vortex
ptp4l[1956.059]: running in a temporal vortex
ptp4l[1956.309]: running in a temporal vortex
ptp4l[1956.560]: running in a temporal vortex
ptp4l[1956.810]: running in a temporal vortex
ptp4l[1957.060]: running in a temporal vortex
ptp4l[1957.310]: running in a temporal vortex
ptp4l[1957.560]: running in a temporal vortex
ptp4l[1957.810]: running in a temporal vortex
ptp4l[1958.060]: running in a temporal vortex
ptp4l[1958.311]: running in a temporal vortex
ptp4l[1958.561]: running in a temporal vortex
ptp4l[1958.811]: running in a temporal vortex
ptp4l[1959.061]: running in a temporal vortex
ptp4l[1959.311]: running in a temporal vortex
ptp4l[1959.561]: running in a temporal vortex
ptp4l[1959.811]: running in a temporal vortex
ptp4l[1960.062]: running in a temporal vortex
ptp4l[1960.312]: running in a temporal vortex
ptp4l[1960.562]: running in a temporal vortex
ptp4l[1960.812]: running in a temporal vortex
ptp4l[1961.062]: running in a temporal vortex
ptp4l[1961.312]: running in a temporal vortex
ptp4l[1961.562]: running in a temporal vortex
ptp4l[1961.813]: running in a temporal vortex
ptp4l[1962.063]: running in a temporal vortex
ptp4l[1962.313]: running in a temporal vortex
ptp4l[1962.563]: running in a temporal vortex
ptp4l[1962.813]: running in a temporal vortex
ptp4l[1963.063]: running in a temporal vortex
ptp4l[1963.313]: running in a temporal vortex
ptp4l[1963.563]: running in a temporal vortex
ptp4l[1963.814]: running in a temporal vortex
ptp4l[1964.064]: running in a temporal vortex
ptp4l[1964.314]: running in a temporal vortex
ptp4l[1964.564]: running in a temporal vortex
ptp4l[1964.814]: running in a temporal vortex
ptp4l[1965.064]: running in a temporal vortex
ptp4l[1965.315]: running in a temporal vortex
ptp4l[1965.565]: running in a temporal vortex
