ptp4l[6810.640]: port 1 (v-ru1): INITIALIZING to LISTENING on INIT_COMPLETE
ptp4l[6810.640]: port 0 (/var/run/p.ru1): INITIALIZING to LISTENING on INIT_COMPLETE
ptp4l[6810.640]: port 0 (/var/run/pr.ru1): INITIALIZING to LISTENING on INIT_COMPLETE
ptp4l[6811.019]: selected local clock 020000.fffe.00000c as best master
ptp4l[6811.040]: port 1 (v-ru1): new foreign master 020000.fffe.000001-2
ptp4l[6811.290]: selected best master clock 020000.fffe.000001
ptp4l[6811.290]: foreign master not using PTP timescale
ptp4l[6811.290]: port 1 (v-ru1): LISTENING to UNCALIBRATED on RS_SLAVE
ptp4l[6811.415]: selected best master clock 020000.fffe.00000a
ptp4l[6811.415]: foreign master not using PTP timescale
ptp4l[6813.479]: master offset       2599 s0 freq    +673 path delay      7045
ptp4l[6815.481]: master offset       5336 s0 freq    +122 path delay      4553
ptp4l[6817.484]: master offset      -1140 s0 freq   -1960 path delay      7104
ptp4l[6819.486]: master offset       9051 s0 freq   +5284 path delay      7494
ptp4l[6821.489]: master offset       1238 s0 freq   -3784 path delay      7729
ptp4l[6823.491]: master offset      -2531 s0 freq   -2751 path delay      5990
ptp4l[6825.494]: master offset       1933 s0 freq   +2336 path delay      6205
ptp4l[6827.496]: master offset       4415 s0 freq   +1577 path delay      6881
ptp4l[6829.499]: master offset       7561 s0 freq   +1449 path delay      6636
ptp4l[6831.501]: master offset       2704 s0 freq   -2682 path delay      6122
ptp4l[6833.503]: master offset      -3098 s0 freq   -2304 path delay      7311
ptp4l[6835.506]: master offset      -2325 s0 freq     +88 path delay      6715
ptp4l[6837.509]: master offset        639 s0 freq    +636 path delay      5025
ptp4l[6839.515]: master offset      -2020 s0 freq   -1444 path delay      4788
ptp4l[6841.518]: master offset       3416 s0 freq   +3836 path delay      7036
ptp4l[6843.520]: master offset       1056 s0 freq   -1851 path delay      5690
ptp4l[6845.522]: master offset       2306 s0 freq    -166 path delay      4107
ptp4l[6847.524]: master offset        668 s0 freq    -515 path delay      4715
ptp4l[6849.526]: master offset       -307 s0 freq    -733 path delay      4223
ptp4l[6851.528]: master offset       -300 s0 freq    +219 path delay      4655
ptp4l[6853.531]: master offset       2458 s0 freq   +1017 path delay      3934
ptp4l[6855.533]: master offset       6073 s0 freq   +2357 path delay      5039
ptp4l[6857.535]: master offset        748 s0 freq   -2905 path delay      4547
