ptp4l[6810.640]: port 1 (v-ru3): INITIALIZING to LISTENING on INIT_COMPLETE
ptp4l[6810.640]: port 0 (/var/run/p.ru3): INITIALIZING to LISTENING on INIT_COMPLETE
ptp4l[6810.640]: port 0 (/var/run/pr.ru3): INITIALIZING to LISTENING on INIT_COMPLETE
ptp4l[6811.040]: port 1 (v-ru3): new foreign master 020000.fffe.000001-2
ptp4l[6811.052]: selected local clock 020000.fffe.00000e as best master
ptp4l[6811.290]: selected best master clock 020000.fffe.000001
ptp4l[6811.290]: foreign master not using PTP timescale
ptp4l[6811.290]: port 1 (v-ru3): LISTENING to UNCALIBRATED on RS_SLAVE
ptp4l[6811.415]: selected best master clock 020000.fffe.00000a
ptp4l[6811.415]: foreign master not using PTP timescale
ptp4l[6813.479]: master offset       1378 s0 freq    +334 path delay      5695
ptp4l[6815.482]: master offset       2123 s0 freq    +293 path delay      5537
ptp4l[6817.484]: master offset      -3414 s0 freq   -2023 path delay      7023
ptp4l[6819.486]: master offset       8690 s0 freq   +5304 path delay      5540
ptp4l[6821.489]: master offset        713 s0 freq   -3677 path delay      6154
ptp4l[6823.491]: master offset      -3371 s0 freq   -2212 path delay      5809
ptp4l[6825.494]: master offset        656 s0 freq   +1810 path delay      5407
ptp4l[6827.496]: master offset       3801 s0 freq   +1782 path delay      5832
ptp4l[6829.499]: master offset       4315 s0 freq    +328 path delay      5975
ptp4l[6831.501]: master offset       1567 s0 freq   -1552 path delay      5615
ptp4l[6833.503]: master offset      -4313 s0 freq   -2087 path delay      7316
ptp4l[6835.506]: master offset      -3157 s0 freq     -71 path delay      6017
ptp4l[6837.509]: master offset      -1016 s0 freq    +482 path delay      4841
ptp4l[6839.515]: master offset      -2599 s0 freq   -1143 path delay      4131
ptp4l[6841.518]: master offset       3313 s0 freq   +3561 path delay      5353
ptp4l[6843.520]: master offset         15 s0 freq   -1813 path delay      5021
ptp4l[6845.522]: master offset       1095 s0 freq     +50 path delay      4041
ptp4l[6847.524]: master offset       -762 s0 freq    -615 path delay      4666
ptp4l[6849.526]: master offset      -1630 s0 freq    -781 path delay      3970
ptp4l[6851.528]: master offset       -195 s0 freq    +474 path delay      3483
ptp4l[6853.531]: master offset        553 s0 freq    +600 path delay      3937
ptp4l[6855.533]: master offset       4560 s0 freq   +2042 path delay      4019
ptp4l[6857.535]: master offset      -2341 s0 freq   -2298 path delay      6319
