ptp4l[240.504]: port 1: INITIALIZING to LISTENING on INIT_COMPLETE
ptp4l[240.505]: port 0: INITIALIZING to LISTENING on INIT_COMPLETE
ptp4l[241.313]: port 1: new foreign master 0604f3.fffe.9fd942-1
ptp4l[241.394]: port 1: new foreign master 02f6bc.fffe.163215-1
ptp4l[241.452]: selected local clock 0a3fb4.fffe.96a7ae as best master
ptp4l[241.814]: selected best master clock 0604f3.fffe.9fd942
ptp4l[241.817]: foreign master not using PTP timescale
ptp4l[241.820]: port 1: LISTENING to UNCALIBRATED on RS_SLAVE
ptp4l[241.894]: selected best master clock 02f6bc.fffe.163215
ptp4l[241.898]: foreign master not using PTP timescale
ptp4l[242.314]: selected best master clock 02f6bc.fffe.163215
ptp4l[242.314]: foreign master not using PTP timescale
ptp4l[242.814]: selected best master clock 02f6bc.fffe.163215
ptp4l[242.816]: foreign master not using PTP timescale
ptp4l[243.314]: selected best master clock 02f6bc.fffe.163215
ptp4l[243.315]: foreign master not using PTP timescale
ptp4l[243.815]: selected best master clock 02f6bc.fffe.163215
ptp4l[243.816]: foreign master not using PTP timescale
ptp4l[244.315]: selected best master clock 02f6bc.fffe.163215
ptp4l[244.316]: foreign master not using PTP timescale
ptp4l[244.816]: selected best master clock 02f6bc.fffe.163215
ptp4l[244.817]: foreign master not using PTP timescale
ptp4l[245.317]: selected best master clock 02f6bc.fffe.163215
ptp4l[245.318]: foreign master not using PTP timescale
ptp4l[245.816]: selected best master clock 02f6bc.fffe.163215
ptp4l[245.817]: foreign master not using PTP timescale
ptp4l[246.316]: selected best master clock 02f6bc.fffe.163215
ptp4l[246.317]: foreign master not using PTP timescale
ptp4l[246.817]: selected best master clock 02f6bc.fffe.163215
ptp4l[246.818]: foreign master not using PTP timescale
ptp4l[247.317]: selected best master clock 02f6bc.fffe.163215
ptp4l[247.318]: foreign master not using PTP timescale
ptp4l[247.817]: selected best master clock 02f6bc.fffe.163215
ptp4l[247.818]: foreign master not using PTP timescale
ptp4l[248.317]: selected best master clock 02f6bc.fffe.163215
ptp4l[248.318]: foreign master not using PTP timescale
ptp4l[248.818]: selected best master clock 02f6bc.fffe.163215
ptp4l[248.819]: foreign master not using PTP timescale
ptp4l[249.318]: selected best master clock 02f6bc.fffe.163215
ptp4l[249.319]: foreign master not using PTP timescale
ptp4l[249.818]: selected best master clock 02f6bc.fffe.163215
ptp4l[249.819]: foreign master not using PTP timescale
ptp4l[250.319]: selected best master clock 02f6bc.fffe.163215
ptp4l[250.320]: foreign master not using PTP timescale
ptp4l[250.820]: selected best master clock 02f6bc.fffe.163215
ptp4l[250.821]: foreign master not using PTP timescale
ptp4l[251.320]: selected best master clock 02f6bc.fffe.163215
ptp4l[251.321]: foreign master not using PTP timescale
