ptp4l[741.140]: port 1 (v-ru2): INITIALIZING to LISTENING on INIT_COMPLETE
ptp4l[741.140]: port 0 (/var/run/p.ru2): INITIALIZING to LISTENING on INIT_COMPLETE
ptp4l[741.140]: port 0 (/var/run/pr.ru2): INITIALIZING to LISTENING on INIT_COMPLETE
ptp4l[741.527]: selected local clock 020000.fffe.00000d as best master
ptp4l[741.671]: port 1 (v-ru2): new foreign master 020000.fffe.000001-2
ptp4l[741.921]: selected best master clock 020000.fffe.00000a
ptp4l[741.921]: foreign master not using PTP timescale
ptp4l[741.921]: port 1 (v-ru2): LISTENING to UNCALIBRATED on RS_SLAVE
ptp4l[743.985]: master offset       -110 s0 freq    +977 path delay      4275
ptp4l[745.987]: master offset      37502 s0 freq  +18554 path delay      3819
ptp4l[747.990]: master offset        351 s0 freq  -17849 path delay      5229
ptp4l[749.364]: port 1 (v-ru2): new foreign master 020000.fffe.00000a-2
ptp4l[749.660]: selected best master clock 020000.fffe.00000a
ptp4l[749.660]: running in a temporal vortex
ptp4l[749.660]: updating time properties to insert leap second
ptp4l[749.800]: running in a temporal vortex
ptp4l[750.050]: running in a temporal vortex
ptp4l[750.301]: running in a temporal vortex
ptp4l[750.551]: running in a temporal vortex
ptp4l[750.801]: running in a temporal vortex
ptp4l[751.051]: running in a temporal vortex
ptp4l[751.301]: running in a temporal vortex
ptp4l[751.551]: running in a temporal vortex
ptp4l[751.802]: running in a temporal vortex
ptp4l[752.052]: running in a temporal vortex
ptp4l[752.302]: running in a temporal vortex
ptp4l[752.552]: running in a temporal vortex
ptp4l[752.802]: running in a temporal vortex
ptp4l[753.052]: running in a temporal vortex
ptp4l[753.302]: running in a temporal vortex
ptp4l[753.552]: running in a temporal vortex
ptp4l[753.803]: running in a temporal vortex
ptp4l[754.053]: running in a temporal vortex
ptp4l[754.303]: running in a temporal vortex
ptp4l[754.553]: running in a temporal vortex
ptp4l[754.803]: running in a temporal vortex
ptp4l[755.053]: running in a temporal vortex
ptp4l[755.303]: running in a temporal vortex
ptp4l[755.553]: running in a temporal vortex
ptp4l[755.804]: running in a temporal vortex
ptp4l[756.054]: running in a temporal vortex
ptp4l[756.304]: running in a temporal vortex
ptp4l[756.554]: running in a temporal vortex
ptp4l[756.804]: running in a temporal vortex
ptp4l[757.054]: running in a temporal vortex
ptp4l[757.304]: running in a temporal vortex
ptp4l[757.555]: running in a temporal vortex
ptp4l[757.805]: running in a temporal vortex
ptp4l[758.055]: running in a temporal vortex
ptp4l[758.305]: running in a temporal vortex
ptp4l[758.555]: running in a temporal vortex
ptp4l[758.805]: running in a temporal vortex
ptp4l[759.056]: running in a temporal vortex
ptp4l[759.306]: running in a temporal vortex
ptp4l[759.556]: running in a temporal vortex
ptp4l[759.806]: running in a temporal vortex
ptp4l[760.056]: running in a temporal vortex
ptp4l[760.306]: running in a temporal vortex
ptp4l[760.556]: running in a temporal vortex
ptp4l[760.807]: running in a temporal vortex
ptp4l[761.057]: running in a temporal vortex
ptp4l[761.307]: running in a temporal vortex
ptp4l[761.557]: running in a temporal vortex
ptp4l[761.807]: running in a temporal vortex
ptp4l[762.057]: running in a temporal vortex
ptp4l[762.307]: running in a temporal vortex
ptp4l[762.557]: running in a temporal vortex
ptp4l[762.808]: running in a temporal vortex
ptp4l[763.058]: running in a temporal vortex
ptp4l[763.308]: running in a temporal vortex
ptp4l[763.558]: running in a temporal vortex
ptp4l[763.808]: running in a temporal vortex
ptp4l[764.058]: running in a temporal vortex
ptp4l[764.308]: running in a temporal vortex
ptp4l[764.558]: running in a temporal vortex
ptp4l[764.809]: running in a temporal vortex
ptp4l[765.059]: running in a temporal vortex
ptp4l[765.309]: running in a temporal vortex
ptp4l[765.559]: running in a temporal vortex
ptp4l[765.809]: running in a temporal vortex
ptp4l[766.059]: running in a temporal vortex
ptp4l[766.309]: running in a temporal vortex
ptp4l[766.559]: running in a temporal vortex
ptp4l[766.809]: running in a temporal vortex
ptp4l[767.060]: running in a temporal vortex
ptp4l[767.310]: running in a temporal vortex
ptp4l[767.560]: running in a temporal vortex
ptp4l[767.810]: running in a temporal vortex
ptp4l[768.060]: running in a temporal vortex
ptp4l[768.310]: running in a temporal vortex
ptp4l[768.560]: running in a temporal vortex
ptp4l[768.811]: running in a temporal vortex
ptp4l[769.061]: running in a temporal vortex
ptp4l[769.311]: running in a temporal vortex
ptp4l[769.561]: running in a temporal vortex
ptp4l[769.811]: running in a temporal vortex
ptp4l[770.061]: running in a temporal vortex
ptp4l[770.311]: running in a temporal vortex
ptp4l[770.562]: running in a temporal vortex
ptp4l[770.812]: running in a temporal vortex
ptp4l[771.062]: running in a temporal vortex
ptp4l[771.312]: running in a temporal vortex
ptp4l[771.562]: running in a temporal vortex
ptp4l[771.812]: running in a temporal vortex
ptp4l[772.062]: running in a temporal vortex
ptp4l[772.312]: running in a temporal vortex
ptp4l[772.563]: running in a temporal vortex
ptp4l[772.813]: running in a temporal vortex
ptp4l[773.063]: running in a temporal vortex
ptp4l[773.313]: running in a temporal vortex
ptp4l[773.563]: running in a temporal vortex
ptp4l[773.813]: running in a temporal vortex
ptp4l[774.063]: running in a temporal vortex
ptp4l[774.313]: running in a temporal vortex
ptp4l[774.564]: running in a temporal vortex
ptp4l[774.814]: running in a temporal vortex
ptp4l[775.064]: running in a temporal vortex
ptp4l[775.314]: running in a temporal vortex
ptp4l[775.564]: running in a temporal vortex
ptp4l[775.814]: running in a temporal vortex
ptp4l[776.065]: running in a temporal vortex
ptp4l[776.315]: running in a temporal vortex
ptp4l[776.565]: running in a temporal vortex
ptp4l[776.815]: running in a temporal vortex
ptp4l[777.065]: running in a temporal vortex
ptp4l[777.315]: running in a temporal vortex
ptp4l[777.565]: running in a temporal vortex
ptp4l[777.815]: running in a temporal vortex
ptp4l[778.066]: running in a temporal vortex
ptp4l[778.316]: running in a temporal vortex
ptp4l[778.566]: running in a temporal vortex
ptp4l[778.816]: running in a temporal vortex
ptp4l[779.066]: running in a temporal vortex
ptp4l[779.316]: running in a temporal vortex
ptp4l[779.566]: running in a temporal vortex
ptp4l[779.817]: running in a temporal vortex
ptp4l[780.067]: running in a temporal vortex
ptp4l[780.317]: running in a temporal vortex
ptp4l[780.567]: running in a temporal vortex
ptp4l[780.817]: running in a temporal vortex
ptp4l[781.067]: running in a temporal vortex
