ptp4l[103.812]: port 1: INITIALIZING to LISTENING on INIT_COMPLETE
ptp4l[103.813]: port 0: INITIALIZING to LISTENING on INIT_COMPLETE
ptp4l[104.676]: selected local clock e6c935.fffe.17f8ea as best master
ptp4l[104.697]: port 1: new foreign master 2a28b4.fffe.020fc4-1
ptp4l[104.705]: port 1: new foreign master 2ab5f8.fffe.733ad7-1
ptp4l[105.197]: selected best master clock 2a28b4.fffe.020fc4
ptp4l[105.198]: foreign master not using PTP timescale
ptp4l[105.199]: port 1: LISTENING to UNCALIBRATED on RS_SLAVE
ptp4l[105.205]: selected best master clock 2ab5f8.fffe.733ad7
ptp4l[105.206]: foreign master not using PTP timescale
ptp4l[105.697]: selected best master clock 2ab5f8.fffe.733ad7
ptp4l[105.698]: foreign master not using PTP timescale
ptp4l[106.197]: selected best master clock 2ab5f8.fffe.733ad7
ptp4l[106.198]: foreign master not using PTP timescale
ptp4l[106.698]: selected best master clock 2ab5f8.fffe.733ad7
ptp4l[106.698]: foreign master not using PTP timescale
ptp4l[107.199]: selected best master clock 2ab5f8.fffe.733ad7
ptp4l[107.199]: foreign master not using PTP timescale
ptp4l[107.699]: selected best master clock 2ab5f8.fffe.733ad7
ptp4l[107.700]: foreign master not using PTP timescale
ptp4l[108.199]: selected best master clock 2ab5f8.fffe.733ad7
ptp4l[108.200]: foreign master not using PTP timescale
ptp4l[108.700]: selected best master clock 2ab5f8.fffe.733ad7
ptp4l[108.700]: foreign master not using PTP timescale
ptp4l[109.200]: selected best master clock 2ab5f8.fffe.733ad7
ptp4l[109.201]: foreign master not using PTP timescale
ptp4l[109.700]: selected best master clock 2ab5f8.fffe.733ad7
ptp4l[109.701]: foreign master not using PTP timescale
ptp4l[110.200]: selected best master clock 2ab5f8.fffe.733ad7
ptp4l[110.201]: foreign master not using PTP timescale
ptp4l[110.700]: selected best master clock 2ab5f8.fffe.733ad7
ptp4l[110.701]: foreign master not using PTP timescale
ptp4l[111.200]: selected best master clock 2ab5f8.fffe.733ad7
ptp4l[111.201]: foreign master not using PTP timescale
ptp4l[111.700]: selected best master clock 2ab5f8.fffe.733ad7
ptp4l[111.701]: foreign master not using PTP timescale
ptp4l[112.201]: selected best master clock 2ab5f8.fffe.733ad7
ptp4l[112.202]: foreign master not using PTP timescale
ptp4l[112.701]: selected best master clock 2ab5f8.fffe.733ad7
ptp4l[112.702]: foreign master not using PTP timescale
ptp4l[113.201]: selected best master clock 2ab5f8.fffe.733ad7
ptp4l[113.202]: foreign master not using PTP timescale
ptp4l[113.701]: selected best master clock 2ab5f8.fffe.733ad7
ptp4l[113.702]: foreign master not using PTP timescale
ptp4l[114.201]: selected best master clock 2ab5f8.fffe.733ad7
ptp4l[114.202]: foreign master not using PTP timescale
ptp4l[114.702]: selected best master clock 2ab5f8.fffe.733ad7
ptp4l[114.702]: foreign master not using PTP timescale
