ptp4l[761.112]: port 1: INITIALIZING to LISTENING on INIT_COMPLETE
ptp4l[761.184]: port 2: INITIALIZING to LISTENING on INIT_COMPLETE
ptp4l[761.187]: port 0: INITIALIZING to LISTENING on INIT_COMPLETE
ptp4l[762.052]: selected local clock 2e8f12.fffe.4a47e8 as best master
ptp4l[762.128]: selected local clock 2e8f12.fffe.4a47e8 as best master
ptp4l[762.136]: port 2: new foreign master 368530.fffe.378534-1
ptp4l[762.340]: port 1: new foreign master e6ced2.fffe.bfd54b-1
ptp4l[762.636]: selected best master clock 368530.fffe.378534
ptp4l[762.637]: foreign master not using PTP timescale
ptp4l[762.638]: port 2: LISTENING to UNCALIBRATED on RS_SLAVE
ptp4l[762.840]: selected best master clock e6ced2.fffe.bfd54b
ptp4l[762.841]: foreign master not using PTP timescale
ptp4l[762.841]: port 1: LISTENING to UNCALIBRATED on RS_SLAVE
ptp4l[762.842]: port 2: master state recommended in slave only mode
ptp4l[762.843]: port 2: defaultDS.priority1 probably misconfigured
ptp4l[762.844]: port 2: UNCALIBRATED to LISTENING on RS_MASTER
ptp4l[763.876]: selected best master clock e6ced2.fffe.bfd54b
ptp4l[763.876]: foreign master not using PTP timescale
ptp4l[764.136]: selected best master clock e6ced2.fffe.bfd54b
ptp4l[764.137]: foreign master not using PTP timescale
ptp4l[764.138]: port 2: master state recommended in slave only mode
ptp4l[764.138]: port 2: defaultDS.priority1 probably misconfigured
ptp4l[764.760]: selected best master clock e6ced2.fffe.bfd54b
ptp4l[764.761]: foreign master not using PTP timescale
ptp4l[765.136]: selected best master clock e6ced2.fffe.bfd54b
ptp4l[765.137]: foreign master not using PTP timescale
ptp4l[765.138]: port 2: master state recommended in slave only mode
ptp4l[765.139]: port 2: defaultDS.priority1 probably misconfigured
ptp4l[765.592]: selected best master clock e6ced2.fffe.bfd54b
ptp4l[765.593]: foreign master not using PTP timescale
ptp4l[765.887]: selected best master clock e6ced2.fffe.bfd54b
ptp4l[765.890]: foreign master not using PTP timescale
ptp4l[765.893]: port 2: master state recommended in slave only mode
ptp4l[765.896]: port 2: defaultDS.priority1 probably misconfigured
ptp4l[766.548]: selected best master clock e6ced2.fffe.bfd54b
ptp4l[766.548]: foreign master not using PTP timescale
ptp4l[766.887]: selected best master clock e6ced2.fffe.bfd54b
ptp4l[766.888]: foreign master not using PTP timescale
ptp4l[766.889]: port 2: master state recommended in slave only mode
ptp4l[766.890]: port 2: defaultDS.priority1 probably misconfigured
ptp4l[767.412]: selected best master clock e6ced2.fffe.bfd54b
ptp4l[767.415]: foreign master not using PTP timescale
ptp4l[767.888]: selected best master clock e6ced2.fffe.bfd54b
ptp4l[767.891]: foreign master not using PTP timescale
ptp4l[767.893]: port 2: master state recommended in slave only mode
ptp4l[767.896]: port 2: defaultDS.priority1 probably misconfigured
ptp4l[768.192]: selected best master clock e6ced2.fffe.bfd54b
ptp4l[768.193]: foreign master not using PTP timescale
ptp4l[768.638]: selected best master clock e6ced2.fffe.bfd54b
ptp4l[768.641]: foreign master not using PTP timescale
ptp4l[768.643]: port 2: master state recommended in slave only mode
ptp4l[768.645]: port 2: defaultDS.priority1 probably misconfigured
ptp4l[769.168]: selected best master clock e6ced2.fffe.bfd54b
ptp4l[769.169]: foreign master not using PTP timescale
ptp4l[769.639]: selected best master clock e6ced2.fffe.bfd54b
ptp4l[769.640]: foreign master not using PTP timescale
ptp4l[769.641]: port 2: master state recommended in slave only mode
ptp4l[769.642]: port 2: defaultDS.priority1 probably misconfigured
ptp4l[770.020]: selected best master clock e6ced2.fffe.bfd54b
ptp4l[770.021]: foreign master not using PTP timescale
ptp4l[770.389]: selected best master clock e6ced2.fffe.bfd54b
ptp4l[770.390]: foreign master not using PTP timescale
ptp4l[770.390]: port 2: master state recommended in slave only mode
ptp4l[770.391]: port 2: defaultDS.priority1 probably misconfigured
ptp4l[770.800]: selected best master clock e6ced2.fffe.bfd54b
ptp4l[770.800]: foreign master not using PTP timescale
ptp4l[771.139]: selected best master clock e6ced2.fffe.bfd54b
ptp4l[771.140]: foreign master not using PTP timescale
ptp4l[771.141]: port 2: master state recommended in slave only mode
ptp4l[771.141]: port 2: defaultDS.priority1 probably misconfigured
ptp4l[771.632]: selected best master clock e6ced2.fffe.bfd54b
ptp4l[771.633]: foreign master not using PTP timescale
ptp4l[771.889]: selected best master clock e6ced2.fffe.bfd54b
ptp4l[771.890]: foreign master not using PTP timescale
ptp4l[771.891]: port 2: master state recommended in slave only mode
ptp4l[771.892]: port 2: defaultDS.priority1 probably misconfigured
ptp4l[772.500]: selected best master clock e6ced2.fffe.bfd54b
ptp4l[772.503]: foreign master not using PTP timescale
ptp4l[772.890]: selected best master clock e6ced2.fffe.bfd54b
ptp4l[772.891]: foreign master not using PTP timescale
ptp4l[772.892]: port 2: master state recommended in slave only mode
ptp4l[772.893]: port 2: defaultDS.priority1 probably misconfigured
ptp4l[773.280]: selected best master clock e6ced2.fffe.bfd54b
ptp4l[773.280]: foreign master not using PTP timescale
ptp4l[773.640]: selected best master clock e6ced2.fffe.bfd54b
ptp4l[773.641]: foreign master not using PTP timescale
ptp4l[773.642]: port 2: master state recommended in slave only mode
ptp4l[773.643]: port 2: defaultDS.priority1 probably misconfigured
ptp4l[774.240]: selected best master clock e6ced2.fffe.bfd54b
ptp4l[774.241]: foreign master not using PTP timescale
ptp4l[774.641]: selected best master clock e6ced2.fffe.bfd54b
ptp4l[774.641]: foreign master not using PTP timescale
ptp4l[774.642]: port 2: master state recommended in slave only mode
ptp4l[774.643]: port 2: defaultDS.priority1 probably misconfigured
ptp4l[775.056]: selected best master clock e6ced2.fffe.bfd54b
ptp4l[775.057]: foreign master not using PTP timescale
ptp4l[775.391]: selected best master clock e6ced2.fffe.bfd54b
ptp4l[775.394]: foreign master not using PTP timescale
ptp4l[775.396]: port 2: master state recommended in slave only mode
ptp4l[775.399]: port 2: defaultDS.priority1 probably misconfigured
ptp4l[775.880]: selected best master clock e6ced2.fffe.bfd54b
ptp4l[775.882]: foreign master not using PTP timescale
ptp4l[776.142]: selected best master clock e6ced2.fffe.bfd54b
ptp4l[776.144]: foreign master not using PTP timescale
ptp4l[776.147]: port 2: master state recommended in slave only mode
ptp4l[776.150]: port 2: defaultDS.priority1 probably misconfigured
ptp4l[776.664]: selected best master clock e6ced2.fffe.bfd54b
ptp4l[776.666]: foreign master not using PTP timescale
ptp4l[777.142]: selected best master clock e6ced2.fffe.bfd54b
ptp4l[777.143]: foreign master not using PTP timescale
ptp4l[777.144]: port 2: master state recommended in slave only mode
ptp4l[777.144]: port 2: defaultDS.priority1 probably misconfigured
ptp4l[777.528]: selected best master clock e6ced2.fffe.bfd54b
ptp4l[777.529]: foreign master not using PTP timescale
ptp4l[777.893]: selected best master clock e6ced2.fffe.bfd54b
ptp4l[777.896]: foreign master not using PTP timescale
ptp4l[777.899]: port 2: master state recommended in slave only mode
ptp4l[777.901]: port 2: defaultDS.priority1 probably misconfigured
ptp4l[778.316]: selected best master clock e6ced2.fffe.bfd54b
ptp4l[778.319]: foreign master not using PTP timescale
ptp4l[778.644]: selected best master clock e6ced2.fffe.bfd54b
ptp4l[778.646]: foreign master not using PTP timescale
ptp4l[778.649]: port 2: master state recommended in slave only mode
ptp4l[778.651]: port 2: defaultDS.priority1 probably misconfigured
ptp4l[778.977]: rms 50050 max 140087 freq +10097 +/- 26711 delay 17383 +/- 5713
ptp4l[779.200]: selected best master clock e6ced2.fffe.bfd54b
ptp4l[779.203]: foreign master not using PTP timescale
ptp4l[779.645]: selected best master clock e6ced2.fffe.bfd54b
ptp4l[779.647]: foreign master not using PTP timescale
ptp4l[779.650]: port 2: master state recommended in slave only mode
ptp4l[779.652]: port 2: defaultDS.priority1 probably misconfigured
ptp4l[780.012]: selected best master clock e6ced2.fffe.bfd54b
ptp4l[780.014]: foreign master not using PTP timescale
ptp4l[780.395]: selected best master clock e6ced2.fffe.bfd54b
ptp4l[780.398]: foreign master not using PTP timescale
ptp4l[780.401]: port 2: master state recommended in slave only mode
ptp4l[780.403]: port 2: defaultDS.priority1 probably misconfigured
ptp4l[780.976]: selected best master clock e6ced2.fffe.bfd54b
ptp4l[780.979]: foreign master not using PTP timescale
ptp4l[781.396]: selected best master clock e6ced2.fffe.bfd54b
ptp4l[781.398]: foreign master not using PTP timescale
ptp4l[781.400]: port 2: master state recommended in slave only mode
ptp4l[781.402]: port 2: defaultDS.priority1 probably misconfigured
ptp4l[781.744]: selected best master clock e6ced2.fffe.bfd54b
ptp4l[781.746]: foreign master not using PTP timescale
ptp4l[782.147]: selected best master clock e6ced2.fffe.bfd54b
ptp4l[782.150]: foreign master not using PTP timescale
ptp4l[782.153]: port 2: master state recommended in slave only mode
ptp4l[782.156]: port 2: defaultDS.priority1 probably misconfigured
ptp4l[782.684]: selected best master clock e6ced2.fffe.bfd54b
ptp4l[782.687]: foreign master not using PTP timescale
ptp4l[783.148]: selected best master clock e6ced2.fffe.bfd54b
ptp4l[783.150]: foreign master not using PTP timescale
ptp4l[783.153]: port 2: master state recommended in slave only mode
ptp4l[783.155]: port 2: defaultDS.priority1 probably misconfigured
ptp4l[783.636]: selected best master clock e6ced2.fffe.bfd54b
ptp4l[783.638]: foreign master not using PTP timescale
ptp4l[783.899]: selected best master clock e6ced2.fffe.bfd54b
ptp4l[783.902]: foreign master not using PTP timescale
ptp4l[783.904]: port 2: master state recommended in slave only mode
ptp4l[783.906]: port 2: defaultDS.priority1 probably misconfigured
ptp4l[784.532]: selected best master clock e6ced2.fffe.bfd54b
ptp4l[784.532]: foreign master not using PTP timescale
ptp4l[784.899]: selected best master clock e6ced2.fffe.bfd54b
ptp4l[784.900]: foreign master not using PTP timescale
ptp4l[784.900]: port 2: master state recommended in slave only mode
ptp4l[784.901]: port 2: defaultDS.priority1 probably misconfigured
ptp4l[785.344]: selected best master clock e6ced2.fffe.bfd54b
ptp4l[785.345]: foreign master not using PTP timescale
ptp4l[785.649]: selected best master clock e6ced2.fffe.bfd54b
ptp4l[785.650]: foreign master not using PTP timescale
ptp4l[785.651]: port 2: master state recommended in slave only mode
ptp4l[785.651]: port 2: defaultDS.priority1 probably misconfigured
ptp4l[786.164]: selected best master clock e6ced2.fffe.bfd54b
ptp4l[786.164]: foreign master not using PTP timescale
ptp4l[786.650]: selected best master clock e6ced2.fffe.bfd54b
ptp4l[786.651]: foreign master not using PTP timescale
ptp4l[786.651]: port 2: master state recommended in slave only mode
ptp4l[786.652]: port 2: defaultDS.priority1 probably misconfigured
ptp4l[786.952]: selected best master clock e6ced2.fffe.bfd54b
ptp4l[786.953]: foreign master not using PTP timescale
ptp4l[787.400]: selected best master clock e6ced2.fffe.bfd54b
ptp4l[787.402]: foreign master not using PTP timescale
ptp4l[787.403]: port 2: master state recommended in slave only mode
ptp4l[787.404]: port 2: defaultDS.priority1 probably misconfigured
ptp4l[787.748]: selected best master clock e6ced2.fffe.bfd54b
ptp4l[787.751]: foreign master not using PTP timescale
ptp4l[788.151]: selected best master clock e6ced2.fffe.bfd54b
ptp4l[788.154]: foreign master not using PTP timescale
ptp4l[788.156]: port 2: master state recommended in slave only mode
ptp4l[788.159]: port 2: defaultDS.priority1 probably misconfigured
ptp4l[788.604]: selected best master clock e6ced2.fffe.bfd54b
ptp4l[788.607]: foreign master not using PTP timescale
ptp4l[788.902]: selected best master clock e6ced2.fffe.bfd54b
ptp4l[788.905]: foreign master not using PTP timescale
ptp4l[788.908]: port 2: master state recommended in slave only mode
ptp4l[788.910]: port 2: defaultDS.priority1 probably misconfigured
ptp4l[789.512]: selected best master clock e6ced2.fffe.bfd54b
ptp4l[789.515]: foreign master not using PTP timescale
ptp4l[789.903]: selected best master clock e6ced2.fffe.bfd54b
ptp4l[789.906]: foreign master not using PTP timescale
ptp4l[789.908]: port 2: master state recommended in slave only mode
ptp4l[789.911]: port 2: defaultDS.priority1 probably misconfigured
ptp4l[790.484]: selected best master clock e6ced2.fffe.bfd54b
ptp4l[790.487]: foreign master not using PTP timescale
ptp4l[790.904]: selected best master clock e6ced2.fffe.bfd54b
ptp4l[790.907]: foreign master not using PTP timescale
ptp4l[790.910]: port 2: master state recommended in slave only mode
ptp4l[790.913]: port 2: defaultDS.priority1 probably misconfigured
ptp4l[791.444]: selected best master clock e6ced2.fffe.bfd54b
ptp4l[791.447]: foreign master not using PTP timescale
ptp4l[791.904]: selected best master clock e6ced2.fffe.bfd54b
ptp4l[791.905]: foreign master not using PTP timescale
ptp4l[791.906]: port 2: master state recommended in slave only mode
ptp4l[791.906]: port 2: defaultDS.priority1 probably misconfigured
ptp4l[792.336]: selected best master clock e6ced2.fffe.bfd54b
ptp4l[792.337]: foreign master not using PTP timescale
ptp4l[792.654]: selected best master clock e6ced2.fffe.bfd54b
ptp4l[792.655]: foreign master not using PTP timescale
ptp4l[792.656]: port 2: master state recommended in slave only mode
ptp4l[792.660]: port 2: defaultDS.priority1 probably misconfigured
ptp4l[793.224]: selected best master clock e6ced2.fffe.bfd54b
ptp4l[793.225]: foreign master not using PTP timescale
ptp4l[793.655]: selected best master clock e6ced2.fffe.bfd54b
ptp4l[793.656]: foreign master not using PTP timescale
ptp4l[793.656]: port 2: master state recommended in slave only mode
ptp4l[793.657]: port 2: defaultDS.priority1 probably misconfigured
ptp4l[794.012]: selected best master clock e6ced2.fffe.bfd54b
ptp4l[794.014]: foreign master not using PTP timescale
ptp4l[794.405]: selected best master clock e6ced2.fffe.bfd54b
ptp4l[794.406]: foreign master not using PTP timescale
ptp4l[794.407]: port 2: master state recommended in slave only mode
ptp4l[794.408]: port 2: defaultDS.priority1 probably misconfigured
ptp4l[794.896]: selected best master clock e6ced2.fffe.bfd54b
ptp4l[794.897]: foreign master not using PTP timescale
ptp4l[795.000]: rms 79913 max 173730 freq  +5574 +/- 32449 delay 106610 +/- 24615
ptp4l[795.156]: selected best master clock e6ced2.fffe.bfd54b
ptp4l[795.159]: foreign master not using PTP timescale
ptp4l[795.162]: port 2: master state recommended in slave only mode
ptp4l[795.164]: port 2: defaultDS.priority1 probably misconfigured
ptp4l[795.816]: selected best master clock e6ced2.fffe.bfd54b
ptp4l[795.819]: foreign master not using PTP timescale
ptp4l[796.157]: selected best master clock e6ced2.fffe.bfd54b
ptp4l[796.160]: foreign master not using PTP timescale
ptp4l[796.163]: port 2: master state recommended in slave only mode
ptp4l[796.166]: port 2: defaultDS.priority1 probably misconfigured
ptp4l[796.536]: selected best master clock e6ced2.fffe.bfd54b
ptp4l[796.539]: foreign master not using PTP timescale
ptp4l[796.908]: selected best master clock e6ced2.fffe.bfd54b
ptp4l[796.912]: foreign master not using PTP timescale
ptp4l[796.915]: port 2: master state recommended in slave only mode
ptp4l[796.918]: port 2: defaultDS.priority1 probably misconfigured
ptp4l[797.364]: selected best master clock e6ced2.fffe.bfd54b
ptp4l[797.365]: foreign master not using PTP timescale
ptp4l[797.658]: selected best master clock e6ced2.fffe.bfd54b
ptp4l[797.661]: foreign master not using PTP timescale
ptp4l[797.663]: port 2: master state recommended in slave only mode
ptp4l[797.666]: port 2: defaultDS.priority1 probably misconfigured
ptp4l[798.240]: selected best master clock e6ced2.fffe.bfd54b
ptp4l[798.243]: foreign master not using PTP timescale
ptp4l[798.659]: selected best master clock e6ced2.fffe.bfd54b
ptp4l[798.660]: foreign master not using PTP timescale
ptp4l[798.661]: port 2: master state recommended in slave only mode
ptp4l[798.662]: port 2: defaultDS.priority1 probably misconfigured
ptp4l[799.164]: selected best master clock e6ced2.fffe.bfd54b
ptp4l[799.165]: foreign master not using PTP timescale
ptp4l[799.659]: selected best master clock e6ced2.fffe.bfd54b
ptp4l[799.660]: foreign master not using PTP timescale
ptp4l[799.660]: port 2: master state recommended in slave only mode
ptp4l[799.661]: port 2: defaultDS.priority1 probably misconfigured
ptp4l[799.960]: selected best master clock e6ced2.fffe.bfd54b
ptp4l[799.961]: foreign master not using PTP timescale
ptp4l[800.410]: selected best master clock e6ced2.fffe.bfd54b
ptp4l[800.411]: foreign master not using PTP timescale
ptp4l[800.411]: port 2: master state recommended in slave only mode
ptp4l[800.412]: port 2: defaultDS.priority1 probably misconfigured
ptp4l[800.804]: selected best master clock e6ced2.fffe.bfd54b
ptp4l[800.807]: foreign master not using PTP timescale
ptp4l[801.160]: selected best master clock e6ced2.fffe.bfd54b
ptp4l[801.163]: foreign master not using PTP timescale
ptp4l[801.167]: port 2: master state recommended in slave only mode
ptp4l[801.169]: port 2: defaultDS.priority1 probably misconfigured
ptp4l[801.648]: selected best master clock e6ced2.fffe.bfd54b
ptp4l[801.652]: foreign master not using PTP timescale
ptp4l[801.911]: selected best master clock e6ced2.fffe.bfd54b
ptp4l[801.914]: foreign master not using PTP timescale
ptp4l[801.916]: port 2: master state recommended in slave only mode
ptp4l[801.919]: port 2: defaultDS.priority1 probably misconfigured
ptp4l[802.416]: selected best master clock e6ced2.fffe.bfd54b
ptp4l[802.419]: foreign master not using PTP timescale
ptp4l[802.912]: selected best master clock e6ced2.fffe.bfd54b
ptp4l[802.913]: foreign master not using PTP timescale
ptp4l[802.914]: port 2: master state recommended in slave only mode
ptp4l[802.915]: port 2: defaultDS.priority1 probably misconfigured
ptp4l[803.352]: selected best master clock e6ced2.fffe.bfd54b
ptp4l[803.355]: foreign master not using PTP timescale
ptp4l[803.663]: selected best master clock e6ced2.fffe.bfd54b
ptp4l[803.665]: foreign master not using PTP timescale
ptp4l[803.668]: port 2: master state recommended in slave only mode
ptp4l[803.671]: port 2: defaultDS.priority1 probably misconfigured
ptp4l[804.176]: selected best master clock e6ced2.fffe.bfd54b
ptp4l[804.178]: foreign master not using PTP timescale
ptp4l[804.663]: selected best master clock e6ced2.fffe.bfd54b
ptp4l[804.665]: foreign master not using PTP timescale
ptp4l[804.668]: port 2: master state recommended in slave only mode
ptp4l[804.670]: port 2: defaultDS.priority1 probably misconfigured
ptp4l[805.028]: selected best master clock e6ced2.fffe.bfd54b
ptp4l[805.033]: foreign master not using PTP timescale
ptp4l[805.413]: selected best master clock e6ced2.fffe.bfd54b
ptp4l[805.414]: foreign master not using PTP timescale
ptp4l[805.416]: port 2: master state recommended in slave only mode
ptp4l[805.417]: port 2: defaultDS.priority1 probably misconfigured
ptp4l[805.968]: selected best master clock e6ced2.fffe.bfd54b
ptp4l[805.969]: foreign master not using PTP timescale
ptp4l[806.414]: selected best master clock e6ced2.fffe.bfd54b
ptp4l[806.415]: foreign master not using PTP timescale
ptp4l[806.416]: port 2: master state recommended in slave only mode
ptp4l[806.416]: port 2: defaultDS.priority1 probably misconfigured
ptp4l[806.856]: selected best master clock e6ced2.fffe.bfd54b
ptp4l[806.856]: foreign master not using PTP timescale
ptp4l[807.164]: selected best master clock e6ced2.fffe.bfd54b
ptp4l[807.165]: foreign master not using PTP timescale
ptp4l[807.166]: port 2: master state recommended in slave only mode
ptp4l[807.167]: port 2: defaultDS.priority1 probably misconfigured
ptp4l[807.792]: selected best master clock e6ced2.fffe.bfd54b
ptp4l[807.793]: foreign master not using PTP timescale
ptp4l[808.165]: selected best master clock e6ced2.fffe.bfd54b
ptp4l[808.168]: foreign master not using PTP timescale
ptp4l[808.171]: port 2: master state recommended in slave only mode
ptp4l[808.174]: port 2: defaultDS.priority1 probably misconfigured
ptp4l[808.564]: selected best master clock e6ced2.fffe.bfd54b
ptp4l[808.565]: foreign master not using PTP timescale
ptp4l[808.915]: selected best master clock e6ced2.fffe.bfd54b
ptp4l[808.916]: foreign master not using PTP timescale
ptp4l[808.917]: port 2: master state recommended in slave only mode
ptp4l[808.918]: port 2: defaultDS.priority1 probably misconfigured
