ptp4l[959.620]: port 1: INITIALIZING to LISTENING on INIT_COMPLETE
ptp4l[959.656]: port 2: INITIALIZING to LISTENING on INIT_COMPLETE
ptp4l[959.657]: port 0: INITIALIZING to LISTENING on INIT_COMPLETE
ptp4l[960.588]: selected local clock fe5480.fffe.5cfaeb as best master
ptp4l[960.591]: port 2: new foreign master 5ed9cb.fffe.2c2e0c-1
ptp4l[960.621]: port 1: new foreign master eea16e.fffe.a51005-1
ptp4l[960.700]: selected local clock fe5480.fffe.5cfaeb as best master
ptp4l[961.076]: selected best master clock 5ed9cb.fffe.2c2e0c
ptp4l[961.077]: foreign master not using PTP timescale
ptp4l[961.078]: port 2: LISTENING to UNCALIBRATED on RS_SLAVE
ptp4l[961.122]: selected best master clock eea16e.fffe.a51005
ptp4l[961.123]: foreign master not using PTP timescale
ptp4l[961.124]: port 1: LISTENING to UNCALIBRATED on RS_SLAVE
ptp4l[961.125]: port 2: master state recommended in slave only mode
ptp4l[961.126]: port 2: defaultDS.priority1 probably misconfigured
ptp4l[961.127]: port 2: UNCALIBRATED to LISTENING on RS_MASTER
ptp4l[961.972]: selected best master clock eea16e.fffe.a51005
ptp4l[961.973]: foreign master not using PTP timescale
ptp4l[962.327]: selected best master clock eea16e.fffe.a51005
ptp4l[962.328]: foreign master not using PTP timescale
ptp4l[962.329]: port 2: master state recommended in slave only mode
ptp4l[962.330]: port 2: defaultDS.priority1 probably misconfigured
ptp4l[962.892]: selected best master clock eea16e.fffe.a51005
ptp4l[962.892]: foreign master not using PTP timescale
ptp4l[963.327]: selected best master clock eea16e.fffe.a51005
ptp4l[963.328]: foreign master not using PTP timescale
ptp4l[963.329]: port 2: master state recommended in slave only mode
ptp4l[963.330]: port 2: defaultDS.priority1 probably misconfigured
ptp4l[963.776]: selected best master clock eea16e.fffe.a51005
ptp4l[963.777]: foreign master not using PTP timescale
ptp4l[964.077]: selected best master clock eea16e.fffe.a51005
ptp4l[964.078]: foreign master not using PTP timescale
ptp4l[964.079]: port 2: master state recommended in slave only mode
ptp4l[964.079]: port 2: defaultDS.priority1 probably misconfigured
ptp4l[964.728]: selected best master clock eea16e.fffe.a51005
ptp4l[964.729]: foreign master not using PTP timescale
ptp4l[965.078]: selected best master clock eea16e.fffe.a51005
ptp4l[965.079]: foreign master not using PTP timescale
ptp4l[965.079]: port 2: master state recommended in slave only mode
ptp4l[965.080]: port 2: defaultDS.priority1 probably misconfigured
ptp4l[965.632]: selected best master clock eea16e.fffe.a51005
ptp4l[965.633]: foreign master not using PTP timescale
ptp4l[966.078]: selected best master clock eea16e.fffe.a51005
ptp4l[966.079]: foreign master not using PTP timescale
ptp4l[966.080]: port 2: master state recommended in slave only mode
ptp4l[966.081]: port 2: defaultDS.priority1 probably misconfigured
ptp4l[966.532]: selected best master clock eea16e.fffe.a51005
ptp4l[966.533]: foreign master not using PTP timescale
ptp4l[966.828]: selected best master clock eea16e.fffe.a51005
ptp4l[966.829]: foreign master not using PTP timescale
ptp4l[966.830]: port 2: master state recommended in slave only mode
ptp4l[966.831]: port 2: defaultDS.priority1 probably misconfigured
ptp4l[967.284]: selected best master clock eea16e.fffe.a51005
ptp4l[967.287]: foreign master not using PTP timescale
ptp4l[967.579]: selected best master clock eea16e.fffe.a51005
ptp4l[967.580]: foreign master not using PTP timescale
ptp4l[967.582]: port 2: master state recommended in slave only mode
ptp4l[967.584]: port 2: defaultDS.priority1 probably misconfigured
ptp4l[968.164]: selected best master clock eea16e.fffe.a51005
ptp4l[968.166]: foreign master not using PTP timescale
ptp4l[968.580]: selected best master clock eea16e.fffe.a51005
ptp4l[968.582]: foreign master not using PTP timescale
ptp4l[968.585]: port 2: master state recommended in slave only mode
ptp4l[968.588]: port 2: defaultDS.priority1 probably misconfigured
ptp4l[969.068]: selected best master clock eea16e.fffe.a51005
ptp4l[969.070]: foreign master not using PTP timescale
ptp4l[969.330]: selected best master clock eea16e.fffe.a51005
ptp4l[969.332]: foreign master not using PTP timescale
ptp4l[969.334]: port 2: master state recommended in slave only mode
ptp4l[969.336]: port 2: defaultDS.priority1 probably misconfigured
ptp4l[969.952]: selected best master clock eea16e.fffe.a51005
ptp4l[969.953]: foreign master not using PTP timescale
ptp4l[970.331]: selected best master clock eea16e.fffe.a51005
ptp4l[970.332]: foreign master not using PTP timescale
ptp4l[970.333]: port 2: master state recommended in slave only mode
ptp4l[970.334]: port 2: defaultDS.priority1 probably misconfigured
ptp4l[970.728]: selected best master clock eea16e.fffe.a51005
ptp4l[970.728]: foreign master not using PTP timescale
ptp4l[971.081]: selected best master clock eea16e.fffe.a51005
ptp4l[971.082]: foreign master not using PTP timescale
ptp4l[971.083]: port 2: master state recommended in slave only mode
ptp4l[971.084]: port 2: defaultDS.priority1 probably misconfigured
ptp4l[971.652]: selected best master clock eea16e.fffe.a51005
ptp4l[971.653]: foreign master not using PTP timescale
ptp4l[972.082]: selected best master clock eea16e.fffe.a51005
ptp4l[972.083]: foreign master not using PTP timescale
ptp4l[972.084]: port 2: master state recommended in slave only mode
ptp4l[972.085]: port 2: defaultDS.priority1 probably misconfigured
ptp4l[972.564]: selected best master clock eea16e.fffe.a51005
ptp4l[972.564]: foreign master not using PTP timescale
ptp4l[972.832]: selected best master clock eea16e.fffe.a51005
ptp4l[972.833]: foreign master not using PTP timescale
ptp4l[972.834]: port 2: master state recommended in slave only mode
ptp4l[972.835]: port 2: defaultDS.priority1 probably misconfigured
ptp4l[973.448]: selected best master clock eea16e.fffe.a51005
ptp4l[973.451]: foreign master not using PTP timescale
ptp4l[973.833]: selected best master clock eea16e.fffe.a51005
ptp4l[973.834]: foreign master not using PTP timescale
ptp4l[973.836]: port 2: master state recommended in slave only mode
ptp4l[973.837]: port 2: defaultDS.priority1 probably misconfigured
ptp4l[974.356]: selected best master clock eea16e.fffe.a51005
ptp4l[974.357]: foreign master not using PTP timescale
ptp4l[974.833]: selected best master clock eea16e.fffe.a51005
ptp4l[974.836]: foreign master not using PTP timescale
ptp4l[974.839]: port 2: master state recommended in slave only mode
ptp4l[974.841]: port 2: defaultDS.priority1 probably misconfigured
ptp4l[975.232]: selected best master clock eea16e.fffe.a51005
ptp4l[975.235]: foreign master not using PTP timescale
ptp4l[975.584]: selected best master clock eea16e.fffe.a51005
ptp4l[975.587]: foreign master not using PTP timescale
ptp4l[975.590]: port 2: master state recommended in slave only mode
ptp4l[975.593]: port 2: defaultDS.priority1 probably misconfigured
ptp4l[976.164]: selected best master clock eea16e.fffe.a51005
ptp4l[976.166]: foreign master not using PTP timescale
ptp4l[976.585]: selected best master clock eea16e.fffe.a51005
ptp4l[976.589]: foreign master not using PTP timescale
ptp4l[976.591]: port 2: master state recommended in slave only mode
ptp4l[976.594]: port 2: defaultDS.priority1 probably misconfigured
ptp4l[977.020]: selected best master clock eea16e.fffe.a51005
ptp4l[977.022]: foreign master not using PTP timescale
ptp4l[977.262]: rms 8394 max 12526 freq  +1579 +/- 5438 delay 21176 +/- 5352
ptp4l[977.336]: selected best master clock eea16e.fffe.a51005
ptp4l[977.339]: foreign master not using PTP timescale
ptp4l[977.342]: port 2: master state recommended in slave only mode
ptp4l[977.345]: port 2: defaultDS.priority1 probably misconfigured
ptp4l[978.016]: selected best master clock eea16e.fffe.a51005
ptp4l[978.017]: foreign master not using PTP timescale
ptp4l[978.336]: selected best master clock eea16e.fffe.a51005
ptp4l[978.337]: foreign master not using PTP timescale
ptp4l[978.337]: port 2: master state recommended in slave only mode
ptp4l[978.338]: port 2: defaultDS.priority1 probably misconfigured
ptp4l[978.836]: selected best master clock eea16e.fffe.a51005
ptp4l[978.836]: foreign master not using PTP timescale
ptp4l[979.086]: selected best master clock eea16e.fffe.a51005
ptp4l[979.087]: foreign master not using PTP timescale
ptp4l[979.088]: port 2: master state recommended in slave only mode
ptp4l[979.089]: port 2: defaultDS.priority1 probably misconfigured
ptp4l[979.704]: selected best master clock eea16e.fffe.a51005
ptp4l[979.705]: foreign master not using PTP timescale
ptp4l[980.087]: selected best master clock eea16e.fffe.a51005
ptp4l[980.088]: foreign master not using PTP timescale
ptp4l[980.089]: port 2: master state recommended in slave only mode
ptp4l[980.090]: port 2: defaultDS.priority1 probably misconfigured
ptp4l[980.572]: selected best master clock eea16e.fffe.a51005
ptp4l[980.573]: foreign master not using PTP timescale
ptp4l[980.837]: selected best master clock eea16e.fffe.a51005
ptp4l[980.838]: foreign master not using PTP timescale
ptp4l[980.839]: port 2: master state recommended in slave only mode
ptp4l[980.839]: port 2: defaultDS.priority1 probably misconfigured
ptp4l[981.556]: selected best master clock eea16e.fffe.a51005
ptp4l[981.558]: foreign master not using PTP timescale
ptp4l[981.837]: selected best master clock eea16e.fffe.a51005
ptp4l[981.839]: foreign master not using PTP timescale
ptp4l[981.840]: port 2: master state recommended in slave only mode
ptp4l[981.841]: port 2: defaultDS.priority1 probably misconfigured
ptp4l[982.496]: selected best master clock eea16e.fffe.a51005
ptp4l[982.497]: foreign master not using PTP timescale
ptp4l[982.838]: selected best master clock eea16e.fffe.a51005
ptp4l[982.839]: foreign master not using PTP timescale
ptp4l[982.841]: port 2: master state recommended in slave only mode
ptp4l[982.841]: port 2: defaultDS.priority1 probably misconfigured
ptp4l[983.336]: selected best master clock eea16e.fffe.a51005
ptp4l[983.336]: foreign master not using PTP timescale
ptp4l[983.588]: selected best master clock eea16e.fffe.a51005
ptp4l[983.590]: foreign master not using PTP timescale
ptp4l[983.592]: port 2: master state recommended in slave only mode
ptp4l[983.595]: port 2: defaultDS.priority1 probably misconfigured
ptp4l[984.128]: selected best master clock eea16e.fffe.a51005
ptp4l[984.129]: foreign master not using PTP timescale
ptp4l[984.589]: selected best master clock eea16e.fffe.a51005
ptp4l[984.592]: foreign master not using PTP timescale
ptp4l[984.594]: port 2: master state recommended in slave only mode
ptp4l[984.597]: port 2: defaultDS.priority1 probably misconfigured
ptp4l[984.960]: selected best master clock eea16e.fffe.a51005
ptp4l[984.961]: foreign master not using PTP timescale
ptp4l[985.339]: selected best master clock eea16e.fffe.a51005
ptp4l[985.341]: foreign master not using PTP timescale
ptp4l[985.342]: port 2: master state recommended in slave only mode
ptp4l[985.342]: port 2: defaultDS.priority1 probably misconfigured
ptp4l[985.716]: selected best master clock eea16e.fffe.a51005
ptp4l[985.716]: foreign master not using PTP timescale
ptp4l[986.090]: selected best master clock eea16e.fffe.a51005
ptp4l[986.090]: foreign master not using PTP timescale
ptp4l[986.092]: port 2: master state recommended in slave only mode
ptp4l[986.092]: port 2: defaultDS.priority1 probably misconfigured
ptp4l[986.644]: selected best master clock eea16e.fffe.a51005
ptp4l[986.644]: foreign master not using PTP timescale
ptp4l[987.090]: selected best master clock eea16e.fffe.a51005
ptp4l[987.091]: foreign master not using PTP timescale
ptp4l[987.092]: port 2: master state recommended in slave only mode
ptp4l[987.093]: port 2: defaultDS.priority1 probably misconfigured
ptp4l[987.464]: selected best master clock eea16e.fffe.a51005
ptp4l[987.467]: foreign master not using PTP timescale
ptp4l[987.841]: selected best master clock eea16e.fffe.a51005
ptp4l[987.842]: foreign master not using PTP timescale
ptp4l[987.843]: port 2: master state recommended in slave only mode
ptp4l[987.844]: port 2: defaultDS.priority1 probably misconfigured
ptp4l[988.364]: selected best master clock eea16e.fffe.a51005
ptp4l[988.365]: foreign master not using PTP timescale
ptp4l[988.841]: selected best master clock eea16e.fffe.a51005
ptp4l[988.842]: foreign master not using PTP timescale
ptp4l[988.844]: port 2: master state recommended in slave only mode
ptp4l[988.845]: port 2: defaultDS.priority1 probably misconfigured
ptp4l[989.120]: selected best master clock eea16e.fffe.a51005
ptp4l[989.121]: foreign master not using PTP timescale
ptp4l[989.592]: selected best master clock eea16e.fffe.a51005
ptp4l[989.595]: foreign master not using PTP timescale
ptp4l[989.598]: port 2: master state recommended in slave only mode
ptp4l[989.601]: port 2: defaultDS.priority1 probably misconfigured
ptp4l[989.972]: selected best master clock eea16e.fffe.a51005
ptp4l[989.973]: foreign master not using PTP timescale
ptp4l[990.342]: selected best master clock eea16e.fffe.a51005
ptp4l[990.343]: foreign master not using PTP timescale
ptp4l[990.344]: port 2: master state recommended in slave only mode
ptp4l[990.345]: port 2: defaultDS.priority1 probably misconfigured
ptp4l[990.944]: selected best master clock eea16e.fffe.a51005
ptp4l[990.947]: foreign master not using PTP timescale
ptp4l[991.343]: selected best master clock eea16e.fffe.a51005
ptp4l[991.344]: foreign master not using PTP timescale
ptp4l[991.345]: port 2: master state recommended in slave only mode
ptp4l[991.346]: port 2: defaultDS.priority1 probably misconfigured
ptp4l[991.792]: selected best master clock eea16e.fffe.a51005
ptp4l[991.793]: foreign master not using PTP timescale
ptp4l[992.094]: selected best master clock eea16e.fffe.a51005
ptp4l[992.096]: foreign master not using PTP timescale
ptp4l[992.099]: port 2: master state recommended in slave only mode
ptp4l[992.102]: port 2: defaultDS.priority1 probably misconfigured
ptp4l[992.645]: selected best master clock eea16e.fffe.a51005
ptp4l[992.647]: foreign master not using PTP timescale
ptp4l[993.095]: selected best master clock eea16e.fffe.a51005
ptp4l[993.096]: foreign master not using PTP timescale
ptp4l[993.098]: port 2: master state recommended in slave only mode
ptp4l[993.101]: port 2: defaultDS.priority1 probably misconfigured
ptp4l[993.281]: rms 9716 max 17075 freq  -1624 +/- 7254 delay 20171 +/- 5378
ptp4l[993.640]: selected best master clock eea16e.fffe.a51005
ptp4l[993.641]: foreign master not using PTP timescale
ptp4l[994.095]: selected best master clock eea16e.fffe.a51005
ptp4l[994.096]: foreign master not using PTP timescale
ptp4l[994.096]: port 2: master state recommended in slave only mode
ptp4l[994.097]: port 2: defaultDS.priority1 probably misconfigured
ptp4l[994.368]: selected best master clock eea16e.fffe.a51005
ptp4l[994.369]: foreign master not using PTP timescale
ptp4l[994.845]: selected best master clock eea16e.fffe.a51005
ptp4l[994.846]: foreign master not using PTP timescale
ptp4l[994.846]: port 2: master state recommended in slave only mode
ptp4l[994.847]: port 2: defaultDS.priority1 probably misconfigured
ptp4l[995.304]: selected best master clock eea16e.fffe.a51005
ptp4l[995.308]: foreign master not using PTP timescale
ptp4l[995.596]: selected best master clock eea16e.fffe.a51005
ptp4l[995.599]: foreign master not using PTP timescale
ptp4l[995.602]: port 2: master state recommended in slave only mode
ptp4l[995.605]: port 2: defaultDS.priority1 probably misconfigured
ptp4l[996.252]: selected best master clock eea16e.fffe.a51005
ptp4l[996.255]: foreign master not using PTP timescale
ptp4l[996.597]: selected best master clock eea16e.fffe.a51005
ptp4l[996.600]: foreign master not using PTP timescale
ptp4l[996.603]: port 2: master state recommended in slave only mode
ptp4l[996.605]: port 2: defaultDS.priority1 probably misconfigured
ptp4l[997.140]: selected best master clock eea16e.fffe.a51005
ptp4l[997.141]: foreign master not using PTP timescale
ptp4l[997.598]: selected best master clock eea16e.fffe.a51005
ptp4l[997.601]: foreign master not using PTP timescale
ptp4l[997.607]: port 2: master state recommended in slave only mode
ptp4l[997.610]: port 2: defaultDS.priority1 probably misconfigured
ptp4l[998.060]: selected best master clock eea16e.fffe.a51005
ptp4l[998.063]: foreign master not using PTP timescale
ptp4l[998.349]: selected best master clock eea16e.fffe.a51005
ptp4l[998.352]: foreign master not using PTP timescale
ptp4l[998.355]: port 2: master state recommended in slave only mode
ptp4l[998.358]: port 2: defaultDS.priority1 probably misconfigured
ptp4l[998.880]: selected best master clock eea16e.fffe.a51005
ptp4l[998.883]: foreign master not using PTP timescale
ptp4l[999.350]: selected best master clock eea16e.fffe.a51005
ptp4l[999.353]: foreign master not using PTP timescale
ptp4l[999.356]: port 2: master state recommended in slave only mode
ptp4l[999.358]: port 2: defaultDS.priority1 probably misconfigured
ptp4l[999.596]: selected best master clock eea16e.fffe.a51005
ptp4l[999.599]: foreign master not using PTP timescale
ptp4l[999.850]: selected best master clock eea16e.fffe.a51005
ptp4l[999.853]: foreign master not using PTP timescale
ptp4l[999.856]: port 2: master state recommended in slave only mode
ptp4l[999.859]: port 2: defaultDS.priority1 probably misconfigured
ptp4l[1000.516]: selected best master clock eea16e.fffe.a51005
ptp4l[1000.519]: foreign master not using PTP timescale
ptp4l[1000.852]: selected best master clock eea16e.fffe.a51005
ptp4l[1000.854]: foreign master not using PTP timescale
ptp4l[1000.857]: port 2: master state recommended in slave only mode
ptp4l[1000.860]: port 2: defaultDS.priority1 probably misconfigured
ptp4l[1001.496]: selected best master clock eea16e.fffe.a51005
ptp4l[1001.497]: foreign master not using PTP timescale
ptp4l[1001.851]: selected best master clock eea16e.fffe.a51005
ptp4l[1001.852]: foreign master not using PTP timescale
ptp4l[1001.853]: port 2: master state recommended in slave only mode
ptp4l[1001.853]: port 2: defaultDS.priority1 probably misconfigured
ptp4l[1002.332]: selected best master clock eea16e.fffe.a51005
ptp4l[1002.333]: foreign master not using PTP timescale
ptp4l[1002.602]: selected best master clock eea16e.fffe.a51005
ptp4l[1002.604]: foreign master not using PTP timescale
ptp4l[1002.607]: port 2: master state recommended in slave only mode
ptp4l[1002.610]: port 2: defaultDS.priority1 probably misconfigured
ptp4l[1003.216]: selected best master clock eea16e.fffe.a51005
ptp4l[1003.217]: foreign master not using PTP timescale
ptp4l[1003.603]: selected best master clock eea16e.fffe.a51005
ptp4l[1003.606]: foreign master not using PTP timescale
ptp4l[1003.609]: port 2: master state recommended in slave only mode
ptp4l[1003.612]: port 2: defaultDS.priority1 probably misconfigured
ptp4l[1003.988]: selected best master clock eea16e.fffe.a51005
ptp4l[1003.991]: foreign master not using PTP timescale
ptp4l[1004.353]: selected best master clock eea16e.fffe.a51005
ptp4l[1004.354]: foreign master not using PTP timescale
ptp4l[1004.356]: port 2: master state recommended in slave only mode
ptp4l[1004.357]: port 2: defaultDS.priority1 probably misconfigured
ptp4l[1004.948]: selected best master clock eea16e.fffe.a51005
ptp4l[1004.952]: foreign master not using PTP timescale
ptp4l[1005.354]: selected best master clock eea16e.fffe.a51005
ptp4l[1005.355]: foreign master not using PTP timescale
ptp4l[1005.356]: port 2: master state recommended in slave only mode
ptp4l[1005.357]: port 2: defaultDS.priority1 probably misconfigured
ptp4l[1005.948]: selected best master clock eea16e.fffe.a51005
ptp4l[1005.949]: foreign master not using PTP timescale
ptp4l[1006.355]: selected best master clock eea16e.fffe.a51005
ptp4l[1006.358]: foreign master not using PTP timescale
ptp4l[1006.362]: port 2: master state recommended in slave only mode
ptp4l[1006.364]: port 2: defaultDS.priority1 probably misconfigured
ptp4l[1006.740]: selected best master clock eea16e.fffe.a51005
ptp4l[1006.743]: foreign master not using PTP timescale
ptp4l[1007.107]: selected best master clock eea16e.fffe.a51005
ptp4l[1007.109]: foreign master not using PTP timescale
ptp4l[1007.112]: port 2: master state recommended in slave only mode
ptp4l[1007.114]: port 2: defaultDS.priority1 probably misconfigured
