ptp4l[2170.976]: port 1 (v-ru2): INITIALIZING to LISTENING on INIT_COMPLETE
ptp4l[2170.976]: port 0 (/var/run/p.ru2): INITIALIZING to LISTENING on INIT_COMPLETE
ptp4l[2170.976]: port 0 (/var/run/pr.ru2): INITIALIZING to LISTENING on INIT_COMPLETE
ptp4l[2171.396]: port 1 (v-ru2): new foreign master 020000.fffe.000001-2
ptp4l[2171.451]: selected local clock 020000.fffe.00000d as best master
ptp4l[2171.647]: selected best master clock 020000.fffe.00000b
ptp4l[2171.647]: foreign master not using PTP timescale
ptp4l[2171.647]: port 1 (v-ru2): LISTENING to UNCALIBRATED on RS_SLAVE
ptp4l[2171.772]: selected best master clock 020000.fffe.00000a
ptp4l[2171.772]: foreign master not using PTP timescale
ptp4l[2173.837]: master offset        -54 s0 freq    -684 path delay      4054
ptp4l[2175.839]: master offset      -1429 s0 freq    -795 path delay      3837
ptp4l[2177.841]: master offset        794 s0 freq   +1823 path delay      5264
ptp4l[2179.843]: master offset        182 s0 freq    -539 path delay      4796
ptp4l[2181.845]: master offset       -651 s0 freq    -736 path delay      4155
ptp4l[2183.848]: master offset       6943 s0 freq   +3835 path delay      4244
ptp4l[2185.850]: master offset       1484 s0 freq   -2482 path delay      4734
ptp4l[2187.852]: master offset        214 s0 freq    -839 path delay      4325
ptp4l[2189.854]: master offset       2558 s0 freq    +939 path delay      3861
ptp4l[2191.857]: master offset       -827 s0 freq   -1008 path delay      5228
ptp4l[2193.859]: master offset        580 s0 freq    +648 path delay      5118
ptp4l[2195.861]: master offset      -7051 s0 freq   -1549 path delay      9647
ptp4l[2197.864]: master offset      -3527 s0 freq    +282 path delay      6688
ptp4l[2198.331]: port 1 (v-ru2): UNCALIBRATED to LISTENING on ANNOUNCE_RECEIPT_TIMEOUT_EXPIRES
ptp4l[2198.331]: selected local clock 020000.fffe.00000d as best master
ptp4l[2198.500]: port 1 (v-ru2): new foreign master 020000.fffe.0000b1-2
ptp4l[2198.750]: selected best master clock 020000.fffe.00000a
ptp4l[2198.750]: foreign master not using PTP timescale
ptp4l[2198.750]: port 1 (v-ru2): LISTENING to UNCALIBRATED on RS_SLAVE
ptp4l[2200.815]: master offset         48 s0 freq    +823 path delay      4505
ptp4l[2202.817]: master offset        294 s0 freq     +99 path delay      4458
ptp4l[2204.818]: master offset       1096 s0 freq    -229 path delay      3197
ptp4l[2206.821]: master offset       1360 s0 freq    +566 path delay      4067
ptp4l[2208.823]: master offset        789 s0 freq    -786 path delay      3064
ptp4l[2210.825]: master offset       1393 s0 freq    +433 path delay      3327
ptp4l[2212.827]: master offset       -438 s0 freq    -812 path delay      3533
ptp4l[2214.829]: master offset       -751 s0 freq    -384 path delay      3077
ptp4l[2216.831]: master offset        434 s0 freq    +584 path delay      3061
