=== MONO=355.73 UTC=2026-09-13T04:21:00Z ===
sending: GET PORT_DATA_SET
	c66d01.fffe.ed8d61-1 seq 0 RESPONSE MANAGEMENT PORT_DATA_SET 
		portIdentity            c66d01.fffe.ed8d61-1
		portState               LISTENING
		logMinDelayReqInterval  -3
		peerMeanPathDelay       0
		logAnnounceInterval     -2
		announceReceiptTimeout  3
		logSyncInterval         -3
		delayMechanism          1
		logMinPdelayReqInterval 0
		versionNumber           2
	c66d01.fffe.ed8d61-2 seq 0 RESPONSE MANAGEMENT PORT_DATA_SET 
		portIdentity            c66d01.fffe.ed8d61-2
		portState               LISTENING
		logMinDelayReqInterval  -3
		peerMeanPathDelay       0
		logAnnounceInterval     -2
		announceReceiptTimeout  3
		logSyncInterval         -3
		delayMechanism          1
		logMinPdelayReqInterval 0
		versionNumber           2
=== MONO=356.85 UTC=2026-09-13T04:21:01Z ===
sending: GET PORT_DATA_SET
	c66d01.fffe.ed8d61-1 seq 0 RESPONSE MANAGEMENT PORT_DATA_SET 
		portIdentity            c66d01.fffe.ed8d61-1
		portState               UNCALIBRATED
		logMinDelayReqInterval  -3
		peerMeanPathDelay       0
		logAnnounceInterval     -2
		announceReceiptTimeout  3
		logSyncInterval         -3
		delayMechanism          1
		logMinPdelayReqInterval 0
		versionNumber           2
	c66d01.fffe.ed8d61-2 seq 0 RESPONSE MANAGEMENT PORT_DATA_SET 
		portIdentity            c66d01.fffe.ed8d61-2
		portState               LISTENING
		logMinDelayReqInterval  -3
		peerMeanPathDelay       0
		logAnnounceInterval     -2
		announceReceiptTimeout  3
		logSyncInterval         -3
		delayMechanism          1
		logMinPdelayReqInterval 0
		versionNumber           2
=== MONO=357.97 UTC=2026-09-13T04:21:02Z ===
sending: GET PORT_DATA_SET
	c66d01.fffe.ed8d61-1 seq 0 RESPONSE MANAGEMENT PORT_DATA_SET 
		portIdentity            c66d01.fffe.ed8d61-1
		portState               UNCALIBRATED
		logMinDelayReqInterval  -3
		peerMeanPathDelay       0
		logAnnounceInterval     -2
		announceReceiptTimeout  3
		logSyncInterval         -3
		delayMechanism          1
		logMinPdelayReqInterval 0
		versionNumber           2
	c66d01.fffe.ed8d61-2 seq 0 RESPONSE MANAGEMENT PORT_DATA_SET 
		portIdentity            c66d01.fffe.ed8d61-2
		portState               LISTENING
		logMinDelayReqInterval  -3
		peerMeanPathDelay       0
		logAnnounceInterval     -2
		announceReceiptTimeout  3
		logSyncInterval         -3
		delayMechanism          1
		logMinPdelayReqInterval 0
		versionNumber           2
=== MONO=359.09 UTC=2026-09-13T04:21:03Z ===
sending: GET PORT_DATA_SET
	c66d01.fffe.ed8d61-1 seq 0 RESPONSE MANAGEMENT PORT_DATA_SET 
		portIdentity            c66d01.fffe.ed8d61-1
		portState               UNCALIBRATED
		logMinDelayReqInterval  -3
		peerMeanPathDelay       0
		logAnnounceInterval     -2
		announceReceiptTimeout  3
		logSyncInterval         -3
		delayMechanism          1
		logMinPdelayReqInterval 0
		versionNumber           2
	c66d01.fffe.ed8d61-2 seq 0 RESPONSE MANAGEMENT PORT_DATA_SET 
		portIdentity            c66d01.fffe.ed8d61-2
		portState               LISTENING
		logMinDelayReqInterval  -3
		peerMeanPathDelay       0
		logAnnounceInterval     -2
		announceReceiptTimeout  3
		logSyncInterval         -3
		delayMechanism          1
		logMinPdelayReqInterval 0
		versionNumber           2
=== MONO=360.21 UTC=2026-09-13T04:21:04Z ===
sending: GET PORT_DATA_SET
	c66d01.fffe.ed8d61-1 seq 0 RESPONSE MANAGEMENT PORT_DATA_SET 
		portIdentity            c66d01.fffe.ed8d61-1
		portState               UNCALIBRATED
		logMinDelayReqInterval  -3
		peerMeanPathDelay       0
		logAnnounceInterval     -2
		announceReceiptTimeout  3
		logSyncInterval         -3
		delayMechanism          1
		logMinPdelayReqInterval 0
		versionNumber           2
	c66d01.fffe.ed8d61-2 seq 0 RESPONSE MANAGEMENT PORT_DATA_SET 
		portIdentity            c66d01.fffe.ed8d61-2
		portState               LISTENING
		logMinDelayReqInterval  -3
		peerMeanPathDelay       0
		logAnnounceInterval     -2
		announceReceiptTimeout  3
		logSyncInterval         -3
		delayMechanism          1
		logMinPdelayReqInterval 0
		versionNumber           2
=== MONO=361.33 UTC=2026-09-13T04:21:05Z ===
sending: GET PORT_DATA_SET
	c66d01.fffe.ed8d61-1 seq 0 RESPONSE MANAGEMENT PORT_DATA_SET 
		portIdentity            c66d01.fffe.ed8d61-1
		portState               UNCALIBRATED
		logMinDelayReqInterval  -3
		peerMeanPathDelay       0
		logAnnounceInterval     -2
		announceReceiptTimeout  3
		logSyncInterval         -3
		delayMechanism          1
		logMinPdelayReqInterval 0
		versionNumber           2
	c66d01.fffe.ed8d61-2 seq 0 RESPONSE MANAGEMENT PORT_DATA_SET 
		portIdentity            c66d01.fffe.ed8d61-2
		portState               LISTENING
		logMinDelayReqInterval  -3
		peerMeanPathDelay       0
		logAnnounceInterval     -2
		announceReceiptTimeout  3
		logSyncInterval         -3
		delayMechanism          1
		logMinPdelayReqInterval 0
		versionNumber           2
=== MONO=362.45 UTC=2026-09-13T04:21:06Z ===
sending: GET PORT_DATA_SET
	c66d01.fffe.ed8d61-1 seq 0 RESPONSE MANAGEMENT PORT_DATA_SET 
		portIdentity            c66d01.fffe.ed8d61-1
		portState               UNCALIBRATED
		logMinDelayReqInterval  -3
		peerMeanPathDelay       0
		logAnnounceInterval     -2
		announceReceiptTimeout  3
		logSyncInterval         -3
		delayMechanism          1
		logMinPdelayReqInterval 0
		versionNumber           2
	c66d01.fffe.ed8d61-2 seq 0 RESPONSE MANAGEMENT PORT_DATA_SET 
		portIdentity            c66d01.fffe.ed8d61-2
		portState               LISTENING
		logMinDelayReqInterval  -3
		peerMeanPathDelay       0
		logAnnounceInterval     -2
		announceReceiptTimeout  3
		logSyncInterval         -3
		delayMechanism          1
		logMinPdelayReqInterval 0
		versionNumber           2
=== MONO=363.57 UTC=2026-09-13T04:21:07Z ===
sending: GET PORT_DATA_SET
	c66d01.fffe.ed8d61-1 seq 0 RESPONSE MANAGEMENT PORT_DATA_SET 
		portIdentity            c66d01.fffe.ed8d61-1
		portState               UNCALIBRATED
		logMinDelayReqInterval  -3
		peerMeanPathDelay       0
		logAnnounceInterval     -2
		announceReceiptTimeout  3
		logSyncInterval         -3
		delayMechanism          1
		logMinPdelayReqInterval 0
		versionNumber           2
	c66d01.fffe.ed8d61-2 seq 0 RESPONSE MANAGEMENT PORT_DATA_SET 
		portIdentity            c66d01.fffe.ed8d61-2
		portState               LISTENING
		logMinDelayReqInterval  -3
		peerMeanPathDelay       0
		logAnnounceInterval     -2
		announceReceiptTimeout  3
		logSyncInterval         -3
		delayMechanism          1
		logMinPdelayReqInterval 0
		versionNumber           2
=== MONO=364.69 UTC=2026-09-13T04:21:09Z ===
sending: GET PORT_DATA_SET
	c66d01.fffe.ed8d61-1 seq 0 RESPONSE MANAGEMENT PORT_DATA_SET 
		portIdentity            c66d01.fffe.ed8d61-1
		portState               UNCALIBRATED
		logMinDelayReqInterval  -3
		peerMeanPathDelay       0
		logAnnounceInterval     -2
		announceReceiptTimeout  3
		logSyncInterval         -3
		delayMechanism          1
		logMinPdelayReqInterval 0
		versionNumber           2
	c66d01.fffe.ed8d61-2 seq 0 RESPONSE MANAGEMENT PORT_DATA_SET 
		portIdentity            c66d01.fffe.ed8d61-2
		portState               LISTENING
		logMinDelayReqInterval  -3
		peerMeanPathDelay       0
		logAnnounceInterval     -2
		announceReceiptTimeout  3
		logSyncInterval         -3
		delayMechanism          1
		logMinPdelayReqInterval 0
		versionNumber           2
=== MONO=365.81 UTC=2026-09-13T04:21:10Z ===
sending: GET PORT_DATA_SET
	c66d01.fffe.ed8d61-1 seq 0 RESPONSE MANAGEMENT PORT_DATA_SET 
		portIdentity            c66d01.fffe.ed8d61-1
		portState               UNCALIBRATED
		logMinDelayReqInterval  -3
		peerMeanPathDelay       0
		logAnnounceInterval     -2
		announceReceiptTimeout  3
		logSyncInterval         -3
		delayMechanism          1
		logMinPdelayReqInterval 0
		versionNumber           2
	c66d01.fffe.ed8d61-2 seq 0 RESPONSE MANAGEMENT PORT_DATA_SET 
		portIdentity            c66d01.fffe.ed8d61-2
		portState               LISTENING
		logMinDelayReqInterval  -3
		peerMeanPathDelay       0
		logAnnounceInterval     -2
		announceReceiptTimeout  3
		logSyncInterval         -3
		delayMechanism          1
		logMinPdelayReqInterval 0
		versionNumber           2
=== MONO=366.92 UTC=2026-09-13T04:21:11Z ===
sending: GET PORT_DATA_SET
	c66d01.fffe.ed8d61-1 seq 0 RESPONSE MANAGEMENT PORT_DATA_SET 
		portIdentity            c66d01.fffe.ed8d61-1
		portState               UNCALIBRATED
		logMinDelayReqInterval  -3
		peerMeanPathDelay       0
		logAnnounceInterval     -2
		announceReceiptTimeout  3
		logSyncInterval         -3
		delayMechanism          1
		logMinPdelayReqInterval 0
		versionNumber           2
	c66d01.fffe.ed8d61-2 seq 0 RESPONSE MANAGEMENT PORT_DATA_SET 
		portIdentity            c66d01.fffe.ed8d61-2
		portState               LISTENING
		logMinDelayReqInterval  -3
		peerMeanPathDelay       0
		logAnnounceInterval     -2
		announceReceiptTimeout  3
		logSyncInterval         -3
		delayMechanism          1
		logMinPdelayReqInterval 0
		versionNumber           2
=== MONO=368.04 UTC=2026-09-13T04:21:12Z ===
sending: GET PORT_DATA_SET
	c66d01.fffe.ed8d61-1 seq 0 RESPONSE MANAGEMENT PORT_DATA_SET 
		portIdentity            c66d01.fffe.ed8d61-1
		portState               UNCALIBRATED
		logMinDelayReqInterval  -3
		peerMeanPathDelay       0
		logAnnounceInterval     -2
		announceReceiptTimeout  3
		logSyncInterval         -3
		delayMechanism          1
		logMinPdelayReqInterval 0
		versionNumber           2
	c66d01.fffe.ed8d61-2 seq 0 RESPONSE MANAGEMENT PORT_DATA_SET 
		portIdentity            c66d01.fffe.ed8d61-2
		portState               LISTENING
		logMinDelayReqInterval  -3
		peerMeanPathDelay       0
		logAnnounceInterval     -2
		announceReceiptTimeout  3
		logSyncInterval         -3
		delayMechanism          1
		logMinPdelayReqInterval 0
		versionNumber           2
=== MONO=369.16 UTC=2026-09-13T04:21:13Z ===
sending: GET PORT_DATA_SET
	c66d01.fffe.ed8d61-1 seq 0 RESPONSE MANAGEMENT PORT_DATA_SET 
		portIdentity            c66d01.fffe.ed8d61-1
		portState               UNCALIBRATED
		logMinDelayReqInterval  -3
		peerMeanPathDelay       0
		logAnnounceInterval     -2
		announceReceiptTimeout  3
		logSyncInterval         -3
		delayMechanism          1
		logMinPdelayReqInterval 0
		versionNumber           2
	c66d01.fffe.ed8d61-2 seq 0 RESPONSE MANAGEMENT PORT_DATA_SET 
		portIdentity            c66d01.fffe.ed8d61-2
		portState               LISTENING
		logMinDelayReqInterval  -3
		peerMeanPathDelay       0
		logAnnounceInterval     -2
		announceReceiptTimeout  3
		logSyncInterval         -3
		delayMechanism          1
		logMinPdelayReqInterval 0
		versionNumber           2
=== MONO=370.28 UTC=2026-09-13T04:21:14Z ===
sending: GET PORT_DATA_SET
	c66d01.fffe.ed8d61-1 seq 0 RESPONSE MANAGEMENT PORT_DATA_SET 
		portIdentity            c66d01.fffe.ed8d61-1
		portState               UNCALIBRATED
		logMinDelayReqInterval  -3
		peerMeanPathDelay       0
		logAnnounceInterval     -2
		announceReceiptTimeout  3
		logSyncInterval         -3
		delayMechanism          1
		logMinPdelayReqInterval 0
		versionNumber           2
	c66d01.fffe.ed8d61-2 seq 0 RESPONSE MANAGEMENT PORT_DATA_SET 
		portIdentity            c66d01.fffe.ed8d61-2
		portState               LISTENING
		logMinDelayReqInterval  -3
		peerMeanPathDelay       0
		logAnnounceInterval     -2
		announceReceiptTimeout  3
		logSyncInterval         -3
		delayMechanism          1
		logMinPdelayReqInterval 0
		versionNumber           2
=== MONO=371.40 UTC=2026-09-13T04:21:15Z ===
sending: GET PORT_DATA_SET
	c66d01.fffe.ed8d61-1 seq 0 RESPONSE MANAGEMENT PORT_DATA_SET 
		portIdentity            c66d01.fffe.ed8d61-1
		portState               UNCALIBRATED
		logMinDelayReqInterval  -3
		peerMeanPathDelay       0
		logAnnounceInterval     -2
		announceReceiptTimeout  3
		logSyncInterval         -3
		delayMechanism          1
		logMinPdelayReqInterval 0
		versionNumber           2
	c66d01.fffe.ed8d61-2 seq 0 RESPONSE MANAGEMENT PORT_DATA_SET 
		portIdentity            c66d01.fffe.ed8d61-2
		portState               LISTENING
		logMinDelayReqInterval  -3
		peerMeanPathDelay       0
		logAnnounceInterval     -2
		announceReceiptTimeout  3
		logSyncInterval         -3
		delayMechanism          1
		logMinPdelayReqInterval 0
		versionNumber           2
=== MONO=372.52 UTC=2026-09-13T04:21:16Z ===
sending: GET PORT_DATA_SET
	c66d01.fffe.ed8d61-1 seq 0 RESPONSE MANAGEMENT PORT_DATA_SET 
		portIdentity            c66d01.fffe.ed8d61-1
		portState               UNCALIBRATED
		logMinDelayReqInterval  -3
		peerMeanPathDelay       0
		logAnnounceInterval     -2
		announceReceiptTimeout  3
		logSyncInterval         -3
		delayMechanism          1
		logMinPdelayReqInterval 0
		versionNumber           2
	c66d01.fffe.ed8d61-2 seq 0 RESPONSE MANAGEMENT PORT_DATA_SET 
		portIdentity            c66d01.fffe.ed8d61-2
		portState               LISTENING
		logMinDelayReqInterval  -3
		peerMeanPathDelay       0
		logAnnounceInterval     -2
		announceReceiptTimeout  3
		logSyncInterval         -3
		delayMechanism          1
		logMinPdelayReqInterval 0
		versionNumber           2
=== MONO=373.64 UTC=2026-09-13T04:21:18Z ===
sending: GET PORT_DATA_SET
	c66d01.fffe.ed8d61-1 seq 0 RESPONSE MANAGEMENT PORT_DATA_SET 
		portIdentity            c66d01.fffe.ed8d61-1
		portState               UNCALIBRATED
		logMinDelayReqInterval  -3
		peerMeanPathDelay       0
		logAnnounceInterval     -2
		announceReceiptTimeout  3
		logSyncInterval         -3
		delayMechanism          1
		logMinPdelayReqInterval 0
		versionNumber           2
	c66d01.fffe.ed8d61-2 seq 0 RESPONSE MANAGEMENT PORT_DATA_SET 
		portIdentity            c66d01.fffe.ed8d61-2
		portState               LISTENING
		logMinDelayReqInterval  -3
		peerMeanPathDelay       0
		logAnnounceInterval     -2
		announceReceiptTimeout  3
		logSyncInterval         -3
		delayMechanism          1
		logMinPdelayReqInterval 0
		versionNumber           2
=== MONO=374.76 UTC=2026-09-13T04:21:19Z ===
sending: GET PORT_DATA_SET
	c66d01.fffe.ed8d61-1 seq 0 RESPONSE MANAGEMENT PORT_DATA_SET 
		portIdentity            c66d01.fffe.ed8d61-1
		portState               UNCALIBRATED
		logMinDelayReqInterval  -3
		peerMeanPathDelay       0
		logAnnounceInterval     -2
		announceReceiptTimeout  3
		logSyncInterval         -3
		delayMechanism          1
		logMinPdelayReqInterval 0
		versionNumber           2
	c66d01.fffe.ed8d61-2 seq 0 RESPONSE MANAGEMENT PORT_DATA_SET 
		portIdentity            c66d01.fffe.ed8d61-2
		portState               LISTENING
		logMinDelayReqInterval  -3
		peerMeanPathDelay       0
		logAnnounceInterval     -2
		announceReceiptTimeout  3
		logSyncInterval         -3
		delayMechanism          1
		logMinPdelayReqInterval 0
		versionNumber           2
=== MONO=375.88 UTC=2026-09-13T04:21:20Z ===
sending: GET PORT_DATA_SET
	c66d01.fffe.ed8d61-1 seq 0 RESPONSE MANAGEMENT PORT_DATA_SET 
		portIdentity            c66d01.fffe.ed8d61-1
		portState               UNCALIBRATED
		logMinDelayReqInterval  -3
		peerMeanPathDelay       0
		logAnnounceInterval     -2
		announceReceiptTimeout  3
		logSyncInterval         -3
		delayMechanism          1
		logMinPdelayReqInterval 0
		versionNumber           2
	c66d01.fffe.ed8d61-2 seq 0 RESPONSE MANAGEMENT PORT_DATA_SET 
		portIdentity            c66d01.fffe.ed8d61-2
		portState               LISTENING
		logMinDelayReqInterval  -3
		peerMeanPathDelay       0
		logAnnounceInterval     -2
		announceReceiptTimeout  3
		logSyncInterval         -3
		delayMechanism          1
		logMinPdelayReqInterval 0
		versionNumber           2
=== MONO=377.00 UTC=2026-09-13T04:21:21Z ===
sending: GET PORT_DATA_SET
	c66d01.fffe.ed8d61-1 seq 0 RESPONSE MANAGEMENT PORT_DATA_SET 
		portIdentity            c66d01.fffe.ed8d61-1
		portState               UNCALIBRATED
		logMinDelayReqInterval  -3
		peerMeanPathDelay       0
		logAnnounceInterval     -2
		announceReceiptTimeout  3
		logSyncInterval         -3
		delayMechanism          1
		logMinPdelayReqInterval 0
		versionNumber           2
	c66d01.fffe.ed8d61-2 seq 0 RESPONSE MANAGEMENT PORT_DATA_SET 
		portIdentity            c66d01.fffe.ed8d61-2
		portState               LISTENING
		logMinDelayReqInterval  -3
		peerMeanPathDelay       0
		logAnnounceInterval     -2
		announceReceiptTimeout  3
		logSyncInterval         -3
		delayMechanism          1
		logMinPdelayReqInterval 0
		versionNumber           2
