ptp4l[354.764]: port 1: INITIALIZING to LISTENING on INIT_COMPLETE
ptp4l[354.812]: port 2: INITIALIZING to LISTENING on INIT_COMPLETE
ptp4l[354.812]: port 0: INITIALIZING to LISTENING on INIT_COMPLETE
ptp4l[355.576]: selected local clock c66d01.fffe.ed8d61 as best master
ptp4l[355.586]: port 1: new foreign master d6a8b9.fffe.5b3419-1
ptp4l[355.587]: port 2: new foreign master d6a8b9.fffe.5b3419-1
ptp4l[355.734]: port 1: new foreign master 86aadb.fffe.7f816d-1
ptp4l[355.735]: port 2: new foreign master 86aadb.fffe.7f816d-1
ptp4l[355.868]: selected local clock c66d01.fffe.ed8d61 as best master
ptp4l[356.086]: selected best master clock d6a8b9.fffe.5b3419
ptp4l[356.087]: foreign master not using PTP timescale
ptp4l[356.088]: port 1: LISTENING to UNCALIBRATED on RS_SLAVE
ptp4l[356.235]: selected best master clock 86aadb.fffe.7f816d
ptp4l[356.236]: foreign master not using PTP timescale
ptp4l[356.336]: selected best master clock 86aadb.fffe.7f816d
ptp4l[356.337]: foreign master not using PTP timescale
ptp4l[356.586]: selected best master clock 86aadb.fffe.7f816d
ptp4l[356.587]: foreign master not using PTP timescale
ptp4l[356.820]: selected best master clock 86aadb.fffe.7f816d
ptp4l[356.820]: foreign master not using PTP timescale
ptp4l[356.836]: selected best master clock 86aadb.fffe.7f816d
ptp4l[356.837]: foreign master not using PTP timescale
ptp4l[356.837]: port 2: master state recommended in slave only mode
ptp4l[356.838]: port 2: defaultDS.priority1 probably misconfigured
ptp4l[357.086]: selected best master clock 86aadb.fffe.7f816d
ptp4l[357.087]: foreign master not using PTP timescale
ptp4l[357.088]: port 2: master state recommended in slave only mode
ptp4l[357.088]: port 2: defaultDS.priority1 probably misconfigured
ptp4l[357.235]: selected best master clock 86aadb.fffe.7f816d
ptp4l[357.235]: foreign master not using PTP timescale
ptp4l[357.586]: selected best master clock 86aadb.fffe.7f816d
ptp4l[357.587]: foreign master not using PTP timescale
ptp4l[357.840]: selected best master clock 86aadb.fffe.7f816d
ptp4l[357.841]: foreign master not using PTP timescale
ptp4l[358.086]: selected best master clock 86aadb.fffe.7f816d
ptp4l[358.087]: foreign master not using PTP timescale
ptp4l[358.235]: selected best master clock 86aadb.fffe.7f816d
ptp4l[358.235]: foreign master not using PTP timescale
ptp4l[358.336]: selected best master clock 86aadb.fffe.7f816d
ptp4l[358.337]: foreign master not using PTP timescale
ptp4l[358.586]: selected best master clock 86aadb.fffe.7f816d
ptp4l[358.587]: foreign master not using PTP timescale
ptp4l[358.792]: selected best master clock 86aadb.fffe.7f816d
ptp4l[358.792]: foreign master not using PTP timescale
ptp4l[358.837]: selected best master clock 86aadb.fffe.7f816d
ptp4l[358.837]: foreign master not using PTP timescale
ptp4l[358.838]: port 2: master state recommended in slave only mode
ptp4l[358.838]: port 2: defaultDS.priority1 probably misconfigured
ptp4l[359.087]: selected best master clock 86aadb.fffe.7f816d
ptp4l[359.088]: foreign master not using PTP timescale
ptp4l[359.088]: port 2: master state recommended in slave only mode
ptp4l[359.089]: port 2: defaultDS.priority1 probably misconfigured
ptp4l[359.235]: selected best master clock 86aadb.fffe.7f816d
ptp4l[359.236]: foreign master not using PTP timescale
ptp4l[359.587]: selected best master clock 86aadb.fffe.7f816d
ptp4l[359.588]: foreign master not using PTP timescale
ptp4l[359.636]: selected best master clock 86aadb.fffe.7f816d
ptp4l[359.637]: foreign master not using PTP timescale
ptp4l[359.985]: selected best master clock 86aadb.fffe.7f816d
ptp4l[359.986]: foreign master not using PTP timescale
ptp4l[360.087]: selected best master clock 86aadb.fffe.7f816d
ptp4l[360.088]: foreign master not using PTP timescale
ptp4l[360.548]: selected best master clock 86aadb.fffe.7f816d
ptp4l[360.548]: foreign master not using PTP timescale
ptp4l[360.587]: selected best master clock 86aadb.fffe.7f816d
ptp4l[360.588]: foreign master not using PTP timescale
ptp4l[360.589]: port 2: master state recommended in slave only mode
ptp4l[360.590]: port 2: defaultDS.priority1 probably misconfigured
ptp4l[360.986]: selected best master clock 86aadb.fffe.7f816d
ptp4l[360.987]: foreign master not using PTP timescale
ptp4l[361.087]: selected best master clock 86aadb.fffe.7f816d
ptp4l[361.089]: foreign master not using PTP timescale
ptp4l[361.337]: selected best master clock 86aadb.fffe.7f816d
ptp4l[361.338]: foreign master not using PTP timescale
ptp4l[361.576]: selected best master clock 86aadb.fffe.7f816d
ptp4l[361.576]: foreign master not using PTP timescale
ptp4l[361.588]: selected best master clock 86aadb.fffe.7f816d
ptp4l[361.588]: foreign master not using PTP timescale
ptp4l[361.838]: selected best master clock 86aadb.fffe.7f816d
ptp4l[361.838]: foreign master not using PTP timescale
ptp4l[361.839]: port 2: master state recommended in slave only mode
ptp4l[361.839]: port 2: defaultDS.priority1 probably misconfigured
ptp4l[361.986]: selected best master clock 86aadb.fffe.7f816d
ptp4l[361.986]: foreign master not using PTP timescale
ptp4l[362.088]: selected best master clock 86aadb.fffe.7f816d
ptp4l[362.088]: foreign master not using PTP timescale
ptp4l[362.364]: selected best master clock 86aadb.fffe.7f816d
ptp4l[362.365]: foreign master not using PTP timescale
ptp4l[362.588]: selected best master clock 86aadb.fffe.7f816d
ptp4l[362.589]: foreign master not using PTP timescale
ptp4l[362.589]: port 2: master state recommended in slave only mode
ptp4l[362.590]: port 2: defaultDS.priority1 probably misconfigured
ptp4l[362.736]: selected best master clock 86aadb.fffe.7f816d
ptp4l[362.737]: foreign master not using PTP timescale
ptp4l[363.088]: selected best master clock 86aadb.fffe.7f816d
ptp4l[363.089]: foreign master not using PTP timescale
ptp4l[363.288]: selected best master clock 86aadb.fffe.7f816d
ptp4l[363.288]: foreign master not using PTP timescale
ptp4l[363.588]: selected best master clock 86aadb.fffe.7f816d
ptp4l[363.589]: foreign master not using PTP timescale
ptp4l[363.589]: port 2: master state recommended in slave only mode
ptp4l[363.590]: port 2: defaultDS.priority1 probably misconfigured
ptp4l[363.736]: selected best master clock 86aadb.fffe.7f816d
ptp4l[363.737]: foreign master not using PTP timescale
ptp4l[364.088]: selected best master clock 86aadb.fffe.7f816d
ptp4l[364.089]: foreign master not using PTP timescale
ptp4l[364.180]: selected best master clock 86aadb.fffe.7f816d
ptp4l[364.181]: foreign master not using PTP timescale
ptp4l[364.486]: selected best master clock 86aadb.fffe.7f816d
ptp4l[364.487]: foreign master not using PTP timescale
ptp4l[364.588]: selected best master clock 86aadb.fffe.7f816d
ptp4l[364.589]: foreign master not using PTP timescale
ptp4l[364.984]: selected best master clock 86aadb.fffe.7f816d
ptp4l[364.984]: foreign master not using PTP timescale
ptp4l[365.089]: selected best master clock 86aadb.fffe.7f816d
ptp4l[365.089]: foreign master not using PTP timescale
ptp4l[365.090]: port 2: master state recommended in slave only mode
ptp4l[365.090]: port 2: defaultDS.priority1 probably misconfigured
ptp4l[365.236]: selected best master clock 86aadb.fffe.7f816d
ptp4l[365.237]: foreign master not using PTP timescale
ptp4l[365.589]: selected best master clock 86aadb.fffe.7f816d
ptp4l[365.589]: foreign master not using PTP timescale
ptp4l[365.920]: selected best master clock 86aadb.fffe.7f816d
ptp4l[365.920]: foreign master not using PTP timescale
ptp4l[366.089]: selected best master clock 86aadb.fffe.7f816d
ptp4l[366.090]: foreign master not using PTP timescale
ptp4l[366.090]: port 2: master state recommended in slave only mode
ptp4l[366.091]: port 2: defaultDS.priority1 probably misconfigured
ptp4l[366.091]: selected best master clock 86aadb.fffe.7f816d
ptp4l[366.092]: foreign master not using PTP timescale
ptp4l[366.092]: port 2: master state recommended in slave only mode
ptp4l[366.093]: port 2: defaultDS.priority1 probably misconfigured
ptp4l[366.237]: selected best master clock 86aadb.fffe.7f816d
ptp4l[366.237]: foreign master not using PTP timescale
ptp4l[366.589]: selected best master clock 86aadb.fffe.7f816d
ptp4l[366.589]: foreign master not using PTP timescale
ptp4l[366.590]: selected best master clock 86aadb.fffe.7f816d
ptp4l[366.591]: foreign master not using PTP timescale
ptp4l[366.932]: selected best master clock 86aadb.fffe.7f816d
ptp4l[366.933]: foreign master not using PTP timescale
ptp4l[367.089]: selected best master clock 86aadb.fffe.7f816d
ptp4l[367.090]: foreign master not using PTP timescale
ptp4l[367.090]: port 2: master state recommended in slave only mode
ptp4l[367.091]: port 2: defaultDS.priority1 probably misconfigured
ptp4l[367.091]: selected best master clock 86aadb.fffe.7f816d
ptp4l[367.092]: foreign master not using PTP timescale
ptp4l[367.092]: port 2: master state recommended in slave only mode
ptp4l[367.092]: port 2: defaultDS.priority1 probably misconfigured
ptp4l[367.237]: selected best master clock 86aadb.fffe.7f816d
ptp4l[367.237]: foreign master not using PTP timescale
ptp4l[367.589]: selected best master clock 86aadb.fffe.7f816d
ptp4l[367.590]: foreign master not using PTP timescale
ptp4l[367.591]: selected best master clock 86aadb.fffe.7f816d
ptp4l[367.592]: foreign master not using PTP timescale
ptp4l[367.800]: selected best master clock 86aadb.fffe.7f816d
ptp4l[367.800]: foreign master not using PTP timescale
ptp4l[368.089]: selected best master clock 86aadb.fffe.7f816d
ptp4l[368.090]: foreign master not using PTP timescale
ptp4l[368.091]: port 2: master state recommended in slave only mode
ptp4l[368.092]: port 2: defaultDS.priority1 probably misconfigured
ptp4l[368.092]: selected best master clock 86aadb.fffe.7f816d
ptp4l[368.093]: foreign master not using PTP timescale
ptp4l[368.093]: port 2: master state recommended in slave only mode
ptp4l[368.094]: port 2: defaultDS.priority1 probably misconfigured
ptp4l[368.237]: selected best master clock 86aadb.fffe.7f816d
ptp4l[368.238]: foreign master not using PTP timescale
ptp4l[368.589]: selected best master clock 86aadb.fffe.7f816d
ptp4l[368.590]: foreign master not using PTP timescale
ptp4l[368.591]: selected best master clock 86aadb.fffe.7f816d
ptp4l[368.591]: foreign master not using PTP timescale
ptp4l[368.764]: selected best master clock 86aadb.fffe.7f816d
ptp4l[368.764]: foreign master not using PTP timescale
ptp4l[369.090]: selected best master clock 86aadb.fffe.7f816d
ptp4l[369.090]: foreign master not using PTP timescale
ptp4l[369.091]: port 2: master state recommended in slave only mode
ptp4l[369.091]: port 2: defaultDS.priority1 probably misconfigured
ptp4l[369.237]: selected best master clock 86aadb.fffe.7f816d
ptp4l[369.238]: foreign master not using PTP timescale
ptp4l[369.341]: selected best master clock 86aadb.fffe.7f816d
ptp4l[369.341]: foreign master not using PTP timescale
ptp4l[369.590]: selected best master clock 86aadb.fffe.7f816d
ptp4l[369.591]: foreign master not using PTP timescale
ptp4l[369.720]: selected best master clock 86aadb.fffe.7f816d
ptp4l[369.720]: foreign master not using PTP timescale
ptp4l[369.841]: selected best master clock 86aadb.fffe.7f816d
ptp4l[369.842]: foreign master not using PTP timescale
ptp4l[369.988]: selected best master clock 86aadb.fffe.7f816d
ptp4l[369.988]: foreign master not using PTP timescale
ptp4l[370.090]: selected best master clock 86aadb.fffe.7f816d
ptp4l[370.090]: foreign master not using PTP timescale
ptp4l[370.341]: selected best master clock 86aadb.fffe.7f816d
ptp4l[370.342]: foreign master not using PTP timescale
ptp4l[370.590]: selected best master clock 86aadb.fffe.7f816d
ptp4l[370.591]: foreign master not using PTP timescale
ptp4l[370.708]: selected best master clock 86aadb.fffe.7f816d
ptp4l[370.708]: foreign master not using PTP timescale
ptp4l[370.841]: selected best master clock 86aadb.fffe.7f816d
ptp4l[370.842]: foreign master not using PTP timescale
ptp4l[370.988]: selected best master clock 86aadb.fffe.7f816d
ptp4l[370.989]: foreign master not using PTP timescale
ptp4l[371.090]: selected best master clock 86aadb.fffe.7f816d
ptp4l[371.091]: foreign master not using PTP timescale
ptp4l[371.341]: selected best master clock 86aadb.fffe.7f816d
ptp4l[371.342]: foreign master not using PTP timescale
ptp4l[371.576]: selected best master clock 86aadb.fffe.7f816d
ptp4l[371.577]: foreign master not using PTP timescale
ptp4l[371.590]: selected best master clock 86aadb.fffe.7f816d
ptp4l[371.591]: foreign master not using PTP timescale
ptp4l[371.591]: port 2: master state recommended in slave only mode
ptp4l[371.592]: port 2: defaultDS.priority1 probably misconfigured
ptp4l[371.841]: selected best master clock 86aadb.fffe.7f816d
ptp4l[371.842]: foreign master not using PTP timescale
ptp4l[371.843]: port 2: master state recommended in slave only mode
ptp4l[371.843]: port 2: defaultDS.priority1 probably misconfigured
ptp4l[371.988]: selected best master clock 86aadb.fffe.7f816d
ptp4l[371.989]: foreign master not using PTP timescale
ptp4l[372.372]: selected best master clock 86aadb.fffe.7f816d
ptp4l[372.372]: foreign master not using PTP timescale
ptp4l[372.373]: selected best master clock 86aadb.fffe.7f816d
ptp4l[372.374]: foreign master not using PTP timescale
ptp4l[372.374]: rms 454537 max 1080400 freq +60084 +/- 184731 delay 193517 +/- 244874
ptp4l[372.591]: selected best master clock 86aadb.fffe.7f816d
ptp4l[372.591]: foreign master not using PTP timescale
ptp4l[372.592]: port 2: master state recommended in slave only mode
ptp4l[372.592]: port 2: defaultDS.priority1 probably misconfigured
ptp4l[372.738]: selected best master clock 86aadb.fffe.7f816d
ptp4l[372.739]: foreign master not using PTP timescale
ptp4l[372.842]: selected best master clock 86aadb.fffe.7f816d
ptp4l[372.842]: foreign master not using PTP timescale
ptp4l[373.091]: selected best master clock 86aadb.fffe.7f816d
ptp4l[373.091]: foreign master not using PTP timescale
ptp4l[373.176]: selected best master clock 86aadb.fffe.7f816d
ptp4l[373.176]: foreign master not using PTP timescale
ptp4l[373.342]: selected best master clock 86aadb.fffe.7f816d
ptp4l[373.343]: foreign master not using PTP timescale
ptp4l[373.488]: selected best master clock 86aadb.fffe.7f816d
ptp4l[373.489]: foreign master not using PTP timescale
ptp4l[373.591]: selected best master clock 86aadb.fffe.7f816d
ptp4l[373.591]: foreign master not using PTP timescale
ptp4l[373.842]: selected best master clock 86aadb.fffe.7f816d
ptp4l[373.843]: foreign master not using PTP timescale
ptp4l[374.152]: selected best master clock 86aadb.fffe.7f816d
ptp4l[374.152]: foreign master not using PTP timescale
ptp4l[374.341]: selected best master clock 86aadb.fffe.7f816d
ptp4l[374.342]: foreign master not using PTP timescale
ptp4l[374.342]: port 2: master state recommended in slave only mode
ptp4l[374.342]: port 2: defaultDS.priority1 probably misconfigured
ptp4l[374.343]: selected best master clock 86aadb.fffe.7f816d
ptp4l[374.344]: foreign master not using PTP timescale
ptp4l[374.344]: port 2: master state recommended in slave only mode
ptp4l[374.345]: port 2: defaultDS.priority1 probably misconfigured
ptp4l[374.489]: selected best master clock 86aadb.fffe.7f816d
ptp4l[374.489]: foreign master not using PTP timescale
ptp4l[374.841]: selected best master clock 86aadb.fffe.7f816d
ptp4l[374.842]: foreign master not using PTP timescale
ptp4l[374.843]: selected best master clock 86aadb.fffe.7f816d
ptp4l[374.844]: foreign master not using PTP timescale
ptp4l[375.064]: selected best master clock 86aadb.fffe.7f816d
ptp4l[375.065]: foreign master not using PTP timescale
ptp4l[375.341]: selected best master clock 86aadb.fffe.7f816d
ptp4l[375.342]: foreign master not using PTP timescale
ptp4l[375.343]: port 2: master state recommended in slave only mode
ptp4l[375.343]: port 2: defaultDS.priority1 probably misconfigured
ptp4l[375.344]: selected best master clock 86aadb.fffe.7f816d
ptp4l[375.345]: foreign master not using PTP timescale
ptp4l[375.345]: port 2: master state recommended in slave only mode
ptp4l[375.346]: port 2: defaultDS.priority1 probably misconfigured
ptp4l[375.489]: selected best master clock 86aadb.fffe.7f816d
ptp4l[375.490]: foreign master not using PTP timescale
ptp4l[375.872]: selected best master clock 86aadb.fffe.7f816d
ptp4l[375.872]: foreign master not using PTP timescale
ptp4l[375.873]: selected best master clock 86aadb.fffe.7f816d
ptp4l[375.874]: foreign master not using PTP timescale
ptp4l[376.093]: selected best master clock 86aadb.fffe.7f816d
ptp4l[376.094]: foreign master not using PTP timescale
ptp4l[376.094]: port 2: master state recommended in slave only mode
ptp4l[376.095]: port 2: defaultDS.priority1 probably misconfigured
ptp4l[376.240]: selected best master clock 86aadb.fffe.7f816d
ptp4l[376.240]: foreign master not using PTP timescale
ptp4l[376.343]: selected best master clock 86aadb.fffe.7f816d
ptp4l[376.344]: foreign master not using PTP timescale
ptp4l[376.592]: selected best master clock 86aadb.fffe.7f816d
ptp4l[376.593]: foreign master not using PTP timescale
ptp4l[376.796]: selected best master clock 86aadb.fffe.7f816d
ptp4l[376.797]: foreign master not using PTP timescale
ptp4l[376.844]: selected best master clock 86aadb.fffe.7f816d
ptp4l[376.844]: foreign master not using PTP timescale
ptp4l[377.093]: selected best master clock 86aadb.fffe.7f816d
ptp4l[377.093]: foreign master not using PTP timescale
ptp4l[377.094]: port 2: master state recommended in slave only mode
ptp4l[377.095]: port 2: defaultDS.priority1 probably misconfigured
ptp4l[377.240]: selected best master clock 86aadb.fffe.7f816d
ptp4l[377.241]: foreign master not using PTP timescale
ptp4l[377.344]: selected best master clock 86aadb.fffe.7f816d
ptp4l[377.344]: foreign master not using PTP timescale
ptp4l[377.593]: selected best master clock 86aadb.fffe.7f816d
ptp4l[377.593]: foreign master not using PTP timescale
ptp4l[377.808]: selected best master clock 86aadb.fffe.7f816d
ptp4l[377.808]: foreign master not using PTP timescale
ptp4l[377.844]: selected best master clock 86aadb.fffe.7f816d
ptp4l[377.845]: foreign master not using PTP timescale
