ptp4l[1009.556]: port 1: INITIALIZING to LISTENING on INIT_COMPLETE
ptp4l[1009.588]: port 2: INITIALIZING to LISTENING on INIT_COMPLETE
ptp4l[1009.589]: port 0: INITIALIZING to LISTENING on INIT_COMPLETE
ptp4l[1010.463]: port 1: new foreign master 9ad8ed.fffe.30cb18-1
ptp4l[1010.528]: selected local clock 1a81ee.fffe.599788 as best master
ptp4l[1010.592]: selected local clock 1a81ee.fffe.599788 as best master
ptp4l[1010.740]: port 2: new foreign master 9e2de3.fffe.d6f381-1
ptp4l[1010.963]: selected best master clock 9ad8ed.fffe.30cb18
ptp4l[1010.963]: foreign master not using PTP timescale
ptp4l[1010.965]: port 1: LISTENING to UNCALIBRATED on RS_SLAVE
ptp4l[1011.240]: selected best master clock 9ad8ed.fffe.30cb18
ptp4l[1011.241]: foreign master not using PTP timescale
ptp4l[1011.242]: port 2: master state recommended in slave only mode
ptp4l[1011.242]: port 2: defaultDS.priority1 probably misconfigured
ptp4l[1011.504]: selected best master clock 9ad8ed.fffe.30cb18
ptp4l[1011.504]: foreign master not using PTP timescale
ptp4l[1011.990]: selected best master clock 9ad8ed.fffe.30cb18
ptp4l[1011.991]: foreign master not using PTP timescale
ptp4l[1011.993]: port 2: master state recommended in slave only mode
ptp4l[1011.994]: port 2: defaultDS.priority1 probably misconfigured
ptp4l[1012.488]: selected best master clock 9ad8ed.fffe.30cb18
ptp4l[1012.490]: foreign master not using PTP timescale
ptp4l[1012.740]: selected best master clock 9ad8ed.fffe.30cb18
ptp4l[1012.741]: foreign master not using PTP timescale
ptp4l[1012.742]: port 2: master state recommended in slave only mode
ptp4l[1012.743]: port 2: defaultDS.priority1 probably misconfigured
ptp4l[1013.376]: selected best master clock 9ad8ed.fffe.30cb18
ptp4l[1013.379]: foreign master not using PTP timescale
ptp4l[1013.741]: selected best master clock 9ad8ed.fffe.30cb18
ptp4l[1013.742]: foreign master not using PTP timescale
ptp4l[1013.743]: port 2: master state recommended in slave only mode
ptp4l[1013.744]: port 2: defaultDS.priority1 probably misconfigured
ptp4l[1014.304]: selected best master clock 9ad8ed.fffe.30cb18
ptp4l[1014.304]: foreign master not using PTP timescale
ptp4l[1014.741]: selected best master clock 9ad8ed.fffe.30cb18
ptp4l[1014.743]: foreign master not using PTP timescale
ptp4l[1014.744]: port 2: master state recommended in slave only mode
ptp4l[1014.744]: port 2: defaultDS.priority1 probably misconfigured
ptp4l[1015.260]: selected best master clock 9ad8ed.fffe.30cb18
ptp4l[1015.261]: foreign master not using PTP timescale
ptp4l[1015.742]: selected best master clock 9ad8ed.fffe.30cb18
ptp4l[1015.746]: foreign master not using PTP timescale
ptp4l[1015.749]: port 2: master state recommended in slave only mode
ptp4l[1015.751]: port 2: defaultDS.priority1 probably misconfigured
ptp4l[1016.072]: selected best master clock 9ad8ed.fffe.30cb18
ptp4l[1016.075]: foreign master not using PTP timescale
ptp4l[1016.493]: selected best master clock 9ad8ed.fffe.30cb18
ptp4l[1016.494]: foreign master not using PTP timescale
ptp4l[1016.495]: port 2: master state recommended in slave only mode
ptp4l[1016.495]: port 2: defaultDS.priority1 probably misconfigured
ptp4l[1017.004]: selected best master clock 9ad8ed.fffe.30cb18
ptp4l[1017.005]: foreign master not using PTP timescale
ptp4l[1017.493]: selected best master clock 9ad8ed.fffe.30cb18
ptp4l[1017.494]: foreign master not using PTP timescale
ptp4l[1017.495]: port 2: master state recommended in slave only mode
ptp4l[1017.496]: port 2: defaultDS.priority1 probably misconfigured
ptp4l[1017.852]: selected best master clock 9ad8ed.fffe.30cb18
ptp4l[1017.852]: foreign master not using PTP timescale
ptp4l[1018.244]: selected best master clock 9ad8ed.fffe.30cb18
ptp4l[1018.244]: foreign master not using PTP timescale
ptp4l[1018.245]: port 2: master state recommended in slave only mode
ptp4l[1018.246]: port 2: defaultDS.priority1 probably misconfigured
ptp4l[1018.644]: selected best master clock 9ad8ed.fffe.30cb18
ptp4l[1018.646]: foreign master not using PTP timescale
ptp4l[1018.994]: selected best master clock 9ad8ed.fffe.30cb18
ptp4l[1018.995]: foreign master not using PTP timescale
ptp4l[1018.996]: port 2: master state recommended in slave only mode
ptp4l[1018.997]: port 2: defaultDS.priority1 probably misconfigured
ptp4l[1019.412]: selected best master clock 9ad8ed.fffe.30cb18
ptp4l[1019.413]: foreign master not using PTP timescale
ptp4l[1019.744]: selected best master clock 9ad8ed.fffe.30cb18
ptp4l[1019.746]: foreign master not using PTP timescale
ptp4l[1019.747]: port 2: master state recommended in slave only mode
ptp4l[1019.748]: port 2: defaultDS.priority1 probably misconfigured
ptp4l[1020.372]: selected best master clock 9ad8ed.fffe.30cb18
ptp4l[1020.375]: foreign master not using PTP timescale
ptp4l[1020.745]: selected best master clock 9ad8ed.fffe.30cb18
ptp4l[1020.746]: foreign master not using PTP timescale
ptp4l[1020.747]: port 2: master state recommended in slave only mode
ptp4l[1020.748]: port 2: defaultDS.priority1 probably misconfigured
ptp4l[1021.344]: selected best master clock 9ad8ed.fffe.30cb18
ptp4l[1021.345]: foreign master not using PTP timescale
ptp4l[1021.746]: selected best master clock 9ad8ed.fffe.30cb18
ptp4l[1021.746]: foreign master not using PTP timescale
ptp4l[1021.747]: port 2: master state recommended in slave only mode
ptp4l[1021.748]: port 2: defaultDS.priority1 probably misconfigured
ptp4l[1022.288]: selected best master clock 9ad8ed.fffe.30cb18
ptp4l[1022.291]: foreign master not using PTP timescale
ptp4l[1022.747]: selected best master clock 9ad8ed.fffe.30cb18
ptp4l[1022.749]: foreign master not using PTP timescale
ptp4l[1022.750]: port 2: master state recommended in slave only mode
ptp4l[1022.750]: port 2: defaultDS.priority1 probably misconfigured
ptp4l[1023.072]: selected best master clock 9ad8ed.fffe.30cb18
ptp4l[1023.075]: foreign master not using PTP timescale
ptp4l[1023.498]: selected best master clock 9ad8ed.fffe.30cb18
ptp4l[1023.500]: foreign master not using PTP timescale
ptp4l[1023.503]: port 2: master state recommended in slave only mode
ptp4l[1023.506]: port 2: defaultDS.priority1 probably misconfigured
ptp4l[1023.868]: selected best master clock 9ad8ed.fffe.30cb18
ptp4l[1023.869]: foreign master not using PTP timescale
ptp4l[1024.248]: selected best master clock 9ad8ed.fffe.30cb18
ptp4l[1024.249]: foreign master not using PTP timescale
ptp4l[1024.250]: port 2: master state recommended in slave only mode
ptp4l[1024.250]: port 2: defaultDS.priority1 probably misconfigured
ptp4l[1024.736]: selected best master clock 9ad8ed.fffe.30cb18
ptp4l[1024.737]: foreign master not using PTP timescale
ptp4l[1024.998]: selected best master clock 9ad8ed.fffe.30cb18
ptp4l[1025.000]: foreign master not using PTP timescale
ptp4l[1025.002]: port 2: master state recommended in slave only mode
ptp4l[1025.003]: port 2: defaultDS.priority1 probably misconfigured
ptp4l[1025.576]: selected best master clock 9ad8ed.fffe.30cb18
ptp4l[1025.579]: foreign master not using PTP timescale
ptp4l[1026.000]: selected best master clock 9ad8ed.fffe.30cb18
ptp4l[1026.003]: foreign master not using PTP timescale
ptp4l[1026.006]: port 2: master state recommended in slave only mode
ptp4l[1026.009]: port 2: defaultDS.priority1 probably misconfigured
ptp4l[1026.388]: selected best master clock 9ad8ed.fffe.30cb18
ptp4l[1026.390]: foreign master not using PTP timescale
ptp4l[1026.751]: selected best master clock 9ad8ed.fffe.30cb18
ptp4l[1026.753]: foreign master not using PTP timescale
ptp4l[1026.755]: port 2: master state recommended in slave only mode
ptp4l[1026.757]: port 2: defaultDS.priority1 probably misconfigured
ptp4l[1027.108]: rms 55073 max 130106 freq  +9379 +/- 33187 delay 22557 +/- 7041
ptp4l[1027.204]: selected best master clock 9ad8ed.fffe.30cb18
ptp4l[1027.205]: foreign master not using PTP timescale
ptp4l[1027.501]: selected best master clock 9ad8ed.fffe.30cb18
ptp4l[1027.502]: foreign master not using PTP timescale
ptp4l[1027.503]: port 2: master state recommended in slave only mode
ptp4l[1027.504]: port 2: defaultDS.priority1 probably misconfigured
ptp4l[1028.152]: selected best master clock 9ad8ed.fffe.30cb18
ptp4l[1028.154]: foreign master not using PTP timescale
ptp4l[1028.502]: selected best master clock 9ad8ed.fffe.30cb18
ptp4l[1028.504]: foreign master not using PTP timescale
ptp4l[1028.507]: port 2: master state recommended in slave only mode
ptp4l[1028.509]: port 2: defaultDS.priority1 probably misconfigured
ptp4l[1029.152]: selected best master clock 9ad8ed.fffe.30cb18
ptp4l[1029.153]: foreign master not using PTP timescale
ptp4l[1029.503]: selected best master clock 9ad8ed.fffe.30cb18
ptp4l[1029.505]: foreign master not using PTP timescale
ptp4l[1029.508]: port 2: master state recommended in slave only mode
ptp4l[1029.510]: port 2: defaultDS.priority1 probably misconfigured
ptp4l[1030.104]: selected best master clock 9ad8ed.fffe.30cb18
ptp4l[1030.105]: foreign master not using PTP timescale
ptp4l[1030.504]: selected best master clock 9ad8ed.fffe.30cb18
ptp4l[1030.506]: foreign master not using PTP timescale
ptp4l[1030.509]: port 2: master state recommended in slave only mode
ptp4l[1030.512]: port 2: defaultDS.priority1 probably misconfigured
ptp4l[1031.016]: selected best master clock 9ad8ed.fffe.30cb18
ptp4l[1031.028]: foreign master not using PTP timescale
ptp4l[1031.504]: selected best master clock 9ad8ed.fffe.30cb18
ptp4l[1031.505]: foreign master not using PTP timescale
ptp4l[1031.506]: port 2: master state recommended in slave only mode
ptp4l[1031.507]: port 2: defaultDS.priority1 probably misconfigured
ptp4l[1031.776]: selected best master clock 9ad8ed.fffe.30cb18
ptp4l[1031.777]: foreign master not using PTP timescale
ptp4l[1032.255]: selected best master clock 9ad8ed.fffe.30cb18
ptp4l[1032.255]: foreign master not using PTP timescale
ptp4l[1032.256]: port 2: master state recommended in slave only mode
ptp4l[1032.257]: port 2: defaultDS.priority1 probably misconfigured
ptp4l[1032.772]: selected best master clock 9ad8ed.fffe.30cb18
ptp4l[1032.773]: foreign master not using PTP timescale
ptp4l[1033.255]: selected best master clock 9ad8ed.fffe.30cb18
ptp4l[1033.256]: foreign master not using PTP timescale
ptp4l[1033.257]: port 2: master state recommended in slave only mode
ptp4l[1033.258]: port 2: defaultDS.priority1 probably misconfigured
ptp4l[1033.536]: selected best master clock 9ad8ed.fffe.30cb18
ptp4l[1033.536]: foreign master not using PTP timescale
ptp4l[1034.005]: selected best master clock 9ad8ed.fffe.30cb18
ptp4l[1034.006]: foreign master not using PTP timescale
ptp4l[1034.007]: port 2: master state recommended in slave only mode
ptp4l[1034.008]: port 2: defaultDS.priority1 probably misconfigured
ptp4l[1034.448]: selected best master clock 9ad8ed.fffe.30cb18
ptp4l[1034.449]: foreign master not using PTP timescale
ptp4l[1034.755]: selected best master clock 9ad8ed.fffe.30cb18
ptp4l[1034.756]: foreign master not using PTP timescale
ptp4l[1034.757]: port 2: master state recommended in slave only mode
ptp4l[1034.758]: port 2: defaultDS.priority1 probably misconfigured
ptp4l[1035.424]: selected best master clock 9ad8ed.fffe.30cb18
ptp4l[1035.425]: foreign master not using PTP timescale
ptp4l[1035.756]: selected best master clock 9ad8ed.fffe.30cb18
ptp4l[1035.757]: foreign master not using PTP timescale
ptp4l[1035.759]: port 2: master state recommended in slave only mode
ptp4l[1035.760]: port 2: defaultDS.priority1 probably misconfigured
ptp4l[1036.404]: selected best master clock 9ad8ed.fffe.30cb18
ptp4l[1036.404]: foreign master not using PTP timescale
ptp4l[1036.756]: selected best master clock 9ad8ed.fffe.30cb18
ptp4l[1036.757]: foreign master not using PTP timescale
ptp4l[1036.758]: port 2: master state recommended in slave only mode
ptp4l[1036.759]: port 2: defaultDS.priority1 probably misconfigured
ptp4l[1037.332]: selected best master clock 9ad8ed.fffe.30cb18
ptp4l[1037.333]: foreign master not using PTP timescale
ptp4l[1037.757]: selected best master clock 9ad8ed.fffe.30cb18
ptp4l[1037.758]: foreign master not using PTP timescale
ptp4l[1037.759]: port 2: master state recommended in slave only mode
ptp4l[1037.760]: port 2: defaultDS.priority1 probably misconfigured
ptp4l[1038.112]: selected best master clock 9ad8ed.fffe.30cb18
ptp4l[1038.112]: foreign master not using PTP timescale
ptp4l[1038.507]: selected best master clock 9ad8ed.fffe.30cb18
ptp4l[1038.508]: foreign master not using PTP timescale
ptp4l[1038.509]: port 2: master state recommended in slave only mode
ptp4l[1038.510]: port 2: defaultDS.priority1 probably misconfigured
ptp4l[1039.064]: selected best master clock 9ad8ed.fffe.30cb18
ptp4l[1039.065]: foreign master not using PTP timescale
ptp4l[1039.508]: selected best master clock 9ad8ed.fffe.30cb18
ptp4l[1039.509]: foreign master not using PTP timescale
ptp4l[1039.510]: port 2: master state recommended in slave only mode
ptp4l[1039.510]: port 2: defaultDS.priority1 probably misconfigured
ptp4l[1039.852]: selected best master clock 9ad8ed.fffe.30cb18
ptp4l[1039.853]: foreign master not using PTP timescale
ptp4l[1040.259]: selected best master clock 9ad8ed.fffe.30cb18
ptp4l[1040.262]: foreign master not using PTP timescale
ptp4l[1040.265]: port 2: master state recommended in slave only mode
ptp4l[1040.268]: port 2: defaultDS.priority1 probably misconfigured
ptp4l[1040.796]: selected best master clock 9ad8ed.fffe.30cb18
ptp4l[1040.799]: foreign master not using PTP timescale
ptp4l[1041.260]: selected best master clock 9ad8ed.fffe.30cb18
ptp4l[1041.263]: foreign master not using PTP timescale
ptp4l[1041.266]: port 2: master state recommended in slave only mode
ptp4l[1041.268]: port 2: defaultDS.priority1 probably misconfigured
ptp4l[1041.592]: selected best master clock 9ad8ed.fffe.30cb18
ptp4l[1041.595]: foreign master not using PTP timescale
ptp4l[1042.010]: selected best master clock 9ad8ed.fffe.30cb18
ptp4l[1042.013]: foreign master not using PTP timescale
ptp4l[1042.016]: port 2: master state recommended in slave only mode
ptp4l[1042.018]: port 2: defaultDS.priority1 probably misconfigured
ptp4l[1042.368]: selected best master clock 9ad8ed.fffe.30cb18
ptp4l[1042.371]: foreign master not using PTP timescale
ptp4l[1042.761]: selected best master clock 9ad8ed.fffe.30cb18
ptp4l[1042.764]: foreign master not using PTP timescale
ptp4l[1042.766]: port 2: master state recommended in slave only mode
ptp4l[1042.771]: port 2: defaultDS.priority1 probably misconfigured
ptp4l[1043.128]: selected best master clock 9ad8ed.fffe.30cb18
ptp4l[1043.131]: foreign master not using PTP timescale
ptp4l[1043.134]: rms 81652 max 147375 freq    +53 +/- 25998 delay 96875 +/- 17673
ptp4l[1043.512]: selected best master clock 9ad8ed.fffe.30cb18
ptp4l[1043.516]: foreign master not using PTP timescale
ptp4l[1043.519]: port 2: master state recommended in slave only mode
ptp4l[1043.522]: port 2: defaultDS.priority1 probably misconfigured
ptp4l[1044.084]: selected best master clock 9ad8ed.fffe.30cb18
ptp4l[1044.087]: foreign master not using PTP timescale
ptp4l[1044.512]: selected best master clock 9ad8ed.fffe.30cb18
ptp4l[1044.514]: foreign master not using PTP timescale
ptp4l[1044.515]: port 2: master state recommended in slave only mode
ptp4l[1044.516]: port 2: defaultDS.priority1 probably misconfigured
ptp4l[1045.020]: selected best master clock 9ad8ed.fffe.30cb18
ptp4l[1045.021]: foreign master not using PTP timescale
ptp4l[1045.513]: selected best master clock 9ad8ed.fffe.30cb18
ptp4l[1045.514]: foreign master not using PTP timescale
ptp4l[1045.515]: port 2: master state recommended in slave only mode
ptp4l[1045.516]: port 2: defaultDS.priority1 probably misconfigured
ptp4l[1046.036]: selected best master clock 9ad8ed.fffe.30cb18
ptp4l[1046.036]: foreign master not using PTP timescale
ptp4l[1046.513]: selected best master clock 9ad8ed.fffe.30cb18
ptp4l[1046.514]: foreign master not using PTP timescale
ptp4l[1046.515]: port 2: master state recommended in slave only mode
ptp4l[1046.516]: port 2: defaultDS.priority1 probably misconfigured
ptp4l[1046.988]: selected best master clock 9ad8ed.fffe.30cb18
ptp4l[1046.989]: foreign master not using PTP timescale
ptp4l[1047.264]: selected best master clock 9ad8ed.fffe.30cb18
ptp4l[1047.265]: foreign master not using PTP timescale
ptp4l[1047.266]: port 2: master state recommended in slave only mode
ptp4l[1047.267]: port 2: defaultDS.priority1 probably misconfigured
ptp4l[1047.900]: selected best master clock 9ad8ed.fffe.30cb18
ptp4l[1047.901]: foreign master not using PTP timescale
ptp4l[1048.264]: selected best master clock 9ad8ed.fffe.30cb18
ptp4l[1048.265]: foreign master not using PTP timescale
ptp4l[1048.266]: port 2: master state recommended in slave only mode
ptp4l[1048.267]: port 2: defaultDS.priority1 probably misconfigured
ptp4l[1048.928]: selected best master clock 9ad8ed.fffe.30cb18
ptp4l[1048.929]: foreign master not using PTP timescale
ptp4l[1049.265]: selected best master clock 9ad8ed.fffe.30cb18
ptp4l[1049.266]: foreign master not using PTP timescale
ptp4l[1049.268]: port 2: master state recommended in slave only mode
ptp4l[1049.269]: port 2: defaultDS.priority1 probably misconfigured
ptp4l[1049.776]: selected best master clock 9ad8ed.fffe.30cb18
ptp4l[1049.777]: foreign master not using PTP timescale
ptp4l[1050.265]: selected best master clock 9ad8ed.fffe.30cb18
ptp4l[1050.266]: foreign master not using PTP timescale
ptp4l[1050.267]: port 2: master state recommended in slave only mode
ptp4l[1050.268]: port 2: defaultDS.priority1 probably misconfigured
ptp4l[1050.528]: selected best master clock 9ad8ed.fffe.30cb18
ptp4l[1050.529]: foreign master not using PTP timescale
ptp4l[1051.016]: selected best master clock 9ad8ed.fffe.30cb18
ptp4l[1051.017]: foreign master not using PTP timescale
ptp4l[1051.018]: port 2: master state recommended in slave only mode
ptp4l[1051.019]: port 2: defaultDS.priority1 probably misconfigured
ptp4l[1051.292]: selected best master clock 9ad8ed.fffe.30cb18
ptp4l[1051.293]: foreign master not using PTP timescale
ptp4l[1051.767]: selected best master clock 9ad8ed.fffe.30cb18
ptp4l[1051.770]: foreign master not using PTP timescale
ptp4l[1051.772]: port 2: master state recommended in slave only mode
ptp4l[1051.775]: port 2: defaultDS.priority1 probably misconfigured
ptp4l[1052.144]: selected best master clock 9ad8ed.fffe.30cb18
ptp4l[1052.144]: foreign master not using PTP timescale
ptp4l[1052.517]: selected best master clock 9ad8ed.fffe.30cb18
ptp4l[1052.518]: foreign master not using PTP timescale
ptp4l[1052.519]: port 2: master state recommended in slave only mode
ptp4l[1052.519]: port 2: defaultDS.priority1 probably misconfigured
ptp4l[1052.952]: selected best master clock 9ad8ed.fffe.30cb18
ptp4l[1052.955]: foreign master not using PTP timescale
ptp4l[1053.267]: selected best master clock 9ad8ed.fffe.30cb18
ptp4l[1053.269]: foreign master not using PTP timescale
ptp4l[1053.270]: port 2: master state recommended in slave only mode
ptp4l[1053.271]: port 2: defaultDS.priority1 probably misconfigured
ptp4l[1053.852]: selected best master clock 9ad8ed.fffe.30cb18
ptp4l[1053.853]: foreign master not using PTP timescale
ptp4l[1054.268]: selected best master clock 9ad8ed.fffe.30cb18
ptp4l[1054.269]: foreign master not using PTP timescale
ptp4l[1054.269]: port 2: master state recommended in slave only mode
ptp4l[1054.270]: port 2: defaultDS.priority1 probably misconfigured
ptp4l[1054.780]: selected best master clock 9ad8ed.fffe.30cb18
ptp4l[1054.781]: foreign master not using PTP timescale
ptp4l[1055.268]: selected best master clock 9ad8ed.fffe.30cb18
ptp4l[1055.269]: foreign master not using PTP timescale
ptp4l[1055.270]: port 2: master state recommended in slave only mode
ptp4l[1055.271]: port 2: defaultDS.priority1 probably misconfigured
ptp4l[1055.624]: selected best master clock 9ad8ed.fffe.30cb18
ptp4l[1055.625]: foreign master not using PTP timescale
ptp4l[1056.018]: selected best master clock 9ad8ed.fffe.30cb18
ptp4l[1056.019]: foreign master not using PTP timescale
ptp4l[1056.020]: port 2: master state recommended in slave only mode
ptp4l[1056.020]: port 2: defaultDS.priority1 probably misconfigured
ptp4l[1056.504]: selected best master clock 9ad8ed.fffe.30cb18
ptp4l[1056.505]: foreign master not using PTP timescale
ptp4l[1056.769]: selected best master clock 9ad8ed.fffe.30cb18
ptp4l[1056.769]: foreign master not using PTP timescale
ptp4l[1056.770]: port 2: master state recommended in slave only mode
ptp4l[1056.771]: port 2: defaultDS.priority1 probably misconfigured
ptp4l[1057.280]: selected best master clock 9ad8ed.fffe.30cb18
ptp4l[1057.282]: foreign master not using PTP timescale
