ptp4l[67.536]: port 1: INITIALIZING to LISTENING on INIT_COMPLETE
ptp4l[67.537]: port 0: INITIALIZING to LISTENING on INIT_COMPLETE
ptp4l[68.331]: port 1: new foreign master 6a538c.fffe.2515dc-1
ptp4l[68.424]: port 1: new foreign master 36b6a3.fffe.923da3-1
ptp4l[68.512]: selected local clock feac5d.fffe.63f91b as best master
ptp4l[68.831]: selected best master clock 6a538c.fffe.2515dc
ptp4l[68.832]: foreign master not using PTP timescale
ptp4l[68.833]: port 1: LISTENING to UNCALIBRATED on RS_SLAVE
ptp4l[68.924]: selected best master clock 36b6a3.fffe.923da3
ptp4l[68.925]: foreign master not using PTP timescale
ptp4l[69.331]: selected best master clock 36b6a3.fffe.923da3
ptp4l[69.332]: foreign master not using PTP timescale
ptp4l[69.831]: selected best master clock 36b6a3.fffe.923da3
ptp4l[69.832]: foreign master not using PTP timescale
ptp4l[70.332]: selected best master clock 36b6a3.fffe.923da3
ptp4l[70.332]: foreign master not using PTP timescale
ptp4l[70.832]: selected best master clock 36b6a3.fffe.923da3
ptp4l[70.833]: foreign master not using PTP timescale
ptp4l[71.332]: selected best master clock 36b6a3.fffe.923da3
ptp4l[71.333]: foreign master not using PTP timescale
ptp4l[71.833]: selected best master clock 36b6a3.fffe.923da3
ptp4l[71.833]: foreign master not using PTP timescale
ptp4l[72.333]: selected best master clock 36b6a3.fffe.923da3
ptp4l[72.333]: foreign master not using PTP timescale
ptp4l[72.833]: selected best master clock 36b6a3.fffe.923da3
ptp4l[72.860]: foreign master not using PTP timescale
ptp4l[73.333]: selected best master clock 36b6a3.fffe.923da3
ptp4l[73.335]: foreign master not using PTP timescale
ptp4l[73.833]: selected best master clock 36b6a3.fffe.923da3
ptp4l[73.834]: foreign master not using PTP timescale
ptp4l[74.334]: selected best master clock 36b6a3.fffe.923da3
ptp4l[74.334]: foreign master not using PTP timescale
ptp4l[74.834]: selected best master clock 36b6a3.fffe.923da3
ptp4l[74.834]: foreign master not using PTP timescale
ptp4l[75.334]: selected best master clock 36b6a3.fffe.923da3
ptp4l[75.334]: foreign master not using PTP timescale
ptp4l[75.834]: selected best master clock 36b6a3.fffe.923da3
ptp4l[75.835]: foreign master not using PTP timescale
ptp4l[76.334]: selected best master clock 36b6a3.fffe.923da3
ptp4l[76.335]: foreign master not using PTP timescale
ptp4l[76.834]: selected best master clock 36b6a3.fffe.923da3
ptp4l[76.835]: foreign master not using PTP timescale
ptp4l[77.334]: selected best master clock 36b6a3.fffe.923da3
ptp4l[77.335]: foreign master not using PTP timescale
ptp4l[77.834]: selected best master clock 36b6a3.fffe.923da3
ptp4l[77.835]: foreign master not using PTP timescale
ptp4l[78.334]: selected best master clock 36b6a3.fffe.923da3
ptp4l[78.335]: foreign master not using PTP timescale
ptp4l[78.835]: selected best master clock 36b6a3.fffe.923da3
ptp4l[78.835]: foreign master not using PTP timescale
ptp4l[79.335]: selected best master clock 36b6a3.fffe.923da3
ptp4l[79.335]: foreign master not using PTP timescale
ptp4l[79.835]: selected best master clock 36b6a3.fffe.923da3
ptp4l[79.835]: foreign master not using PTP timescale
ptp4l[80.335]: selected best master clock 36b6a3.fffe.923da3
ptp4l[80.336]: foreign master not using PTP timescale
ptp4l[80.835]: selected best master clock 36b6a3.fffe.923da3
ptp4l[80.836]: foreign master not using PTP timescale
ptp4l[81.335]: selected best master clock 36b6a3.fffe.923da3
ptp4l[81.336]: foreign master not using PTP timescale
ptp4l[81.835]: selected best master clock 36b6a3.fffe.923da3
ptp4l[81.836]: foreign master not using PTP timescale
ptp4l[82.335]: selected best master clock 36b6a3.fffe.923da3
ptp4l[82.336]: foreign master not using PTP timescale
ptp4l[82.835]: selected best master clock 36b6a3.fffe.923da3
ptp4l[82.836]: foreign master not using PTP timescale
ptp4l[83.336]: selected best master clock 36b6a3.fffe.923da3
ptp4l[83.336]: foreign master not using PTP timescale
ptp4l[83.836]: selected best master clock 36b6a3.fffe.923da3
ptp4l[83.836]: foreign master not using PTP timescale
ptp4l[84.336]: selected best master clock 36b6a3.fffe.923da3
ptp4l[84.336]: foreign master not using PTP timescale
ptp4l[84.836]: selected best master clock 36b6a3.fffe.923da3
ptp4l[84.837]: foreign master not using PTP timescale
ptp4l[84.933]: rms 5167 max 8705 freq   +329 +/- 1849 delay 11252 +/- 2559
ptp4l[85.336]: selected best master clock 36b6a3.fffe.923da3
ptp4l[85.337]: foreign master not using PTP timescale
ptp4l[85.836]: selected best master clock 36b6a3.fffe.923da3
ptp4l[85.837]: foreign master not using PTP timescale
ptp4l[86.336]: selected best master clock 36b6a3.fffe.923da3
ptp4l[86.337]: foreign master not using PTP timescale
ptp4l[86.836]: selected best master clock 36b6a3.fffe.923da3
ptp4l[86.837]: foreign master not using PTP timescale
ptp4l[87.336]: selected best master clock 36b6a3.fffe.923da3
ptp4l[87.337]: foreign master not using PTP timescale
ptp4l[87.836]: selected best master clock 36b6a3.fffe.923da3
ptp4l[87.837]: foreign master not using PTP timescale
ptp4l[88.337]: selected best master clock 36b6a3.fffe.923da3
ptp4l[88.338]: foreign master not using PTP timescale
ptp4l[88.837]: selected best master clock 36b6a3.fffe.923da3
ptp4l[88.837]: foreign master not using PTP timescale
ptp4l[89.337]: selected best master clock 36b6a3.fffe.923da3
ptp4l[89.338]: foreign master not using PTP timescale
ptp4l[89.837]: selected best master clock 36b6a3.fffe.923da3
ptp4l[89.837]: foreign master not using PTP timescale
ptp4l[90.337]: selected best master clock 36b6a3.fffe.923da3
ptp4l[90.338]: foreign master not using PTP timescale
ptp4l[90.837]: selected best master clock 36b6a3.fffe.923da3
ptp4l[90.838]: foreign master not using PTP timescale
ptp4l[91.337]: selected best master clock 36b6a3.fffe.923da3
ptp4l[91.338]: foreign master not using PTP timescale
ptp4l[91.837]: selected best master clock 36b6a3.fffe.923da3
ptp4l[91.838]: foreign master not using PTP timescale
ptp4l[92.337]: selected best master clock 36b6a3.fffe.923da3
ptp4l[92.366]: foreign master not using PTP timescale
ptp4l[92.838]: selected best master clock 36b6a3.fffe.923da3
ptp4l[92.839]: foreign master not using PTP timescale
ptp4l[93.338]: selected best master clock 36b6a3.fffe.923da3
ptp4l[93.338]: foreign master not using PTP timescale
ptp4l[93.838]: selected best master clock 36b6a3.fffe.923da3
ptp4l[93.838]: foreign master not using PTP timescale
ptp4l[94.338]: selected best master clock 36b6a3.fffe.923da3
ptp4l[94.338]: foreign master not using PTP timescale
ptp4l[94.838]: selected best master clock 36b6a3.fffe.923da3
ptp4l[94.839]: foreign master not using PTP timescale
ptp4l[95.338]: selected best master clock 36b6a3.fffe.923da3
ptp4l[95.339]: foreign master not using PTP timescale
ptp4l[95.838]: selected best master clock 36b6a3.fffe.923da3
ptp4l[95.839]: foreign master not using PTP timescale
ptp4l[96.338]: selected best master clock 36b6a3.fffe.923da3
ptp4l[96.339]: foreign master not using PTP timescale
ptp4l[96.839]: selected best master clock 36b6a3.fffe.923da3
ptp4l[96.840]: foreign master not using PTP timescale
ptp4l[97.339]: selected best master clock 36b6a3.fffe.923da3
ptp4l[97.340]: foreign master not using PTP timescale
ptp4l[97.840]: selected best master clock 36b6a3.fffe.923da3
ptp4l[97.840]: foreign master not using PTP timescale
ptp4l[98.340]: selected best master clock 36b6a3.fffe.923da3
ptp4l[98.341]: foreign master not using PTP timescale
ptp4l[98.840]: selected best master clock 36b6a3.fffe.923da3
ptp4l[98.841]: foreign master not using PTP timescale
ptp4l[99.341]: selected best master clock 36b6a3.fffe.923da3
ptp4l[99.342]: foreign master not using PTP timescale
ptp4l[99.841]: selected best master clock 36b6a3.fffe.923da3
ptp4l[99.842]: foreign master not using PTP timescale
ptp4l[100.341]: selected best master clock 36b6a3.fffe.923da3
ptp4l[100.343]: foreign master not using PTP timescale
ptp4l[100.842]: selected best master clock 36b6a3.fffe.923da3
ptp4l[100.843]: foreign master not using PTP timescale
ptp4l[101.240]: port 1: UNCALIBRATED to LISTENING on ANNOUNCE_RECEIPT_TIMEOUT_EXPIRES
ptp4l[101.241]: selected local clock feac5d.fffe.63f91b as best master
ptp4l[101.343]: selected best master clock 6a538c.fffe.2515dc
ptp4l[101.344]: foreign master not using PTP timescale
ptp4l[101.344]: port 1: LISTENING to UNCALIBRATED on RS_SLAVE
ptp4l[103.353]: rms 3366 max 6935 freq   -981 +/- 3338 delay 11406 +/- 1831
ptp4l[119.361]: rms 5110 max 7732 freq   -345 +/- 2102 delay 10482 +/- 1277
