ptp4l[1158.252]: port 1: INITIALIZING to LISTENING on INIT_COMPLETE
ptp4l[1158.296]: port 2: INITIALIZING to LISTENING on INIT_COMPLETE
ptp4l[1158.297]: port 0: INITIALIZING to LISTENING on INIT_COMPLETE
ptp4l[1159.055]: port 2: new foreign master ce4ed0.fffe.d06034-1
ptp4l[1159.164]: selected local clock cec028.fffe.d14075 as best master
ptp4l[1159.212]: selected local clock cec028.fffe.d14075 as best master
ptp4l[1159.252]: port 1: new foreign master 06a40d.fffe.6de1ed-1
ptp4l[1159.555]: selected best master clock ce4ed0.fffe.d06034
ptp4l[1159.556]: foreign master not using PTP timescale
ptp4l[1159.557]: port 2: LISTENING to UNCALIBRATED on RS_SLAVE
ptp4l[1159.752]: selected best master clock 06a40d.fffe.6de1ed
ptp4l[1159.753]: foreign master not using PTP timescale
ptp4l[1159.753]: port 1: LISTENING to UNCALIBRATED on RS_SLAVE
ptp4l[1159.754]: port 2: master state recommended in slave only mode
ptp4l[1159.755]: port 2: defaultDS.priority1 probably misconfigured
ptp4l[1159.756]: port 2: UNCALIBRATED to LISTENING on RS_MASTER
ptp4l[1160.744]: selected best master clock 06a40d.fffe.6de1ed
ptp4l[1160.745]: foreign master not using PTP timescale
ptp4l[1161.055]: selected best master clock 06a40d.fffe.6de1ed
ptp4l[1161.056]: foreign master not using PTP timescale
ptp4l[1161.058]: port 2: master state recommended in slave only mode
ptp4l[1161.058]: port 2: defaultDS.priority1 probably misconfigured
ptp4l[1161.648]: selected best master clock 06a40d.fffe.6de1ed
ptp4l[1161.649]: foreign master not using PTP timescale
ptp4l[1162.055]: selected best master clock 06a40d.fffe.6de1ed
ptp4l[1162.057]: foreign master not using PTP timescale
ptp4l[1162.058]: port 2: master state recommended in slave only mode
ptp4l[1162.058]: port 2: defaultDS.priority1 probably misconfigured
ptp4l[1162.516]: selected best master clock 06a40d.fffe.6de1ed
ptp4l[1162.517]: foreign master not using PTP timescale
ptp4l[1162.806]: selected best master clock 06a40d.fffe.6de1ed
ptp4l[1162.807]: foreign master not using PTP timescale
ptp4l[1162.807]: port 2: master state recommended in slave only mode
ptp4l[1162.808]: port 2: defaultDS.priority1 probably misconfigured
ptp4l[1163.492]: selected best master clock 06a40d.fffe.6de1ed
ptp4l[1163.492]: foreign master not using PTP timescale
ptp4l[1163.806]: selected best master clock 06a40d.fffe.6de1ed
ptp4l[1163.808]: foreign master not using PTP timescale
ptp4l[1163.808]: port 2: master state recommended in slave only mode
ptp4l[1163.809]: port 2: defaultDS.priority1 probably misconfigured
ptp4l[1164.224]: selected best master clock 06a40d.fffe.6de1ed
ptp4l[1164.225]: foreign master not using PTP timescale
ptp4l[1164.557]: selected best master clock 06a40d.fffe.6de1ed
ptp4l[1164.558]: foreign master not using PTP timescale
ptp4l[1164.558]: port 2: master state recommended in slave only mode
ptp4l[1164.559]: port 2: defaultDS.priority1 probably misconfigured
ptp4l[1164.984]: selected best master clock 06a40d.fffe.6de1ed
ptp4l[1164.985]: foreign master not using PTP timescale
ptp4l[1165.308]: selected best master clock 06a40d.fffe.6de1ed
ptp4l[1165.311]: foreign master not using PTP timescale
ptp4l[1165.314]: port 2: master state recommended in slave only mode
ptp4l[1165.317]: port 2: defaultDS.priority1 probably misconfigured
ptp4l[1165.796]: selected best master clock 06a40d.fffe.6de1ed
ptp4l[1165.799]: foreign master not using PTP timescale
ptp4l[1166.058]: selected best master clock 06a40d.fffe.6de1ed
ptp4l[1166.061]: foreign master not using PTP timescale
ptp4l[1166.064]: port 2: master state recommended in slave only mode
ptp4l[1166.067]: port 2: defaultDS.priority1 probably misconfigured
ptp4l[1166.592]: selected best master clock 06a40d.fffe.6de1ed
ptp4l[1166.595]: foreign master not using PTP timescale
ptp4l[1167.059]: selected best master clock 06a40d.fffe.6de1ed
ptp4l[1167.062]: foreign master not using PTP timescale
ptp4l[1167.065]: port 2: master state recommended in slave only mode
ptp4l[1167.067]: port 2: defaultDS.priority1 probably misconfigured
ptp4l[1167.408]: selected best master clock 06a40d.fffe.6de1ed
ptp4l[1167.411]: foreign master not using PTP timescale
ptp4l[1167.810]: selected best master clock 06a40d.fffe.6de1ed
ptp4l[1167.811]: foreign master not using PTP timescale
ptp4l[1167.811]: port 2: master state recommended in slave only mode
ptp4l[1167.812]: port 2: defaultDS.priority1 probably misconfigured
ptp4l[1168.164]: selected best master clock 06a40d.fffe.6de1ed
ptp4l[1168.165]: foreign master not using PTP timescale
ptp4l[1168.561]: selected best master clock 06a40d.fffe.6de1ed
ptp4l[1168.563]: foreign master not using PTP timescale
ptp4l[1168.565]: port 2: master state recommended in slave only mode
ptp4l[1168.567]: port 2: defaultDS.priority1 probably misconfigured
ptp4l[1169.012]: selected best master clock 06a40d.fffe.6de1ed
ptp4l[1169.012]: foreign master not using PTP timescale
ptp4l[1169.311]: selected best master clock 06a40d.fffe.6de1ed
ptp4l[1169.312]: foreign master not using PTP timescale
ptp4l[1169.312]: port 2: master state recommended in slave only mode
ptp4l[1169.313]: port 2: defaultDS.priority1 probably misconfigured
ptp4l[1169.832]: selected best master clock 06a40d.fffe.6de1ed
ptp4l[1169.833]: foreign master not using PTP timescale
ptp4l[1170.311]: selected best master clock 06a40d.fffe.6de1ed
ptp4l[1170.312]: foreign master not using PTP timescale
ptp4l[1170.313]: port 2: master state recommended in slave only mode
ptp4l[1170.314]: port 2: defaultDS.priority1 probably misconfigured
ptp4l[1170.648]: selected best master clock 06a40d.fffe.6de1ed
ptp4l[1170.649]: foreign master not using PTP timescale
ptp4l[1171.062]: selected best master clock 06a40d.fffe.6de1ed
ptp4l[1171.062]: foreign master not using PTP timescale
ptp4l[1171.063]: port 2: master state recommended in slave only mode
ptp4l[1171.064]: port 2: defaultDS.priority1 probably misconfigured
ptp4l[1171.492]: selected best master clock 06a40d.fffe.6de1ed
ptp4l[1171.493]: foreign master not using PTP timescale
ptp4l[1171.812]: selected best master clock 06a40d.fffe.6de1ed
ptp4l[1171.813]: foreign master not using PTP timescale
ptp4l[1171.814]: port 2: master state recommended in slave only mode
ptp4l[1171.815]: port 2: defaultDS.priority1 probably misconfigured
ptp4l[1172.492]: selected best master clock 06a40d.fffe.6de1ed
ptp4l[1172.494]: foreign master not using PTP timescale
ptp4l[1172.813]: selected best master clock 06a40d.fffe.6de1ed
ptp4l[1172.814]: foreign master not using PTP timescale
ptp4l[1172.816]: port 2: master state recommended in slave only mode
ptp4l[1172.818]: port 2: defaultDS.priority1 probably misconfigured
ptp4l[1173.340]: selected best master clock 06a40d.fffe.6de1ed
ptp4l[1173.343]: foreign master not using PTP timescale
ptp4l[1173.814]: selected best master clock 06a40d.fffe.6de1ed
ptp4l[1173.817]: foreign master not using PTP timescale
ptp4l[1173.819]: port 2: master state recommended in slave only mode
ptp4l[1173.822]: port 2: defaultDS.priority1 probably misconfigured
ptp4l[1174.264]: selected best master clock 06a40d.fffe.6de1ed
ptp4l[1174.268]: foreign master not using PTP timescale
ptp4l[1174.564]: selected best master clock 06a40d.fffe.6de1ed
ptp4l[1174.565]: foreign master not using PTP timescale
ptp4l[1174.566]: port 2: master state recommended in slave only mode
ptp4l[1174.567]: port 2: defaultDS.priority1 probably misconfigured
ptp4l[1175.104]: selected best master clock 06a40d.fffe.6de1ed
ptp4l[1175.107]: foreign master not using PTP timescale
ptp4l[1175.565]: selected best master clock 06a40d.fffe.6de1ed
ptp4l[1175.567]: foreign master not using PTP timescale
ptp4l[1175.571]: port 2: master state recommended in slave only mode
ptp4l[1175.574]: port 2: defaultDS.priority1 probably misconfigured
ptp4l[1176.016]: selected best master clock 06a40d.fffe.6de1ed
ptp4l[1176.019]: foreign master not using PTP timescale
ptp4l[1176.316]: selected best master clock ce4ed0.fffe.d06034
ptp4l[1176.318]: port 1: master state recommended in slave only mode
ptp4l[1176.321]: port 1: defaultDS.priority1 probably misconfigured
ptp4l[1176.324]: port 1: UNCALIBRATED to LISTENING on RS_MASTER
ptp4l[1176.327]: foreign master not using PTP timescale
ptp4l[1176.330]: port 2: LISTENING to UNCALIBRATED on RS_SLAVE
ptp4l[1177.164]: selected best master clock ce4ed0.fffe.d06034
ptp4l[1177.165]: foreign master not using PTP timescale
ptp4l[1178.028]: selected best master clock ce4ed0.fffe.d06034
ptp4l[1178.029]: foreign master not using PTP timescale
ptp4l[1178.326]: rms 8637 max 18075 freq   +699 +/- 7451 delay 19454 +/- 6964
ptp4l[1178.896]: selected best master clock ce4ed0.fffe.d06034
ptp4l[1178.897]: foreign master not using PTP timescale
ptp4l[1179.704]: selected best master clock ce4ed0.fffe.d06034
ptp4l[1179.705]: foreign master not using PTP timescale
ptp4l[1180.520]: selected best master clock ce4ed0.fffe.d06034
ptp4l[1180.523]: foreign master not using PTP timescale
ptp4l[1181.328]: selected best master clock ce4ed0.fffe.d06034
ptp4l[1181.330]: foreign master not using PTP timescale
ptp4l[1182.184]: selected best master clock ce4ed0.fffe.d06034
ptp4l[1182.186]: foreign master not using PTP timescale
ptp4l[1183.140]: selected best master clock ce4ed0.fffe.d06034
ptp4l[1183.143]: foreign master not using PTP timescale
ptp4l[1184.076]: selected best master clock ce4ed0.fffe.d06034
ptp4l[1184.077]: foreign master not using PTP timescale
ptp4l[1185.004]: selected best master clock ce4ed0.fffe.d06034
ptp4l[1185.005]: foreign master not using PTP timescale
ptp4l[1185.784]: selected best master clock ce4ed0.fffe.d06034
ptp4l[1185.786]: foreign master not using PTP timescale
ptp4l[1186.720]: selected best master clock ce4ed0.fffe.d06034
ptp4l[1186.721]: foreign master not using PTP timescale
ptp4l[1187.528]: selected best master clock ce4ed0.fffe.d06034
ptp4l[1187.531]: foreign master not using PTP timescale
ptp4l[1188.416]: selected best master clock ce4ed0.fffe.d06034
ptp4l[1188.417]: foreign master not using PTP timescale
ptp4l[1189.368]: selected best master clock ce4ed0.fffe.d06034
ptp4l[1189.369]: foreign master not using PTP timescale
ptp4l[1190.124]: selected best master clock ce4ed0.fffe.d06034
ptp4l[1190.126]: foreign master not using PTP timescale
ptp4l[1191.068]: selected best master clock ce4ed0.fffe.d06034
ptp4l[1191.069]: foreign master not using PTP timescale
ptp4l[1191.856]: selected best master clock ce4ed0.fffe.d06034
ptp4l[1191.856]: foreign master not using PTP timescale
ptp4l[1192.652]: selected best master clock ce4ed0.fffe.d06034
ptp4l[1192.655]: foreign master not using PTP timescale
ptp4l[1193.428]: selected best master clock ce4ed0.fffe.d06034
ptp4l[1193.429]: foreign master not using PTP timescale
ptp4l[1194.252]: selected best master clock ce4ed0.fffe.d06034
ptp4l[1194.253]: foreign master not using PTP timescale
ptp4l[1194.350]: rms 10228 max 16750 freq    -62 +/- 6975 delay 23985 +/- 6885
ptp4l[1195.256]: selected best master clock ce4ed0.fffe.d06034
ptp4l[1195.258]: foreign master not using PTP timescale
ptp4l[1196.100]: selected best master clock ce4ed0.fffe.d06034
ptp4l[1196.102]: foreign master not using PTP timescale
ptp4l[1197.000]: selected best master clock ce4ed0.fffe.d06034
ptp4l[1197.002]: foreign master not using PTP timescale
ptp4l[1197.956]: selected best master clock ce4ed0.fffe.d06034
ptp4l[1197.957]: foreign master not using PTP timescale
ptp4l[1198.940]: selected best master clock ce4ed0.fffe.d06034
ptp4l[1198.941]: foreign master not using PTP timescale
ptp4l[1199.720]: selected best master clock ce4ed0.fffe.d06034
ptp4l[1199.721]: foreign master not using PTP timescale
ptp4l[1200.648]: selected best master clock ce4ed0.fffe.d06034
ptp4l[1200.651]: foreign master not using PTP timescale
ptp4l[1201.456]: selected best master clock ce4ed0.fffe.d06034
ptp4l[1201.459]: foreign master not using PTP timescale
ptp4l[1202.408]: selected best master clock ce4ed0.fffe.d06034
ptp4l[1202.409]: foreign master not using PTP timescale
ptp4l[1203.400]: selected best master clock ce4ed0.fffe.d06034
ptp4l[1203.400]: foreign master not using PTP timescale
ptp4l[1204.200]: selected best master clock ce4ed0.fffe.d06034
ptp4l[1204.201]: foreign master not using PTP timescale
ptp4l[1204.948]: selected best master clock ce4ed0.fffe.d06034
ptp4l[1204.951]: foreign master not using PTP timescale
ptp4l[1205.844]: selected best master clock ce4ed0.fffe.d06034
ptp4l[1205.844]: foreign master not using PTP timescale
