ptp4l[421.584]: port 1: INITIALIZING to LISTENING on INIT_COMPLETE
ptp4l[421.585]: port 0: INITIALIZING to LISTENING on INIT_COMPLETE
ptp4l[422.444]: selected local clock b6dea1.fffe.b4dd59 as best master
ptp4l[422.551]: port 1: new foreign master a64c04.fffe.102644-1
ptp4l[422.562]: port 1: new foreign master 06310b.fffe.d6caf5-1
ptp4l[423.051]: selected best master clock a64c04.fffe.102644
ptp4l[423.052]: foreign master not using PTP timescale
ptp4l[423.053]: port 1: LISTENING to UNCALIBRATED on RS_SLAVE
ptp4l[423.063]: selected best master clock 06310b.fffe.d6caf5
ptp4l[423.063]: foreign master not using PTP timescale
ptp4l[423.551]: selected best master clock 06310b.fffe.d6caf5
ptp4l[423.552]: foreign master not using PTP timescale
ptp4l[424.051]: selected best master clock 06310b.fffe.d6caf5
ptp4l[424.052]: foreign master not using PTP timescale
ptp4l[424.551]: selected best master clock 06310b.fffe.d6caf5
ptp4l[424.552]: foreign master not using PTP timescale
ptp4l[425.052]: selected best master clock 06310b.fffe.d6caf5
ptp4l[425.053]: foreign master not using PTP timescale
ptp4l[425.552]: selected best master clock 06310b.fffe.d6caf5
ptp4l[425.553]: foreign master not using PTP timescale
ptp4l[426.053]: selected best master clock 06310b.fffe.d6caf5
ptp4l[426.053]: foreign master not using PTP timescale
ptp4l[426.553]: selected best master clock 06310b.fffe.d6caf5
ptp4l[426.553]: foreign master not using PTP timescale
ptp4l[427.053]: selected best master clock 06310b.fffe.d6caf5
ptp4l[427.054]: foreign master not using PTP timescale
ptp4l[427.554]: selected best master clock 06310b.fffe.d6caf5
ptp4l[427.557]: foreign master not using PTP timescale
ptp4l[428.053]: selected best master clock 06310b.fffe.d6caf5
ptp4l[428.054]: foreign master not using PTP timescale
ptp4l[428.554]: selected best master clock 06310b.fffe.d6caf5
ptp4l[428.555]: foreign master not using PTP timescale
ptp4l[429.054]: selected best master clock 06310b.fffe.d6caf5
ptp4l[429.055]: foreign master not using PTP timescale
ptp4l[429.555]: selected best master clock 06310b.fffe.d6caf5
ptp4l[429.555]: foreign master not using PTP timescale
ptp4l[430.054]: selected best master clock 06310b.fffe.d6caf5
ptp4l[430.056]: foreign master not using PTP timescale
ptp4l[430.555]: selected best master clock 06310b.fffe.d6caf5
ptp4l[430.555]: foreign master not using PTP timescale
ptp4l[431.055]: selected best master clock 06310b.fffe.d6caf5
ptp4l[431.056]: foreign master not using PTP timescale
ptp4l[431.555]: selected best master clock 06310b.fffe.d6caf5
ptp4l[431.556]: foreign master not using PTP timescale
ptp4l[432.305]: selected best master clock 06310b.fffe.d6caf5
ptp4l[432.306]: foreign master not using PTP timescale
ptp4l[432.805]: selected best master clock 06310b.fffe.d6caf5
ptp4l[432.806]: foreign master not using PTP timescale
ptp4l[433.305]: selected best master clock 06310b.fffe.d6caf5
ptp4l[433.306]: foreign master not using PTP timescale
ptp4l[433.806]: selected best master clock 06310b.fffe.d6caf5
ptp4l[433.807]: foreign master not using PTP timescale
ptp4l[434.306]: selected best master clock 06310b.fffe.d6caf5
ptp4l[434.307]: foreign master not using PTP timescale
ptp4l[434.807]: selected best master clock 06310b.fffe.d6caf5
ptp4l[434.808]: foreign master not using PTP timescale
ptp4l[435.307]: selected best master clock 06310b.fffe.d6caf5
ptp4l[435.308]: foreign master not using PTP timescale
ptp4l[435.807]: selected best master clock 06310b.fffe.d6caf5
ptp4l[435.807]: foreign master not using PTP timescale
ptp4l[436.307]: selected best master clock 06310b.fffe.d6caf5
ptp4l[436.308]: foreign master not using PTP timescale
ptp4l[436.807]: selected best master clock 06310b.fffe.d6caf5
ptp4l[436.808]: foreign master not using PTP timescale
ptp4l[437.308]: selected best master clock 06310b.fffe.d6caf5
ptp4l[437.309]: foreign master not using PTP timescale
ptp4l[437.808]: selected best master clock 06310b.fffe.d6caf5
ptp4l[437.809]: foreign master not using PTP timescale
ptp4l[438.309]: selected best master clock 06310b.fffe.d6caf5
ptp4l[438.310]: foreign master not using PTP timescale
ptp4l[438.809]: selected best master clock 06310b.fffe.d6caf5
ptp4l[438.810]: foreign master not using PTP timescale
ptp4l[439.309]: selected best master clock 06310b.fffe.d6caf5
ptp4l[439.310]: foreign master not using PTP timescale
ptp4l[439.809]: selected best master clock 06310b.fffe.d6caf5
ptp4l[439.810]: foreign master not using PTP timescale
ptp4l[439.824]: rms 673507 max 1173506 freq +45651 +/- 232151 delay 466304 +/- 174558
ptp4l[440.310]: selected best master clock 06310b.fffe.d6caf5
ptp4l[440.310]: foreign master not using PTP timescale
ptp4l[440.810]: selected best master clock 06310b.fffe.d6caf5
ptp4l[440.811]: foreign master not using PTP timescale
ptp4l[441.310]: selected best master clock 06310b.fffe.d6caf5
ptp4l[441.311]: foreign master not using PTP timescale
ptp4l[441.811]: selected best master clock 06310b.fffe.d6caf5
ptp4l[441.811]: foreign master not using PTP timescale
ptp4l[442.311]: selected best master clock 06310b.fffe.d6caf5
ptp4l[442.312]: foreign master not using PTP timescale
ptp4l[442.811]: selected best master clock 06310b.fffe.d6caf5
ptp4l[442.812]: foreign master not using PTP timescale
ptp4l[443.311]: selected best master clock 06310b.fffe.d6caf5
ptp4l[443.313]: foreign master not using PTP timescale
ptp4l[443.811]: selected best master clock 06310b.fffe.d6caf5
ptp4l[443.812]: foreign master not using PTP timescale
ptp4l[444.312]: selected best master clock 06310b.fffe.d6caf5
ptp4l[444.313]: foreign master not using PTP timescale
ptp4l[444.812]: selected best master clock 06310b.fffe.d6caf5
ptp4l[444.813]: foreign master not using PTP timescale
ptp4l[445.312]: selected best master clock 06310b.fffe.d6caf5
ptp4l[445.313]: foreign master not using PTP timescale
ptp4l[445.812]: selected best master clock 06310b.fffe.d6caf5
ptp4l[445.813]: foreign master not using PTP timescale
ptp4l[446.313]: selected best master clock 06310b.fffe.d6caf5
ptp4l[446.314]: foreign master not using PTP timescale
ptp4l[446.813]: selected best master clock 06310b.fffe.d6caf5
ptp4l[446.813]: foreign master not using PTP timescale
ptp4l[447.563]: selected best master clock 06310b.fffe.d6caf5
ptp4l[447.564]: foreign master not using PTP timescale
ptp4l[448.064]: selected best master clock 06310b.fffe.d6caf5
ptp4l[448.064]: foreign master not using PTP timescale
ptp4l[448.563]: selected best master clock 06310b.fffe.d6caf5
ptp4l[448.564]: foreign master not using PTP timescale
ptp4l[449.064]: selected best master clock 06310b.fffe.d6caf5
ptp4l[449.064]: foreign master not using PTP timescale
ptp4l[449.564]: selected best master clock 06310b.fffe.d6caf5
ptp4l[449.565]: foreign master not using PTP timescale
ptp4l[450.065]: selected best master clock 06310b.fffe.d6caf5
ptp4l[450.065]: foreign master not using PTP timescale
ptp4l[450.564]: selected best master clock 06310b.fffe.d6caf5
ptp4l[450.565]: foreign master not using PTP timescale
ptp4l[451.065]: selected best master clock 06310b.fffe.d6caf5
ptp4l[451.065]: foreign master not using PTP timescale
ptp4l[451.565]: selected best master clock 06310b.fffe.d6caf5
ptp4l[451.565]: foreign master not using PTP timescale
ptp4l[452.065]: selected best master clock 06310b.fffe.d6caf5
ptp4l[452.066]: foreign master not using PTP timescale
ptp4l[452.565]: selected best master clock 06310b.fffe.d6caf5
ptp4l[452.567]: foreign master not using PTP timescale
ptp4l[453.065]: selected best master clock 06310b.fffe.d6caf5
ptp4l[453.066]: foreign master not using PTP timescale
ptp4l[453.565]: selected best master clock 06310b.fffe.d6caf5
ptp4l[453.566]: foreign master not using PTP timescale
ptp4l[454.066]: selected best master clock 06310b.fffe.d6caf5
ptp4l[454.066]: foreign master not using PTP timescale
ptp4l[454.566]: selected best master clock 06310b.fffe.d6caf5
ptp4l[454.567]: foreign master not using PTP timescale
