ptp4l[710.996]: port 1: INITIALIZING to LISTENING on INIT_COMPLETE
ptp4l[711.040]: port 2: INITIALIZING to LISTENING on INIT_COMPLETE
ptp4l[711.041]: port 0: INITIALIZING to LISTENING on INIT_COMPLETE
ptp4l[711.820]: selected local clock fe256a.fffe.dae4ce as best master
ptp4l[711.840]: port 2: new foreign master 32091e.fffe.2d5c1a-1
ptp4l[711.929]: port 1: new foreign master d26255.fffe.c5cc09-1
ptp4l[712.064]: selected local clock fe256a.fffe.dae4ce as best master
ptp4l[712.340]: selected best master clock 32091e.fffe.2d5c1a
ptp4l[712.342]: foreign master not using PTP timescale
ptp4l[712.343]: port 2: LISTENING to UNCALIBRATED on RS_SLAVE
ptp4l[712.430]: selected best master clock d26255.fffe.c5cc09
ptp4l[712.432]: foreign master not using PTP timescale
ptp4l[712.435]: port 1: LISTENING to UNCALIBRATED on RS_SLAVE
ptp4l[712.437]: port 2: master state recommended in slave only mode
ptp4l[712.439]: port 2: defaultDS.priority1 probably misconfigured
ptp4l[712.442]: port 2: UNCALIBRATED to LISTENING on RS_MASTER
ptp4l[713.468]: selected best master clock d26255.fffe.c5cc09
ptp4l[713.470]: foreign master not using PTP timescale
ptp4l[713.841]: selected best master clock d26255.fffe.c5cc09
ptp4l[713.842]: foreign master not using PTP timescale
ptp4l[713.843]: port 2: master state recommended in slave only mode
ptp4l[713.844]: port 2: defaultDS.priority1 probably misconfigured
ptp4l[714.256]: selected best master clock d26255.fffe.c5cc09
ptp4l[714.257]: foreign master not using PTP timescale
ptp4l[714.591]: selected best master clock d26255.fffe.c5cc09
ptp4l[714.592]: foreign master not using PTP timescale
ptp4l[714.593]: port 2: master state recommended in slave only mode
ptp4l[714.598]: port 2: defaultDS.priority1 probably misconfigured
ptp4l[715.148]: selected best master clock d26255.fffe.c5cc09
ptp4l[715.149]: foreign master not using PTP timescale
ptp4l[715.592]: selected best master clock d26255.fffe.c5cc09
ptp4l[715.593]: foreign master not using PTP timescale
ptp4l[715.593]: port 2: master state recommended in slave only mode
ptp4l[715.594]: port 2: defaultDS.priority1 probably misconfigured
ptp4l[715.972]: selected best master clock d26255.fffe.c5cc09
ptp4l[715.973]: foreign master not using PTP timescale
ptp4l[716.342]: selected best master clock d26255.fffe.c5cc09
ptp4l[716.343]: foreign master not using PTP timescale
ptp4l[716.344]: port 2: master state recommended in slave only mode
ptp4l[716.345]: port 2: defaultDS.priority1 probably misconfigured
ptp4l[716.824]: selected best master clock d26255.fffe.c5cc09
ptp4l[716.826]: foreign master not using PTP timescale
ptp4l[717.092]: selected best master clock d26255.fffe.c5cc09
ptp4l[717.094]: foreign master not using PTP timescale
ptp4l[717.096]: port 2: master state recommended in slave only mode
ptp4l[717.097]: port 2: defaultDS.priority1 probably misconfigured
ptp4l[717.808]: selected best master clock d26255.fffe.c5cc09
ptp4l[717.811]: foreign master not using PTP timescale
ptp4l[718.094]: selected best master clock d26255.fffe.c5cc09
ptp4l[718.096]: foreign master not using PTP timescale
ptp4l[718.099]: port 2: master state recommended in slave only mode
ptp4l[718.102]: port 2: defaultDS.priority1 probably misconfigured
ptp4l[718.716]: selected best master clock d26255.fffe.c5cc09
ptp4l[718.719]: foreign master not using PTP timescale
ptp4l[719.094]: selected best master clock d26255.fffe.c5cc09
ptp4l[719.095]: foreign master not using PTP timescale
ptp4l[719.096]: port 2: master state recommended in slave only mode
ptp4l[719.097]: port 2: defaultDS.priority1 probably misconfigured
ptp4l[719.628]: selected best master clock d26255.fffe.c5cc09
ptp4l[719.629]: foreign master not using PTP timescale
ptp4l[720.095]: selected best master clock d26255.fffe.c5cc09
ptp4l[720.096]: foreign master not using PTP timescale
ptp4l[720.097]: port 2: master state recommended in slave only mode
ptp4l[720.098]: port 2: defaultDS.priority1 probably misconfigured
ptp4l[720.608]: selected best master clock d26255.fffe.c5cc09
ptp4l[720.609]: foreign master not using PTP timescale
ptp4l[721.095]: selected best master clock d26255.fffe.c5cc09
ptp4l[721.096]: foreign master not using PTP timescale
ptp4l[721.097]: port 2: master state recommended in slave only mode
ptp4l[721.098]: port 2: defaultDS.priority1 probably misconfigured
ptp4l[721.456]: selected best master clock d26255.fffe.c5cc09
ptp4l[721.457]: foreign master not using PTP timescale
ptp4l[721.845]: selected best master clock d26255.fffe.c5cc09
ptp4l[721.846]: foreign master not using PTP timescale
ptp4l[721.847]: port 2: master state recommended in slave only mode
ptp4l[721.848]: port 2: defaultDS.priority1 probably misconfigured
ptp4l[722.332]: selected best master clock d26255.fffe.c5cc09
ptp4l[722.333]: foreign master not using PTP timescale
ptp4l[722.596]: selected best master clock d26255.fffe.c5cc09
ptp4l[722.597]: foreign master not using PTP timescale
ptp4l[722.597]: port 2: master state recommended in slave only mode
ptp4l[722.598]: port 2: defaultDS.priority1 probably misconfigured
ptp4l[723.300]: selected best master clock d26255.fffe.c5cc09
ptp4l[723.301]: foreign master not using PTP timescale
ptp4l[723.596]: selected best master clock d26255.fffe.c5cc09
ptp4l[723.597]: foreign master not using PTP timescale
ptp4l[723.598]: port 2: master state recommended in slave only mode
ptp4l[723.599]: port 2: defaultDS.priority1 probably misconfigured
ptp4l[724.184]: selected best master clock d26255.fffe.c5cc09
ptp4l[724.185]: foreign master not using PTP timescale
ptp4l[724.596]: selected best master clock d26255.fffe.c5cc09
ptp4l[724.598]: foreign master not using PTP timescale
ptp4l[724.598]: port 2: master state recommended in slave only mode
ptp4l[724.599]: port 2: defaultDS.priority1 probably misconfigured
ptp4l[725.020]: selected best master clock d26255.fffe.c5cc09
ptp4l[725.021]: foreign master not using PTP timescale
ptp4l[725.347]: selected best master clock d26255.fffe.c5cc09
ptp4l[725.348]: foreign master not using PTP timescale
ptp4l[725.348]: port 2: master state recommended in slave only mode
ptp4l[725.349]: port 2: defaultDS.priority1 probably misconfigured
ptp4l[726.000]: selected best master clock d26255.fffe.c5cc09
ptp4l[726.001]: foreign master not using PTP timescale
ptp4l[726.347]: selected best master clock d26255.fffe.c5cc09
ptp4l[726.348]: foreign master not using PTP timescale
ptp4l[726.349]: port 2: master state recommended in slave only mode
ptp4l[726.350]: port 2: defaultDS.priority1 probably misconfigured
ptp4l[726.972]: selected best master clock d26255.fffe.c5cc09
ptp4l[726.973]: foreign master not using PTP timescale
ptp4l[727.348]: selected best master clock d26255.fffe.c5cc09
ptp4l[727.353]: foreign master not using PTP timescale
ptp4l[727.356]: port 2: master state recommended in slave only mode
ptp4l[727.361]: port 2: defaultDS.priority1 probably misconfigured
ptp4l[727.868]: selected best master clock d26255.fffe.c5cc09
ptp4l[727.870]: foreign master not using PTP timescale
ptp4l[728.348]: selected best master clock d26255.fffe.c5cc09
ptp4l[728.350]: foreign master not using PTP timescale
ptp4l[728.350]: port 2: master state recommended in slave only mode
ptp4l[728.351]: port 2: defaultDS.priority1 probably misconfigured
ptp4l[728.568]: rms 11041 max 28598 freq  +1566 +/- 6978 delay 19001 +/- 5136
ptp4l[728.700]: selected best master clock d26255.fffe.c5cc09
ptp4l[728.701]: foreign master not using PTP timescale
ptp4l[729.099]: selected best master clock d26255.fffe.c5cc09
ptp4l[729.100]: foreign master not using PTP timescale
ptp4l[729.102]: port 2: master state recommended in slave only mode
ptp4l[729.103]: port 2: defaultDS.priority1 probably misconfigured
ptp4l[729.548]: selected best master clock d26255.fffe.c5cc09
ptp4l[729.551]: foreign master not using PTP timescale
ptp4l[729.849]: selected best master clock d26255.fffe.c5cc09
ptp4l[729.850]: foreign master not using PTP timescale
ptp4l[729.851]: port 2: master state recommended in slave only mode
ptp4l[729.852]: port 2: defaultDS.priority1 probably misconfigured
ptp4l[730.496]: selected best master clock d26255.fffe.c5cc09
ptp4l[730.497]: foreign master not using PTP timescale
ptp4l[730.850]: selected best master clock d26255.fffe.c5cc09
ptp4l[730.851]: foreign master not using PTP timescale
ptp4l[730.852]: port 2: master state recommended in slave only mode
ptp4l[730.853]: port 2: defaultDS.priority1 probably misconfigured
ptp4l[731.492]: selected best master clock d26255.fffe.c5cc09
ptp4l[731.493]: foreign master not using PTP timescale
ptp4l[731.850]: selected best master clock d26255.fffe.c5cc09
ptp4l[731.851]: foreign master not using PTP timescale
ptp4l[731.852]: port 2: master state recommended in slave only mode
ptp4l[731.853]: port 2: defaultDS.priority1 probably misconfigured
ptp4l[732.284]: selected best master clock d26255.fffe.c5cc09
ptp4l[732.285]: foreign master not using PTP timescale
ptp4l[732.601]: selected best master clock d26255.fffe.c5cc09
ptp4l[732.604]: foreign master not using PTP timescale
ptp4l[732.607]: port 2: master state recommended in slave only mode
ptp4l[732.613]: port 2: defaultDS.priority1 probably misconfigured
ptp4l[733.140]: selected best master clock d26255.fffe.c5cc09
ptp4l[733.141]: foreign master not using PTP timescale
ptp4l[733.601]: selected best master clock d26255.fffe.c5cc09
ptp4l[733.602]: foreign master not using PTP timescale
ptp4l[733.603]: port 2: master state recommended in slave only mode
ptp4l[733.604]: port 2: defaultDS.priority1 probably misconfigured
ptp4l[734.068]: selected best master clock d26255.fffe.c5cc09
ptp4l[734.069]: foreign master not using PTP timescale
ptp4l[734.352]: selected best master clock d26255.fffe.c5cc09
ptp4l[734.353]: foreign master not using PTP timescale
ptp4l[734.354]: port 2: master state recommended in slave only mode
ptp4l[734.355]: port 2: defaultDS.priority1 probably misconfigured
ptp4l[735.032]: selected best master clock d26255.fffe.c5cc09
ptp4l[735.035]: foreign master not using PTP timescale
ptp4l[735.353]: selected best master clock d26255.fffe.c5cc09
ptp4l[735.354]: foreign master not using PTP timescale
ptp4l[735.355]: port 2: master state recommended in slave only mode
ptp4l[735.355]: port 2: defaultDS.priority1 probably misconfigured
ptp4l[735.844]: selected best master clock d26255.fffe.c5cc09
ptp4l[735.847]: foreign master not using PTP timescale
ptp4l[736.103]: selected best master clock d26255.fffe.c5cc09
ptp4l[736.107]: foreign master not using PTP timescale
ptp4l[736.110]: port 2: master state recommended in slave only mode
ptp4l[736.113]: port 2: defaultDS.priority1 probably misconfigured
ptp4l[736.796]: selected best master clock d26255.fffe.c5cc09
ptp4l[736.799]: foreign master not using PTP timescale
ptp4l[737.104]: selected best master clock d26255.fffe.c5cc09
ptp4l[737.106]: foreign master not using PTP timescale
ptp4l[737.107]: port 2: master state recommended in slave only mode
ptp4l[737.109]: port 2: defaultDS.priority1 probably misconfigured
ptp4l[737.768]: selected best master clock d26255.fffe.c5cc09
ptp4l[737.771]: foreign master not using PTP timescale
ptp4l[738.105]: selected best master clock d26255.fffe.c5cc09
ptp4l[738.106]: foreign master not using PTP timescale
ptp4l[738.107]: port 2: master state recommended in slave only mode
ptp4l[738.107]: port 2: defaultDS.priority1 probably misconfigured
ptp4l[738.528]: selected best master clock d26255.fffe.c5cc09
ptp4l[738.529]: foreign master not using PTP timescale
ptp4l[738.855]: selected best master clock d26255.fffe.c5cc09
ptp4l[738.856]: foreign master not using PTP timescale
ptp4l[738.857]: port 2: master state recommended in slave only mode
ptp4l[738.859]: port 2: defaultDS.priority1 probably misconfigured
ptp4l[739.324]: selected best master clock d26255.fffe.c5cc09
ptp4l[739.325]: foreign master not using PTP timescale
ptp4l[739.606]: selected best master clock d26255.fffe.c5cc09
ptp4l[739.607]: foreign master not using PTP timescale
ptp4l[739.608]: port 2: master state recommended in slave only mode
ptp4l[739.609]: port 2: defaultDS.priority1 probably misconfigured
ptp4l[740.252]: selected best master clock d26255.fffe.c5cc09
ptp4l[740.253]: foreign master not using PTP timescale
ptp4l[740.606]: selected best master clock d26255.fffe.c5cc09
ptp4l[740.608]: foreign master not using PTP timescale
ptp4l[740.610]: port 2: master state recommended in slave only mode
ptp4l[740.611]: port 2: defaultDS.priority1 probably misconfigured
ptp4l[741.124]: selected best master clock d26255.fffe.c5cc09
ptp4l[741.126]: foreign master not using PTP timescale
ptp4l[741.607]: selected best master clock d26255.fffe.c5cc09
ptp4l[741.610]: foreign master not using PTP timescale
ptp4l[741.613]: port 2: master state recommended in slave only mode
ptp4l[741.615]: port 2: defaultDS.priority1 probably misconfigured
ptp4l[742.096]: selected best master clock d26255.fffe.c5cc09
ptp4l[742.099]: foreign master not using PTP timescale
ptp4l[742.358]: selected best master clock d26255.fffe.c5cc09
ptp4l[742.361]: foreign master not using PTP timescale
ptp4l[742.364]: port 2: master state recommended in slave only mode
ptp4l[742.366]: port 2: defaultDS.priority1 probably misconfigured
ptp4l[743.092]: selected best master clock d26255.fffe.c5cc09
ptp4l[743.095]: foreign master not using PTP timescale
ptp4l[743.359]: selected best master clock d26255.fffe.c5cc09
ptp4l[743.360]: foreign master not using PTP timescale
ptp4l[743.361]: port 2: master state recommended in slave only mode
ptp4l[743.362]: port 2: defaultDS.priority1 probably misconfigured
ptp4l[743.972]: selected best master clock d26255.fffe.c5cc09
ptp4l[743.974]: foreign master not using PTP timescale
ptp4l[744.360]: selected best master clock d26255.fffe.c5cc09
ptp4l[744.360]: foreign master not using PTP timescale
ptp4l[744.361]: port 2: master state recommended in slave only mode
ptp4l[744.362]: port 2: defaultDS.priority1 probably misconfigured
ptp4l[744.588]: rms 15643 max 30098 freq  -2591 +/- 8555 delay 24762 +/- 8524
ptp4l[744.856]: selected best master clock d26255.fffe.c5cc09
ptp4l[744.857]: foreign master not using PTP timescale
ptp4l[745.110]: selected best master clock d26255.fffe.c5cc09
ptp4l[745.111]: foreign master not using PTP timescale
ptp4l[745.112]: port 2: master state recommended in slave only mode
ptp4l[745.112]: port 2: defaultDS.priority1 probably misconfigured
ptp4l[745.816]: selected best master clock d26255.fffe.c5cc09
ptp4l[745.817]: foreign master not using PTP timescale
ptp4l[746.111]: selected best master clock d26255.fffe.c5cc09
ptp4l[746.113]: foreign master not using PTP timescale
ptp4l[746.115]: port 2: master state recommended in slave only mode
ptp4l[746.118]: port 2: defaultDS.priority1 probably misconfigured
ptp4l[746.596]: selected best master clock d26255.fffe.c5cc09
ptp4l[746.598]: foreign master not using PTP timescale
ptp4l[746.861]: selected best master clock d26255.fffe.c5cc09
ptp4l[746.862]: foreign master not using PTP timescale
ptp4l[746.863]: port 2: master state recommended in slave only mode
ptp4l[746.864]: port 2: defaultDS.priority1 probably misconfigured
ptp4l[747.372]: selected best master clock d26255.fffe.c5cc09
ptp4l[747.373]: foreign master not using PTP timescale
ptp4l[747.862]: selected best master clock d26255.fffe.c5cc09
ptp4l[747.865]: foreign master not using PTP timescale
ptp4l[747.867]: port 2: master state recommended in slave only mode
ptp4l[747.870]: port 2: defaultDS.priority1 probably misconfigured
ptp4l[748.212]: selected best master clock d26255.fffe.c5cc09
ptp4l[748.215]: foreign master not using PTP timescale
ptp4l[748.613]: selected best master clock d26255.fffe.c5cc09
ptp4l[748.615]: foreign master not using PTP timescale
ptp4l[748.617]: port 2: master state recommended in slave only mode
ptp4l[748.620]: port 2: defaultDS.priority1 probably misconfigured
ptp4l[749.216]: selected best master clock d26255.fffe.c5cc09
ptp4l[749.219]: foreign master not using PTP timescale
ptp4l[749.613]: selected best master clock d26255.fffe.c5cc09
ptp4l[749.616]: foreign master not using PTP timescale
ptp4l[749.619]: port 2: master state recommended in slave only mode
ptp4l[749.621]: port 2: defaultDS.priority1 probably misconfigured
ptp4l[750.160]: selected best master clock d26255.fffe.c5cc09
ptp4l[750.161]: foreign master not using PTP timescale
ptp4l[750.614]: selected best master clock d26255.fffe.c5cc09
ptp4l[750.617]: foreign master not using PTP timescale
ptp4l[750.619]: port 2: master state recommended in slave only mode
ptp4l[750.622]: port 2: defaultDS.priority1 probably misconfigured
ptp4l[751.144]: selected best master clock d26255.fffe.c5cc09
ptp4l[751.144]: foreign master not using PTP timescale
ptp4l[751.615]: selected best master clock d26255.fffe.c5cc09
ptp4l[751.615]: foreign master not using PTP timescale
ptp4l[751.616]: port 2: master state recommended in slave only mode
ptp4l[751.617]: port 2: defaultDS.priority1 probably misconfigured
ptp4l[752.100]: selected best master clock d26255.fffe.c5cc09
ptp4l[752.101]: foreign master not using PTP timescale
ptp4l[752.365]: selected best master clock d26255.fffe.c5cc09
ptp4l[752.368]: foreign master not using PTP timescale
ptp4l[752.370]: port 2: master state recommended in slave only mode
ptp4l[752.373]: port 2: defaultDS.priority1 probably misconfigured
ptp4l[752.940]: selected best master clock d26255.fffe.c5cc09
ptp4l[752.943]: foreign master not using PTP timescale
ptp4l[753.366]: selected best master clock d26255.fffe.c5cc09
ptp4l[753.369]: foreign master not using PTP timescale
ptp4l[753.372]: port 2: master state recommended in slave only mode
ptp4l[753.374]: port 2: defaultDS.priority1 probably misconfigured
ptp4l[753.700]: selected best master clock d26255.fffe.c5cc09
ptp4l[753.702]: foreign master not using PTP timescale
ptp4l[754.117]: selected best master clock d26255.fffe.c5cc09
ptp4l[754.119]: foreign master not using PTP timescale
ptp4l[754.121]: port 2: master state recommended in slave only mode
ptp4l[754.123]: port 2: defaultDS.priority1 probably misconfigured
ptp4l[754.480]: selected best master clock d26255.fffe.c5cc09
ptp4l[754.482]: foreign master not using PTP timescale
ptp4l[754.867]: selected best master clock d26255.fffe.c5cc09
ptp4l[754.868]: foreign master not using PTP timescale
ptp4l[754.869]: port 2: master state recommended in slave only mode
ptp4l[754.870]: port 2: defaultDS.priority1 probably misconfigured
ptp4l[755.372]: selected best master clock d26255.fffe.c5cc09
ptp4l[755.373]: foreign master not using PTP timescale
ptp4l[755.869]: selected best master clock d26255.fffe.c5cc09
ptp4l[755.871]: foreign master not using PTP timescale
ptp4l[755.874]: port 2: master state recommended in slave only mode
ptp4l[755.876]: port 2: defaultDS.priority1 probably misconfigured
ptp4l[756.340]: selected best master clock d26255.fffe.c5cc09
ptp4l[756.342]: foreign master not using PTP timescale
ptp4l[756.619]: selected best master clock d26255.fffe.c5cc09
ptp4l[756.622]: foreign master not using PTP timescale
ptp4l[756.625]: port 2: master state recommended in slave only mode
ptp4l[756.627]: port 2: defaultDS.priority1 probably misconfigured
ptp4l[757.144]: selected best master clock d26255.fffe.c5cc09
ptp4l[757.145]: foreign master not using PTP timescale
ptp4l[757.620]: selected best master clock d26255.fffe.c5cc09
ptp4l[757.622]: foreign master not using PTP timescale
ptp4l[757.624]: port 2: master state recommended in slave only mode
ptp4l[757.626]: port 2: defaultDS.priority1 probably misconfigured
ptp4l[758.120]: selected best master clock d26255.fffe.c5cc09
ptp4l[758.123]: foreign master not using PTP timescale
ptp4l[758.371]: selected best master clock d26255.fffe.c5cc09
ptp4l[758.373]: foreign master not using PTP timescale
ptp4l[758.376]: port 2: master state recommended in slave only mode
ptp4l[758.379]: port 2: defaultDS.priority1 probably misconfigured
ptp4l[758.936]: selected best master clock d26255.fffe.c5cc09
ptp4l[758.939]: foreign master not using PTP timescale
