ptp4l[5694.996]: port 1 (v-ru1): INITIALIZING to LISTENING on INIT_COMPLETE
ptp4l[5694.996]: port 0 (/var/run/p.ru1): INITIALIZING to LISTENING on INIT_COMPLETE
ptp4l[5694.996]: port 0 (/var/run/pr.ru1): INITIALIZING to LISTENING on INIT_COMPLETE
ptp4l[5695.477]: selected local clock 020000.fffe.00000c as best master
ptp4l[5695.511]: port 1 (v-ru1): new foreign master 020000.fffe.000001-2
ptp4l[5695.761]: selected best master clock 020000.fffe.00000a
ptp4l[5695.761]: foreign master not using PTP timescale
ptp4l[5695.761]: port 1 (v-ru1): LISTENING to UNCALIBRATED on RS_SLAVE
ptp4l[5697.825]: master offset       1354 s0 freq      +0 path delay      4247
ptp4l[5699.827]: master offset        702 s0 freq    +936 path delay      6772
ptp4l[5701.829]: master offset       3413 s0 freq    +883 path delay      5828
ptp4l[5703.831]: master offset      -1942 s0 freq   -1639 path delay      7901
ptp4l[5705.833]: master offset      -2527 s0 freq   -1403 path delay      5678
ptp4l[5707.835]: master offset       1480 s0 freq   +1470 path delay      4615
ptp4l[5709.838]: master offset       9981 s0 freq   +3988 path delay      4099
ptp4l[5711.840]: master offset      20967 s0 freq   +5638 path delay      4401
ptp4l[5713.841]: master offset       -219 s0 freq  -10747 path delay      4074
ptp4l[5715.843]: master offset        264 s0 freq     +51 path delay      3693
ptp4l[5717.846]: master offset       3608 s0 freq   +2859 path delay      6074
ptp4l[5718.501]: port 1 (v-ru1): new foreign master 020000.fffe.0000b2-1
ptp4l[5718.751]: selected best master clock 020000.fffe.0000b2
ptp4l[5718.751]: foreign master not using PTP timescale
ptp4l[5718.898]: foreign master not using PTP timescale
ptp4l[5719.148]: foreign master not using PTP timescale
ptp4l[5719.398]: foreign master not using PTP timescale
ptp4l[5719.649]: foreign master not using PTP timescale
ptp4l[5719.899]: foreign master not using PTP timescale
ptp4l[5720.150]: foreign master not using PTP timescale
ptp4l[5720.400]: foreign master not using PTP timescale
ptp4l[5720.650]: foreign master not using PTP timescale
ptp4l[5720.815]: master offset      -1216 s0 freq    -810 path delay      4436
ptp4l[5720.900]: foreign master not using PTP timescale
ptp4l[5721.151]: foreign master not using PTP timescale
ptp4l[5721.401]: foreign master not using PTP timescale
ptp4l[5721.651]: foreign master not using PTP timescale
ptp4l[5721.901]: foreign master not using PTP timescale
ptp4l[5722.151]: foreign master not using PTP timescale
ptp4l[5722.401]: foreign master not using PTP timescale
ptp4l[5722.651]: foreign master not using PTP timescale
ptp4l[5722.817]: master offset      -1193 s0 freq    -389 path delay      3635
ptp4l[5722.901]: foreign master not using PTP timescale
ptp4l[5723.152]: foreign master not using PTP timescale
ptp4l[5723.402]: foreign master not using PTP timescale
ptp4l[5723.652]: foreign master not using PTP timescale
ptp4l[5723.902]: foreign master not using PTP timescale
ptp4l[5724.152]: foreign master not using PTP timescale
ptp4l[5724.402]: foreign master not using PTP timescale
ptp4l[5724.652]: foreign master not using PTP timescale
ptp4l[5724.819]: master offset       1455 s0 freq   +1054 path delay      3097
ptp4l[5724.903]: foreign master not using PTP timescale
ptp4l[5725.153]: foreign master not using PTP timescale
ptp4l[5725.403]: foreign master not using PTP timescale
ptp4l[5725.654]: foreign master not using PTP timescale
ptp4l[5725.904]: foreign master not using PTP timescale
ptp4l[5726.154]: foreign master not using PTP timescale
ptp4l[5726.404]: foreign master not using PTP timescale
ptp4l[5726.654]: foreign master not using PTP timescale
ptp4l[5726.821]: master offset       1389 s0 freq    +107 path delay      3378
ptp4l[5726.905]: foreign master not using PTP timescale
ptp4l[5727.155]: foreign master not using PTP timescale
ptp4l[5727.405]: foreign master not using PTP timescale
ptp4l[5727.655]: foreign master not using PTP timescale
ptp4l[5727.905]: foreign master not using PTP timescale
ptp4l[5728.155]: foreign master not using PTP timescale
ptp4l[5728.405]: foreign master not using PTP timescale
ptp4l[5728.655]: foreign master not using PTP timescale
ptp4l[5728.823]: master offset        610 s0 freq    -379 path delay      3398
ptp4l[5728.905]: foreign master not using PTP timescale
ptp4l[5729.156]: foreign master not using PTP timescale
ptp4l[5729.406]: foreign master not using PTP timescale
ptp4l[5729.656]: foreign master not using PTP timescale
ptp4l[5729.906]: foreign master not using PTP timescale
ptp4l[5730.156]: foreign master not using PTP timescale
ptp4l[5730.406]: foreign master not using PTP timescale
ptp4l[5730.657]: foreign master not using PTP timescale
ptp4l[5730.826]: master offset       -728 s0 freq    -584 path delay      3566
ptp4l[5730.907]: foreign master not using PTP timescale
ptp4l[5731.157]: foreign master not using PTP timescale
ptp4l[5731.407]: foreign master not using PTP timescale
ptp4l[5731.657]: foreign master not using PTP timescale
ptp4l[5731.907]: foreign master not using PTP timescale
ptp4l[5732.157]: foreign master not using PTP timescale
ptp4l[5732.407]: foreign master not using PTP timescale
ptp4l[5732.658]: foreign master not using PTP timescale
ptp4l[5732.828]: master offset      -1325 s0 freq    +942 path delay      6049
ptp4l[5732.908]: foreign master not using PTP timescale
ptp4l[5733.158]: foreign master not using PTP timescale
ptp4l[5733.408]: foreign master not using PTP timescale
ptp4l[5733.660]: foreign master not using PTP timescale
ptp4l[5733.910]: foreign master not using PTP timescale
ptp4l[5734.160]: foreign master not using PTP timescale
ptp4l[5734.410]: foreign master not using PTP timescale
ptp4l[5734.660]: foreign master not using PTP timescale
ptp4l[5734.830]: master offset        190 s0 freq    -339 path delay      3856
ptp4l[5734.910]: foreign master not using PTP timescale
ptp4l[5735.160]: foreign master not using PTP timescale
ptp4l[5735.410]: foreign master not using PTP timescale
ptp4l[5735.660]: foreign master not using PTP timescale
ptp4l[5735.910]: foreign master not using PTP timescale
ptp4l[5736.161]: foreign master not using PTP timescale
ptp4l[5736.411]: foreign master not using PTP timescale
ptp4l[5736.661]: foreign master not using PTP timescale
ptp4l[5736.832]: master offset       1180 s0 freq    +141 path delay      3148
ptp4l[5736.911]: foreign master not using PTP timescale
ptp4l[5737.161]: foreign master not using PTP timescale
ptp4l[5737.411]: foreign master not using PTP timescale
ptp4l[5737.661]: foreign master not using PTP timescale
ptp4l[5737.911]: foreign master not using PTP timescale
