ptp4l[5694.996]: port 1 (v-ru2): INITIALIZING to LISTENING on INIT_COMPLETE
ptp4l[5694.996]: port 0 (/var/run/p.ru2): INITIALIZING to LISTENING on INIT_COMPLETE
ptp4l[5694.996]: port 0 (/var/run/pr.ru2): INITIALIZING to LISTENING on INIT_COMPLETE
ptp4l[5695.398]: selected local clock 020000.fffe.00000d as best master
ptp4l[5695.511]: port 1 (v-ru2): new foreign master 020000.fffe.000001-2
ptp4l[5695.761]: selected best master clock 020000.fffe.00000a
ptp4l[5695.761]: foreign master not using PTP timescale
ptp4l[5695.761]: port 1 (v-ru2): LISTENING to UNCALIBRATED on RS_SLAVE
ptp4l[5697.825]: master offset       -354 s0 freq    +111 path delay      5328
ptp4l[5699.827]: master offset        782 s0 freq    +739 path delay      5672
ptp4l[5701.829]: master offset       2477 s0 freq    +896 path delay      5770
ptp4l[5703.831]: master offset      -1338 s0 freq   -1621 path delay      6339
ptp4l[5705.833]: master offset      -2382 s0 freq   -1097 path delay      5186
ptp4l[5707.835]: master offset       -242 s0 freq   +1147 path delay      5343
ptp4l[5709.838]: master offset       8283 s0 freq   +3915 path delay      4656
ptp4l[5711.840]: master offset      20396 s0 freq   +5830 path delay      4216
ptp4l[5713.841]: master offset        -92 s0 freq  -10686 path delay      3313
ptp4l[5715.843]: master offset       -300 s0 freq     +90 path delay      3702
ptp4l[5717.846]: master offset       3345 s0 freq   +2616 path delay      5295
ptp4l[5718.501]: port 1 (v-ru2): new foreign master 020000.fffe.0000b2-1
ptp4l[5718.751]: selected best master clock 020000.fffe.0000b2
ptp4l[5718.751]: foreign master not using PTP timescale
ptp4l[5718.898]: foreign master not using PTP timescale
ptp4l[5719.148]: foreign master not using PTP timescale
ptp4l[5719.398]: foreign master not using PTP timescale
ptp4l[5719.649]: foreign master not using PTP timescale
ptp4l[5719.899]: foreign master not using PTP timescale
ptp4l[5720.150]: foreign master not using PTP timescale
ptp4l[5720.400]: foreign master not using PTP timescale
ptp4l[5720.650]: foreign master not using PTP timescale
ptp4l[5720.815]: master offset      -1407 s0 freq    -727 path delay      4279
ptp4l[5720.900]: foreign master not using PTP timescale
ptp4l[5721.151]: foreign master not using PTP timescale
ptp4l[5721.401]: foreign master not using PTP timescale
ptp4l[5721.651]: foreign master not using PTP timescale
ptp4l[5721.901]: foreign master not using PTP timescale
ptp4l[5722.151]: foreign master not using PTP timescale
ptp4l[5722.401]: foreign master not using PTP timescale
ptp4l[5722.651]: foreign master not using PTP timescale
ptp4l[5722.817]: master offset      -1083 s0 freq    -435 path delay      3085
ptp4l[5722.901]: foreign master not using PTP timescale
ptp4l[5723.152]: foreign master not using PTP timescale
ptp4l[5723.402]: foreign master not using PTP timescale
ptp4l[5723.652]: foreign master not using PTP timescale
ptp4l[5723.902]: foreign master not using PTP timescale
ptp4l[5724.152]: foreign master not using PTP timescale
ptp4l[5724.402]: foreign master not using PTP timescale
ptp4l[5724.652]: foreign master not using PTP timescale
ptp4l[5724.819]: master offset        828 s0 freq    +901 path delay      2977
ptp4l[5724.903]: foreign master not using PTP timescale
ptp4l[5725.153]: foreign master not using PTP timescale
ptp4l[5725.403]: foreign master not using PTP timescale
ptp4l[5725.654]: foreign master not using PTP timescale
ptp4l[5725.904]: foreign master not using PTP timescale
ptp4l[5726.154]: foreign master not using PTP timescale
ptp4l[5726.404]: foreign master not using PTP timescale
ptp4l[5726.654]: foreign master not using PTP timescale
ptp4l[5726.821]: master offset        654 s0 freq     +26 path delay      3204
ptp4l[5726.905]: foreign master not using PTP timescale
ptp4l[5727.155]: foreign master not using PTP timescale
ptp4l[5727.405]: foreign master not using PTP timescale
ptp4l[5727.655]: foreign master not using PTP timescale
ptp4l[5727.905]: foreign master not using PTP timescale
ptp4l[5728.155]: foreign master not using PTP timescale
ptp4l[5728.405]: foreign master not using PTP timescale
ptp4l[5728.655]: foreign master not using PTP timescale
ptp4l[5728.823]: master offset        288 s0 freq    -290 path delay      2990
ptp4l[5728.906]: foreign master not using PTP timescale
ptp4l[5729.156]: foreign master not using PTP timescale
ptp4l[5729.406]: foreign master not using PTP timescale
ptp4l[5729.656]: foreign master not using PTP timescale
ptp4l[5729.906]: foreign master not using PTP timescale
ptp4l[5730.156]: foreign master not using PTP timescale
ptp4l[5730.406]: foreign master not using PTP timescale
ptp4l[5730.656]: foreign master not using PTP timescale
ptp4l[5730.825]: master offset       -829 s0 freq    -404 path delay      3298
ptp4l[5730.907]: foreign master not using PTP timescale
ptp4l[5731.157]: foreign master not using PTP timescale
ptp4l[5731.407]: foreign master not using PTP timescale
ptp4l[5731.657]: foreign master not using PTP timescale
ptp4l[5731.907]: foreign master not using PTP timescale
ptp4l[5732.157]: foreign master not using PTP timescale
ptp4l[5732.407]: foreign master not using PTP timescale
ptp4l[5732.658]: foreign master not using PTP timescale
ptp4l[5732.828]: master offset      -1166 s0 freq    +776 path delay      5188
ptp4l[5732.908]: foreign master not using PTP timescale
ptp4l[5733.158]: foreign master not using PTP timescale
ptp4l[5733.408]: foreign master not using PTP timescale
ptp4l[5733.660]: foreign master not using PTP timescale
ptp4l[5733.910]: foreign master not using PTP timescale
ptp4l[5734.160]: foreign master not using PTP timescale
ptp4l[5734.410]: foreign master not using PTP timescale
ptp4l[5734.660]: foreign master not using PTP timescale
ptp4l[5734.830]: master offset        -99 s0 freq    -230 path delay      3660
ptp4l[5734.910]: foreign master not using PTP timescale
ptp4l[5735.160]: foreign master not using PTP timescale
ptp4l[5735.410]: foreign master not using PTP timescale
ptp4l[5735.660]: foreign master not using PTP timescale
ptp4l[5735.911]: foreign master not using PTP timescale
ptp4l[5736.161]: foreign master not using PTP timescale
ptp4l[5736.411]: foreign master not using PTP timescale
ptp4l[5736.661]: foreign master not using PTP timescale
ptp4l[5736.832]: master offset        205 s0 freq    -182 path delay      2992
ptp4l[5736.911]: foreign master not using PTP timescale
ptp4l[5737.161]: foreign master not using PTP timescale
ptp4l[5737.411]: foreign master not using PTP timescale
ptp4l[5737.661]: foreign master not using PTP timescale
ptp4l[5737.911]: foreign master not using PTP timescale
