ptp4l[5694.996]: port 1 (v-ru3): INITIALIZING to LISTENING on INIT_COMPLETE
ptp4l[5694.996]: port 0 (/var/run/p.ru3): INITIALIZING to LISTENING on INIT_COMPLETE
ptp4l[5694.996]: port 0 (/var/run/pr.ru3): INITIALIZING to LISTENING on INIT_COMPLETE
ptp4l[5695.390]: selected local clock 020000.fffe.00000e as best master
ptp4l[5695.511]: port 1 (v-ru3): new foreign master 020000.fffe.000001-2
ptp4l[5695.761]: selected best master clock 020000.fffe.00000a
ptp4l[5695.761]: foreign master not using PTP timescale
ptp4l[5695.761]: port 1 (v-ru3): LISTENING to UNCALIBRATED on RS_SLAVE
ptp4l[5697.825]: master offset       -878 s0 freq    +120 path delay      4935
ptp4l[5699.827]: master offset       -420 s0 freq    +657 path delay      5792
ptp4l[5701.829]: master offset       2849 s0 freq    +671 path delay      3866
ptp4l[5703.831]: master offset      -1784 s0 freq   -1127 path delay      6242
ptp4l[5705.833]: master offset      -3696 s0 freq   -1270 path delay      5611
ptp4l[5707.835]: master offset       -490 s0 freq   +1131 path delay      4669
ptp4l[5709.838]: master offset       8106 s0 freq   +3594 path delay      3268
ptp4l[5711.840]: master offset      19667 s0 freq   +6230 path delay      4181
ptp4l[5713.841]: master offset       -476 s0 freq  -10528 path delay      3250
ptp4l[5715.843]: master offset       -412 s0 freq    +119 path delay      3424
ptp4l[5717.846]: master offset       2146 s0 freq   +2166 path delay      5203
ptp4l[5718.501]: port 1 (v-ru3): new foreign master 020000.fffe.0000b2-1
ptp4l[5718.751]: selected best master clock 020000.fffe.0000b2
ptp4l[5718.751]: foreign master not using PTP timescale
ptp4l[5718.898]: foreign master not using PTP timescale
ptp4l[5719.148]: foreign master not using PTP timescale
ptp4l[5719.398]: foreign master not using PTP timescale
ptp4l[5719.649]: foreign master not using PTP timescale
ptp4l[5719.899]: foreign master not using PTP timescale
ptp4l[5720.150]: foreign master not using PTP timescale
ptp4l[5720.400]: foreign master not using PTP timescale
ptp4l[5720.650]: foreign master not using PTP timescale
ptp4l[5720.815]: master offset      -1087 s0 freq    -624 path delay      3599
ptp4l[5720.900]: foreign master not using PTP timescale
ptp4l[5721.151]: foreign master not using PTP timescale
ptp4l[5721.401]: foreign master not using PTP timescale
ptp4l[5721.651]: foreign master not using PTP timescale
ptp4l[5721.901]: foreign master not using PTP timescale
ptp4l[5722.151]: foreign master not using PTP timescale
ptp4l[5722.401]: foreign master not using PTP timescale
ptp4l[5722.651]: foreign master not using PTP timescale
ptp4l[5722.817]: master offset      -1234 s0 freq    -459 path delay      2828
ptp4l[5722.901]: foreign master not using PTP timescale
ptp4l[5723.152]: foreign master not using PTP timescale
ptp4l[5723.402]: foreign master not using PTP timescale
ptp4l[5723.652]: foreign master not using PTP timescale
ptp4l[5723.902]: foreign master not using PTP timescale
ptp4l[5724.152]: foreign master not using PTP timescale
ptp4l[5724.402]: foreign master not using PTP timescale
ptp4l[5724.652]: foreign master not using PTP timescale
ptp4l[5724.820]: master offset         81 s0 freq    +694 path delay      2903
ptp4l[5724.903]: foreign master not using PTP timescale
ptp4l[5725.153]: foreign master not using PTP timescale
ptp4l[5725.403]: foreign master not using PTP timescale
ptp4l[5725.654]: foreign master not using PTP timescale
ptp4l[5725.904]: foreign master not using PTP timescale
ptp4l[5726.154]: foreign master not using PTP timescale
ptp4l[5726.404]: foreign master not using PTP timescale
ptp4l[5726.654]: foreign master not using PTP timescale
ptp4l[5726.821]: master offset        161 s0 freq    +180 path delay      3184
ptp4l[5726.905]: foreign master not using PTP timescale
ptp4l[5727.155]: foreign master not using PTP timescale
ptp4l[5727.405]: foreign master not using PTP timescale
ptp4l[5727.655]: foreign master not using PTP timescale
ptp4l[5727.905]: foreign master not using PTP timescale
ptp4l[5728.155]: foreign master not using PTP timescale
ptp4l[5728.405]: foreign master not using PTP timescale
ptp4l[5728.655]: foreign master not using PTP timescale
ptp4l[5728.823]: master offset       -752 s0 freq    -533 path delay      3030
ptp4l[5728.906]: foreign master not using PTP timescale
ptp4l[5729.156]: foreign master not using PTP timescale
ptp4l[5729.406]: foreign master not using PTP timescale
ptp4l[5729.656]: foreign master not using PTP timescale
ptp4l[5729.906]: foreign master not using PTP timescale
ptp4l[5730.156]: foreign master not using PTP timescale
ptp4l[5730.406]: foreign master not using PTP timescale
ptp4l[5730.656]: foreign master not using PTP timescale
ptp4l[5730.825]: master offset      -1190 s0 freq     -55 path delay      3358
ptp4l[5730.907]: foreign master not using PTP timescale
ptp4l[5731.157]: foreign master not using PTP timescale
ptp4l[5731.407]: foreign master not using PTP timescale
ptp4l[5731.657]: foreign master not using PTP timescale
ptp4l[5731.907]: foreign master not using PTP timescale
ptp4l[5732.157]: foreign master not using PTP timescale
ptp4l[5732.407]: foreign master not using PTP timescale
ptp4l[5732.658]: foreign master not using PTP timescale
ptp4l[5732.828]: master offset      -1542 s0 freq    +614 path delay      4939
ptp4l[5732.908]: foreign master not using PTP timescale
ptp4l[5733.158]: foreign master not using PTP timescale
ptp4l[5733.408]: foreign master not using PTP timescale
ptp4l[5733.660]: foreign master not using PTP timescale
ptp4l[5733.910]: foreign master not using PTP timescale
ptp4l[5734.160]: foreign master not using PTP timescale
ptp4l[5734.410]: foreign master not using PTP timescale
ptp4l[5734.660]: foreign master not using PTP timescale
ptp4l[5734.830]: master offset         37 s0 freq    -186 path delay      2988
ptp4l[5734.910]: foreign master not using PTP timescale
ptp4l[5735.160]: foreign master not using PTP timescale
ptp4l[5735.410]: foreign master not using PTP timescale
ptp4l[5735.660]: foreign master not using PTP timescale
ptp4l[5735.911]: foreign master not using PTP timescale
ptp4l[5736.161]: foreign master not using PTP timescale
ptp4l[5736.411]: foreign master not using PTP timescale
ptp4l[5736.661]: foreign master not using PTP timescale
ptp4l[5736.832]: master offset       -577 s0 freq    -382 path delay      2838
ptp4l[5736.911]: foreign master not using PTP timescale
ptp4l[5737.161]: foreign master not using PTP timescale
ptp4l[5737.411]: foreign master not using PTP timescale
ptp4l[5737.661]: foreign master not using PTP timescale
ptp4l[5737.911]: foreign master not using PTP timescale
