ptp4l[2223.756]: port 1 (v-ru1): INITIALIZING to LISTENING on INIT_COMPLETE
ptp4l[2223.756]: port 0 (/var/run/p.ru1): INITIALIZING to LISTENING on INIT_COMPLETE
ptp4l[2223.756]: port 0 (/var/run/pr.ru1): INITIALIZING to LISTENING on INIT_COMPLETE
ptp4l[2224.214]: selected local clock 020000.fffe.00000c as best master
ptp4l[2224.241]: port 1 (v-ru1): new foreign master 020000.fffe.000001-2
ptp4l[2224.491]: selected best master clock 020000.fffe.00000a
ptp4l[2224.491]: foreign master not using PTP timescale
ptp4l[2224.491]: port 1 (v-ru1): LISTENING to UNCALIBRATED on RS_SLAVE
ptp4l[2226.556]: master offset       1837 s0 freq    -799 path delay      7543
ptp4l[2228.559]: master offset       4237 s0 freq   +1186 path delay      7517
ptp4l[2230.561]: master offset       1489 s0 freq   -1233 path delay      7796
ptp4l[2232.563]: master offset       1738 s0 freq   -1910 path delay      3722
ptp4l[2234.565]: master offset        604 s0 freq    -579 path delay      3696
ptp4l[2236.567]: master offset       3252 s0 freq   +1957 path delay      4965
ptp4l[2238.569]: master offset       -285 s0 freq   -1417 path delay      5665
ptp4l[2240.571]: master offset        -98 s0 freq    -626 path delay      4224
ptp4l[2242.574]: master offset       1521 s0 freq    +996 path delay      4599
ptp4l[2244.576]: master offset      -1555 s0 freq   -1676 path delay      4319
ptp4l[2246.580]: master offset       -659 s0 freq   +1339 path delay      6105
ptp4l[2248.582]: master offset       -846 s0 freq    +197 path delay      6686
ptp4l[2250.584]: master offset        998 s0 freq     -30 path delay      4781
ptp4l[2252.587]: master offset        124 s0 freq    -141 path delay      5373
ptp4l[2254.589]: master offset       1938 s0 freq    +902 path delay      5364
ptp4l[2256.591]: master offset       3825 s0 freq    +715 path delay      4908
ptp4l[2258.593]: master offset       1027 s0 freq    -989 path delay      5727
ptp4l[2260.594]: master offset        937 s0 freq    -554 path delay      4709
ptp4l[2262.597]: master offset       4334 s0 freq   +1782 path delay      4882
ptp4l[2264.599]: master offset        801 s0 freq   -1989 path delay      4433
ptp4l[2266.601]: master offset      -3010 s0 freq   -1433 path delay      5376
ptp4l[2268.603]: master offset       -921 s0 freq   +1086 path delay      5461
