ptp4l[2223.756]: port 1 (v-ru3): INITIALIZING to LISTENING on INIT_COMPLETE
ptp4l[2223.756]: port 0 (/var/run/p.ru3): INITIALIZING to LISTENING on INIT_COMPLETE
ptp4l[2223.756]: port 0 (/var/run/pr.ru3): INITIALIZING to LISTENING on INIT_COMPLETE
ptp4l[2224.223]: selected local clock 020000.fffe.00000e as best master
ptp4l[2224.241]: port 1 (v-ru3): new foreign master 020000.fffe.000001-2
ptp4l[2224.491]: selected best master clock 020000.fffe.00000a
ptp4l[2224.491]: foreign master not using PTP timescale
ptp4l[2224.491]: port 1 (v-ru3): LISTENING to UNCALIBRATED on RS_SLAVE
ptp4l[2226.556]: master offset      -1747 s0 freq   -1078 path delay      7818
ptp4l[2228.559]: master offset       1500 s0 freq   +1262 path delay      7098
ptp4l[2230.561]: master offset        408 s0 freq    -871 path delay      6446
ptp4l[2232.564]: master offset       -283 s0 freq   -1677 path delay      3780
ptp4l[2234.565]: master offset        139 s0 freq    -116 path delay      3126
ptp4l[2236.567]: master offset       1222 s0 freq   +1326 path delay      4698
ptp4l[2238.569]: master offset      -1173 s0 freq   -1188 path delay      4715
ptp4l[2240.571]: master offset       -977 s0 freq    -306 path delay      3906
ptp4l[2242.574]: master offset        611 s0 freq    +741 path delay      3802
ptp4l[2244.576]: master offset      -2247 s0 freq   -1217 path delay      4223
ptp4l[2246.580]: master offset      -1782 s0 freq   +1170 path delay      6102
ptp4l[2248.582]: master offset       -819 s0 freq    +128 path delay      5396
ptp4l[2250.585]: master offset       -945 s0 freq    -622 path delay      4277
ptp4l[2252.587]: master offset       -368 s0 freq    +393 path delay      4488
ptp4l[2254.589]: master offset        541 s0 freq    +455 path delay      4490
ptp4l[2256.591]: master offset       2094 s0 freq    +722 path delay      4383
ptp4l[2258.592]: master offset        533 s0 freq    -662 path delay      4618
ptp4l[2260.594]: master offset       -348 s0 freq    -558 path delay      4383
ptp4l[2262.597]: master offset       2311 s0 freq   +1115 path delay      3957
ptp4l[2264.599]: master offset       -803 s0 freq   -1226 path delay      4616
ptp4l[2266.601]: master offset      -3768 s0 freq   -1125 path delay      5330
ptp4l[2268.603]: master offset      -1559 s0 freq    +666 path delay      4455
