ptp4l[345.412]: port 1: INITIALIZING to LISTENING on INIT_COMPLETE
ptp4l[345.456]: port 2: INITIALIZING to LISTENING on INIT_COMPLETE
ptp4l[345.457]: port 0: INITIALIZING to LISTENING on INIT_COMPLETE
ptp4l[346.344]: selected local clock c6203d.fffe.15b98a as best master
ptp4l[346.404]: selected local clock c6203d.fffe.15b98a as best master
ptp4l[346.558]: port 2: new foreign master 7ad36f.fffe.9d4c4e-1
ptp4l[346.626]: port 1: new foreign master d65257.fffe.fc1fd1-1
ptp4l[347.059]: selected best master clock 7ad36f.fffe.9d4c4e
ptp4l[347.060]: foreign master not using PTP timescale
ptp4l[347.062]: port 2: LISTENING to UNCALIBRATED on RS_SLAVE
ptp4l[347.126]: selected best master clock d65257.fffe.fc1fd1
ptp4l[347.127]: foreign master not using PTP timescale
ptp4l[347.129]: port 1: LISTENING to UNCALIBRATED on RS_SLAVE
ptp4l[347.130]: port 2: master state recommended in slave only mode
ptp4l[347.131]: port 2: defaultDS.priority1 probably misconfigured
ptp4l[347.132]: port 2: UNCALIBRATED to LISTENING on RS_MASTER
ptp4l[348.164]: selected best master clock d65257.fffe.fc1fd1
ptp4l[348.164]: foreign master not using PTP timescale
ptp4l[348.559]: selected best master clock d65257.fffe.fc1fd1
ptp4l[348.560]: foreign master not using PTP timescale
ptp4l[348.561]: port 2: master state recommended in slave only mode
ptp4l[348.562]: port 2: defaultDS.priority1 probably misconfigured
ptp4l[348.924]: selected best master clock d65257.fffe.fc1fd1
ptp4l[348.925]: foreign master not using PTP timescale
ptp4l[349.309]: selected best master clock d65257.fffe.fc1fd1
ptp4l[349.310]: foreign master not using PTP timescale
ptp4l[349.311]: port 2: master state recommended in slave only mode
ptp4l[349.312]: port 2: defaultDS.priority1 probably misconfigured
ptp4l[349.888]: selected best master clock d65257.fffe.fc1fd1
ptp4l[349.889]: foreign master not using PTP timescale
ptp4l[350.310]: selected best master clock d65257.fffe.fc1fd1
ptp4l[350.311]: foreign master not using PTP timescale
ptp4l[350.311]: port 2: master state recommended in slave only mode
ptp4l[350.312]: port 2: defaultDS.priority1 probably misconfigured
ptp4l[350.752]: selected best master clock d65257.fffe.fc1fd1
ptp4l[350.752]: foreign master not using PTP timescale
ptp4l[351.060]: selected best master clock d65257.fffe.fc1fd1
ptp4l[351.061]: foreign master not using PTP timescale
ptp4l[351.062]: port 2: master state recommended in slave only mode
ptp4l[351.063]: port 2: defaultDS.priority1 probably misconfigured
ptp4l[351.500]: selected best master clock d65257.fffe.fc1fd1
ptp4l[351.501]: foreign master not using PTP timescale
ptp4l[351.811]: selected best master clock d65257.fffe.fc1fd1
ptp4l[351.811]: foreign master not using PTP timescale
ptp4l[351.812]: port 2: master state recommended in slave only mode
ptp4l[351.814]: port 2: defaultDS.priority1 probably misconfigured
ptp4l[352.348]: selected best master clock d65257.fffe.fc1fd1
ptp4l[352.348]: foreign master not using PTP timescale
ptp4l[352.811]: selected best master clock d65257.fffe.fc1fd1
ptp4l[352.812]: foreign master not using PTP timescale
ptp4l[352.812]: port 2: master state recommended in slave only mode
ptp4l[352.813]: port 2: defaultDS.priority1 probably misconfigured
ptp4l[353.260]: selected best master clock d65257.fffe.fc1fd1
ptp4l[353.260]: foreign master not using PTP timescale
ptp4l[353.562]: selected best master clock d65257.fffe.fc1fd1
ptp4l[353.562]: foreign master not using PTP timescale
ptp4l[353.563]: port 2: master state recommended in slave only mode
ptp4l[353.564]: port 2: defaultDS.priority1 probably misconfigured
ptp4l[354.080]: selected best master clock d65257.fffe.fc1fd1
ptp4l[354.081]: foreign master not using PTP timescale
ptp4l[354.562]: selected best master clock d65257.fffe.fc1fd1
ptp4l[354.563]: foreign master not using PTP timescale
ptp4l[354.564]: port 2: master state recommended in slave only mode
ptp4l[354.565]: port 2: defaultDS.priority1 probably misconfigured
ptp4l[354.932]: selected best master clock d65257.fffe.fc1fd1
ptp4l[354.933]: foreign master not using PTP timescale
ptp4l[355.312]: selected best master clock d65257.fffe.fc1fd1
ptp4l[355.313]: foreign master not using PTP timescale
ptp4l[355.314]: port 2: master state recommended in slave only mode
ptp4l[355.315]: port 2: defaultDS.priority1 probably misconfigured
ptp4l[355.764]: selected best master clock d65257.fffe.fc1fd1
ptp4l[355.765]: foreign master not using PTP timescale
ptp4l[356.063]: selected best master clock d65257.fffe.fc1fd1
ptp4l[356.063]: foreign master not using PTP timescale
ptp4l[356.064]: port 2: master state recommended in slave only mode
ptp4l[356.065]: port 2: defaultDS.priority1 probably misconfigured
ptp4l[356.636]: selected best master clock d65257.fffe.fc1fd1
ptp4l[356.637]: foreign master not using PTP timescale
ptp4l[357.063]: selected best master clock d65257.fffe.fc1fd1
ptp4l[357.064]: foreign master not using PTP timescale
ptp4l[357.065]: port 2: master state recommended in slave only mode
ptp4l[357.066]: port 2: defaultDS.priority1 probably misconfigured
ptp4l[357.524]: selected best master clock d65257.fffe.fc1fd1
ptp4l[357.525]: foreign master not using PTP timescale
ptp4l[357.813]: selected best master clock d65257.fffe.fc1fd1
ptp4l[357.814]: foreign master not using PTP timescale
ptp4l[357.815]: port 2: master state recommended in slave only mode
ptp4l[357.816]: port 2: defaultDS.priority1 probably misconfigured
ptp4l[358.424]: selected best master clock d65257.fffe.fc1fd1
ptp4l[358.424]: foreign master not using PTP timescale
ptp4l[358.814]: selected best master clock d65257.fffe.fc1fd1
ptp4l[358.815]: foreign master not using PTP timescale
ptp4l[358.816]: port 2: master state recommended in slave only mode
ptp4l[358.817]: port 2: defaultDS.priority1 probably misconfigured
ptp4l[359.192]: selected best master clock d65257.fffe.fc1fd1
ptp4l[359.193]: foreign master not using PTP timescale
ptp4l[359.564]: selected best master clock d65257.fffe.fc1fd1
ptp4l[359.565]: foreign master not using PTP timescale
ptp4l[359.566]: port 2: master state recommended in slave only mode
ptp4l[359.567]: port 2: defaultDS.priority1 probably misconfigured
ptp4l[360.136]: selected best master clock d65257.fffe.fc1fd1
ptp4l[360.136]: foreign master not using PTP timescale
ptp4l[360.565]: selected best master clock d65257.fffe.fc1fd1
ptp4l[360.565]: foreign master not using PTP timescale
ptp4l[360.566]: port 2: master state recommended in slave only mode
ptp4l[360.566]: port 2: defaultDS.priority1 probably misconfigured
ptp4l[360.928]: selected best master clock d65257.fffe.fc1fd1
ptp4l[360.929]: foreign master not using PTP timescale
ptp4l[361.315]: selected best master clock d65257.fffe.fc1fd1
ptp4l[361.316]: foreign master not using PTP timescale
ptp4l[361.317]: port 2: master state recommended in slave only mode
ptp4l[361.318]: port 2: defaultDS.priority1 probably misconfigured
ptp4l[361.792]: selected best master clock d65257.fffe.fc1fd1
ptp4l[361.793]: foreign master not using PTP timescale
ptp4l[362.066]: selected best master clock d65257.fffe.fc1fd1
ptp4l[362.067]: foreign master not using PTP timescale
ptp4l[362.068]: port 2: master state recommended in slave only mode
ptp4l[362.068]: port 2: defaultDS.priority1 probably misconfigured
ptp4l[362.752]: selected best master clock d65257.fffe.fc1fd1
ptp4l[362.753]: foreign master not using PTP timescale
ptp4l[363.066]: selected best master clock d65257.fffe.fc1fd1
ptp4l[363.067]: foreign master not using PTP timescale
ptp4l[363.068]: port 2: master state recommended in slave only mode
ptp4l[363.068]: port 2: defaultDS.priority1 probably misconfigured
ptp4l[363.261]: rms 85165 max 240521 freq +15236 +/- 39133 delay 14203 +/- 2361
ptp4l[363.624]: selected best master clock d65257.fffe.fc1fd1
ptp4l[363.625]: foreign master not using PTP timescale
ptp4l[364.066]: selected best master clock d65257.fffe.fc1fd1
ptp4l[364.067]: foreign master not using PTP timescale
ptp4l[364.068]: port 2: master state recommended in slave only mode
ptp4l[364.069]: port 2: defaultDS.priority1 probably misconfigured
ptp4l[364.456]: selected best master clock d65257.fffe.fc1fd1
ptp4l[364.457]: foreign master not using PTP timescale
ptp4l[364.816]: selected best master clock d65257.fffe.fc1fd1
ptp4l[364.817]: foreign master not using PTP timescale
ptp4l[364.818]: port 2: master state recommended in slave only mode
ptp4l[364.819]: port 2: defaultDS.priority1 probably misconfigured
ptp4l[365.424]: selected best master clock d65257.fffe.fc1fd1
ptp4l[365.425]: foreign master not using PTP timescale
ptp4l[365.817]: selected best master clock d65257.fffe.fc1fd1
ptp4l[365.818]: foreign master not using PTP timescale
ptp4l[365.819]: port 2: master state recommended in slave only mode
ptp4l[365.819]: port 2: defaultDS.priority1 probably misconfigured
ptp4l[366.352]: selected best master clock d65257.fffe.fc1fd1
ptp4l[366.355]: foreign master not using PTP timescale
ptp4l[366.817]: selected best master clock d65257.fffe.fc1fd1
ptp4l[366.818]: foreign master not using PTP timescale
ptp4l[366.819]: port 2: master state recommended in slave only mode
ptp4l[366.819]: port 2: defaultDS.priority1 probably misconfigured
ptp4l[367.360]: selected best master clock d65257.fffe.fc1fd1
ptp4l[367.360]: foreign master not using PTP timescale
ptp4l[367.818]: selected best master clock d65257.fffe.fc1fd1
ptp4l[367.819]: foreign master not using PTP timescale
ptp4l[367.820]: port 2: master state recommended in slave only mode
ptp4l[367.821]: port 2: defaultDS.priority1 probably misconfigured
ptp4l[368.316]: selected best master clock d65257.fffe.fc1fd1
ptp4l[368.316]: foreign master not using PTP timescale
ptp4l[368.568]: selected best master clock d65257.fffe.fc1fd1
ptp4l[368.569]: foreign master not using PTP timescale
ptp4l[368.570]: port 2: master state recommended in slave only mode
ptp4l[368.570]: port 2: defaultDS.priority1 probably misconfigured
ptp4l[369.268]: selected best master clock d65257.fffe.fc1fd1
ptp4l[369.269]: foreign master not using PTP timescale
ptp4l[369.568]: selected best master clock d65257.fffe.fc1fd1
ptp4l[369.570]: foreign master not using PTP timescale
ptp4l[369.570]: port 2: master state recommended in slave only mode
ptp4l[369.571]: port 2: defaultDS.priority1 probably misconfigured
ptp4l[370.128]: selected best master clock d65257.fffe.fc1fd1
ptp4l[370.129]: foreign master not using PTP timescale
ptp4l[370.569]: selected best master clock d65257.fffe.fc1fd1
ptp4l[370.570]: foreign master not using PTP timescale
ptp4l[370.571]: port 2: master state recommended in slave only mode
ptp4l[370.572]: port 2: defaultDS.priority1 probably misconfigured
ptp4l[371.012]: selected best master clock d65257.fffe.fc1fd1
ptp4l[371.013]: foreign master not using PTP timescale
ptp4l[371.319]: selected best master clock d65257.fffe.fc1fd1
ptp4l[371.321]: foreign master not using PTP timescale
ptp4l[371.323]: port 2: master state recommended in slave only mode
ptp4l[371.324]: port 2: defaultDS.priority1 probably misconfigured
ptp4l[371.940]: selected best master clock d65257.fffe.fc1fd1
ptp4l[371.941]: foreign master not using PTP timescale
ptp4l[372.320]: selected best master clock d65257.fffe.fc1fd1
ptp4l[372.321]: foreign master not using PTP timescale
ptp4l[372.323]: port 2: master state recommended in slave only mode
ptp4l[372.324]: port 2: defaultDS.priority1 probably misconfigured
ptp4l[372.912]: selected best master clock d65257.fffe.fc1fd1
ptp4l[372.913]: foreign master not using PTP timescale
ptp4l[373.320]: selected best master clock d65257.fffe.fc1fd1
ptp4l[373.321]: foreign master not using PTP timescale
ptp4l[373.323]: port 2: master state recommended in slave only mode
ptp4l[373.324]: port 2: defaultDS.priority1 probably misconfigured
ptp4l[373.454]: port 1: link down
ptp4l[373.455]: port 1: UNCALIBRATED to FAULTY on FAULT_DETECTED (FT_UNSPECIFIED)
ptp4l[373.496]: selected best master clock 7ad36f.fffe.9d4c4e
ptp4l[373.496]: port 1: master state recommended in slave only mode
ptp4l[373.497]: port 1: defaultDS.priority1 probably misconfigured
ptp4l[373.497]: foreign master not using PTP timescale
ptp4l[373.498]: port 2: LISTENING to UNCALIBRATED on RS_SLAVE
ptp4l[379.587]: rms 131183 max 265318 freq  +6702 +/- 67022 delay 70196 +/- 48636
