ptp4l[6424.656]: port 1 (v-ru3): INITIALIZING to LISTENING on INIT_COMPLETE
ptp4l[6424.656]: port 0 (/var/run/p.ru3): INITIALIZING to LISTENING on INIT_COMPLETE
ptp4l[6424.656]: port 0 (/var/run/pr.ru3): INITIALIZING to LISTENING on INIT_COMPLETE
ptp4l[6425.040]: selected local clock 020000.fffe.00000e as best master
ptp4l[6425.102]: port 1 (v-ru3): new foreign master 020000.fffe.000001-2
ptp4l[6425.352]: selected best master clock 020000.fffe.00000b
ptp4l[6425.352]: foreign master not using PTP timescale
ptp4l[6425.352]: port 1 (v-ru3): LISTENING to UNCALIBRATED on RS_SLAVE
ptp4l[6425.477]: selected best master clock 020000.fffe.00000a
ptp4l[6425.477]: foreign master not using PTP timescale
ptp4l[6427.544]: master offset      -6059 s0 freq    +274 path delay      8269
ptp4l[6429.546]: master offset       4816 s0 freq   +4689 path delay      6783
ptp4l[6431.549]: master offset      -2293 s0 freq   -2886 path delay      8111
ptp4l[6433.552]: master offset      -1378 s0 freq    +425 path delay      8047
ptp4l[6435.555]: master offset       6751 s0 freq   +4068 path delay      8065
ptp4l[6437.557]: master offset      -3157 s0 freq   -4817 path delay      8326
ptp4l[6439.560]: master offset       2679 s0 freq   +3090 path delay      8678
ptp4l[6441.562]: master offset       4661 s0 freq   +1045 path delay      8789
ptp4l[6443.565]: master offset      -1083 s0 freq   -3728 path delay      7069
ptp4l[6445.567]: master offset      -7388 s0 freq    -936 path delay     11500
ptp4l[6447.260]: port 1 (v-ru3): new foreign master 020000.fffe.0000af-2
ptp4l[6447.510]: foreign master not using PTP timescale
ptp4l[6447.571]: master offset      -5036 s0 freq    -161 path delay      8825
ptp4l[6449.574]: master offset       4830 s0 freq   +3758 path delay      6484
ptp4l[6451.576]: master offset       1603 s0 freq   -1441 path delay      6825
ptp4l[6453.579]: master offset        993 s0 freq     -49 path delay      7336
ptp4l[6455.583]: master offset      -4670 s0 freq   -3044 path delay      6896
ptp4l[6457.587]: master offset      -4937 s0 freq    +381 path delay      7926
ptp4l[6459.589]: master offset      -3923 s0 freq     -47 path delay      6818
ptp4l[6461.592]: master offset      -2981 s0 freq    +367 path delay      6610
ptp4l[6463.593]: master offset      -2558 s0 freq    -780 path delay      4626
ptp4l[6465.596]: master offset      -3911 s0 freq    +451 path delay      6883
