ptp4l[1207.804]: port 1: INITIALIZING to LISTENING on INIT_COMPLETE
ptp4l[1207.836]: port 2: INITIALIZING to LISTENING on INIT_COMPLETE
ptp4l[1207.836]: port 0: INITIALIZING to LISTENING on INIT_COMPLETE
ptp4l[1208.761]: port 1: new foreign master 1aae17.fffe.1f60a7-1
ptp4l[1208.836]: selected local clock fa6ff8.fffe.3c7be2 as best master
ptp4l[1208.884]: selected local clock fa6ff8.fffe.3c7be2 as best master
ptp4l[1209.037]: port 2: new foreign master 5a9cbd.fffe.2c91f0-1
ptp4l[1209.261]: selected best master clock 1aae17.fffe.1f60a7
ptp4l[1209.262]: foreign master not using PTP timescale
ptp4l[1209.263]: port 1: LISTENING to UNCALIBRATED on RS_SLAVE
ptp4l[1209.537]: selected best master clock 1aae17.fffe.1f60a7
ptp4l[1209.538]: foreign master not using PTP timescale
ptp4l[1209.539]: port 2: master state recommended in slave only mode
ptp4l[1209.540]: port 2: defaultDS.priority1 probably misconfigured
ptp4l[1209.792]: selected best master clock 1aae17.fffe.1f60a7
ptp4l[1209.793]: foreign master not using PTP timescale
ptp4l[1210.287]: selected best master clock 1aae17.fffe.1f60a7
ptp4l[1210.288]: foreign master not using PTP timescale
ptp4l[1210.289]: port 2: master state recommended in slave only mode
ptp4l[1210.291]: port 2: defaultDS.priority1 probably misconfigured
ptp4l[1210.820]: selected best master clock 1aae17.fffe.1f60a7
ptp4l[1210.822]: foreign master not using PTP timescale
ptp4l[1211.288]: selected best master clock 1aae17.fffe.1f60a7
ptp4l[1211.289]: foreign master not using PTP timescale
ptp4l[1211.290]: port 2: master state recommended in slave only mode
ptp4l[1211.291]: port 2: defaultDS.priority1 probably misconfigured
ptp4l[1211.584]: selected best master clock 1aae17.fffe.1f60a7
ptp4l[1211.584]: foreign master not using PTP timescale
ptp4l[1212.039]: selected best master clock 1aae17.fffe.1f60a7
ptp4l[1212.043]: foreign master not using PTP timescale
ptp4l[1212.046]: port 2: master state recommended in slave only mode
ptp4l[1212.049]: port 2: defaultDS.priority1 probably misconfigured
ptp4l[1212.324]: selected best master clock 1aae17.fffe.1f60a7
ptp4l[1212.327]: foreign master not using PTP timescale
ptp4l[1212.789]: selected best master clock 1aae17.fffe.1f60a7
ptp4l[1212.790]: foreign master not using PTP timescale
ptp4l[1212.791]: port 2: master state recommended in slave only mode
ptp4l[1212.792]: port 2: defaultDS.priority1 probably misconfigured
ptp4l[1213.184]: selected best master clock 1aae17.fffe.1f60a7
ptp4l[1213.185]: foreign master not using PTP timescale
ptp4l[1213.540]: selected best master clock 1aae17.fffe.1f60a7
ptp4l[1213.541]: foreign master not using PTP timescale
ptp4l[1213.543]: port 2: master state recommended in slave only mode
ptp4l[1213.544]: port 2: defaultDS.priority1 probably misconfigured
ptp4l[1214.184]: selected best master clock 1aae17.fffe.1f60a7
ptp4l[1214.185]: foreign master not using PTP timescale
ptp4l[1214.541]: selected best master clock 1aae17.fffe.1f60a7
ptp4l[1214.542]: foreign master not using PTP timescale
ptp4l[1214.543]: port 2: master state recommended in slave only mode
ptp4l[1214.543]: port 2: defaultDS.priority1 probably misconfigured
ptp4l[1214.976]: selected best master clock 1aae17.fffe.1f60a7
ptp4l[1214.977]: foreign master not using PTP timescale
ptp4l[1215.291]: selected best master clock 1aae17.fffe.1f60a7
ptp4l[1215.292]: foreign master not using PTP timescale
ptp4l[1215.293]: port 2: master state recommended in slave only mode
ptp4l[1215.293]: port 2: defaultDS.priority1 probably misconfigured
ptp4l[1215.736]: selected best master clock 1aae17.fffe.1f60a7
ptp4l[1215.736]: foreign master not using PTP timescale
ptp4l[1216.041]: selected best master clock 1aae17.fffe.1f60a7
ptp4l[1216.042]: foreign master not using PTP timescale
ptp4l[1216.043]: port 2: master state recommended in slave only mode
ptp4l[1216.044]: port 2: defaultDS.priority1 probably misconfigured
ptp4l[1216.652]: selected best master clock 1aae17.fffe.1f60a7
ptp4l[1216.653]: foreign master not using PTP timescale
ptp4l[1217.042]: selected best master clock 1aae17.fffe.1f60a7
ptp4l[1217.043]: foreign master not using PTP timescale
ptp4l[1217.044]: port 2: master state recommended in slave only mode
ptp4l[1217.045]: port 2: defaultDS.priority1 probably misconfigured
ptp4l[1217.584]: selected best master clock 1aae17.fffe.1f60a7
ptp4l[1217.585]: foreign master not using PTP timescale
ptp4l[1218.042]: selected best master clock 1aae17.fffe.1f60a7
ptp4l[1218.043]: foreign master not using PTP timescale
ptp4l[1218.044]: port 2: master state recommended in slave only mode
ptp4l[1218.045]: port 2: defaultDS.priority1 probably misconfigured
ptp4l[1218.420]: selected best master clock 1aae17.fffe.1f60a7
ptp4l[1218.421]: foreign master not using PTP timescale
ptp4l[1218.793]: selected best master clock 1aae17.fffe.1f60a7
ptp4l[1218.794]: foreign master not using PTP timescale
ptp4l[1218.794]: port 2: master state recommended in slave only mode
ptp4l[1218.795]: port 2: defaultDS.priority1 probably misconfigured
ptp4l[1219.328]: selected best master clock 1aae17.fffe.1f60a7
ptp4l[1219.330]: foreign master not using PTP timescale
ptp4l[1219.794]: selected best master clock 1aae17.fffe.1f60a7
ptp4l[1219.795]: foreign master not using PTP timescale
ptp4l[1219.795]: port 2: master state recommended in slave only mode
ptp4l[1219.797]: port 2: defaultDS.priority1 probably misconfigured
ptp4l[1220.088]: selected best master clock 1aae17.fffe.1f60a7
ptp4l[1220.089]: foreign master not using PTP timescale
ptp4l[1220.544]: selected best master clock 1aae17.fffe.1f60a7
ptp4l[1220.547]: foreign master not using PTP timescale
ptp4l[1220.549]: port 2: master state recommended in slave only mode
ptp4l[1220.552]: port 2: defaultDS.priority1 probably misconfigured
ptp4l[1221.080]: selected best master clock 1aae17.fffe.1f60a7
ptp4l[1221.083]: foreign master not using PTP timescale
ptp4l[1221.545]: selected best master clock 1aae17.fffe.1f60a7
ptp4l[1221.548]: foreign master not using PTP timescale
ptp4l[1221.550]: port 2: master state recommended in slave only mode
ptp4l[1221.553]: port 2: defaultDS.priority1 probably misconfigured
ptp4l[1221.872]: selected best master clock 1aae17.fffe.1f60a7
ptp4l[1221.875]: foreign master not using PTP timescale
ptp4l[1222.295]: selected best master clock 1aae17.fffe.1f60a7
ptp4l[1222.296]: foreign master not using PTP timescale
ptp4l[1222.297]: port 2: master state recommended in slave only mode
ptp4l[1222.299]: port 2: defaultDS.priority1 probably misconfigured
ptp4l[1222.756]: selected best master clock 1aae17.fffe.1f60a7
ptp4l[1222.757]: foreign master not using PTP timescale
ptp4l[1223.046]: selected best master clock 1aae17.fffe.1f60a7
ptp4l[1223.047]: foreign master not using PTP timescale
ptp4l[1223.048]: port 2: master state recommended in slave only mode
ptp4l[1223.049]: port 2: defaultDS.priority1 probably misconfigured
ptp4l[1223.692]: selected best master clock 1aae17.fffe.1f60a7
ptp4l[1223.695]: foreign master not using PTP timescale
ptp4l[1224.047]: selected best master clock 1aae17.fffe.1f60a7
ptp4l[1224.049]: foreign master not using PTP timescale
ptp4l[1224.052]: port 2: master state recommended in slave only mode
ptp4l[1224.054]: port 2: defaultDS.priority1 probably misconfigured
ptp4l[1224.536]: selected best master clock 1aae17.fffe.1f60a7
ptp4l[1224.539]: foreign master not using PTP timescale
ptp4l[1224.797]: selected best master clock 1aae17.fffe.1f60a7
ptp4l[1224.800]: foreign master not using PTP timescale
ptp4l[1224.802]: port 2: master state recommended in slave only mode
ptp4l[1224.805]: port 2: defaultDS.priority1 probably misconfigured
ptp4l[1225.404]: rms 9251 max 16750 freq    -69 +/- 4822 delay 20247 +/- 6077
ptp4l[1225.492]: selected best master clock 1aae17.fffe.1f60a7
ptp4l[1225.495]: foreign master not using PTP timescale
ptp4l[1225.798]: selected best master clock 1aae17.fffe.1f60a7
ptp4l[1225.801]: foreign master not using PTP timescale
ptp4l[1225.803]: port 2: master state recommended in slave only mode
ptp4l[1225.806]: port 2: defaultDS.priority1 probably misconfigured
ptp4l[1226.284]: selected best master clock 1aae17.fffe.1f60a7
ptp4l[1226.287]: foreign master not using PTP timescale
ptp4l[1226.550]: selected best master clock 1aae17.fffe.1f60a7
ptp4l[1226.553]: foreign master not using PTP timescale
ptp4l[1226.556]: port 2: master state recommended in slave only mode
ptp4l[1226.559]: port 2: defaultDS.priority1 probably misconfigured
ptp4l[1227.108]: selected best master clock 1aae17.fffe.1f60a7
ptp4l[1227.109]: foreign master not using PTP timescale
ptp4l[1227.549]: selected best master clock 1aae17.fffe.1f60a7
ptp4l[1227.550]: foreign master not using PTP timescale
ptp4l[1227.551]: port 2: master state recommended in slave only mode
ptp4l[1227.552]: port 2: defaultDS.priority1 probably misconfigured
ptp4l[1228.004]: selected best master clock 1aae17.fffe.1f60a7
ptp4l[1228.004]: foreign master not using PTP timescale
ptp4l[1228.300]: selected best master clock 1aae17.fffe.1f60a7
ptp4l[1228.301]: foreign master not using PTP timescale
ptp4l[1228.301]: port 2: master state recommended in slave only mode
ptp4l[1228.302]: port 2: defaultDS.priority1 probably misconfigured
ptp4l[1228.820]: selected best master clock 1aae17.fffe.1f60a7
ptp4l[1228.822]: foreign master not using PTP timescale
ptp4l[1229.301]: selected best master clock 1aae17.fffe.1f60a7
ptp4l[1229.303]: foreign master not using PTP timescale
ptp4l[1229.305]: port 2: master state recommended in slave only mode
ptp4l[1229.308]: port 2: defaultDS.priority1 probably misconfigured
ptp4l[1229.584]: selected best master clock 1aae17.fffe.1f60a7
ptp4l[1229.586]: foreign master not using PTP timescale
ptp4l[1230.051]: selected best master clock 1aae17.fffe.1f60a7
ptp4l[1230.052]: foreign master not using PTP timescale
ptp4l[1230.053]: port 2: master state recommended in slave only mode
ptp4l[1230.054]: port 2: defaultDS.priority1 probably misconfigured
ptp4l[1230.416]: selected best master clock 1aae17.fffe.1f60a7
ptp4l[1230.417]: foreign master not using PTP timescale
ptp4l[1230.801]: selected best master clock 1aae17.fffe.1f60a7
ptp4l[1230.802]: foreign master not using PTP timescale
ptp4l[1230.803]: port 2: master state recommended in slave only mode
ptp4l[1230.804]: port 2: defaultDS.priority1 probably misconfigured
ptp4l[1231.416]: selected best master clock 1aae17.fffe.1f60a7
ptp4l[1231.417]: foreign master not using PTP timescale
ptp4l[1231.801]: selected best master clock 1aae17.fffe.1f60a7
ptp4l[1231.803]: foreign master not using PTP timescale
ptp4l[1231.803]: port 2: master state recommended in slave only mode
ptp4l[1231.804]: port 2: defaultDS.priority1 probably misconfigured
ptp4l[1232.304]: selected best master clock 1aae17.fffe.1f60a7
ptp4l[1232.307]: foreign master not using PTP timescale
ptp4l[1232.802]: selected best master clock 1aae17.fffe.1f60a7
ptp4l[1232.805]: foreign master not using PTP timescale
ptp4l[1232.808]: port 2: master state recommended in slave only mode
ptp4l[1232.810]: port 2: defaultDS.priority1 probably misconfigured
ptp4l[1233.264]: selected best master clock 1aae17.fffe.1f60a7
ptp4l[1233.265]: foreign master not using PTP timescale
ptp4l[1233.553]: selected best master clock 1aae17.fffe.1f60a7
ptp4l[1233.553]: foreign master not using PTP timescale
ptp4l[1233.554]: port 2: master state recommended in slave only mode
ptp4l[1233.555]: port 2: defaultDS.priority1 probably misconfigured
ptp4l[1234.112]: selected best master clock 1aae17.fffe.1f60a7
ptp4l[1234.113]: foreign master not using PTP timescale
ptp4l[1234.553]: selected best master clock 1aae17.fffe.1f60a7
ptp4l[1234.554]: foreign master not using PTP timescale
ptp4l[1234.555]: port 2: master state recommended in slave only mode
ptp4l[1234.556]: port 2: defaultDS.priority1 probably misconfigured
ptp4l[1234.912]: selected best master clock 1aae17.fffe.1f60a7
ptp4l[1234.915]: foreign master not using PTP timescale
ptp4l[1235.304]: selected best master clock 1aae17.fffe.1f60a7
ptp4l[1235.307]: foreign master not using PTP timescale
ptp4l[1235.310]: port 2: master state recommended in slave only mode
ptp4l[1235.313]: port 2: defaultDS.priority1 probably misconfigured
ptp4l[1235.708]: selected best master clock 1aae17.fffe.1f60a7
ptp4l[1235.711]: foreign master not using PTP timescale
ptp4l[1236.055]: selected best master clock 1aae17.fffe.1f60a7
ptp4l[1236.057]: foreign master not using PTP timescale
ptp4l[1236.059]: port 2: master state recommended in slave only mode
ptp4l[1236.062]: port 2: defaultDS.priority1 probably misconfigured
ptp4l[1236.652]: selected best master clock 1aae17.fffe.1f60a7
ptp4l[1236.654]: foreign master not using PTP timescale
ptp4l[1237.056]: selected best master clock 1aae17.fffe.1f60a7
ptp4l[1237.059]: foreign master not using PTP timescale
ptp4l[1237.061]: port 2: master state recommended in slave only mode
ptp4l[1237.064]: port 2: defaultDS.priority1 probably misconfigured
ptp4l[1237.412]: selected best master clock 1aae17.fffe.1f60a7
ptp4l[1237.415]: foreign master not using PTP timescale
ptp4l[1237.807]: selected best master clock 1aae17.fffe.1f60a7
ptp4l[1237.809]: foreign master not using PTP timescale
ptp4l[1237.810]: port 2: master state recommended in slave only mode
ptp4l[1237.812]: port 2: defaultDS.priority1 probably misconfigured
ptp4l[1238.252]: selected best master clock 1aae17.fffe.1f60a7
ptp4l[1238.253]: foreign master not using PTP timescale
ptp4l[1238.557]: selected best master clock 1aae17.fffe.1f60a7
ptp4l[1238.558]: foreign master not using PTP timescale
ptp4l[1238.558]: port 2: master state recommended in slave only mode
ptp4l[1238.559]: port 2: defaultDS.priority1 probably misconfigured
ptp4l[1239.008]: selected best master clock 1aae17.fffe.1f60a7
ptp4l[1239.009]: foreign master not using PTP timescale
ptp4l[1239.308]: selected best master clock 1aae17.fffe.1f60a7
ptp4l[1239.310]: foreign master not using PTP timescale
ptp4l[1239.313]: port 2: master state recommended in slave only mode
ptp4l[1239.316]: port 2: defaultDS.priority1 probably misconfigured
ptp4l[1239.960]: selected best master clock 1aae17.fffe.1f60a7
ptp4l[1239.963]: foreign master not using PTP timescale
ptp4l[1240.308]: selected best master clock 1aae17.fffe.1f60a7
ptp4l[1240.310]: foreign master not using PTP timescale
ptp4l[1240.312]: port 2: master state recommended in slave only mode
ptp4l[1240.314]: port 2: defaultDS.priority1 probably misconfigured
ptp4l[1240.872]: selected best master clock 1aae17.fffe.1f60a7
ptp4l[1240.875]: foreign master not using PTP timescale
ptp4l[1241.310]: selected best master clock 1aae17.fffe.1f60a7
ptp4l[1241.313]: foreign master not using PTP timescale
ptp4l[1241.316]: port 2: master state recommended in slave only mode
ptp4l[1241.319]: port 2: defaultDS.priority1 probably misconfigured
ptp4l[1241.426]: rms 13054 max 24300 freq  -1104 +/- 6237 delay 24267 +/- 6522
ptp4l[1241.672]: selected best master clock 1aae17.fffe.1f60a7
ptp4l[1241.673]: foreign master not using PTP timescale
ptp4l[1242.060]: selected best master clock 1aae17.fffe.1f60a7
ptp4l[1242.063]: foreign master not using PTP timescale
ptp4l[1242.066]: port 2: master state recommended in slave only mode
ptp4l[1242.069]: port 2: defaultDS.priority1 probably misconfigured
ptp4l[1242.448]: selected best master clock 1aae17.fffe.1f60a7
ptp4l[1242.451]: foreign master not using PTP timescale
ptp4l[1242.811]: selected best master clock 1aae17.fffe.1f60a7
ptp4l[1242.814]: foreign master not using PTP timescale
ptp4l[1242.817]: port 2: master state recommended in slave only mode
ptp4l[1242.820]: port 2: defaultDS.priority1 probably misconfigured
ptp4l[1243.268]: selected best master clock 1aae17.fffe.1f60a7
ptp4l[1243.271]: foreign master not using PTP timescale
ptp4l[1243.561]: selected best master clock 1aae17.fffe.1f60a7
ptp4l[1243.565]: foreign master not using PTP timescale
ptp4l[1243.567]: port 2: master state recommended in slave only mode
ptp4l[1243.570]: port 2: defaultDS.priority1 probably misconfigured
ptp4l[1244.228]: selected best master clock 1aae17.fffe.1f60a7
ptp4l[1244.231]: foreign master not using PTP timescale
ptp4l[1244.563]: selected best master clock 1aae17.fffe.1f60a7
ptp4l[1244.566]: foreign master not using PTP timescale
ptp4l[1244.569]: port 2: master state recommended in slave only mode
ptp4l[1244.571]: port 2: defaultDS.priority1 probably misconfigured
ptp4l[1245.072]: selected best master clock 1aae17.fffe.1f60a7
ptp4l[1245.075]: foreign master not using PTP timescale
ptp4l[1245.563]: selected best master clock 1aae17.fffe.1f60a7
ptp4l[1245.565]: foreign master not using PTP timescale
ptp4l[1245.567]: port 2: master state recommended in slave only mode
ptp4l[1245.569]: port 2: defaultDS.priority1 probably misconfigured
ptp4l[1245.940]: selected best master clock 1aae17.fffe.1f60a7
ptp4l[1245.941]: foreign master not using PTP timescale
ptp4l[1246.313]: selected best master clock 1aae17.fffe.1f60a7
ptp4l[1246.314]: foreign master not using PTP timescale
ptp4l[1246.315]: port 2: master state recommended in slave only mode
ptp4l[1246.316]: port 2: defaultDS.priority1 probably misconfigured
ptp4l[1246.820]: selected best master clock 1aae17.fffe.1f60a7
ptp4l[1246.823]: foreign master not using PTP timescale
ptp4l[1247.315]: selected best master clock 1aae17.fffe.1f60a7
ptp4l[1247.318]: foreign master not using PTP timescale
ptp4l[1247.320]: port 2: master state recommended in slave only mode
ptp4l[1247.324]: port 2: defaultDS.priority1 probably misconfigured
ptp4l[1247.656]: selected best master clock 1aae17.fffe.1f60a7
ptp4l[1247.659]: foreign master not using PTP timescale
ptp4l[1248.065]: selected best master clock 1aae17.fffe.1f60a7
ptp4l[1248.068]: foreign master not using PTP timescale
ptp4l[1248.071]: port 2: master state recommended in slave only mode
ptp4l[1248.074]: port 2: defaultDS.priority1 probably misconfigured
ptp4l[1248.436]: selected best master clock 1aae17.fffe.1f60a7
ptp4l[1248.439]: foreign master not using PTP timescale
ptp4l[1248.816]: selected best master clock 1aae17.fffe.1f60a7
ptp4l[1248.819]: foreign master not using PTP timescale
ptp4l[1248.821]: port 2: master state recommended in slave only mode
ptp4l[1248.824]: port 2: defaultDS.priority1 probably misconfigured
ptp4l[1249.312]: selected best master clock 1aae17.fffe.1f60a7
ptp4l[1249.313]: foreign master not using PTP timescale
ptp4l[1249.566]: selected best master clock 1aae17.fffe.1f60a7
ptp4l[1249.567]: foreign master not using PTP timescale
ptp4l[1249.568]: port 2: master state recommended in slave only mode
ptp4l[1249.568]: port 2: defaultDS.priority1 probably misconfigured
ptp4l[1250.228]: selected best master clock 1aae17.fffe.1f60a7
ptp4l[1250.229]: foreign master not using PTP timescale
ptp4l[1250.566]: selected best master clock 1aae17.fffe.1f60a7
ptp4l[1250.567]: foreign master not using PTP timescale
ptp4l[1250.568]: port 2: master state recommended in slave only mode
ptp4l[1250.568]: port 2: defaultDS.priority1 probably misconfigured
ptp4l[1251.084]: selected best master clock 1aae17.fffe.1f60a7
ptp4l[1251.084]: foreign master not using PTP timescale
ptp4l[1251.567]: selected best master clock 1aae17.fffe.1f60a7
ptp4l[1251.569]: foreign master not using PTP timescale
ptp4l[1251.571]: port 2: master state recommended in slave only mode
ptp4l[1251.573]: port 2: defaultDS.priority1 probably misconfigured
ptp4l[1251.880]: selected best master clock 1aae17.fffe.1f60a7
ptp4l[1251.881]: foreign master not using PTP timescale
ptp4l[1252.317]: selected best master clock 1aae17.fffe.1f60a7
ptp4l[1252.318]: foreign master not using PTP timescale
ptp4l[1252.319]: port 2: master state recommended in slave only mode
ptp4l[1252.319]: port 2: defaultDS.priority1 probably misconfigured
ptp4l[1252.772]: selected best master clock 1aae17.fffe.1f60a7
ptp4l[1252.773]: foreign master not using PTP timescale
ptp4l[1253.068]: selected best master clock 1aae17.fffe.1f60a7
ptp4l[1253.069]: foreign master not using PTP timescale
ptp4l[1253.070]: port 2: master state recommended in slave only mode
ptp4l[1253.071]: port 2: defaultDS.priority1 probably misconfigured
ptp4l[1253.588]: selected best master clock 1aae17.fffe.1f60a7
ptp4l[1253.589]: foreign master not using PTP timescale
ptp4l[1254.068]: selected best master clock 1aae17.fffe.1f60a7
ptp4l[1254.070]: foreign master not using PTP timescale
ptp4l[1254.073]: port 2: master state recommended in slave only mode
ptp4l[1254.075]: port 2: defaultDS.priority1 probably misconfigured
ptp4l[1254.540]: selected best master clock 1aae17.fffe.1f60a7
ptp4l[1254.541]: foreign master not using PTP timescale
ptp4l[1254.819]: selected best master clock 1aae17.fffe.1f60a7
ptp4l[1254.820]: foreign master not using PTP timescale
ptp4l[1254.822]: port 2: master state recommended in slave only mode
ptp4l[1254.823]: port 2: defaultDS.priority1 probably misconfigured
ptp4l[1255.460]: selected best master clock 1aae17.fffe.1f60a7
ptp4l[1255.461]: foreign master not using PTP timescale
