ptp4l[396.476]: port 1: INITIALIZING to LISTENING on INIT_COMPLETE
ptp4l[396.500]: port 2: INITIALIZING to LISTENING on INIT_COMPLETE
ptp4l[396.501]: port 0: INITIALIZING to LISTENING on INIT_COMPLETE
ptp4l[397.261]: port 1: new foreign master 9227f5.fffe.c74206-1
ptp4l[397.472]: selected local clock 524970.fffe.4d9d7b as best master
ptp4l[397.536]: selected local clock 524970.fffe.4d9d7b as best master
ptp4l[397.690]: port 2: new foreign master 5241b4.fffe.d4c11c-1
ptp4l[398.012]: selected best master clock 9227f5.fffe.c74206
ptp4l[398.013]: foreign master not using PTP timescale
ptp4l[398.015]: port 1: LISTENING to UNCALIBRATED on RS_SLAVE
ptp4l[398.190]: selected best master clock 9227f5.fffe.c74206
ptp4l[398.192]: foreign master not using PTP timescale
ptp4l[398.193]: port 2: master state recommended in slave only mode
ptp4l[398.194]: port 2: defaultDS.priority1 probably misconfigured
ptp4l[398.368]: selected best master clock 9227f5.fffe.c74206
ptp4l[398.369]: foreign master not using PTP timescale
ptp4l[398.692]: selected best master clock 9227f5.fffe.c74206
ptp4l[398.695]: foreign master not using PTP timescale
ptp4l[398.697]: port 2: master state recommended in slave only mode
ptp4l[398.700]: port 2: defaultDS.priority1 probably misconfigured
ptp4l[399.152]: selected best master clock 9227f5.fffe.c74206
ptp4l[399.153]: foreign master not using PTP timescale
ptp4l[399.443]: selected best master clock 9227f5.fffe.c74206
ptp4l[399.444]: foreign master not using PTP timescale
ptp4l[399.445]: port 2: master state recommended in slave only mode
ptp4l[399.446]: port 2: defaultDS.priority1 probably misconfigured
ptp4l[400.068]: selected best master clock 9227f5.fffe.c74206
ptp4l[400.069]: foreign master not using PTP timescale
ptp4l[400.444]: selected best master clock 9227f5.fffe.c74206
ptp4l[400.446]: foreign master not using PTP timescale
ptp4l[400.448]: port 2: master state recommended in slave only mode
ptp4l[400.450]: port 2: defaultDS.priority1 probably misconfigured
ptp4l[401.020]: selected best master clock 9227f5.fffe.c74206
ptp4l[401.022]: foreign master not using PTP timescale
ptp4l[401.445]: selected best master clock 9227f5.fffe.c74206
ptp4l[401.447]: foreign master not using PTP timescale
ptp4l[401.449]: port 2: master state recommended in slave only mode
ptp4l[401.450]: port 2: defaultDS.priority1 probably misconfigured
ptp4l[401.856]: selected best master clock 9227f5.fffe.c74206
ptp4l[401.859]: foreign master not using PTP timescale
ptp4l[402.197]: selected best master clock 9227f5.fffe.c74206
ptp4l[402.199]: foreign master not using PTP timescale
ptp4l[402.202]: port 2: master state recommended in slave only mode
ptp4l[402.205]: port 2: defaultDS.priority1 probably misconfigured
ptp4l[402.860]: selected best master clock 9227f5.fffe.c74206
ptp4l[402.863]: foreign master not using PTP timescale
ptp4l[403.198]: selected best master clock 9227f5.fffe.c74206
ptp4l[403.199]: foreign master not using PTP timescale
ptp4l[403.200]: port 2: master state recommended in slave only mode
ptp4l[403.201]: port 2: defaultDS.priority1 probably misconfigured
ptp4l[403.620]: selected best master clock 9227f5.fffe.c74206
ptp4l[403.620]: foreign master not using PTP timescale
ptp4l[403.948]: selected best master clock 9227f5.fffe.c74206
ptp4l[403.950]: foreign master not using PTP timescale
ptp4l[403.950]: port 2: master state recommended in slave only mode
ptp4l[403.951]: port 2: defaultDS.priority1 probably misconfigured
ptp4l[404.396]: selected best master clock 9227f5.fffe.c74206
ptp4l[404.397]: foreign master not using PTP timescale
ptp4l[404.699]: selected best master clock 9227f5.fffe.c74206
ptp4l[404.700]: foreign master not using PTP timescale
ptp4l[404.701]: port 2: master state recommended in slave only mode
ptp4l[404.702]: port 2: defaultDS.priority1 probably misconfigured
ptp4l[405.368]: selected best master clock 9227f5.fffe.c74206
ptp4l[405.370]: foreign master not using PTP timescale
ptp4l[405.701]: selected best master clock 9227f5.fffe.c74206
ptp4l[405.703]: foreign master not using PTP timescale
ptp4l[405.706]: port 2: master state recommended in slave only mode
ptp4l[405.708]: port 2: defaultDS.priority1 probably misconfigured
ptp4l[406.212]: selected best master clock 9227f5.fffe.c74206
ptp4l[406.215]: foreign master not using PTP timescale
ptp4l[406.702]: selected best master clock 9227f5.fffe.c74206
ptp4l[406.704]: foreign master not using PTP timescale
ptp4l[406.706]: port 2: master state recommended in slave only mode
ptp4l[406.709]: port 2: defaultDS.priority1 probably misconfigured
ptp4l[407.068]: selected best master clock 9227f5.fffe.c74206
ptp4l[407.070]: foreign master not using PTP timescale
ptp4l[407.452]: selected best master clock 9227f5.fffe.c74206
ptp4l[407.454]: foreign master not using PTP timescale
ptp4l[407.456]: port 2: master state recommended in slave only mode
ptp4l[407.457]: port 2: defaultDS.priority1 probably misconfigured
ptp4l[407.968]: selected best master clock 9227f5.fffe.c74206
ptp4l[407.970]: foreign master not using PTP timescale
ptp4l[408.453]: selected best master clock 9227f5.fffe.c74206
ptp4l[408.454]: foreign master not using PTP timescale
ptp4l[408.455]: port 2: master state recommended in slave only mode
ptp4l[408.455]: port 2: defaultDS.priority1 probably misconfigured
ptp4l[408.808]: selected best master clock 9227f5.fffe.c74206
ptp4l[408.810]: foreign master not using PTP timescale
ptp4l[409.204]: selected best master clock 9227f5.fffe.c74206
ptp4l[409.205]: foreign master not using PTP timescale
ptp4l[409.206]: port 2: master state recommended in slave only mode
ptp4l[409.207]: port 2: defaultDS.priority1 probably misconfigured
ptp4l[409.676]: selected best master clock 9227f5.fffe.c74206
ptp4l[409.676]: foreign master not using PTP timescale
ptp4l[409.954]: selected best master clock 9227f5.fffe.c74206
ptp4l[409.955]: foreign master not using PTP timescale
ptp4l[409.956]: port 2: master state recommended in slave only mode
ptp4l[409.957]: port 2: defaultDS.priority1 probably misconfigured
ptp4l[410.444]: selected best master clock 9227f5.fffe.c74206
ptp4l[410.445]: foreign master not using PTP timescale
ptp4l[410.704]: selected best master clock 9227f5.fffe.c74206
ptp4l[410.705]: foreign master not using PTP timescale
ptp4l[410.706]: port 2: master state recommended in slave only mode
ptp4l[410.707]: port 2: defaultDS.priority1 probably misconfigured
ptp4l[411.320]: selected best master clock 9227f5.fffe.c74206
ptp4l[411.322]: foreign master not using PTP timescale
ptp4l[411.706]: selected best master clock 9227f5.fffe.c74206
ptp4l[411.708]: foreign master not using PTP timescale
ptp4l[411.710]: port 2: master state recommended in slave only mode
ptp4l[411.713]: port 2: defaultDS.priority1 probably misconfigured
ptp4l[412.076]: selected best master clock 9227f5.fffe.c74206
ptp4l[412.078]: foreign master not using PTP timescale
ptp4l[412.456]: selected best master clock 9227f5.fffe.c74206
ptp4l[412.458]: foreign master not using PTP timescale
ptp4l[412.461]: port 2: master state recommended in slave only mode
ptp4l[412.463]: port 2: defaultDS.priority1 probably misconfigured
ptp4l[412.952]: selected best master clock 9227f5.fffe.c74206
ptp4l[412.953]: foreign master not using PTP timescale
ptp4l[413.206]: selected best master clock 9227f5.fffe.c74206
ptp4l[413.207]: foreign master not using PTP timescale
ptp4l[413.208]: port 2: master state recommended in slave only mode
ptp4l[413.208]: port 2: defaultDS.priority1 probably misconfigured
ptp4l[413.756]: selected best master clock 9227f5.fffe.c74206
ptp4l[413.757]: foreign master not using PTP timescale
ptp4l[414.168]: rms 236992 max 668445 freq +42191 +/- 109112 delay 20650 +/- 5565
ptp4l[414.207]: selected best master clock 9227f5.fffe.c74206
ptp4l[414.210]: foreign master not using PTP timescale
ptp4l[414.213]: port 2: master state recommended in slave only mode
ptp4l[414.215]: port 2: defaultDS.priority1 probably misconfigured
ptp4l[414.620]: selected best master clock 9227f5.fffe.c74206
ptp4l[414.622]: foreign master not using PTP timescale
ptp4l[414.957]: selected best master clock 9227f5.fffe.c74206
ptp4l[414.958]: foreign master not using PTP timescale
ptp4l[414.959]: port 2: master state recommended in slave only mode
ptp4l[414.960]: port 2: defaultDS.priority1 probably misconfigured
ptp4l[415.408]: selected best master clock 9227f5.fffe.c74206
ptp4l[415.409]: foreign master not using PTP timescale
ptp4l[415.708]: selected best master clock 9227f5.fffe.c74206
ptp4l[415.709]: foreign master not using PTP timescale
ptp4l[415.710]: port 2: master state recommended in slave only mode
ptp4l[415.711]: port 2: defaultDS.priority1 probably misconfigured
ptp4l[416.304]: selected best master clock 9227f5.fffe.c74206
ptp4l[416.305]: foreign master not using PTP timescale
ptp4l[416.708]: selected best master clock 9227f5.fffe.c74206
ptp4l[416.709]: foreign master not using PTP timescale
ptp4l[416.710]: port 2: master state recommended in slave only mode
ptp4l[416.711]: port 2: defaultDS.priority1 probably misconfigured
ptp4l[417.100]: selected best master clock 9227f5.fffe.c74206
ptp4l[417.101]: foreign master not using PTP timescale
ptp4l[417.458]: selected best master clock 9227f5.fffe.c74206
ptp4l[417.460]: foreign master not using PTP timescale
ptp4l[417.461]: port 2: master state recommended in slave only mode
ptp4l[417.462]: port 2: defaultDS.priority1 probably misconfigured
ptp4l[417.916]: selected best master clock 9227f5.fffe.c74206
ptp4l[417.917]: foreign master not using PTP timescale
ptp4l[418.209]: selected best master clock 9227f5.fffe.c74206
ptp4l[418.211]: foreign master not using PTP timescale
ptp4l[418.214]: port 2: master state recommended in slave only mode
ptp4l[418.216]: port 2: defaultDS.priority1 probably misconfigured
ptp4l[418.696]: selected best master clock 9227f5.fffe.c74206
ptp4l[418.698]: foreign master not using PTP timescale
ptp4l[418.959]: selected best master clock 9227f5.fffe.c74206
ptp4l[418.962]: foreign master not using PTP timescale
ptp4l[418.964]: port 2: master state recommended in slave only mode
ptp4l[418.967]: port 2: defaultDS.priority1 probably misconfigured
ptp4l[419.672]: selected best master clock 9227f5.fffe.c74206
ptp4l[419.673]: foreign master not using PTP timescale
ptp4l[419.960]: selected best master clock 9227f5.fffe.c74206
ptp4l[419.962]: foreign master not using PTP timescale
ptp4l[419.965]: port 2: master state recommended in slave only mode
ptp4l[419.967]: port 2: defaultDS.priority1 probably misconfigured
ptp4l[420.540]: selected best master clock 9227f5.fffe.c74206
ptp4l[420.543]: foreign master not using PTP timescale
ptp4l[420.960]: selected best master clock 9227f5.fffe.c74206
ptp4l[420.961]: foreign master not using PTP timescale
ptp4l[420.962]: port 2: master state recommended in slave only mode
ptp4l[420.963]: port 2: defaultDS.priority1 probably misconfigured
ptp4l[421.456]: selected best master clock 9227f5.fffe.c74206
ptp4l[421.459]: foreign master not using PTP timescale
ptp4l[421.711]: selected best master clock 9227f5.fffe.c74206
ptp4l[421.713]: foreign master not using PTP timescale
ptp4l[421.716]: port 2: master state recommended in slave only mode
ptp4l[421.718]: port 2: defaultDS.priority1 probably misconfigured
ptp4l[422.276]: selected best master clock 9227f5.fffe.c74206
ptp4l[422.277]: foreign master not using PTP timescale
ptp4l[422.712]: selected best master clock 9227f5.fffe.c74206
ptp4l[422.714]: foreign master not using PTP timescale
ptp4l[422.716]: port 2: master state recommended in slave only mode
ptp4l[422.718]: port 2: defaultDS.priority1 probably misconfigured
ptp4l[423.124]: selected best master clock 9227f5.fffe.c74206
ptp4l[423.126]: foreign master not using PTP timescale
ptp4l[423.462]: selected best master clock 9227f5.fffe.c74206
ptp4l[423.464]: foreign master not using PTP timescale
ptp4l[423.466]: port 2: master state recommended in slave only mode
ptp4l[423.469]: port 2: defaultDS.priority1 probably misconfigured
ptp4l[424.092]: selected best master clock 9227f5.fffe.c74206
ptp4l[424.095]: foreign master not using PTP timescale
ptp4l[424.463]: selected best master clock 9227f5.fffe.c74206
ptp4l[424.465]: foreign master not using PTP timescale
ptp4l[424.468]: port 2: master state recommended in slave only mode
ptp4l[424.470]: port 2: defaultDS.priority1 probably misconfigured
ptp4l[425.004]: selected best master clock 9227f5.fffe.c74206
ptp4l[425.007]: foreign master not using PTP timescale
ptp4l[425.464]: selected best master clock 9227f5.fffe.c74206
ptp4l[425.466]: foreign master not using PTP timescale
ptp4l[425.468]: port 2: master state recommended in slave only mode
ptp4l[425.470]: port 2: defaultDS.priority1 probably misconfigured
ptp4l[425.912]: selected best master clock 9227f5.fffe.c74206
ptp4l[425.913]: foreign master not using PTP timescale
ptp4l[426.214]: selected best master clock 9227f5.fffe.c74206
ptp4l[426.215]: foreign master not using PTP timescale
ptp4l[426.215]: port 2: master state recommended in slave only mode
ptp4l[426.216]: port 2: defaultDS.priority1 probably misconfigured
ptp4l[426.832]: selected best master clock 9227f5.fffe.c74206
ptp4l[426.833]: foreign master not using PTP timescale
ptp4l[427.214]: selected best master clock 9227f5.fffe.c74206
ptp4l[427.215]: foreign master not using PTP timescale
ptp4l[427.216]: port 2: master state recommended in slave only mode
ptp4l[427.217]: port 2: defaultDS.priority1 probably misconfigured
ptp4l[427.780]: selected best master clock 9227f5.fffe.c74206
ptp4l[427.780]: foreign master not using PTP timescale
ptp4l[428.214]: selected best master clock 9227f5.fffe.c74206
ptp4l[428.215]: foreign master not using PTP timescale
ptp4l[428.216]: port 2: master state recommended in slave only mode
ptp4l[428.217]: port 2: defaultDS.priority1 probably misconfigured
ptp4l[428.760]: selected best master clock 9227f5.fffe.c74206
ptp4l[428.762]: foreign master not using PTP timescale
ptp4l[429.215]: selected best master clock 9227f5.fffe.c74206
ptp4l[429.217]: foreign master not using PTP timescale
ptp4l[429.219]: port 2: master state recommended in slave only mode
ptp4l[429.222]: port 2: defaultDS.priority1 probably misconfigured
ptp4l[429.612]: selected best master clock 9227f5.fffe.c74206
ptp4l[429.614]: foreign master not using PTP timescale
ptp4l[429.965]: selected best master clock 9227f5.fffe.c74206
ptp4l[429.968]: foreign master not using PTP timescale
ptp4l[429.970]: port 2: master state recommended in slave only mode
ptp4l[429.972]: port 2: defaultDS.priority1 probably misconfigured
ptp4l[430.184]: rms 144769 max 302392 freq -35835 +/- 124485 delay 92218 +/- 44234
ptp4l[430.440]: selected best master clock 9227f5.fffe.c74206
ptp4l[430.440]: foreign master not using PTP timescale
ptp4l[430.715]: selected best master clock 9227f5.fffe.c74206
ptp4l[430.716]: foreign master not using PTP timescale
ptp4l[430.717]: port 2: master state recommended in slave only mode
ptp4l[430.718]: port 2: defaultDS.priority1 probably misconfigured
ptp4l[431.356]: selected best master clock 9227f5.fffe.c74206
ptp4l[431.357]: foreign master not using PTP timescale
ptp4l[431.716]: selected best master clock 9227f5.fffe.c74206
ptp4l[431.716]: foreign master not using PTP timescale
ptp4l[431.717]: port 2: master state recommended in slave only mode
ptp4l[431.718]: port 2: defaultDS.priority1 probably misconfigured
ptp4l[432.204]: selected best master clock 9227f5.fffe.c74206
ptp4l[432.205]: foreign master not using PTP timescale
ptp4l[432.466]: selected best master clock 9227f5.fffe.c74206
ptp4l[432.469]: foreign master not using PTP timescale
ptp4l[432.472]: port 2: master state recommended in slave only mode
ptp4l[432.474]: port 2: defaultDS.priority1 probably misconfigured
ptp4l[433.088]: selected best master clock 9227f5.fffe.c74206
ptp4l[433.089]: foreign master not using PTP timescale
ptp4l[433.467]: selected best master clock 9227f5.fffe.c74206
ptp4l[433.470]: foreign master not using PTP timescale
ptp4l[433.473]: port 2: master state recommended in slave only mode
ptp4l[433.475]: port 2: defaultDS.priority1 probably misconfigured
ptp4l[433.952]: selected best master clock 9227f5.fffe.c74206
ptp4l[433.954]: foreign master not using PTP timescale
ptp4l[434.217]: selected best master clock 9227f5.fffe.c74206
ptp4l[434.220]: foreign master not using PTP timescale
ptp4l[434.222]: port 2: master state recommended in slave only mode
ptp4l[434.224]: port 2: defaultDS.priority1 probably misconfigured
ptp4l[434.820]: selected best master clock 9227f5.fffe.c74206
ptp4l[434.821]: foreign master not using PTP timescale
ptp4l[435.218]: selected best master clock 9227f5.fffe.c74206
ptp4l[435.219]: foreign master not using PTP timescale
ptp4l[435.220]: port 2: master state recommended in slave only mode
ptp4l[435.221]: port 2: defaultDS.priority1 probably misconfigured
ptp4l[435.620]: selected best master clock 9227f5.fffe.c74206
ptp4l[435.623]: foreign master not using PTP timescale
ptp4l[435.969]: selected best master clock 9227f5.fffe.c74206
ptp4l[435.971]: foreign master not using PTP timescale
ptp4l[435.973]: port 2: master state recommended in slave only mode
ptp4l[435.975]: port 2: defaultDS.priority1 probably misconfigured
ptp4l[436.432]: selected best master clock 9227f5.fffe.c74206
ptp4l[436.435]: foreign master not using PTP timescale
ptp4l[436.719]: selected best master clock 9227f5.fffe.c74206
ptp4l[436.722]: foreign master not using PTP timescale
ptp4l[436.724]: port 2: master state recommended in slave only mode
ptp4l[436.727]: port 2: defaultDS.priority1 probably misconfigured
ptp4l[437.268]: selected best master clock 9227f5.fffe.c74206
ptp4l[437.269]: foreign master not using PTP timescale
ptp4l[437.719]: selected best master clock 9227f5.fffe.c74206
ptp4l[437.722]: foreign master not using PTP timescale
ptp4l[437.725]: port 2: master state recommended in slave only mode
ptp4l[437.727]: port 2: defaultDS.priority1 probably misconfigured
ptp4l[438.116]: selected best master clock 9227f5.fffe.c74206
ptp4l[438.118]: foreign master not using PTP timescale
ptp4l[438.470]: selected best master clock 9227f5.fffe.c74206
ptp4l[438.472]: foreign master not using PTP timescale
ptp4l[438.475]: port 2: master state recommended in slave only mode
ptp4l[438.477]: port 2: defaultDS.priority1 probably misconfigured
ptp4l[438.984]: selected best master clock 9227f5.fffe.c74206
ptp4l[438.984]: foreign master not using PTP timescale
ptp4l[439.470]: selected best master clock 9227f5.fffe.c74206
ptp4l[439.473]: foreign master not using PTP timescale
ptp4l[439.476]: port 2: master state recommended in slave only mode
ptp4l[439.478]: port 2: defaultDS.priority1 probably misconfigured
ptp4l[439.948]: selected best master clock 9227f5.fffe.c74206
ptp4l[439.951]: foreign master not using PTP timescale
ptp4l[440.221]: selected best master clock 9227f5.fffe.c74206
ptp4l[440.223]: foreign master not using PTP timescale
ptp4l[440.226]: port 2: master state recommended in slave only mode
ptp4l[440.228]: port 2: defaultDS.priority1 probably misconfigured
ptp4l[440.824]: selected best master clock 9227f5.fffe.c74206
ptp4l[440.826]: foreign master not using PTP timescale
ptp4l[441.221]: selected best master clock 9227f5.fffe.c74206
ptp4l[441.224]: foreign master not using PTP timescale
ptp4l[441.226]: port 2: master state recommended in slave only mode
ptp4l[441.228]: port 2: defaultDS.priority1 probably misconfigured
ptp4l[441.704]: selected best master clock 9227f5.fffe.c74206
ptp4l[441.706]: foreign master not using PTP timescale
ptp4l[441.972]: selected best master clock 9227f5.fffe.c74206
ptp4l[441.974]: foreign master not using PTP timescale
ptp4l[441.977]: port 2: master state recommended in slave only mode
ptp4l[441.979]: port 2: defaultDS.priority1 probably misconfigured
ptp4l[442.640]: selected best master clock 9227f5.fffe.c74206
ptp4l[442.642]: foreign master not using PTP timescale
ptp4l[442.973]: selected best master clock 9227f5.fffe.c74206
ptp4l[442.974]: foreign master not using PTP timescale
ptp4l[442.975]: port 2: master state recommended in slave only mode
ptp4l[442.976]: port 2: defaultDS.priority1 probably misconfigured
ptp4l[443.448]: selected best master clock 9227f5.fffe.c74206
ptp4l[443.449]: foreign master not using PTP timescale
ptp4l[443.723]: selected best master clock 9227f5.fffe.c74206
ptp4l[443.724]: foreign master not using PTP timescale
ptp4l[443.725]: port 2: master state recommended in slave only mode
ptp4l[443.726]: port 2: defaultDS.priority1 probably misconfigured
