ptp4l[889.308]: port 1 (v-ru3): INITIALIZING to LISTENING on INIT_COMPLETE
ptp4l[889.308]: port 0 (/var/run/p.ru3): INITIALIZING to LISTENING on INIT_COMPLETE
ptp4l[889.308]: port 0 (/var/run/pr.ru3): INITIALIZING to LISTENING on INIT_COMPLETE
ptp4l[889.780]: selected local clock 020000.fffe.00000e as best master
ptp4l[889.840]: port 1 (v-ru3): new foreign master 020000.fffe.000001-2
ptp4l[890.090]: selected best master clock 020000.fffe.00000a
ptp4l[890.090]: foreign master not using PTP timescale
ptp4l[890.090]: port 1 (v-ru3): LISTENING to UNCALIBRATED on RS_SLAVE
ptp4l[892.154]: master offset       1130 s0 freq    +545 path delay      4059
ptp4l[894.155]: master offset       -822 s0 freq    -731 path delay      4547
ptp4l[896.157]: master offset      -1910 s0 freq    -731 path delay      4172
ptp4l[897.532]: port 1 (v-ru3): new foreign master 020000.fffe.00000a-2
ptp4l[897.792]: selected best master clock 020000.fffe.00000a
ptp4l[897.792]: running in a temporal vortex
ptp4l[897.792]: updating time properties to insert leap second
ptp4l[897.968]: running in a temporal vortex
ptp4l[898.218]: running in a temporal vortex
ptp4l[898.468]: running in a temporal vortex
ptp4l[898.719]: running in a temporal vortex
ptp4l[898.969]: running in a temporal vortex
ptp4l[899.219]: running in a temporal vortex
ptp4l[899.469]: running in a temporal vortex
ptp4l[899.719]: running in a temporal vortex
ptp4l[899.969]: running in a temporal vortex
ptp4l[900.219]: running in a temporal vortex
ptp4l[900.469]: running in a temporal vortex
ptp4l[900.719]: running in a temporal vortex
ptp4l[900.970]: running in a temporal vortex
ptp4l[901.220]: running in a temporal vortex
ptp4l[901.470]: running in a temporal vortex
ptp4l[901.720]: running in a temporal vortex
ptp4l[901.970]: running in a temporal vortex
ptp4l[902.220]: running in a temporal vortex
ptp4l[902.470]: running in a temporal vortex
ptp4l[902.720]: running in a temporal vortex
ptp4l[902.970]: running in a temporal vortex
ptp4l[903.220]: running in a temporal vortex
ptp4l[903.471]: running in a temporal vortex
ptp4l[903.721]: running in a temporal vortex
ptp4l[903.971]: running in a temporal vortex
ptp4l[904.221]: running in a temporal vortex
ptp4l[904.471]: running in a temporal vortex
ptp4l[904.721]: running in a temporal vortex
ptp4l[904.971]: running in a temporal vortex
ptp4l[905.221]: running in a temporal vortex
ptp4l[905.471]: running in a temporal vortex
ptp4l[905.721]: running in a temporal vortex
ptp4l[905.972]: running in a temporal vortex
ptp4l[906.222]: running in a temporal vortex
ptp4l[906.473]: running in a temporal vortex
ptp4l[906.723]: running in a temporal vortex
ptp4l[906.973]: running in a temporal vortex
ptp4l[907.223]: running in a temporal vortex
ptp4l[907.473]: running in a temporal vortex
ptp4l[907.723]: running in a temporal vortex
ptp4l[907.973]: running in a temporal vortex
ptp4l[908.223]: running in a temporal vortex
ptp4l[908.473]: running in a temporal vortex
ptp4l[908.724]: running in a temporal vortex
ptp4l[908.974]: running in a temporal vortex
ptp4l[909.224]: running in a temporal vortex
ptp4l[909.474]: running in a temporal vortex
ptp4l[909.724]: running in a temporal vortex
ptp4l[909.974]: running in a temporal vortex
ptp4l[910.224]: running in a temporal vortex
ptp4l[910.474]: running in a temporal vortex
ptp4l[910.725]: running in a temporal vortex
ptp4l[910.975]: running in a temporal vortex
ptp4l[911.225]: running in a temporal vortex
ptp4l[911.475]: running in a temporal vortex
ptp4l[911.725]: running in a temporal vortex
ptp4l[911.975]: running in a temporal vortex
ptp4l[912.225]: running in a temporal vortex
ptp4l[912.475]: running in a temporal vortex
ptp4l[912.725]: running in a temporal vortex
ptp4l[912.975]: running in a temporal vortex
ptp4l[913.225]: running in a temporal vortex
ptp4l[913.475]: running in a temporal vortex
ptp4l[913.726]: running in a temporal vortex
ptp4l[913.976]: running in a temporal vortex
ptp4l[914.227]: running in a temporal vortex
ptp4l[914.477]: running in a temporal vortex
ptp4l[914.727]: running in a temporal vortex
ptp4l[914.977]: running in a temporal vortex
ptp4l[915.227]: running in a temporal vortex
ptp4l[915.477]: running in a temporal vortex
ptp4l[915.727]: running in a temporal vortex
ptp4l[915.977]: running in a temporal vortex
ptp4l[916.228]: running in a temporal vortex
ptp4l[916.478]: running in a temporal vortex
ptp4l[916.728]: running in a temporal vortex
ptp4l[916.978]: running in a temporal vortex
ptp4l[917.228]: running in a temporal vortex
ptp4l[917.478]: running in a temporal vortex
ptp4l[917.728]: running in a temporal vortex
ptp4l[917.978]: running in a temporal vortex
ptp4l[918.228]: running in a temporal vortex
ptp4l[918.478]: running in a temporal vortex
ptp4l[918.729]: running in a temporal vortex
ptp4l[918.979]: running in a temporal vortex
ptp4l[919.229]: running in a temporal vortex
ptp4l[919.479]: running in a temporal vortex
ptp4l[919.729]: running in a temporal vortex
ptp4l[919.979]: running in a temporal vortex
ptp4l[920.229]: running in a temporal vortex
ptp4l[920.479]: running in a temporal vortex
ptp4l[920.729]: running in a temporal vortex
ptp4l[920.979]: running in a temporal vortex
ptp4l[921.230]: running in a temporal vortex
ptp4l[921.480]: running in a temporal vortex
ptp4l[921.730]: running in a temporal vortex
ptp4l[921.980]: running in a temporal vortex
ptp4l[922.230]: running in a temporal vortex
ptp4l[922.480]: running in a temporal vortex
ptp4l[922.730]: running in a temporal vortex
ptp4l[922.980]: running in a temporal vortex
ptp4l[923.230]: running in a temporal vortex
ptp4l[923.481]: running in a temporal vortex
ptp4l[923.731]: running in a temporal vortex
ptp4l[923.981]: running in a temporal vortex
ptp4l[924.231]: running in a temporal vortex
ptp4l[924.481]: running in a temporal vortex
ptp4l[924.731]: running in a temporal vortex
ptp4l[924.981]: running in a temporal vortex
ptp4l[925.232]: running in a temporal vortex
ptp4l[925.482]: running in a temporal vortex
ptp4l[925.732]: running in a temporal vortex
ptp4l[925.982]: running in a temporal vortex
ptp4l[926.233]: running in a temporal vortex
ptp4l[926.482]: running in a temporal vortex
ptp4l[926.733]: running in a temporal vortex
ptp4l[926.983]: running in a temporal vortex
ptp4l[927.233]: running in a temporal vortex
ptp4l[927.483]: running in a temporal vortex
ptp4l[927.733]: running in a temporal vortex
ptp4l[927.983]: running in a temporal vortex
ptp4l[928.233]: running in a temporal vortex
ptp4l[928.484]: running in a temporal vortex
ptp4l[928.734]: running in a temporal vortex
ptp4l[928.984]: running in a temporal vortex
ptp4l[929.234]: running in a temporal vortex
