ptp4l[437.068]: port 1: INITIALIZING to LISTENING on INIT_COMPLETE
ptp4l[437.069]: port 0: INITIALIZING to LISTENING on INIT_COMPLETE
ptp4l[437.905]: port 1: new foreign master c2c334.fffe.96025a-1
ptp4l[438.080]: selected local clock ea1150.fffe.2e0501 as best master
ptp4l[438.273]: port 1: new foreign master 0a857c.fffe.7b91a8-1
ptp4l[438.406]: selected best master clock c2c334.fffe.96025a
ptp4l[438.407]: foreign master not using PTP timescale
ptp4l[438.408]: port 1: LISTENING to UNCALIBRATED on RS_SLAVE
ptp4l[438.773]: selected best master clock 0a857c.fffe.7b91a8
ptp4l[438.776]: foreign master not using PTP timescale
ptp4l[439.156]: selected best master clock 0a857c.fffe.7b91a8
ptp4l[439.157]: foreign master not using PTP timescale
ptp4l[439.657]: selected best master clock 0a857c.fffe.7b91a8
ptp4l[439.660]: foreign master not using PTP timescale
ptp4l[440.157]: selected best master clock 0a857c.fffe.7b91a8
ptp4l[440.157]: foreign master not using PTP timescale
ptp4l[440.657]: selected best master clock 0a857c.fffe.7b91a8
ptp4l[440.658]: foreign master not using PTP timescale
ptp4l[441.157]: selected best master clock 0a857c.fffe.7b91a8
ptp4l[441.158]: foreign master not using PTP timescale
ptp4l[441.657]: selected best master clock 0a857c.fffe.7b91a8
ptp4l[441.658]: foreign master not using PTP timescale
ptp4l[442.158]: selected best master clock 0a857c.fffe.7b91a8
ptp4l[442.162]: foreign master not using PTP timescale
ptp4l[442.658]: selected best master clock 0a857c.fffe.7b91a8
ptp4l[442.658]: foreign master not using PTP timescale
ptp4l[443.158]: selected best master clock 0a857c.fffe.7b91a8
ptp4l[443.159]: foreign master not using PTP timescale
ptp4l[443.658]: selected best master clock 0a857c.fffe.7b91a8
ptp4l[443.659]: foreign master not using PTP timescale
ptp4l[444.158]: selected best master clock 0a857c.fffe.7b91a8
ptp4l[444.159]: foreign master not using PTP timescale
ptp4l[444.658]: selected best master clock 0a857c.fffe.7b91a8
ptp4l[444.659]: foreign master not using PTP timescale
ptp4l[445.158]: selected best master clock 0a857c.fffe.7b91a8
ptp4l[445.159]: foreign master not using PTP timescale
ptp4l[445.659]: selected best master clock 0a857c.fffe.7b91a8
ptp4l[445.660]: foreign master not using PTP timescale
ptp4l[446.159]: selected best master clock 0a857c.fffe.7b91a8
ptp4l[446.160]: foreign master not using PTP timescale
ptp4l[446.659]: selected best master clock 0a857c.fffe.7b91a8
ptp4l[446.660]: foreign master not using PTP timescale
ptp4l[447.159]: selected best master clock 0a857c.fffe.7b91a8
ptp4l[447.160]: foreign master not using PTP timescale
ptp4l[447.660]: selected best master clock 0a857c.fffe.7b91a8
ptp4l[447.660]: foreign master not using PTP timescale
ptp4l[448.160]: selected best master clock 0a857c.fffe.7b91a8
ptp4l[448.160]: foreign master not using PTP timescale
ptp4l[448.660]: selected best master clock 0a857c.fffe.7b91a8
ptp4l[448.661]: foreign master not using PTP timescale
ptp4l[449.160]: selected best master clock 0a857c.fffe.7b91a8
ptp4l[449.161]: foreign master not using PTP timescale
ptp4l[449.660]: selected best master clock 0a857c.fffe.7b91a8
ptp4l[449.661]: foreign master not using PTP timescale
ptp4l[450.160]: selected best master clock 0a857c.fffe.7b91a8
ptp4l[450.161]: foreign master not using PTP timescale
ptp4l[450.660]: selected best master clock 0a857c.fffe.7b91a8
ptp4l[450.661]: foreign master not using PTP timescale
ptp4l[451.161]: selected best master clock 0a857c.fffe.7b91a8
ptp4l[451.162]: foreign master not using PTP timescale
ptp4l[451.661]: selected best master clock 0a857c.fffe.7b91a8
ptp4l[451.661]: foreign master not using PTP timescale
ptp4l[452.161]: selected best master clock 0a857c.fffe.7b91a8
ptp4l[452.161]: foreign master not using PTP timescale
ptp4l[452.661]: selected best master clock 0a857c.fffe.7b91a8
ptp4l[452.662]: foreign master not using PTP timescale
ptp4l[453.161]: selected best master clock 0a857c.fffe.7b91a8
ptp4l[453.162]: foreign master not using PTP timescale
ptp4l[453.661]: selected best master clock 0a857c.fffe.7b91a8
ptp4l[453.662]: foreign master not using PTP timescale
ptp4l[454.162]: selected best master clock 0a857c.fffe.7b91a8
ptp4l[454.162]: foreign master not using PTP timescale
ptp4l[454.662]: selected best master clock 0a857c.fffe.7b91a8
ptp4l[454.662]: foreign master not using PTP timescale
ptp4l[454.910]: rms 3305 max 6400 freq  -1062 +/- 3396 delay 14844 +/- 2242
ptp4l[455.162]: selected best master clock 0a857c.fffe.7b91a8
ptp4l[455.163]: foreign master not using PTP timescale
ptp4l[455.662]: selected best master clock 0a857c.fffe.7b91a8
ptp4l[455.663]: foreign master not using PTP timescale
ptp4l[456.162]: selected best master clock 0a857c.fffe.7b91a8
ptp4l[456.163]: foreign master not using PTP timescale
ptp4l[456.662]: selected best master clock 0a857c.fffe.7b91a8
ptp4l[456.663]: foreign master not using PTP timescale
ptp4l[457.163]: selected best master clock 0a857c.fffe.7b91a8
ptp4l[457.164]: foreign master not using PTP timescale
ptp4l[457.663]: selected best master clock 0a857c.fffe.7b91a8
ptp4l[457.663]: foreign master not using PTP timescale
ptp4l[458.163]: selected best master clock 0a857c.fffe.7b91a8
ptp4l[458.163]: foreign master not using PTP timescale
ptp4l[458.663]: selected best master clock 0a857c.fffe.7b91a8
ptp4l[458.663]: foreign master not using PTP timescale
ptp4l[459.163]: selected best master clock 0a857c.fffe.7b91a8
ptp4l[459.164]: foreign master not using PTP timescale
ptp4l[459.663]: selected best master clock 0a857c.fffe.7b91a8
ptp4l[459.664]: foreign master not using PTP timescale
ptp4l[460.164]: selected best master clock 0a857c.fffe.7b91a8
ptp4l[460.165]: foreign master not using PTP timescale
ptp4l[460.664]: selected best master clock 0a857c.fffe.7b91a8
ptp4l[460.665]: foreign master not using PTP timescale
ptp4l[461.164]: selected best master clock 0a857c.fffe.7b91a8
ptp4l[461.165]: foreign master not using PTP timescale
ptp4l[461.664]: selected best master clock 0a857c.fffe.7b91a8
ptp4l[461.665]: foreign master not using PTP timescale
ptp4l[462.165]: selected best master clock 0a857c.fffe.7b91a8
ptp4l[462.166]: foreign master not using PTP timescale
ptp4l[462.665]: selected best master clock 0a857c.fffe.7b91a8
ptp4l[462.665]: foreign master not using PTP timescale
ptp4l[463.165]: selected best master clock 0a857c.fffe.7b91a8
ptp4l[463.165]: foreign master not using PTP timescale
ptp4l[463.665]: selected best master clock 0a857c.fffe.7b91a8
ptp4l[463.665]: foreign master not using PTP timescale
ptp4l[464.165]: selected best master clock 0a857c.fffe.7b91a8
ptp4l[464.166]: foreign master not using PTP timescale
ptp4l[464.665]: selected best master clock 0a857c.fffe.7b91a8
ptp4l[464.666]: foreign master not using PTP timescale
ptp4l[465.165]: selected best master clock 0a857c.fffe.7b91a8
ptp4l[465.166]: foreign master not using PTP timescale
ptp4l[465.666]: selected best master clock 0a857c.fffe.7b91a8
ptp4l[465.669]: foreign master not using PTP timescale
ptp4l[466.166]: selected best master clock 0a857c.fffe.7b91a8
ptp4l[466.167]: foreign master not using PTP timescale
ptp4l[466.667]: selected best master clock 0a857c.fffe.7b91a8
ptp4l[466.669]: foreign master not using PTP timescale
ptp4l[467.167]: selected best master clock 0a857c.fffe.7b91a8
ptp4l[467.167]: foreign master not using PTP timescale
ptp4l[467.667]: selected best master clock 0a857c.fffe.7b91a8
ptp4l[467.667]: foreign master not using PTP timescale
ptp4l[468.167]: selected best master clock 0a857c.fffe.7b91a8
ptp4l[468.168]: foreign master not using PTP timescale
ptp4l[468.667]: selected best master clock 0a857c.fffe.7b91a8
ptp4l[468.668]: foreign master not using PTP timescale
ptp4l[469.168]: selected best master clock 0a857c.fffe.7b91a8
ptp4l[469.171]: foreign master not using PTP timescale
ptp4l[469.668]: selected best master clock 0a857c.fffe.7b91a8
ptp4l[469.671]: foreign master not using PTP timescale
ptp4l[470.169]: selected best master clock 0a857c.fffe.7b91a8
ptp4l[470.173]: foreign master not using PTP timescale
ptp4l[470.669]: selected best master clock 0a857c.fffe.7b91a8
ptp4l[470.671]: foreign master not using PTP timescale
ptp4l[470.844]: port 1: UNCALIBRATED to LISTENING on ANNOUNCE_RECEIPT_TIMEOUT_EXPIRES
ptp4l[470.847]: selected local clock ea1150.fffe.2e0501 as best master
ptp4l[471.169]: selected best master clock c2c334.fffe.96025a
ptp4l[471.170]: foreign master not using PTP timescale
ptp4l[471.170]: port 1: LISTENING to UNCALIBRATED on RS_SLAVE
ptp4l[473.181]: rms 5678 max 8949 freq   -662 +/- 2049 delay 12929 +/- 1510
ptp4l[489.199]: rms 25756 max 71950 freq   +167 +/- 17780 delay 12898 +/- 2212
