ptp4l[17.344]: port 1: INITIALIZING to LISTENING on INIT_COMPLETE
ptp4l[17.345]: port 0: INITIALIZING to LISTENING on INIT_COMPLETE
ptp4l[18.204]: port 1: new foreign master 2e0a37.fffe.f235a5-1
ptp4l[18.316]: port 1: new foreign master 5e9bfa.fffe.d3e947-1
ptp4l[18.380]: selected local clock 42b415.fffe.3e6c23 as best master
ptp4l[18.704]: selected best master clock 2e0a37.fffe.f235a5
ptp4l[18.705]: foreign master not using PTP timescale
ptp4l[18.706]: port 1: LISTENING to UNCALIBRATED on RS_SLAVE
ptp4l[18.816]: selected best master clock 5e9bfa.fffe.d3e947
ptp4l[18.817]: foreign master not using PTP timescale
ptp4l[19.204]: selected best master clock 5e9bfa.fffe.d3e947
ptp4l[19.205]: foreign master not using PTP timescale
ptp4l[19.704]: selected best master clock 5e9bfa.fffe.d3e947
ptp4l[19.705]: foreign master not using PTP timescale
ptp4l[20.205]: selected best master clock 5e9bfa.fffe.d3e947
ptp4l[20.206]: foreign master not using PTP timescale
ptp4l[20.706]: selected best master clock 5e9bfa.fffe.d3e947
ptp4l[20.706]: foreign master not using PTP timescale
ptp4l[21.206]: selected best master clock 5e9bfa.fffe.d3e947
ptp4l[21.207]: foreign master not using PTP timescale
ptp4l[21.706]: selected best master clock 5e9bfa.fffe.d3e947
ptp4l[21.707]: foreign master not using PTP timescale
ptp4l[22.457]: selected best master clock 5e9bfa.fffe.d3e947
ptp4l[22.457]: foreign master not using PTP timescale
ptp4l[22.957]: selected best master clock 5e9bfa.fffe.d3e947
ptp4l[22.957]: foreign master not using PTP timescale
ptp4l[23.457]: selected best master clock 5e9bfa.fffe.d3e947
ptp4l[23.458]: foreign master not using PTP timescale
ptp4l[23.957]: selected best master clock 5e9bfa.fffe.d3e947
ptp4l[23.958]: foreign master not using PTP timescale
ptp4l[24.458]: selected best master clock 5e9bfa.fffe.d3e947
ptp4l[24.459]: foreign master not using PTP timescale
ptp4l[24.958]: selected best master clock 5e9bfa.fffe.d3e947
ptp4l[24.959]: foreign master not using PTP timescale
ptp4l[25.458]: selected best master clock 5e9bfa.fffe.d3e947
ptp4l[25.458]: foreign master not using PTP timescale
ptp4l[25.958]: selected best master clock 5e9bfa.fffe.d3e947
ptp4l[25.958]: foreign master not using PTP timescale
ptp4l[26.459]: selected best master clock 5e9bfa.fffe.d3e947
ptp4l[26.459]: foreign master not using PTP timescale
ptp4l[26.958]: selected best master clock 5e9bfa.fffe.d3e947
ptp4l[26.959]: foreign master not using PTP timescale
ptp4l[27.458]: selected best master clock 5e9bfa.fffe.d3e947
ptp4l[27.459]: foreign master not using PTP timescale
ptp4l[27.958]: selected best master clock 5e9bfa.fffe.d3e947
ptp4l[27.959]: foreign master not using PTP timescale
