ptp4l[444.905]: port 1: INITIALIZING to LISTENING on INIT_COMPLETE
ptp4l[444.921]: port 2: INITIALIZING to LISTENING on INIT_COMPLETE
ptp4l[444.925]: port 0: INITIALIZING to LISTENING on INIT_COMPLETE
ptp4l[445.748]: selected local clock 32445c.fffe.995aff as best master
ptp4l[445.804]: selected local clock 32445c.fffe.995aff as best master
ptp4l[445.824]: port 2: new foreign master 2ae8b7.fffe.237a80-1
ptp4l[445.916]: port 1: new foreign master 2210de.fffe.531104-1
ptp4l[446.324]: selected best master clock 2ae8b7.fffe.237a80
ptp4l[446.327]: foreign master not using PTP timescale
ptp4l[446.329]: port 2: LISTENING to UNCALIBRATED on RS_SLAVE
ptp4l[446.416]: selected best master clock 2210de.fffe.531104
ptp4l[446.419]: foreign master not using PTP timescale
ptp4l[446.421]: port 1: LISTENING to UNCALIBRATED on RS_SLAVE
ptp4l[446.423]: port 2: master state recommended in slave only mode
ptp4l[446.426]: port 2: defaultDS.priority1 probably misconfigured
ptp4l[446.428]: port 2: UNCALIBRATED to LISTENING on RS_MASTER
ptp4l[447.292]: selected best master clock 2210de.fffe.531104
ptp4l[447.294]: foreign master not using PTP timescale
ptp4l[447.575]: selected best master clock 2210de.fffe.531104
ptp4l[447.577]: foreign master not using PTP timescale
ptp4l[447.579]: port 2: master state recommended in slave only mode
ptp4l[447.581]: port 2: defaultDS.priority1 probably misconfigured
ptp4l[448.224]: selected best master clock 2210de.fffe.531104
ptp4l[448.226]: foreign master not using PTP timescale
ptp4l[448.576]: selected best master clock 2210de.fffe.531104
ptp4l[448.577]: foreign master not using PTP timescale
ptp4l[448.578]: port 2: master state recommended in slave only mode
ptp4l[448.579]: port 2: defaultDS.priority1 probably misconfigured
ptp4l[449.044]: selected best master clock 2210de.fffe.531104
ptp4l[449.045]: foreign master not using PTP timescale
ptp4l[449.326]: selected best master clock 2210de.fffe.531104
ptp4l[449.326]: foreign master not using PTP timescale
ptp4l[449.327]: port 2: master state recommended in slave only mode
ptp4l[449.328]: port 2: defaultDS.priority1 probably misconfigured
ptp4l[449.872]: selected best master clock 2210de.fffe.531104
ptp4l[449.872]: foreign master not using PTP timescale
ptp4l[450.326]: selected best master clock 2210de.fffe.531104
ptp4l[450.327]: foreign master not using PTP timescale
ptp4l[450.328]: port 2: master state recommended in slave only mode
ptp4l[450.328]: port 2: defaultDS.priority1 probably misconfigured
ptp4l[450.720]: selected best master clock 2210de.fffe.531104
ptp4l[450.721]: foreign master not using PTP timescale
ptp4l[451.076]: selected best master clock 2210de.fffe.531104
ptp4l[451.079]: foreign master not using PTP timescale
ptp4l[451.082]: port 2: master state recommended in slave only mode
ptp4l[451.084]: port 2: defaultDS.priority1 probably misconfigured
ptp4l[451.672]: selected best master clock 2210de.fffe.531104
ptp4l[451.673]: foreign master not using PTP timescale
ptp4l[452.077]: selected best master clock 2210de.fffe.531104
ptp4l[452.078]: foreign master not using PTP timescale
ptp4l[452.079]: port 2: master state recommended in slave only mode
ptp4l[452.080]: port 2: defaultDS.priority1 probably misconfigured
ptp4l[452.448]: selected best master clock 2210de.fffe.531104
ptp4l[452.451]: foreign master not using PTP timescale
ptp4l[452.827]: selected best master clock 2210de.fffe.531104
ptp4l[452.830]: foreign master not using PTP timescale
ptp4l[452.832]: port 2: master state recommended in slave only mode
ptp4l[452.834]: port 2: defaultDS.priority1 probably misconfigured
ptp4l[453.488]: selected best master clock 2210de.fffe.531104
ptp4l[453.491]: foreign master not using PTP timescale
ptp4l[453.828]: selected best master clock 2210de.fffe.531104
ptp4l[453.829]: foreign master not using PTP timescale
ptp4l[453.831]: port 2: master state recommended in slave only mode
ptp4l[453.832]: port 2: defaultDS.priority1 probably misconfigured
ptp4l[454.372]: selected best master clock 2210de.fffe.531104
ptp4l[454.372]: foreign master not using PTP timescale
ptp4l[454.828]: selected best master clock 2210de.fffe.531104
ptp4l[454.829]: foreign master not using PTP timescale
ptp4l[454.829]: port 2: master state recommended in slave only mode
ptp4l[454.830]: port 2: defaultDS.priority1 probably misconfigured
ptp4l[455.208]: selected best master clock 2210de.fffe.531104
ptp4l[455.208]: foreign master not using PTP timescale
ptp4l[455.578]: selected best master clock 2210de.fffe.531104
ptp4l[455.579]: foreign master not using PTP timescale
ptp4l[455.580]: port 2: master state recommended in slave only mode
ptp4l[455.581]: port 2: defaultDS.priority1 probably misconfigured
ptp4l[456.008]: selected best master clock 2210de.fffe.531104
ptp4l[456.008]: foreign master not using PTP timescale
ptp4l[456.329]: selected best master clock 2210de.fffe.531104
ptp4l[456.331]: foreign master not using PTP timescale
ptp4l[456.334]: port 2: master state recommended in slave only mode
ptp4l[456.336]: port 2: defaultDS.priority1 probably misconfigured
ptp4l[456.924]: selected best master clock 2210de.fffe.531104
ptp4l[456.927]: foreign master not using PTP timescale
ptp4l[457.329]: selected best master clock 2210de.fffe.531104
ptp4l[457.331]: foreign master not using PTP timescale
ptp4l[457.332]: port 2: master state recommended in slave only mode
ptp4l[457.334]: port 2: defaultDS.priority1 probably misconfigured
ptp4l[457.856]: selected best master clock 2210de.fffe.531104
ptp4l[457.859]: foreign master not using PTP timescale
ptp4l[458.331]: selected best master clock 2210de.fffe.531104
ptp4l[458.333]: foreign master not using PTP timescale
ptp4l[458.335]: port 2: master state recommended in slave only mode
ptp4l[458.337]: port 2: defaultDS.priority1 probably misconfigured
ptp4l[458.636]: selected best master clock 2210de.fffe.531104
ptp4l[458.638]: foreign master not using PTP timescale
ptp4l[459.092]: selected best master clock 2210de.fffe.531104
ptp4l[459.094]: foreign master not using PTP timescale
ptp4l[459.096]: port 2: master state recommended in slave only mode
ptp4l[459.098]: port 2: defaultDS.priority1 probably misconfigured
ptp4l[459.440]: selected best master clock 2210de.fffe.531104
ptp4l[459.443]: foreign master not using PTP timescale
ptp4l[459.842]: selected best master clock 2210de.fffe.531104
ptp4l[459.843]: foreign master not using PTP timescale
ptp4l[459.844]: port 2: master state recommended in slave only mode
ptp4l[459.845]: port 2: defaultDS.priority1 probably misconfigured
ptp4l[460.440]: selected best master clock 2210de.fffe.531104
ptp4l[460.441]: foreign master not using PTP timescale
ptp4l[460.843]: selected best master clock 2210de.fffe.531104
ptp4l[460.845]: foreign master not using PTP timescale
ptp4l[460.847]: port 2: master state recommended in slave only mode
ptp4l[460.850]: port 2: defaultDS.priority1 probably misconfigured
ptp4l[461.328]: selected best master clock 2210de.fffe.531104
ptp4l[461.329]: foreign master not using PTP timescale
ptp4l[461.593]: selected best master clock 2210de.fffe.531104
ptp4l[461.595]: foreign master not using PTP timescale
ptp4l[461.598]: port 2: master state recommended in slave only mode
ptp4l[461.601]: port 2: defaultDS.priority1 probably misconfigured
ptp4l[462.316]: selected best master clock 2210de.fffe.531104
ptp4l[462.318]: foreign master not using PTP timescale
ptp4l[462.566]: rms 7386 max 13456 freq   -185 +/- 5194 delay 20743 +/- 4468
ptp4l[462.594]: selected best master clock 2210de.fffe.531104
ptp4l[462.596]: foreign master not using PTP timescale
ptp4l[462.598]: port 2: master state recommended in slave only mode
ptp4l[462.600]: port 2: defaultDS.priority1 probably misconfigured
ptp4l[463.116]: selected best master clock 2210de.fffe.531104
ptp4l[463.121]: foreign master not using PTP timescale
ptp4l[463.594]: selected best master clock 2210de.fffe.531104
ptp4l[463.597]: foreign master not using PTP timescale
ptp4l[463.599]: port 2: master state recommended in slave only mode
ptp4l[463.602]: port 2: defaultDS.priority1 probably misconfigured
ptp4l[464.056]: selected best master clock 2210de.fffe.531104
ptp4l[464.058]: foreign master not using PTP timescale
ptp4l[464.345]: selected best master clock 2210de.fffe.531104
ptp4l[464.362]: foreign master not using PTP timescale
ptp4l[464.367]: port 2: master state recommended in slave only mode
ptp4l[464.373]: port 2: defaultDS.priority1 probably misconfigured
ptp4l[464.888]: selected best master clock 2210de.fffe.531104
ptp4l[464.890]: foreign master not using PTP timescale
ptp4l[465.346]: selected best master clock 2210de.fffe.531104
ptp4l[465.348]: foreign master not using PTP timescale
ptp4l[465.350]: port 2: master state recommended in slave only mode
ptp4l[465.353]: port 2: defaultDS.priority1 probably misconfigured
ptp4l[465.804]: selected best master clock 2210de.fffe.531104
ptp4l[465.805]: foreign master not using PTP timescale
ptp4l[466.096]: selected best master clock 2210de.fffe.531104
ptp4l[466.097]: foreign master not using PTP timescale
ptp4l[466.098]: port 2: master state recommended in slave only mode
ptp4l[466.099]: port 2: defaultDS.priority1 probably misconfigured
ptp4l[466.796]: selected best master clock 2210de.fffe.531104
ptp4l[466.796]: foreign master not using PTP timescale
ptp4l[466.997]: port 1: link down
ptp4l[466.997]: port 1: UNCALIBRATED to FAULTY on FAULT_DETECTED (FT_UNSPECIFIED)
ptp4l[467.048]: selected local clock 32445c.fffe.995aff as best master
ptp4l[467.049]: port 1: assuming the grand master role
ptp4l[467.050]: port 1: master state recommended in slave only mode
ptp4l[467.051]: port 1: defaultDS.priority1 probably misconfigured
ptp4l[467.099]: selected best master clock 2ae8b7.fffe.237a80
ptp4l[467.100]: port 1: master state recommended in slave only mode
ptp4l[467.101]: port 1: defaultDS.priority1 probably misconfigured
ptp4l[467.102]: foreign master not using PTP timescale
ptp4l[467.103]: port 2: LISTENING to UNCALIBRATED on RS_SLAVE
ptp4l[479.126]: rms 47822 max 134037 freq +11529 +/- 23793 delay 31538 +/- 21977
