ptp4l[1455.368]: port 1: INITIALIZING to LISTENING on INIT_COMPLETE
ptp4l[1455.404]: port 2: INITIALIZING to LISTENING on INIT_COMPLETE
ptp4l[1455.405]: port 0: INITIALIZING to LISTENING on INIT_COMPLETE
ptp4l[1456.160]: port 2: new foreign master 1a0ed1.fffe.121ccb-1
ptp4l[1456.224]: selected local clock 0aa5c5.fffe.b17a40 as best master
ptp4l[1456.240]: port 1: new foreign master 4aa13e.fffe.ffea78-1
ptp4l[1456.324]: selected local clock 0aa5c5.fffe.b17a40 as best master
ptp4l[1456.660]: selected best master clock 1a0ed1.fffe.121ccb
ptp4l[1456.663]: foreign master not using PTP timescale
ptp4l[1456.666]: port 2: LISTENING to UNCALIBRATED on RS_SLAVE
ptp4l[1456.741]: selected best master clock 4aa13e.fffe.ffea78
ptp4l[1456.743]: foreign master not using PTP timescale
ptp4l[1456.746]: port 1: LISTENING to UNCALIBRATED on RS_SLAVE
ptp4l[1456.748]: port 2: master state recommended in slave only mode
ptp4l[1456.751]: port 2: defaultDS.priority1 probably misconfigured
ptp4l[1456.754]: port 2: UNCALIBRATED to LISTENING on RS_MASTER
ptp4l[1457.656]: selected best master clock 4aa13e.fffe.ffea78
ptp4l[1457.657]: foreign master not using PTP timescale
ptp4l[1457.910]: selected best master clock 4aa13e.fffe.ffea78
ptp4l[1457.911]: foreign master not using PTP timescale
ptp4l[1457.912]: port 2: master state recommended in slave only mode
ptp4l[1457.913]: port 2: defaultDS.priority1 probably misconfigured
ptp4l[1458.504]: selected best master clock 4aa13e.fffe.ffea78
ptp4l[1458.505]: foreign master not using PTP timescale
ptp4l[1458.911]: selected best master clock 4aa13e.fffe.ffea78
ptp4l[1458.911]: foreign master not using PTP timescale
ptp4l[1458.912]: port 2: master state recommended in slave only mode
ptp4l[1458.913]: port 2: defaultDS.priority1 probably misconfigured
ptp4l[1459.392]: selected best master clock 4aa13e.fffe.ffea78
ptp4l[1459.393]: foreign master not using PTP timescale
ptp4l[1459.661]: selected best master clock 4aa13e.fffe.ffea78
ptp4l[1459.662]: foreign master not using PTP timescale
ptp4l[1459.663]: port 2: master state recommended in slave only mode
ptp4l[1459.664]: port 2: defaultDS.priority1 probably misconfigured
ptp4l[1460.216]: selected best master clock 4aa13e.fffe.ffea78
ptp4l[1460.217]: foreign master not using PTP timescale
ptp4l[1460.661]: selected best master clock 4aa13e.fffe.ffea78
ptp4l[1460.662]: foreign master not using PTP timescale
ptp4l[1460.663]: port 2: master state recommended in slave only mode
ptp4l[1460.664]: port 2: defaultDS.priority1 probably misconfigured
ptp4l[1461.076]: selected best master clock 4aa13e.fffe.ffea78
ptp4l[1461.077]: foreign master not using PTP timescale
ptp4l[1461.411]: selected best master clock 4aa13e.fffe.ffea78
ptp4l[1461.413]: foreign master not using PTP timescale
ptp4l[1461.415]: port 2: master state recommended in slave only mode
ptp4l[1461.417]: port 2: defaultDS.priority1 probably misconfigured
ptp4l[1461.912]: selected best master clock 4aa13e.fffe.ffea78
ptp4l[1461.915]: foreign master not using PTP timescale
ptp4l[1462.167]: selected best master clock 4aa13e.fffe.ffea78
ptp4l[1462.167]: foreign master not using PTP timescale
ptp4l[1462.168]: port 2: master state recommended in slave only mode
ptp4l[1462.169]: port 2: defaultDS.priority1 probably misconfigured
ptp4l[1462.724]: selected best master clock 4aa13e.fffe.ffea78
ptp4l[1462.725]: foreign master not using PTP timescale
ptp4l[1463.167]: selected best master clock 4aa13e.fffe.ffea78
ptp4l[1463.170]: foreign master not using PTP timescale
ptp4l[1463.173]: port 2: master state recommended in slave only mode
ptp4l[1463.175]: port 2: defaultDS.priority1 probably misconfigured
ptp4l[1463.512]: selected best master clock 4aa13e.fffe.ffea78
ptp4l[1463.515]: foreign master not using PTP timescale
ptp4l[1463.918]: selected best master clock 4aa13e.fffe.ffea78
ptp4l[1463.920]: foreign master not using PTP timescale
ptp4l[1463.923]: port 2: master state recommended in slave only mode
ptp4l[1463.925]: port 2: defaultDS.priority1 probably misconfigured
ptp4l[1464.480]: selected best master clock 4aa13e.fffe.ffea78
ptp4l[1464.481]: foreign master not using PTP timescale
ptp4l[1464.919]: selected best master clock 4aa13e.fffe.ffea78
ptp4l[1464.920]: foreign master not using PTP timescale
ptp4l[1464.922]: port 2: master state recommended in slave only mode
ptp4l[1464.922]: port 2: defaultDS.priority1 probably misconfigured
ptp4l[1465.276]: selected best master clock 4aa13e.fffe.ffea78
ptp4l[1465.277]: foreign master not using PTP timescale
ptp4l[1465.669]: selected best master clock 4aa13e.fffe.ffea78
ptp4l[1465.670]: foreign master not using PTP timescale
ptp4l[1465.671]: port 2: master state recommended in slave only mode
ptp4l[1465.672]: port 2: defaultDS.priority1 probably misconfigured
ptp4l[1466.124]: selected best master clock 4aa13e.fffe.ffea78
ptp4l[1466.125]: foreign master not using PTP timescale
ptp4l[1466.419]: selected best master clock 4aa13e.fffe.ffea78
ptp4l[1466.421]: foreign master not using PTP timescale
ptp4l[1466.422]: port 2: master state recommended in slave only mode
ptp4l[1466.423]: port 2: defaultDS.priority1 probably misconfigured
ptp4l[1467.060]: selected best master clock 4aa13e.fffe.ffea78
ptp4l[1467.060]: foreign master not using PTP timescale
ptp4l[1467.420]: selected best master clock 4aa13e.fffe.ffea78
ptp4l[1467.421]: foreign master not using PTP timescale
ptp4l[1467.422]: port 2: master state recommended in slave only mode
ptp4l[1467.423]: port 2: defaultDS.priority1 probably misconfigured
ptp4l[1467.928]: selected best master clock 4aa13e.fffe.ffea78
ptp4l[1467.929]: foreign master not using PTP timescale
ptp4l[1468.421]: selected best master clock 4aa13e.fffe.ffea78
ptp4l[1468.424]: foreign master not using PTP timescale
ptp4l[1468.426]: port 2: master state recommended in slave only mode
ptp4l[1468.429]: port 2: defaultDS.priority1 probably misconfigured
ptp4l[1468.712]: selected best master clock 4aa13e.fffe.ffea78
ptp4l[1468.716]: foreign master not using PTP timescale
ptp4l[1469.172]: selected best master clock 4aa13e.fffe.ffea78
ptp4l[1469.174]: foreign master not using PTP timescale
ptp4l[1469.177]: port 2: master state recommended in slave only mode
ptp4l[1469.180]: port 2: defaultDS.priority1 probably misconfigured
ptp4l[1469.604]: selected best master clock 4aa13e.fffe.ffea78
ptp4l[1469.607]: foreign master not using PTP timescale
ptp4l[1469.923]: selected best master clock 4aa13e.fffe.ffea78
ptp4l[1469.927]: foreign master not using PTP timescale
ptp4l[1469.933]: port 2: master state recommended in slave only mode
ptp4l[1469.936]: port 2: defaultDS.priority1 probably misconfigured
ptp4l[1470.596]: selected best master clock 4aa13e.fffe.ffea78
ptp4l[1470.599]: foreign master not using PTP timescale
ptp4l[1470.924]: selected best master clock 4aa13e.fffe.ffea78
ptp4l[1470.926]: foreign master not using PTP timescale
ptp4l[1470.929]: port 2: master state recommended in slave only mode
ptp4l[1470.932]: port 2: defaultDS.priority1 probably misconfigured
ptp4l[1471.496]: selected best master clock 4aa13e.fffe.ffea78
ptp4l[1471.497]: foreign master not using PTP timescale
ptp4l[1471.925]: selected best master clock 4aa13e.fffe.ffea78
ptp4l[1471.927]: foreign master not using PTP timescale
ptp4l[1471.930]: port 2: master state recommended in slave only mode
ptp4l[1471.934]: port 2: defaultDS.priority1 probably misconfigured
ptp4l[1472.340]: selected best master clock 4aa13e.fffe.ffea78
ptp4l[1472.343]: foreign master not using PTP timescale
ptp4l[1472.675]: selected best master clock 4aa13e.fffe.ffea78
ptp4l[1472.678]: foreign master not using PTP timescale
ptp4l[1472.681]: port 2: master state recommended in slave only mode
ptp4l[1472.683]: port 2: defaultDS.priority1 probably misconfigured
ptp4l[1472.880]: rms 10530 max 22774 freq   +101 +/- 5685 delay 22389 +/- 7163
ptp4l[1473.120]: selected best master clock 4aa13e.fffe.ffea78
ptp4l[1473.121]: foreign master not using PTP timescale
ptp4l[1473.426]: selected best master clock 4aa13e.fffe.ffea78
ptp4l[1473.427]: foreign master not using PTP timescale
ptp4l[1473.428]: port 2: master state recommended in slave only mode
ptp4l[1473.429]: port 2: defaultDS.priority1 probably misconfigured
ptp4l[1473.880]: selected best master clock 4aa13e.fffe.ffea78
ptp4l[1473.881]: foreign master not using PTP timescale
ptp4l[1474.176]: selected best master clock 4aa13e.fffe.ffea78
ptp4l[1474.177]: foreign master not using PTP timescale
ptp4l[1474.177]: port 2: master state recommended in slave only mode
ptp4l[1474.178]: port 2: defaultDS.priority1 probably misconfigured
ptp4l[1474.800]: selected best master clock 4aa13e.fffe.ffea78
ptp4l[1474.801]: foreign master not using PTP timescale
ptp4l[1475.176]: selected best master clock 4aa13e.fffe.ffea78
ptp4l[1475.177]: foreign master not using PTP timescale
ptp4l[1475.178]: port 2: master state recommended in slave only mode
ptp4l[1475.179]: port 2: defaultDS.priority1 probably misconfigured
ptp4l[1475.636]: selected best master clock 4aa13e.fffe.ffea78
ptp4l[1475.639]: foreign master not using PTP timescale
ptp4l[1475.928]: selected best master clock 4aa13e.fffe.ffea78
ptp4l[1475.930]: foreign master not using PTP timescale
ptp4l[1475.933]: port 2: master state recommended in slave only mode
ptp4l[1475.935]: port 2: defaultDS.priority1 probably misconfigured
ptp4l[1476.600]: selected best master clock 4aa13e.fffe.ffea78
ptp4l[1476.603]: foreign master not using PTP timescale
ptp4l[1476.929]: selected best master clock 4aa13e.fffe.ffea78
ptp4l[1476.930]: foreign master not using PTP timescale
ptp4l[1476.931]: port 2: master state recommended in slave only mode
ptp4l[1476.932]: port 2: defaultDS.priority1 probably misconfigured
ptp4l[1477.532]: selected best master clock 4aa13e.fffe.ffea78
ptp4l[1477.533]: foreign master not using PTP timescale
ptp4l[1477.930]: selected best master clock 4aa13e.fffe.ffea78
ptp4l[1477.933]: foreign master not using PTP timescale
ptp4l[1477.935]: port 2: master state recommended in slave only mode
ptp4l[1477.939]: port 2: defaultDS.priority1 probably misconfigured
ptp4l[1478.488]: selected best master clock 4aa13e.fffe.ffea78
ptp4l[1478.491]: foreign master not using PTP timescale
ptp4l[1478.931]: selected best master clock 4aa13e.fffe.ffea78
ptp4l[1478.932]: foreign master not using PTP timescale
ptp4l[1478.932]: port 2: master state recommended in slave only mode
ptp4l[1478.933]: port 2: defaultDS.priority1 probably misconfigured
ptp4l[1479.445]: selected best master clock 4aa13e.fffe.ffea78
ptp4l[1479.448]: foreign master not using PTP timescale
ptp4l[1479.932]: selected best master clock 4aa13e.fffe.ffea78
ptp4l[1479.934]: foreign master not using PTP timescale
ptp4l[1479.937]: port 2: master state recommended in slave only mode
ptp4l[1479.940]: port 2: defaultDS.priority1 probably misconfigured
ptp4l[1480.248]: selected best master clock 4aa13e.fffe.ffea78
ptp4l[1480.251]: foreign master not using PTP timescale
ptp4l[1480.682]: selected best master clock 4aa13e.fffe.ffea78
ptp4l[1480.683]: foreign master not using PTP timescale
ptp4l[1480.684]: port 2: master state recommended in slave only mode
ptp4l[1480.685]: port 2: defaultDS.priority1 probably misconfigured
ptp4l[1481.204]: selected best master clock 4aa13e.fffe.ffea78
ptp4l[1481.205]: foreign master not using PTP timescale
ptp4l[1481.682]: selected best master clock 4aa13e.fffe.ffea78
ptp4l[1481.683]: foreign master not using PTP timescale
ptp4l[1481.684]: port 2: master state recommended in slave only mode
ptp4l[1481.685]: port 2: defaultDS.priority1 probably misconfigured
ptp4l[1481.940]: selected best master clock 4aa13e.fffe.ffea78
ptp4l[1481.941]: foreign master not using PTP timescale
ptp4l[1482.433]: selected best master clock 4aa13e.fffe.ffea78
ptp4l[1482.433]: foreign master not using PTP timescale
ptp4l[1482.434]: port 2: master state recommended in slave only mode
ptp4l[1482.435]: port 2: defaultDS.priority1 probably misconfigured
ptp4l[1482.724]: selected best master clock 4aa13e.fffe.ffea78
ptp4l[1482.727]: foreign master not using PTP timescale
ptp4l[1483.183]: selected best master clock 4aa13e.fffe.ffea78
ptp4l[1483.186]: foreign master not using PTP timescale
ptp4l[1483.189]: port 2: master state recommended in slave only mode
ptp4l[1483.192]: port 2: defaultDS.priority1 probably misconfigured
ptp4l[1483.476]: selected best master clock 4aa13e.fffe.ffea78
ptp4l[1483.479]: foreign master not using PTP timescale
ptp4l[1483.934]: selected best master clock 4aa13e.fffe.ffea78
ptp4l[1483.938]: foreign master not using PTP timescale
ptp4l[1483.941]: port 2: master state recommended in slave only mode
ptp4l[1483.944]: port 2: defaultDS.priority1 probably misconfigured
ptp4l[1484.412]: selected best master clock 4aa13e.fffe.ffea78
ptp4l[1484.413]: foreign master not using PTP timescale
ptp4l[1484.685]: selected best master clock 4aa13e.fffe.ffea78
ptp4l[1484.688]: foreign master not using PTP timescale
ptp4l[1484.691]: port 2: master state recommended in slave only mode
ptp4l[1484.693]: port 2: defaultDS.priority1 probably misconfigured
ptp4l[1485.168]: selected best master clock 4aa13e.fffe.ffea78
ptp4l[1485.171]: foreign master not using PTP timescale
ptp4l[1485.435]: selected best master clock 4aa13e.fffe.ffea78
ptp4l[1485.438]: foreign master not using PTP timescale
ptp4l[1485.441]: port 2: master state recommended in slave only mode
ptp4l[1485.443]: port 2: defaultDS.priority1 probably misconfigured
ptp4l[1485.996]: selected best master clock 4aa13e.fffe.ffea78
ptp4l[1485.999]: foreign master not using PTP timescale
ptp4l[1486.436]: selected best master clock 4aa13e.fffe.ffea78
ptp4l[1486.442]: foreign master not using PTP timescale
ptp4l[1486.452]: port 2: master state recommended in slave only mode
ptp4l[1486.458]: port 2: defaultDS.priority1 probably misconfigured
ptp4l[1486.804]: selected best master clock 4aa13e.fffe.ffea78
ptp4l[1486.805]: foreign master not using PTP timescale
ptp4l[1487.187]: selected best master clock 4aa13e.fffe.ffea78
ptp4l[1487.188]: foreign master not using PTP timescale
ptp4l[1487.189]: port 2: master state recommended in slave only mode
ptp4l[1487.189]: port 2: defaultDS.priority1 probably misconfigured
ptp4l[1487.616]: selected best master clock 4aa13e.fffe.ffea78
ptp4l[1487.617]: foreign master not using PTP timescale
ptp4l[1487.937]: selected best master clock 4aa13e.fffe.ffea78
ptp4l[1487.938]: foreign master not using PTP timescale
ptp4l[1487.939]: port 2: master state recommended in slave only mode
ptp4l[1487.940]: port 2: defaultDS.priority1 probably misconfigured
ptp4l[1488.396]: selected best master clock 4aa13e.fffe.ffea78
ptp4l[1488.397]: foreign master not using PTP timescale
ptp4l[1488.687]: selected best master clock 4aa13e.fffe.ffea78
ptp4l[1488.688]: foreign master not using PTP timescale
ptp4l[1488.689]: port 2: master state recommended in slave only mode
ptp4l[1488.689]: port 2: defaultDS.priority1 probably misconfigured
ptp4l[1488.902]: rms 13525 max 20750 freq   +237 +/- 8899 delay 25584 +/- 8406
ptp4l[1489.240]: selected best master clock 4aa13e.fffe.ffea78
ptp4l[1489.241]: foreign master not using PTP timescale
ptp4l[1489.688]: selected best master clock 4aa13e.fffe.ffea78
ptp4l[1489.689]: foreign master not using PTP timescale
ptp4l[1489.690]: port 2: master state recommended in slave only mode
ptp4l[1489.690]: port 2: defaultDS.priority1 probably misconfigured
ptp4l[1490.208]: selected best master clock 4aa13e.fffe.ffea78
ptp4l[1490.211]: foreign master not using PTP timescale
ptp4l[1490.688]: selected best master clock 4aa13e.fffe.ffea78
ptp4l[1490.690]: foreign master not using PTP timescale
ptp4l[1490.692]: port 2: master state recommended in slave only mode
ptp4l[1490.694]: port 2: defaultDS.priority1 probably misconfigured
ptp4l[1491.164]: selected best master clock 4aa13e.fffe.ffea78
ptp4l[1491.167]: foreign master not using PTP timescale
ptp4l[1491.439]: selected best master clock 4aa13e.fffe.ffea78
ptp4l[1491.440]: foreign master not using PTP timescale
ptp4l[1491.441]: port 2: master state recommended in slave only mode
ptp4l[1491.441]: port 2: defaultDS.priority1 probably misconfigured
ptp4l[1492.108]: selected best master clock 4aa13e.fffe.ffea78
ptp4l[1492.109]: foreign master not using PTP timescale
ptp4l[1492.439]: selected best master clock 4aa13e.fffe.ffea78
ptp4l[1492.440]: foreign master not using PTP timescale
ptp4l[1492.441]: port 2: master state recommended in slave only mode
ptp4l[1492.442]: port 2: defaultDS.priority1 probably misconfigured
ptp4l[1492.976]: selected best master clock 4aa13e.fffe.ffea78
ptp4l[1492.977]: foreign master not using PTP timescale
ptp4l[1493.440]: selected best master clock 4aa13e.fffe.ffea78
ptp4l[1493.443]: foreign master not using PTP timescale
ptp4l[1493.445]: port 2: master state recommended in slave only mode
ptp4l[1493.448]: port 2: defaultDS.priority1 probably misconfigured
ptp4l[1493.840]: selected best master clock 4aa13e.fffe.ffea78
ptp4l[1493.843]: foreign master not using PTP timescale
ptp4l[1494.191]: selected best master clock 4aa13e.fffe.ffea78
ptp4l[1494.194]: foreign master not using PTP timescale
ptp4l[1494.196]: port 2: master state recommended in slave only mode
ptp4l[1494.200]: port 2: defaultDS.priority1 probably misconfigured
ptp4l[1494.720]: selected best master clock 4aa13e.fffe.ffea78
ptp4l[1494.723]: foreign master not using PTP timescale
ptp4l[1495.192]: selected best master clock 4aa13e.fffe.ffea78
ptp4l[1495.195]: foreign master not using PTP timescale
ptp4l[1495.200]: port 2: master state recommended in slave only mode
ptp4l[1495.203]: port 2: defaultDS.priority1 probably misconfigured
ptp4l[1495.556]: selected best master clock 4aa13e.fffe.ffea78
ptp4l[1495.557]: foreign master not using PTP timescale
ptp4l[1495.942]: selected best master clock 4aa13e.fffe.ffea78
ptp4l[1495.943]: foreign master not using PTP timescale
ptp4l[1495.944]: port 2: master state recommended in slave only mode
ptp4l[1495.945]: port 2: defaultDS.priority1 probably misconfigured
ptp4l[1496.520]: selected best master clock 4aa13e.fffe.ffea78
ptp4l[1496.521]: foreign master not using PTP timescale
ptp4l[1496.942]: selected best master clock 4aa13e.fffe.ffea78
ptp4l[1496.943]: foreign master not using PTP timescale
ptp4l[1496.944]: port 2: master state recommended in slave only mode
ptp4l[1496.945]: port 2: defaultDS.priority1 probably misconfigured
ptp4l[1497.292]: selected best master clock 4aa13e.fffe.ffea78
ptp4l[1497.293]: foreign master not using PTP timescale
ptp4l[1497.694]: selected best master clock 4aa13e.fffe.ffea78
ptp4l[1497.697]: foreign master not using PTP timescale
ptp4l[1497.700]: port 2: master state recommended in slave only mode
ptp4l[1497.702]: port 2: defaultDS.priority1 probably misconfigured
ptp4l[1498.189]: selected best master clock 4aa13e.fffe.ffea78
ptp4l[1498.192]: foreign master not using PTP timescale
ptp4l[1498.444]: selected best master clock 4aa13e.fffe.ffea78
ptp4l[1498.445]: foreign master not using PTP timescale
ptp4l[1498.448]: port 2: master state recommended in slave only mode
ptp4l[1498.455]: port 2: defaultDS.priority1 probably misconfigured
ptp4l[1499.192]: selected best master clock 4aa13e.fffe.ffea78
ptp4l[1499.192]: foreign master not using PTP timescale
ptp4l[1499.445]: selected best master clock 4aa13e.fffe.ffea78
ptp4l[1499.448]: foreign master not using PTP timescale
ptp4l[1499.450]: port 2: master state recommended in slave only mode
ptp4l[1499.453]: port 2: defaultDS.priority1 probably misconfigured
ptp4l[1500.192]: selected best master clock 4aa13e.fffe.ffea78
ptp4l[1500.194]: foreign master not using PTP timescale
ptp4l[1500.445]: selected best master clock 4aa13e.fffe.ffea78
ptp4l[1500.447]: foreign master not using PTP timescale
ptp4l[1500.449]: port 2: master state recommended in slave only mode
ptp4l[1500.451]: port 2: defaultDS.priority1 probably misconfigured
ptp4l[1501.136]: selected best master clock 4aa13e.fffe.ffea78
ptp4l[1501.138]: foreign master not using PTP timescale
ptp4l[1501.446]: selected best master clock 4aa13e.fffe.ffea78
ptp4l[1501.449]: foreign master not using PTP timescale
ptp4l[1501.451]: port 2: master state recommended in slave only mode
ptp4l[1501.455]: port 2: defaultDS.priority1 probably misconfigured
ptp4l[1502.012]: selected best master clock 4aa13e.fffe.ffea78
ptp4l[1502.013]: foreign master not using PTP timescale
ptp4l[1502.446]: selected best master clock 4aa13e.fffe.ffea78
ptp4l[1502.447]: foreign master not using PTP timescale
ptp4l[1502.448]: port 2: master state recommended in slave only mode
ptp4l[1502.449]: port 2: defaultDS.priority1 probably misconfigured
ptp4l[1502.840]: selected best master clock 4aa13e.fffe.ffea78
ptp4l[1502.840]: foreign master not using PTP timescale
