ptp4l[175.636]: port 1: INITIALIZING to LISTENING on INIT_COMPLETE
ptp4l[175.638]: port 0: INITIALIZING to LISTENING on INIT_COMPLETE
ptp4l[176.482]: port 1: new foreign master 3ee87a.fffe.23c549-1
ptp4l[176.580]: selected local clock b610ba.fffe.4e40bb as best master
ptp4l[176.627]: port 1: new foreign master e2697b.fffe.9381d5-1
ptp4l[176.983]: selected best master clock 3ee87a.fffe.23c549
ptp4l[176.989]: foreign master not using PTP timescale
ptp4l[176.992]: port 1: LISTENING to UNCALIBRATED on RS_SLAVE
ptp4l[177.127]: selected best master clock e2697b.fffe.9381d5
ptp4l[177.130]: foreign master not using PTP timescale
ptp4l[177.483]: selected best master clock e2697b.fffe.9381d5
ptp4l[177.486]: foreign master not using PTP timescale
ptp4l[177.984]: selected best master clock e2697b.fffe.9381d5
ptp4l[177.986]: foreign master not using PTP timescale
ptp4l[178.484]: selected best master clock e2697b.fffe.9381d5
ptp4l[178.486]: foreign master not using PTP timescale
ptp4l[178.984]: selected best master clock e2697b.fffe.9381d5
ptp4l[178.985]: foreign master not using PTP timescale
ptp4l[179.484]: selected best master clock e2697b.fffe.9381d5
ptp4l[179.485]: foreign master not using PTP timescale
ptp4l[179.984]: selected best master clock e2697b.fffe.9381d5
ptp4l[179.987]: foreign master not using PTP timescale
ptp4l[180.485]: selected best master clock e2697b.fffe.9381d5
ptp4l[180.488]: foreign master not using PTP timescale
ptp4l[180.987]: selected best master clock e2697b.fffe.9381d5
ptp4l[180.989]: foreign master not using PTP timescale
ptp4l[181.489]: selected best master clock e2697b.fffe.9381d5
ptp4l[181.491]: foreign master not using PTP timescale
ptp4l[181.991]: selected best master clock e2697b.fffe.9381d5
ptp4l[181.992]: foreign master not using PTP timescale
ptp4l[182.494]: selected best master clock e2697b.fffe.9381d5
ptp4l[182.495]: foreign master not using PTP timescale
ptp4l[182.996]: selected best master clock e2697b.fffe.9381d5
ptp4l[182.997]: foreign master not using PTP timescale
ptp4l[183.499]: selected best master clock e2697b.fffe.9381d5
ptp4l[183.500]: foreign master not using PTP timescale
ptp4l[184.002]: selected best master clock e2697b.fffe.9381d5
ptp4l[184.005]: foreign master not using PTP timescale
ptp4l[184.504]: selected best master clock e2697b.fffe.9381d5
ptp4l[184.506]: foreign master not using PTP timescale
ptp4l[185.006]: selected best master clock e2697b.fffe.9381d5
ptp4l[185.008]: foreign master not using PTP timescale
ptp4l[185.507]: selected best master clock e2697b.fffe.9381d5
ptp4l[185.509]: foreign master not using PTP timescale
ptp4l[186.007]: selected best master clock e2697b.fffe.9381d5
ptp4l[186.008]: foreign master not using PTP timescale
ptp4l[186.507]: selected best master clock e2697b.fffe.9381d5
ptp4l[186.508]: foreign master not using PTP timescale
