ptp4l[593.012]: port 1 (v-ru1): INITIALIZING to LISTENING on INIT_COMPLETE
ptp4l[593.012]: port 0 (/var/run/p.ru1): INITIALIZING to LISTENING on INIT_COMPLETE
ptp4l[593.012]: port 0 (/var/run/pr.ru1): INITIALIZING to LISTENING on INIT_COMPLETE
ptp4l[593.400]: selected local clock 020000.fffe.00000c as best master
ptp4l[593.511]: port 1 (v-ru1): new foreign master 020000.fffe.000001-2
ptp4l[593.761]: selected best master clock 020000.fffe.00000a
ptp4l[593.761]: foreign master not using PTP timescale
ptp4l[593.761]: port 1 (v-ru1): LISTENING to UNCALIBRATED on RS_SLAVE
ptp4l[595.825]: master offset       -347 s0 freq     -29 path delay      4705
ptp4l[597.827]: master offset        638 s0 freq      -2 path delay      3715
ptp4l[599.829]: master offset       -371 s0 freq     +27 path delay      4778
ptp4l[601.232]: port 1 (v-ru1): new foreign master 020000.fffe.00000a-2
ptp4l[601.576]: selected best master clock 020000.fffe.00000a
ptp4l[601.576]: running in a temporal vortex
ptp4l[601.576]: updating time properties to insert leap second
ptp4l[601.765]: running in a temporal vortex
ptp4l[602.016]: running in a temporal vortex
ptp4l[602.266]: running in a temporal vortex
ptp4l[602.516]: running in a temporal vortex
ptp4l[602.766]: running in a temporal vortex
ptp4l[603.016]: running in a temporal vortex
ptp4l[603.267]: running in a temporal vortex
ptp4l[603.517]: running in a temporal vortex
ptp4l[603.767]: running in a temporal vortex
ptp4l[604.018]: running in a temporal vortex
ptp4l[604.268]: running in a temporal vortex
ptp4l[604.518]: running in a temporal vortex
ptp4l[604.768]: running in a temporal vortex
ptp4l[605.018]: running in a temporal vortex
ptp4l[605.268]: running in a temporal vortex
ptp4l[605.518]: running in a temporal vortex
ptp4l[605.768]: running in a temporal vortex
ptp4l[606.019]: running in a temporal vortex
ptp4l[606.269]: running in a temporal vortex
ptp4l[606.519]: running in a temporal vortex
ptp4l[606.769]: running in a temporal vortex
ptp4l[607.019]: running in a temporal vortex
ptp4l[607.269]: running in a temporal vortex
ptp4l[607.519]: running in a temporal vortex
ptp4l[607.770]: running in a temporal vortex
ptp4l[608.020]: running in a temporal vortex
ptp4l[608.270]: running in a temporal vortex
ptp4l[608.520]: running in a temporal vortex
ptp4l[608.770]: running in a temporal vortex
ptp4l[609.020]: running in a temporal vortex
ptp4l[609.270]: running in a temporal vortex
ptp4l[609.521]: running in a temporal vortex
ptp4l[609.771]: running in a temporal vortex
ptp4l[610.021]: running in a temporal vortex
ptp4l[610.271]: running in a temporal vortex
ptp4l[610.521]: running in a temporal vortex
ptp4l[610.771]: running in a temporal vortex
ptp4l[611.022]: running in a temporal vortex
ptp4l[611.272]: running in a temporal vortex
ptp4l[611.522]: running in a temporal vortex
ptp4l[611.772]: running in a temporal vortex
ptp4l[612.022]: running in a temporal vortex
ptp4l[612.272]: running in a temporal vortex
ptp4l[612.522]: running in a temporal vortex
ptp4l[612.773]: running in a temporal vortex
ptp4l[613.023]: running in a temporal vortex
ptp4l[613.273]: running in a temporal vortex
ptp4l[613.523]: running in a temporal vortex
ptp4l[613.773]: running in a temporal vortex
ptp4l[614.023]: running in a temporal vortex
ptp4l[614.273]: running in a temporal vortex
ptp4l[614.524]: running in a temporal vortex
ptp4l[614.774]: running in a temporal vortex
ptp4l[615.024]: running in a temporal vortex
ptp4l[615.274]: running in a temporal vortex
ptp4l[615.524]: running in a temporal vortex
ptp4l[615.774]: running in a temporal vortex
ptp4l[616.025]: running in a temporal vortex
ptp4l[616.275]: running in a temporal vortex
ptp4l[616.525]: running in a temporal vortex
ptp4l[616.775]: running in a temporal vortex
ptp4l[617.025]: running in a temporal vortex
ptp4l[617.275]: running in a temporal vortex
ptp4l[617.526]: running in a temporal vortex
ptp4l[617.776]: running in a temporal vortex
ptp4l[618.026]: running in a temporal vortex
ptp4l[618.276]: running in a temporal vortex
ptp4l[618.526]: running in a temporal vortex
ptp4l[618.776]: running in a temporal vortex
ptp4l[619.026]: running in a temporal vortex
ptp4l[619.276]: running in a temporal vortex
ptp4l[619.526]: running in a temporal vortex
ptp4l[619.777]: running in a temporal vortex
ptp4l[620.027]: running in a temporal vortex
ptp4l[620.277]: running in a temporal vortex
ptp4l[620.527]: running in a temporal vortex
ptp4l[620.777]: running in a temporal vortex
ptp4l[621.027]: running in a temporal vortex
ptp4l[621.277]: running in a temporal vortex
ptp4l[621.527]: running in a temporal vortex
ptp4l[621.778]: running in a temporal vortex
ptp4l[622.028]: running in a temporal vortex
ptp4l[622.278]: running in a temporal vortex
ptp4l[622.528]: running in a temporal vortex
ptp4l[622.778]: running in a temporal vortex
ptp4l[623.029]: running in a temporal vortex
ptp4l[623.279]: running in a temporal vortex
ptp4l[623.529]: running in a temporal vortex
ptp4l[623.779]: running in a temporal vortex
ptp4l[624.029]: running in a temporal vortex
ptp4l[624.279]: running in a temporal vortex
ptp4l[624.530]: running in a temporal vortex
ptp4l[624.780]: running in a temporal vortex
ptp4l[625.030]: running in a temporal vortex
ptp4l[625.280]: running in a temporal vortex
ptp4l[625.530]: running in a temporal vortex
ptp4l[625.780]: running in a temporal vortex
ptp4l[626.030]: running in a temporal vortex
ptp4l[626.281]: running in a temporal vortex
ptp4l[626.531]: running in a temporal vortex
ptp4l[626.781]: running in a temporal vortex
ptp4l[627.031]: running in a temporal vortex
ptp4l[627.281]: running in a temporal vortex
ptp4l[627.531]: running in a temporal vortex
ptp4l[627.782]: running in a temporal vortex
ptp4l[628.032]: running in a temporal vortex
ptp4l[628.282]: running in a temporal vortex
ptp4l[628.532]: running in a temporal vortex
ptp4l[628.782]: running in a temporal vortex
ptp4l[629.032]: running in a temporal vortex
ptp4l[629.282]: running in a temporal vortex
ptp4l[629.533]: running in a temporal vortex
ptp4l[629.783]: running in a temporal vortex
ptp4l[630.033]: running in a temporal vortex
ptp4l[630.283]: running in a temporal vortex
ptp4l[630.533]: running in a temporal vortex
ptp4l[630.783]: running in a temporal vortex
ptp4l[631.033]: running in a temporal vortex
ptp4l[631.284]: running in a temporal vortex
ptp4l[631.534]: running in a temporal vortex
ptp4l[631.784]: running in a temporal vortex
ptp4l[632.034]: running in a temporal vortex
ptp4l[632.284]: running in a temporal vortex
ptp4l[632.534]: running in a temporal vortex
ptp4l[632.784]: running in a temporal vortex
