ptp4l[51.864]: port 1: INITIALIZING to LISTENING on INIT_COMPLETE
ptp4l[51.865]: port 0: INITIALIZING to LISTENING on INIT_COMPLETE
ptp4l[52.669]: port 1: new foreign master b2930e.fffe.3b8855-1
ptp4l[52.800]: selected local clock 6a6867.fffe.94b204 as best master
ptp4l[53.001]: port 1: new foreign master 66bd0d.fffe.9fdaf1-1
ptp4l[53.169]: selected best master clock b2930e.fffe.3b8855
ptp4l[53.170]: foreign master not using PTP timescale
ptp4l[53.171]: port 1: LISTENING to UNCALIBRATED on RS_SLAVE
ptp4l[53.501]: selected best master clock 66bd0d.fffe.9fdaf1
ptp4l[53.503]: foreign master not using PTP timescale
ptp4l[53.919]: selected best master clock 66bd0d.fffe.9fdaf1
ptp4l[53.920]: foreign master not using PTP timescale
ptp4l[54.420]: selected best master clock 66bd0d.fffe.9fdaf1
ptp4l[54.422]: foreign master not using PTP timescale
ptp4l[54.920]: selected best master clock 66bd0d.fffe.9fdaf1
ptp4l[54.921]: foreign master not using PTP timescale
ptp4l[55.421]: selected best master clock 66bd0d.fffe.9fdaf1
ptp4l[55.421]: foreign master not using PTP timescale
ptp4l[55.921]: selected best master clock 66bd0d.fffe.9fdaf1
ptp4l[55.923]: foreign master not using PTP timescale
ptp4l[56.421]: selected best master clock 66bd0d.fffe.9fdaf1
ptp4l[56.422]: foreign master not using PTP timescale
ptp4l[56.922]: selected best master clock 66bd0d.fffe.9fdaf1
ptp4l[56.924]: foreign master not using PTP timescale
ptp4l[57.422]: selected best master clock 66bd0d.fffe.9fdaf1
ptp4l[57.424]: foreign master not using PTP timescale
ptp4l[57.922]: selected best master clock 66bd0d.fffe.9fdaf1
ptp4l[57.923]: foreign master not using PTP timescale
ptp4l[58.423]: selected best master clock 66bd0d.fffe.9fdaf1
ptp4l[58.426]: foreign master not using PTP timescale
ptp4l[58.923]: selected best master clock 66bd0d.fffe.9fdaf1
ptp4l[58.924]: foreign master not using PTP timescale
ptp4l[59.423]: selected best master clock 66bd0d.fffe.9fdaf1
ptp4l[59.426]: foreign master not using PTP timescale
ptp4l[59.923]: selected best master clock 66bd0d.fffe.9fdaf1
ptp4l[59.924]: foreign master not using PTP timescale
ptp4l[60.423]: selected best master clock 66bd0d.fffe.9fdaf1
ptp4l[60.424]: foreign master not using PTP timescale
ptp4l[60.924]: selected best master clock 66bd0d.fffe.9fdaf1
ptp4l[60.925]: foreign master not using PTP timescale
ptp4l[61.424]: selected best master clock 66bd0d.fffe.9fdaf1
ptp4l[61.425]: foreign master not using PTP timescale
ptp4l[61.925]: selected best master clock 66bd0d.fffe.9fdaf1
ptp4l[61.926]: foreign master not using PTP timescale
ptp4l[62.425]: selected best master clock 66bd0d.fffe.9fdaf1
ptp4l[62.428]: foreign master not using PTP timescale
ptp4l[62.926]: selected best master clock 66bd0d.fffe.9fdaf1
ptp4l[62.926]: foreign master not using PTP timescale
ptp4l[63.427]: selected best master clock 66bd0d.fffe.9fdaf1
ptp4l[63.429]: foreign master not using PTP timescale
ptp4l[63.604]: port 1: UNCALIBRATED to LISTENING on ANNOUNCE_RECEIPT_TIMEOUT_EXPIRES
ptp4l[63.606]: selected local clock 6a6867.fffe.94b204 as best master
ptp4l[63.927]: selected best master clock b2930e.fffe.3b8855
ptp4l[63.927]: foreign master not using PTP timescale
ptp4l[63.928]: port 1: LISTENING to UNCALIBRATED on RS_SLAVE
