ptp4l[1185.396]: port 1 (v-ru2): INITIALIZING to LISTENING on INIT_COMPLETE
ptp4l[1185.396]: port 0 (/var/run/p.ru2): INITIALIZING to LISTENING on INIT_COMPLETE
ptp4l[1185.396]: port 0 (/var/run/pr.ru2): INITIALIZING to LISTENING on INIT_COMPLETE
ptp4l[1185.826]: selected local clock 020000.fffe.00000d as best master
ptp4l[1185.863]: port 1 (v-ru2): new foreign master 020000.fffe.000001-2
ptp4l[1186.113]: selected best master clock 020000.fffe.00000a
ptp4l[1186.113]: foreign master not using PTP timescale
ptp4l[1186.113]: port 1 (v-ru2): LISTENING to UNCALIBRATED on RS_SLAVE
ptp4l[1188.178]: master offset       -884 s0 freq    +858 path delay      4380
ptp4l[1190.179]: master offset       -361 s0 freq    -131 path delay      3595
ptp4l[1192.181]: master offset       -371 s0 freq    +104 path delay      3813
ptp4l[1193.608]: port 1 (v-ru2): new foreign master 020000.fffe.00000a-2
ptp4l[1193.904]: selected best master clock 020000.fffe.00000a
ptp4l[1193.904]: running in a temporal vortex
ptp4l[1193.904]: updating time properties to insert leap second
ptp4l[1194.116]: running in a temporal vortex
ptp4l[1194.367]: running in a temporal vortex
ptp4l[1194.617]: running in a temporal vortex
ptp4l[1194.867]: running in a temporal vortex
ptp4l[1195.117]: running in a temporal vortex
ptp4l[1195.367]: running in a temporal vortex
ptp4l[1195.617]: running in a temporal vortex
ptp4l[1195.867]: running in a temporal vortex
ptp4l[1196.117]: running in a temporal vortex
ptp4l[1196.367]: running in a temporal vortex
ptp4l[1196.617]: running in a temporal vortex
ptp4l[1196.868]: running in a temporal vortex
ptp4l[1197.118]: running in a temporal vortex
ptp4l[1197.368]: running in a temporal vortex
ptp4l[1197.620]: running in a temporal vortex
ptp4l[1197.870]: running in a temporal vortex
ptp4l[1198.120]: running in a temporal vortex
ptp4l[1198.370]: running in a temporal vortex
ptp4l[1198.620]: running in a temporal vortex
ptp4l[1198.870]: running in a temporal vortex
ptp4l[1199.120]: running in a temporal vortex
ptp4l[1199.370]: running in a temporal vortex
ptp4l[1199.620]: running in a temporal vortex
ptp4l[1199.871]: running in a temporal vortex
ptp4l[1200.121]: running in a temporal vortex
ptp4l[1200.371]: running in a temporal vortex
ptp4l[1200.621]: running in a temporal vortex
ptp4l[1200.871]: running in a temporal vortex
ptp4l[1201.121]: running in a temporal vortex
ptp4l[1201.371]: running in a temporal vortex
ptp4l[1201.622]: running in a temporal vortex
ptp4l[1201.872]: running in a temporal vortex
ptp4l[1202.122]: running in a temporal vortex
ptp4l[1202.372]: running in a temporal vortex
ptp4l[1202.622]: running in a temporal vortex
ptp4l[1202.872]: running in a temporal vortex
ptp4l[1203.122]: running in a temporal vortex
ptp4l[1203.372]: running in a temporal vortex
ptp4l[1203.622]: running in a temporal vortex
ptp4l[1203.873]: running in a temporal vortex
ptp4l[1204.123]: running in a temporal vortex
ptp4l[1204.373]: running in a temporal vortex
ptp4l[1204.623]: running in a temporal vortex
ptp4l[1204.873]: running in a temporal vortex
ptp4l[1205.123]: running in a temporal vortex
ptp4l[1205.373]: running in a temporal vortex
ptp4l[1205.624]: running in a temporal vortex
ptp4l[1205.874]: running in a temporal vortex
ptp4l[1206.124]: running in a temporal vortex
ptp4l[1206.374]: running in a temporal vortex
ptp4l[1206.624]: running in a temporal vortex
ptp4l[1206.874]: running in a temporal vortex
ptp4l[1207.124]: running in a temporal vortex
ptp4l[1207.375]: running in a temporal vortex
ptp4l[1207.625]: running in a temporal vortex
ptp4l[1207.875]: running in a temporal vortex
ptp4l[1208.125]: running in a temporal vortex
ptp4l[1208.375]: running in a temporal vortex
ptp4l[1208.625]: running in a temporal vortex
ptp4l[1208.875]: running in a temporal vortex
ptp4l[1209.125]: running in a temporal vortex
ptp4l[1209.376]: running in a temporal vortex
ptp4l[1209.626]: running in a temporal vortex
ptp4l[1209.876]: running in a temporal vortex
ptp4l[1210.126]: running in a temporal vortex
ptp4l[1210.376]: running in a temporal vortex
ptp4l[1210.626]: running in a temporal vortex
ptp4l[1210.876]: running in a temporal vortex
ptp4l[1211.127]: running in a temporal vortex
ptp4l[1211.377]: running in a temporal vortex
ptp4l[1211.627]: running in a temporal vortex
ptp4l[1211.877]: running in a temporal vortex
ptp4l[1212.127]: running in a temporal vortex
ptp4l[1212.377]: running in a temporal vortex
ptp4l[1212.627]: running in a temporal vortex
ptp4l[1212.877]: running in a temporal vortex
ptp4l[1213.128]: running in a temporal vortex
ptp4l[1213.378]: running in a temporal vortex
ptp4l[1213.628]: running in a temporal vortex
ptp4l[1213.878]: running in a temporal vortex
ptp4l[1214.128]: running in a temporal vortex
ptp4l[1214.378]: running in a temporal vortex
ptp4l[1214.628]: running in a temporal vortex
ptp4l[1214.879]: running in a temporal vortex
ptp4l[1215.129]: running in a temporal vortex
ptp4l[1215.379]: running in a temporal vortex
ptp4l[1215.629]: running in a temporal vortex
ptp4l[1215.879]: running in a temporal vortex
ptp4l[1216.129]: running in a temporal vortex
ptp4l[1216.379]: running in a temporal vortex
ptp4l[1216.630]: running in a temporal vortex
ptp4l[1216.880]: running in a temporal vortex
ptp4l[1217.130]: running in a temporal vortex
ptp4l[1217.380]: running in a temporal vortex
ptp4l[1217.631]: running in a temporal vortex
ptp4l[1217.881]: running in a temporal vortex
ptp4l[1218.131]: running in a temporal vortex
ptp4l[1218.381]: running in a temporal vortex
ptp4l[1218.631]: running in a temporal vortex
ptp4l[1218.881]: running in a temporal vortex
ptp4l[1219.131]: running in a temporal vortex
ptp4l[1219.382]: running in a temporal vortex
ptp4l[1219.632]: running in a temporal vortex
ptp4l[1219.882]: running in a temporal vortex
ptp4l[1220.132]: running in a temporal vortex
ptp4l[1220.382]: running in a temporal vortex
ptp4l[1220.632]: running in a temporal vortex
ptp4l[1220.883]: running in a temporal vortex
ptp4l[1221.133]: running in a temporal vortex
ptp4l[1221.383]: running in a temporal vortex
ptp4l[1221.633]: running in a temporal vortex
ptp4l[1221.883]: running in a temporal vortex
ptp4l[1222.133]: running in a temporal vortex
ptp4l[1222.384]: running in a temporal vortex
ptp4l[1222.634]: running in a temporal vortex
ptp4l[1222.884]: running in a temporal vortex
ptp4l[1223.134]: running in a temporal vortex
ptp4l[1223.384]: running in a temporal vortex
ptp4l[1223.634]: running in a temporal vortex
ptp4l[1223.884]: running in a temporal vortex
ptp4l[1224.135]: running in a temporal vortex
ptp4l[1224.385]: running in a temporal vortex
ptp4l[1224.635]: running in a temporal vortex
ptp4l[1224.885]: running in a temporal vortex
ptp4l[1225.135]: running in a temporal vortex
