ptp4l[722.916]: port 1 (v-ru1): INITIALIZING to LISTENING on INIT_COMPLETE
ptp4l[722.916]: port 0 (/var/run/p.ru1): INITIALIZING to LISTENING on INIT_COMPLETE
ptp4l[722.916]: port 0 (/var/run/pr.ru1): INITIALIZING to LISTENING on INIT_COMPLETE
ptp4l[723.332]: selected local clock 020000.fffe.00000c as best master
ptp4l[723.396]: port 1 (v-ru1): new foreign master 020000.fffe.000001-2
ptp4l[723.647]: selected best master clock 020000.fffe.00000a
ptp4l[723.647]: foreign master not using PTP timescale
ptp4l[723.647]: port 1 (v-ru1): LISTENING to UNCALIBRATED on RS_SLAVE
ptp4l[725.710]: master offset        -41 s0 freq    -375 path delay      3233
ptp4l[727.712]: master offset      -2634 s0 freq    -327 path delay      5171
ptp4l[729.714]: master offset       1326 s0 freq   +1401 path delay      4016
ptp4l[731.716]: master offset        841 s0 freq    -384 path delay      3732
ptp4l[733.717]: master offset       -381 s0 freq    -441 path delay      4072
ptp4l[735.721]: master offset       3046 s0 freq   +3106 path delay      6867
ptp4l[737.723]: master offset         73 s0 freq   -2576 path delay      4682
ptp4l[739.725]: master offset       -569 s0 freq    -664 path delay      3994
ptp4l[741.727]: master offset       1436 s0 freq   +1438 path delay      4869
ptp4l[743.730]: master offset        699 s0 freq     +14 path delay      5634
ptp4l[745.732]: master offset       -885 s0 freq   -1818 path delay      3579
ptp4l[747.735]: master offset        658 s0 freq    +949 path delay      3936
ptp4l[749.738]: master offset       -565 s0 freq    -494 path delay      4169
ptp4l[751.740]: master offset        -61 s0 freq    -199 path delay      3267
ptp4l[753.742]: master offset        159 s0 freq    +139 path delay      3325
ptp4l[755.744]: master offset       -453 s0 freq     -49 path delay      3839
ptp4l[757.747]: master offset       -695 s0 freq    -249 path delay      3582
ptp4l[759.749]: master offset       -423 s0 freq     +69 path delay      3449
ptp4l[761.751]: master offset      -1707 s0 freq    -254 path delay      4224
ptp4l[763.754]: master offset       -544 s0 freq    +686 path delay      4436
ptp4l[765.755]: master offset       -397 s0 freq    -325 path delay      3639
ptp4l[767.757]: master offset       1598 s0 freq   +1153 path delay      3952
ptp4l[769.759]: master offset       1032 s0 freq    -624 path delay      3269
