ptp4l[132.580]: port 1: INITIALIZING to LISTENING on INIT_COMPLETE
ptp4l[132.581]: port 0: INITIALIZING to LISTENING on INIT_COMPLETE
ptp4l[133.436]: selected local clock 36b7ef.fffe.1a7626 as best master
ptp4l[133.454]: port 1: new foreign master de515a.fffe.f9f366-1
ptp4l[133.568]: port 1: new foreign master 364b9e.fffe.b6829b-1
ptp4l[133.954]: selected best master clock de515a.fffe.f9f366
ptp4l[133.957]: foreign master not using PTP timescale
ptp4l[133.960]: port 1: LISTENING to UNCALIBRATED on RS_SLAVE
ptp4l[134.068]: selected best master clock 364b9e.fffe.b6829b
ptp4l[134.069]: foreign master not using PTP timescale
ptp4l[134.455]: selected best master clock 364b9e.fffe.b6829b
ptp4l[134.457]: foreign master not using PTP timescale
ptp4l[134.955]: selected best master clock 364b9e.fffe.b6829b
ptp4l[134.956]: foreign master not using PTP timescale
ptp4l[135.455]: selected best master clock 364b9e.fffe.b6829b
ptp4l[135.456]: foreign master not using PTP timescale
ptp4l[135.956]: selected best master clock 364b9e.fffe.b6829b
ptp4l[135.957]: foreign master not using PTP timescale
ptp4l[136.458]: selected best master clock 364b9e.fffe.b6829b
ptp4l[136.459]: foreign master not using PTP timescale
ptp4l[136.957]: selected best master clock 364b9e.fffe.b6829b
ptp4l[136.958]: foreign master not using PTP timescale
ptp4l[137.459]: selected best master clock 364b9e.fffe.b6829b
ptp4l[137.459]: foreign master not using PTP timescale
ptp4l[137.958]: selected best master clock 364b9e.fffe.b6829b
ptp4l[137.959]: foreign master not using PTP timescale
ptp4l[138.458]: selected best master clock 364b9e.fffe.b6829b
ptp4l[138.459]: foreign master not using PTP timescale
ptp4l[138.959]: selected best master clock 364b9e.fffe.b6829b
ptp4l[138.960]: foreign master not using PTP timescale
ptp4l[139.460]: selected best master clock 364b9e.fffe.b6829b
ptp4l[139.461]: foreign master not using PTP timescale
ptp4l[139.960]: selected best master clock 364b9e.fffe.b6829b
ptp4l[139.960]: foreign master not using PTP timescale
ptp4l[140.460]: selected best master clock 364b9e.fffe.b6829b
ptp4l[140.461]: foreign master not using PTP timescale
ptp4l[140.960]: selected best master clock 364b9e.fffe.b6829b
ptp4l[140.961]: foreign master not using PTP timescale
ptp4l[141.461]: selected best master clock 364b9e.fffe.b6829b
ptp4l[141.462]: foreign master not using PTP timescale
ptp4l[141.961]: selected best master clock 364b9e.fffe.b6829b
ptp4l[141.962]: foreign master not using PTP timescale
ptp4l[142.461]: selected best master clock 364b9e.fffe.b6829b
ptp4l[142.462]: foreign master not using PTP timescale
ptp4l[142.962]: selected best master clock 364b9e.fffe.b6829b
ptp4l[142.963]: foreign master not using PTP timescale
ptp4l[143.462]: selected best master clock 364b9e.fffe.b6829b
ptp4l[143.463]: foreign master not using PTP timescale
