ptp4l[2322.668]: port 1: INITIALIZING to LISTENING on INIT_COMPLETE
ptp4l[2322.712]: port 2: INITIALIZING to LISTENING on INIT_COMPLETE
ptp4l[2322.713]: port 0: INITIALIZING to LISTENING on INIT_COMPLETE
ptp4l[2323.461]: port 1: new foreign master be7c66.fffe.f4172c-1
ptp4l[2323.528]: selected local clock 4a47f1.fffe.5eb390 as best master
ptp4l[2323.529]: port 2: new foreign master 5a051f.fffe.03598f-1
ptp4l[2323.740]: selected local clock 4a47f1.fffe.5eb390 as best master
ptp4l[2323.961]: selected best master clock be7c66.fffe.f4172c
ptp4l[2323.962]: foreign master not using PTP timescale
ptp4l[2323.963]: port 1: LISTENING to UNCALIBRATED on RS_SLAVE
ptp4l[2324.020]: selected best master clock be7c66.fffe.f4172c
ptp4l[2324.022]: foreign master not using PTP timescale
ptp4l[2324.023]: port 2: master state recommended in slave only mode
ptp4l[2324.024]: port 2: defaultDS.priority1 probably misconfigured
ptp4l[2324.544]: selected best master clock be7c66.fffe.f4172c
ptp4l[2324.545]: foreign master not using PTP timescale
ptp4l[2325.021]: selected best master clock be7c66.fffe.f4172c
ptp4l[2325.023]: foreign master not using PTP timescale
ptp4l[2325.025]: port 2: master state recommended in slave only mode
ptp4l[2325.027]: port 2: defaultDS.priority1 probably misconfigured
ptp4l[2325.380]: selected best master clock be7c66.fffe.f4172c
ptp4l[2325.381]: foreign master not using PTP timescale
ptp4l[2325.771]: selected best master clock be7c66.fffe.f4172c
ptp4l[2325.774]: foreign master not using PTP timescale
ptp4l[2325.776]: port 2: master state recommended in slave only mode
ptp4l[2325.778]: port 2: defaultDS.priority1 probably misconfigured
ptp4l[2326.192]: selected best master clock be7c66.fffe.f4172c
ptp4l[2326.193]: foreign master not using PTP timescale
ptp4l[2326.521]: selected best master clock be7c66.fffe.f4172c
ptp4l[2326.523]: foreign master not using PTP timescale
ptp4l[2326.524]: port 2: master state recommended in slave only mode
ptp4l[2326.525]: port 2: defaultDS.priority1 probably misconfigured
ptp4l[2327.044]: selected best master clock be7c66.fffe.f4172c
ptp4l[2327.045]: foreign master not using PTP timescale
ptp4l[2327.522]: selected best master clock be7c66.fffe.f4172c
ptp4l[2327.523]: foreign master not using PTP timescale
ptp4l[2327.524]: port 2: master state recommended in slave only mode
ptp4l[2327.525]: port 2: defaultDS.priority1 probably misconfigured
ptp4l[2327.892]: selected best master clock be7c66.fffe.f4172c
ptp4l[2327.893]: foreign master not using PTP timescale
ptp4l[2328.272]: selected best master clock be7c66.fffe.f4172c
ptp4l[2328.273]: foreign master not using PTP timescale
ptp4l[2328.274]: port 2: master state recommended in slave only mode
ptp4l[2328.275]: port 2: defaultDS.priority1 probably misconfigured
ptp4l[2328.804]: selected best master clock be7c66.fffe.f4172c
ptp4l[2328.807]: foreign master not using PTP timescale
ptp4l[2329.273]: selected best master clock be7c66.fffe.f4172c
ptp4l[2329.274]: foreign master not using PTP timescale
ptp4l[2329.274]: port 2: master state recommended in slave only mode
ptp4l[2329.275]: port 2: defaultDS.priority1 probably misconfigured
ptp4l[2329.696]: selected best master clock be7c66.fffe.f4172c
ptp4l[2329.699]: foreign master not using PTP timescale
ptp4l[2330.023]: selected best master clock be7c66.fffe.f4172c
ptp4l[2330.024]: foreign master not using PTP timescale
ptp4l[2330.025]: port 2: master state recommended in slave only mode
ptp4l[2330.025]: port 2: defaultDS.priority1 probably misconfigured
ptp4l[2330.548]: selected best master clock be7c66.fffe.f4172c
ptp4l[2330.549]: foreign master not using PTP timescale
ptp4l[2331.024]: selected best master clock be7c66.fffe.f4172c
ptp4l[2331.024]: foreign master not using PTP timescale
ptp4l[2331.025]: port 2: master state recommended in slave only mode
ptp4l[2331.026]: port 2: defaultDS.priority1 probably misconfigured
ptp4l[2331.472]: selected best master clock be7c66.fffe.f4172c
ptp4l[2331.475]: foreign master not using PTP timescale
ptp4l[2331.774]: selected best master clock be7c66.fffe.f4172c
ptp4l[2331.778]: foreign master not using PTP timescale
ptp4l[2331.780]: port 2: master state recommended in slave only mode
ptp4l[2331.783]: port 2: defaultDS.priority1 probably misconfigured
ptp4l[2332.316]: selected best master clock be7c66.fffe.f4172c
ptp4l[2332.319]: foreign master not using PTP timescale
ptp4l[2332.775]: selected best master clock be7c66.fffe.f4172c
ptp4l[2332.778]: foreign master not using PTP timescale
ptp4l[2332.780]: port 2: master state recommended in slave only mode
ptp4l[2332.783]: port 2: defaultDS.priority1 probably misconfigured
ptp4l[2333.292]: selected best master clock be7c66.fffe.f4172c
ptp4l[2333.292]: foreign master not using PTP timescale
ptp4l[2333.775]: selected best master clock be7c66.fffe.f4172c
ptp4l[2333.776]: foreign master not using PTP timescale
ptp4l[2333.777]: port 2: master state recommended in slave only mode
ptp4l[2333.778]: port 2: defaultDS.priority1 probably misconfigured
ptp4l[2334.224]: selected best master clock be7c66.fffe.f4172c
ptp4l[2334.225]: foreign master not using PTP timescale
ptp4l[2334.526]: selected best master clock be7c66.fffe.f4172c
ptp4l[2334.527]: foreign master not using PTP timescale
ptp4l[2334.528]: port 2: master state recommended in slave only mode
ptp4l[2334.529]: port 2: defaultDS.priority1 probably misconfigured
ptp4l[2335.212]: selected best master clock be7c66.fffe.f4172c
ptp4l[2335.214]: foreign master not using PTP timescale
ptp4l[2335.526]: selected best master clock be7c66.fffe.f4172c
ptp4l[2335.527]: foreign master not using PTP timescale
ptp4l[2335.528]: port 2: master state recommended in slave only mode
ptp4l[2335.530]: port 2: defaultDS.priority1 probably misconfigured
ptp4l[2336.108]: selected best master clock be7c66.fffe.f4172c
ptp4l[2336.108]: foreign master not using PTP timescale
ptp4l[2336.527]: selected best master clock be7c66.fffe.f4172c
ptp4l[2336.527]: foreign master not using PTP timescale
ptp4l[2336.528]: port 2: master state recommended in slave only mode
ptp4l[2336.529]: port 2: defaultDS.priority1 probably misconfigured
ptp4l[2336.944]: selected best master clock be7c66.fffe.f4172c
ptp4l[2336.945]: foreign master not using PTP timescale
ptp4l[2337.277]: selected best master clock be7c66.fffe.f4172c
ptp4l[2337.280]: foreign master not using PTP timescale
ptp4l[2337.283]: port 2: master state recommended in slave only mode
ptp4l[2337.285]: port 2: defaultDS.priority1 probably misconfigured
ptp4l[2337.844]: selected best master clock be7c66.fffe.f4172c
ptp4l[2337.847]: foreign master not using PTP timescale
ptp4l[2338.278]: selected best master clock be7c66.fffe.f4172c
ptp4l[2338.281]: foreign master not using PTP timescale
ptp4l[2338.284]: port 2: master state recommended in slave only mode
ptp4l[2338.287]: port 2: defaultDS.priority1 probably misconfigured
ptp4l[2338.820]: selected best master clock be7c66.fffe.f4172c
ptp4l[2338.822]: foreign master not using PTP timescale
ptp4l[2339.279]: selected best master clock be7c66.fffe.f4172c
ptp4l[2339.281]: foreign master not using PTP timescale
ptp4l[2339.282]: port 2: master state recommended in slave only mode
ptp4l[2339.284]: port 2: defaultDS.priority1 probably misconfigured
ptp4l[2339.600]: selected best master clock be7c66.fffe.f4172c
ptp4l[2339.602]: foreign master not using PTP timescale
ptp4l[2340.030]: selected best master clock be7c66.fffe.f4172c
ptp4l[2340.032]: foreign master not using PTP timescale
ptp4l[2340.034]: port 2: master state recommended in slave only mode
ptp4l[2340.037]: port 2: defaultDS.priority1 probably misconfigured
ptp4l[2340.103]: rms 8161 max 15675 freq  +1473 +/- 4542 delay 18990 +/- 4695
ptp4l[2340.465]: selected best master clock be7c66.fffe.f4172c
ptp4l[2340.466]: foreign master not using PTP timescale
ptp4l[2340.780]: selected best master clock be7c66.fffe.f4172c
ptp4l[2340.781]: foreign master not using PTP timescale
ptp4l[2340.782]: port 2: master state recommended in slave only mode
ptp4l[2340.783]: port 2: defaultDS.priority1 probably misconfigured
ptp4l[2341.380]: selected best master clock be7c66.fffe.f4172c
ptp4l[2341.381]: foreign master not using PTP timescale
ptp4l[2341.781]: selected best master clock be7c66.fffe.f4172c
ptp4l[2341.782]: foreign master not using PTP timescale
ptp4l[2341.783]: port 2: master state recommended in slave only mode
ptp4l[2341.784]: port 2: defaultDS.priority1 probably misconfigured
ptp4l[2342.356]: selected best master clock be7c66.fffe.f4172c
ptp4l[2342.357]: foreign master not using PTP timescale
ptp4l[2342.781]: selected best master clock be7c66.fffe.f4172c
ptp4l[2342.782]: foreign master not using PTP timescale
ptp4l[2342.783]: port 2: master state recommended in slave only mode
ptp4l[2342.783]: port 2: defaultDS.priority1 probably misconfigured
ptp4l[2343.308]: selected best master clock be7c66.fffe.f4172c
ptp4l[2343.309]: foreign master not using PTP timescale
ptp4l[2343.782]: selected best master clock be7c66.fffe.f4172c
ptp4l[2343.783]: foreign master not using PTP timescale
ptp4l[2343.784]: port 2: master state recommended in slave only mode
ptp4l[2343.785]: port 2: defaultDS.priority1 probably misconfigured
ptp4l[2344.204]: selected best master clock be7c66.fffe.f4172c
ptp4l[2344.205]: foreign master not using PTP timescale
ptp4l[2344.532]: selected best master clock be7c66.fffe.f4172c
ptp4l[2344.533]: foreign master not using PTP timescale
ptp4l[2344.534]: port 2: master state recommended in slave only mode
ptp4l[2344.535]: port 2: defaultDS.priority1 probably misconfigured
ptp4l[2345.112]: selected best master clock be7c66.fffe.f4172c
ptp4l[2345.113]: foreign master not using PTP timescale
ptp4l[2345.533]: selected best master clock be7c66.fffe.f4172c
ptp4l[2345.534]: foreign master not using PTP timescale
ptp4l[2345.535]: port 2: master state recommended in slave only mode
ptp4l[2345.536]: port 2: defaultDS.priority1 probably misconfigured
ptp4l[2345.864]: selected best master clock be7c66.fffe.f4172c
ptp4l[2345.865]: foreign master not using PTP timescale
ptp4l[2346.283]: selected best master clock be7c66.fffe.f4172c
ptp4l[2346.284]: foreign master not using PTP timescale
ptp4l[2346.285]: port 2: master state recommended in slave only mode
ptp4l[2346.285]: port 2: defaultDS.priority1 probably misconfigured
ptp4l[2346.780]: selected best master clock be7c66.fffe.f4172c
ptp4l[2346.783]: foreign master not using PTP timescale
ptp4l[2347.033]: selected best master clock be7c66.fffe.f4172c
ptp4l[2347.035]: foreign master not using PTP timescale
ptp4l[2347.035]: port 2: master state recommended in slave only mode
ptp4l[2347.036]: port 2: defaultDS.priority1 probably misconfigured
ptp4l[2347.716]: selected best master clock be7c66.fffe.f4172c
ptp4l[2347.719]: foreign master not using PTP timescale
ptp4l[2348.034]: selected best master clock be7c66.fffe.f4172c
ptp4l[2348.037]: foreign master not using PTP timescale
ptp4l[2348.040]: port 2: master state recommended in slave only mode
ptp4l[2348.043]: port 2: defaultDS.priority1 probably misconfigured
ptp4l[2348.660]: selected best master clock be7c66.fffe.f4172c
ptp4l[2348.662]: foreign master not using PTP timescale
ptp4l[2349.035]: selected best master clock be7c66.fffe.f4172c
ptp4l[2349.035]: foreign master not using PTP timescale
ptp4l[2349.036]: port 2: master state recommended in slave only mode
ptp4l[2349.037]: port 2: defaultDS.priority1 probably misconfigured
ptp4l[2349.656]: selected best master clock be7c66.fffe.f4172c
ptp4l[2349.659]: foreign master not using PTP timescale
ptp4l[2350.036]: selected best master clock be7c66.fffe.f4172c
ptp4l[2350.039]: foreign master not using PTP timescale
ptp4l[2350.041]: port 2: master state recommended in slave only mode
ptp4l[2350.044]: port 2: defaultDS.priority1 probably misconfigured
ptp4l[2350.580]: selected best master clock be7c66.fffe.f4172c
ptp4l[2350.581]: foreign master not using PTP timescale
ptp4l[2351.036]: selected best master clock be7c66.fffe.f4172c
ptp4l[2351.037]: foreign master not using PTP timescale
ptp4l[2351.038]: port 2: master state recommended in slave only mode
ptp4l[2351.039]: port 2: defaultDS.priority1 probably misconfigured
ptp4l[2351.356]: selected best master clock be7c66.fffe.f4172c
ptp4l[2351.357]: foreign master not using PTP timescale
ptp4l[2351.787]: selected best master clock be7c66.fffe.f4172c
ptp4l[2351.789]: foreign master not using PTP timescale
ptp4l[2351.792]: port 2: master state recommended in slave only mode
ptp4l[2351.794]: port 2: defaultDS.priority1 probably misconfigured
ptp4l[2352.208]: selected best master clock be7c66.fffe.f4172c
ptp4l[2352.210]: foreign master not using PTP timescale
ptp4l[2352.537]: selected best master clock be7c66.fffe.f4172c
ptp4l[2352.540]: foreign master not using PTP timescale
ptp4l[2352.542]: port 2: master state recommended in slave only mode
ptp4l[2352.545]: port 2: defaultDS.priority1 probably misconfigured
ptp4l[2353.156]: selected best master clock be7c66.fffe.f4172c
ptp4l[2353.157]: foreign master not using PTP timescale
ptp4l[2353.537]: selected best master clock be7c66.fffe.f4172c
ptp4l[2353.539]: foreign master not using PTP timescale
ptp4l[2353.539]: port 2: master state recommended in slave only mode
ptp4l[2353.540]: port 2: defaultDS.priority1 probably misconfigured
ptp4l[2354.084]: selected best master clock be7c66.fffe.f4172c
ptp4l[2354.086]: foreign master not using PTP timescale
ptp4l[2354.539]: selected best master clock be7c66.fffe.f4172c
ptp4l[2354.541]: foreign master not using PTP timescale
ptp4l[2354.543]: port 2: master state recommended in slave only mode
ptp4l[2354.546]: port 2: defaultDS.priority1 probably misconfigured
ptp4l[2355.012]: selected best master clock be7c66.fffe.f4172c
ptp4l[2355.014]: foreign master not using PTP timescale
ptp4l[2355.289]: selected best master clock be7c66.fffe.f4172c
ptp4l[2355.291]: foreign master not using PTP timescale
ptp4l[2355.292]: port 2: master state recommended in slave only mode
ptp4l[2355.293]: port 2: defaultDS.priority1 probably misconfigured
ptp4l[2355.932]: selected best master clock be7c66.fffe.f4172c
ptp4l[2355.933]: foreign master not using PTP timescale
ptp4l[2356.123]: rms 187284 max 374077 freq  -1286 +/- 107207 delay 84695 +/- 34783
ptp4l[2356.290]: selected best master clock be7c66.fffe.f4172c
ptp4l[2356.293]: foreign master not using PTP timescale
ptp4l[2356.295]: port 2: master state recommended in slave only mode
ptp4l[2356.298]: port 2: defaultDS.priority1 probably misconfigured
ptp4l[2356.912]: selected best master clock be7c66.fffe.f4172c
ptp4l[2356.914]: foreign master not using PTP timescale
ptp4l[2357.291]: selected best master clock be7c66.fffe.f4172c
ptp4l[2357.292]: foreign master not using PTP timescale
ptp4l[2357.292]: port 2: master state recommended in slave only mode
ptp4l[2357.293]: port 2: defaultDS.priority1 probably misconfigured
ptp4l[2357.800]: selected best master clock be7c66.fffe.f4172c
ptp4l[2357.802]: foreign master not using PTP timescale
ptp4l[2358.291]: selected best master clock be7c66.fffe.f4172c
ptp4l[2358.292]: foreign master not using PTP timescale
ptp4l[2358.294]: port 2: master state recommended in slave only mode
ptp4l[2358.295]: port 2: defaultDS.priority1 probably misconfigured
ptp4l[2358.684]: selected best master clock be7c66.fffe.f4172c
ptp4l[2358.687]: foreign master not using PTP timescale
ptp4l[2359.042]: selected best master clock be7c66.fffe.f4172c
ptp4l[2359.045]: foreign master not using PTP timescale
ptp4l[2359.047]: port 2: master state recommended in slave only mode
ptp4l[2359.050]: port 2: defaultDS.priority1 probably misconfigured
ptp4l[2359.592]: selected best master clock be7c66.fffe.f4172c
ptp4l[2359.593]: foreign master not using PTP timescale
ptp4l[2360.043]: selected best master clock be7c66.fffe.f4172c
ptp4l[2360.044]: foreign master not using PTP timescale
ptp4l[2360.045]: port 2: master state recommended in slave only mode
ptp4l[2360.046]: port 2: defaultDS.priority1 probably misconfigured
ptp4l[2360.528]: selected best master clock be7c66.fffe.f4172c
ptp4l[2360.529]: foreign master not using PTP timescale
ptp4l[2360.793]: selected best master clock be7c66.fffe.f4172c
ptp4l[2360.795]: foreign master not using PTP timescale
ptp4l[2360.798]: port 2: master state recommended in slave only mode
ptp4l[2360.801]: port 2: defaultDS.priority1 probably misconfigured
ptp4l[2361.408]: selected best master clock be7c66.fffe.f4172c
ptp4l[2361.411]: foreign master not using PTP timescale
ptp4l[2361.794]: selected best master clock be7c66.fffe.f4172c
ptp4l[2361.797]: foreign master not using PTP timescale
ptp4l[2361.799]: port 2: master state recommended in slave only mode
ptp4l[2361.801]: port 2: defaultDS.priority1 probably misconfigured
ptp4l[2362.220]: selected best master clock be7c66.fffe.f4172c
ptp4l[2362.221]: foreign master not using PTP timescale
ptp4l[2362.545]: selected best master clock be7c66.fffe.f4172c
ptp4l[2362.547]: foreign master not using PTP timescale
ptp4l[2362.550]: port 2: master state recommended in slave only mode
ptp4l[2362.552]: port 2: defaultDS.priority1 probably misconfigured
ptp4l[2363.224]: selected best master clock be7c66.fffe.f4172c
ptp4l[2363.226]: foreign master not using PTP timescale
ptp4l[2363.545]: selected best master clock be7c66.fffe.f4172c
ptp4l[2363.549]: foreign master not using PTP timescale
ptp4l[2363.559]: port 2: master state recommended in slave only mode
ptp4l[2363.563]: port 2: defaultDS.priority1 probably misconfigured
ptp4l[2364.188]: selected best master clock be7c66.fffe.f4172c
ptp4l[2364.190]: foreign master not using PTP timescale
ptp4l[2364.546]: selected best master clock be7c66.fffe.f4172c
ptp4l[2364.549]: foreign master not using PTP timescale
ptp4l[2364.551]: port 2: master state recommended in slave only mode
ptp4l[2364.553]: port 2: defaultDS.priority1 probably misconfigured
ptp4l[2365.124]: selected best master clock be7c66.fffe.f4172c
ptp4l[2365.126]: foreign master not using PTP timescale
ptp4l[2365.547]: selected best master clock be7c66.fffe.f4172c
ptp4l[2365.549]: foreign master not using PTP timescale
ptp4l[2365.552]: port 2: master state recommended in slave only mode
ptp4l[2365.554]: port 2: defaultDS.priority1 probably misconfigured
ptp4l[2366.096]: selected best master clock be7c66.fffe.f4172c
ptp4l[2366.097]: foreign master not using PTP timescale
ptp4l[2366.548]: selected best master clock be7c66.fffe.f4172c
ptp4l[2366.549]: foreign master not using PTP timescale
ptp4l[2366.550]: port 2: master state recommended in slave only mode
ptp4l[2366.551]: port 2: defaultDS.priority1 probably misconfigured
ptp4l[2366.944]: selected best master clock be7c66.fffe.f4172c
ptp4l[2366.947]: foreign master not using PTP timescale
ptp4l[2367.298]: selected best master clock be7c66.fffe.f4172c
ptp4l[2367.301]: foreign master not using PTP timescale
ptp4l[2367.304]: port 2: master state recommended in slave only mode
ptp4l[2367.306]: port 2: defaultDS.priority1 probably misconfigured
ptp4l[2367.708]: selected best master clock be7c66.fffe.f4172c
ptp4l[2367.710]: foreign master not using PTP timescale
ptp4l[2368.048]: selected best master clock be7c66.fffe.f4172c
ptp4l[2368.050]: foreign master not using PTP timescale
ptp4l[2368.051]: port 2: master state recommended in slave only mode
ptp4l[2368.052]: port 2: defaultDS.priority1 probably misconfigured
ptp4l[2368.520]: selected best master clock be7c66.fffe.f4172c
ptp4l[2368.521]: foreign master not using PTP timescale
ptp4l[2368.799]: selected best master clock be7c66.fffe.f4172c
ptp4l[2368.800]: foreign master not using PTP timescale
ptp4l[2368.801]: port 2: master state recommended in slave only mode
ptp4l[2368.802]: port 2: defaultDS.priority1 probably misconfigured
ptp4l[2369.400]: selected best master clock be7c66.fffe.f4172c
ptp4l[2369.403]: foreign master not using PTP timescale
ptp4l[2369.800]: selected best master clock be7c66.fffe.f4172c
ptp4l[2369.802]: foreign master not using PTP timescale
ptp4l[2369.805]: port 2: master state recommended in slave only mode
ptp4l[2369.808]: port 2: defaultDS.priority1 probably misconfigured
ptp4l[2370.388]: selected best master clock be7c66.fffe.f4172c
ptp4l[2370.390]: foreign master not using PTP timescale
ptp4l[2370.801]: selected best master clock be7c66.fffe.f4172c
ptp4l[2370.803]: foreign master not using PTP timescale
ptp4l[2370.806]: port 2: master state recommended in slave only mode
ptp4l[2370.809]: port 2: defaultDS.priority1 probably misconfigured
ptp4l[2371.384]: selected best master clock be7c66.fffe.f4172c
ptp4l[2371.387]: foreign master not using PTP timescale
ptp4l[2371.802]: selected best master clock be7c66.fffe.f4172c
ptp4l[2371.804]: foreign master not using PTP timescale
ptp4l[2371.807]: port 2: master state recommended in slave only mode
ptp4l[2371.809]: port 2: defaultDS.priority1 probably misconfigured
ptp4l[2372.147]: rms 108634 max 174301 freq +14788 +/- 83485 delay 112292 +/- 20564
ptp4l[2372.248]: selected best master clock be7c66.fffe.f4172c
ptp4l[2372.249]: foreign master not using PTP timescale
ptp4l[2372.552]: selected best master clock be7c66.fffe.f4172c
ptp4l[2372.555]: foreign master not using PTP timescale
ptp4l[2372.557]: port 2: master state recommended in slave only mode
ptp4l[2372.559]: port 2: defaultDS.priority1 probably misconfigured
ptp4l[2373.224]: selected best master clock be7c66.fffe.f4172c
ptp4l[2373.226]: foreign master not using PTP timescale
ptp4l[2373.553]: selected best master clock be7c66.fffe.f4172c
ptp4l[2373.556]: foreign master not using PTP timescale
ptp4l[2373.558]: port 2: master state recommended in slave only mode
ptp4l[2373.560]: port 2: defaultDS.priority1 probably misconfigured
ptp4l[2374.124]: selected best master clock be7c66.fffe.f4172c
ptp4l[2374.126]: foreign master not using PTP timescale
ptp4l[2374.554]: selected best master clock be7c66.fffe.f4172c
ptp4l[2374.556]: foreign master not using PTP timescale
ptp4l[2374.560]: port 2: master state recommended in slave only mode
ptp4l[2374.563]: port 2: defaultDS.priority1 probably misconfigured
ptp4l[2375.012]: selected best master clock be7c66.fffe.f4172c
ptp4l[2375.015]: foreign master not using PTP timescale
ptp4l[2375.305]: selected best master clock be7c66.fffe.f4172c
ptp4l[2375.306]: foreign master not using PTP timescale
ptp4l[2375.307]: port 2: master state recommended in slave only mode
ptp4l[2375.308]: port 2: defaultDS.priority1 probably misconfigured
ptp4l[2375.856]: selected best master clock be7c66.fffe.f4172c
ptp4l[2375.857]: foreign master not using PTP timescale
ptp4l[2376.305]: selected best master clock be7c66.fffe.f4172c
ptp4l[2376.306]: foreign master not using PTP timescale
ptp4l[2376.307]: port 2: master state recommended in slave only mode
ptp4l[2376.308]: port 2: defaultDS.priority1 probably misconfigured
ptp4l[2376.816]: selected best master clock be7c66.fffe.f4172c
ptp4l[2376.819]: foreign master not using PTP timescale
ptp4l[2377.306]: selected best master clock be7c66.fffe.f4172c
ptp4l[2377.309]: foreign master not using PTP timescale
ptp4l[2377.311]: port 2: master state recommended in slave only mode
ptp4l[2377.314]: port 2: defaultDS.priority1 probably misconfigured
ptp4l[2377.732]: selected best master clock be7c66.fffe.f4172c
ptp4l[2377.735]: foreign master not using PTP timescale
ptp4l[2378.057]: selected best master clock be7c66.fffe.f4172c
ptp4l[2378.059]: foreign master not using PTP timescale
ptp4l[2378.062]: port 2: master state recommended in slave only mode
ptp4l[2378.065]: port 2: defaultDS.priority1 probably misconfigured
ptp4l[2378.480]: selected best master clock be7c66.fffe.f4172c
ptp4l[2378.481]: foreign master not using PTP timescale
ptp4l[2378.807]: selected best master clock be7c66.fffe.f4172c
ptp4l[2378.808]: foreign master not using PTP timescale
ptp4l[2378.809]: port 2: master state recommended in slave only mode
ptp4l[2378.810]: port 2: defaultDS.priority1 probably misconfigured
ptp4l[2379.372]: selected best master clock be7c66.fffe.f4172c
ptp4l[2379.376]: foreign master not using PTP timescale
ptp4l[2379.808]: selected best master clock be7c66.fffe.f4172c
ptp4l[2379.810]: foreign master not using PTP timescale
ptp4l[2379.811]: port 2: master state recommended in slave only mode
ptp4l[2379.812]: port 2: defaultDS.priority1 probably misconfigured
ptp4l[2380.305]: selected best master clock be7c66.fffe.f4172c
ptp4l[2380.307]: foreign master not using PTP timescale
ptp4l[2380.558]: selected best master clock be7c66.fffe.f4172c
ptp4l[2380.560]: foreign master not using PTP timescale
ptp4l[2380.561]: port 2: master state recommended in slave only mode
ptp4l[2380.562]: port 2: defaultDS.priority1 probably misconfigured
ptp4l[2381.148]: selected best master clock be7c66.fffe.f4172c
ptp4l[2381.149]: foreign master not using PTP timescale
ptp4l[2381.559]: selected best master clock be7c66.fffe.f4172c
ptp4l[2381.562]: foreign master not using PTP timescale
ptp4l[2381.565]: port 2: master state recommended in slave only mode
ptp4l[2381.567]: port 2: defaultDS.priority1 probably misconfigured
ptp4l[2381.960]: selected best master clock be7c66.fffe.f4172c
ptp4l[2381.963]: foreign master not using PTP timescale
ptp4l[2382.310]: selected best master clock be7c66.fffe.f4172c
ptp4l[2382.314]: foreign master not using PTP timescale
ptp4l[2382.316]: port 2: master state recommended in slave only mode
ptp4l[2382.319]: port 2: defaultDS.priority1 probably misconfigured
ptp4l[2382.728]: selected best master clock be7c66.fffe.f4172c
ptp4l[2382.732]: foreign master not using PTP timescale
ptp4l[2383.060]: selected best master clock be7c66.fffe.f4172c
ptp4l[2383.061]: foreign master not using PTP timescale
ptp4l[2383.062]: port 2: master state recommended in slave only mode
ptp4l[2383.063]: port 2: defaultDS.priority1 probably misconfigured
ptp4l[2383.636]: selected best master clock be7c66.fffe.f4172c
ptp4l[2383.636]: foreign master not using PTP timescale
ptp4l[2384.061]: selected best master clock be7c66.fffe.f4172c
ptp4l[2384.062]: foreign master not using PTP timescale
ptp4l[2384.062]: port 2: master state recommended in slave only mode
ptp4l[2384.063]: port 2: defaultDS.priority1 probably misconfigured
ptp4l[2384.556]: selected best master clock be7c66.fffe.f4172c
ptp4l[2384.558]: foreign master not using PTP timescale
ptp4l[2384.812]: selected best master clock be7c66.fffe.f4172c
ptp4l[2384.815]: foreign master not using PTP timescale
ptp4l[2384.818]: port 2: master state recommended in slave only mode
ptp4l[2384.820]: port 2: defaultDS.priority1 probably misconfigured
ptp4l[2385.416]: selected best master clock be7c66.fffe.f4172c
ptp4l[2385.419]: foreign master not using PTP timescale
ptp4l[2385.812]: selected best master clock be7c66.fffe.f4172c
ptp4l[2385.815]: foreign master not using PTP timescale
ptp4l[2385.817]: port 2: master state recommended in slave only mode
ptp4l[2385.819]: port 2: defaultDS.priority1 probably misconfigured
ptp4l[2386.204]: selected best master clock be7c66.fffe.f4172c
ptp4l[2386.206]: foreign master not using PTP timescale
ptp4l[2386.563]: selected best master clock be7c66.fffe.f4172c
ptp4l[2386.566]: foreign master not using PTP timescale
ptp4l[2386.568]: port 2: master state recommended in slave only mode
ptp4l[2386.570]: port 2: defaultDS.priority1 probably misconfigured
ptp4l[2387.064]: selected best master clock be7c66.fffe.f4172c
ptp4l[2387.065]: foreign master not using PTP timescale
ptp4l[2387.564]: selected best master clock be7c66.fffe.f4172c
ptp4l[2387.565]: foreign master not using PTP timescale
ptp4l[2387.566]: port 2: master state recommended in slave only mode
ptp4l[2387.567]: port 2: defaultDS.priority1 probably misconfigured
ptp4l[2387.944]: selected best master clock be7c66.fffe.f4172c
ptp4l[2387.947]: foreign master not using PTP timescale
ptp4l[2388.173]: rms 204840 max 330176 freq  -5704 +/- 86604 delay 108509 +/- 26684
ptp4l[2388.314]: selected best master clock be7c66.fffe.f4172c
ptp4l[2388.317]: foreign master not using PTP timescale
ptp4l[2388.320]: port 2: master state recommended in slave only mode
ptp4l[2388.323]: port 2: defaultDS.priority1 probably misconfigured
ptp4l[2388.732]: selected best master clock be7c66.fffe.f4172c
ptp4l[2388.734]: foreign master not using PTP timescale
ptp4l[2389.065]: selected best master clock be7c66.fffe.f4172c
ptp4l[2389.066]: foreign master not using PTP timescale
ptp4l[2389.067]: port 2: master state recommended in slave only mode
ptp4l[2389.068]: port 2: defaultDS.priority1 probably misconfigured
ptp4l[2389.676]: selected best master clock be7c66.fffe.f4172c
ptp4l[2389.679]: foreign master not using PTP timescale
ptp4l[2390.066]: selected best master clock be7c66.fffe.f4172c
ptp4l[2390.068]: foreign master not using PTP timescale
ptp4l[2390.071]: port 2: master state recommended in slave only mode
ptp4l[2390.073]: port 2: defaultDS.priority1 probably misconfigured
ptp4l[2390.440]: selected best master clock be7c66.fffe.f4172c
ptp4l[2390.442]: foreign master not using PTP timescale
ptp4l[2390.816]: selected best master clock be7c66.fffe.f4172c
ptp4l[2390.819]: foreign master not using PTP timescale
ptp4l[2390.822]: port 2: master state recommended in slave only mode
ptp4l[2390.824]: port 2: defaultDS.priority1 probably misconfigured
ptp4l[2391.304]: selected best master clock be7c66.fffe.f4172c
ptp4l[2391.305]: foreign master not using PTP timescale
ptp4l[2391.567]: selected best master clock be7c66.fffe.f4172c
ptp4l[2391.567]: foreign master not using PTP timescale
ptp4l[2391.568]: port 2: master state recommended in slave only mode
ptp4l[2391.569]: port 2: defaultDS.priority1 probably misconfigured
ptp4l[2392.192]: selected best master clock be7c66.fffe.f4172c
ptp4l[2392.193]: foreign master not using PTP timescale
ptp4l[2392.567]: selected best master clock be7c66.fffe.f4172c
ptp4l[2392.569]: foreign master not using PTP timescale
ptp4l[2392.571]: port 2: master state recommended in slave only mode
ptp4l[2392.573]: port 2: defaultDS.priority1 probably misconfigured
ptp4l[2393.188]: selected best master clock be7c66.fffe.f4172c
ptp4l[2393.191]: foreign master not using PTP timescale
ptp4l[2393.568]: selected best master clock be7c66.fffe.f4172c
ptp4l[2393.570]: foreign master not using PTP timescale
ptp4l[2393.571]: port 2: master state recommended in slave only mode
ptp4l[2393.572]: port 2: defaultDS.priority1 probably misconfigured
ptp4l[2394.156]: selected best master clock be7c66.fffe.f4172c
ptp4l[2394.159]: foreign master not using PTP timescale
ptp4l[2394.569]: selected best master clock be7c66.fffe.f4172c
ptp4l[2394.571]: foreign master not using PTP timescale
ptp4l[2394.574]: port 2: master state recommended in slave only mode
ptp4l[2394.576]: port 2: defaultDS.priority1 probably misconfigured
ptp4l[2395.072]: selected best master clock be7c66.fffe.f4172c
ptp4l[2395.073]: foreign master not using PTP timescale
ptp4l[2395.570]: selected best master clock be7c66.fffe.f4172c
ptp4l[2395.572]: foreign master not using PTP timescale
ptp4l[2395.575]: port 2: master state recommended in slave only mode
ptp4l[2395.577]: port 2: defaultDS.priority1 probably misconfigured
ptp4l[2395.920]: selected best master clock be7c66.fffe.f4172c
ptp4l[2395.921]: foreign master not using PTP timescale
ptp4l[2396.320]: selected best master clock be7c66.fffe.f4172c
ptp4l[2396.323]: foreign master not using PTP timescale
ptp4l[2396.325]: port 2: master state recommended in slave only mode
ptp4l[2396.327]: port 2: defaultDS.priority1 probably misconfigured
ptp4l[2396.720]: selected best master clock be7c66.fffe.f4172c
ptp4l[2396.723]: foreign master not using PTP timescale
ptp4l[2397.071]: selected best master clock be7c66.fffe.f4172c
ptp4l[2397.074]: foreign master not using PTP timescale
ptp4l[2397.076]: port 2: master state recommended in slave only mode
ptp4l[2397.078]: port 2: defaultDS.priority1 probably misconfigured
ptp4l[2397.512]: selected best master clock be7c66.fffe.f4172c
ptp4l[2397.515]: foreign master not using PTP timescale
ptp4l[2397.821]: selected best master clock be7c66.fffe.f4172c
ptp4l[2397.823]: foreign master not using PTP timescale
ptp4l[2397.824]: port 2: master state recommended in slave only mode
ptp4l[2397.825]: port 2: defaultDS.priority1 probably misconfigured
ptp4l[2398.380]: selected best master clock be7c66.fffe.f4172c
ptp4l[2398.382]: foreign master not using PTP timescale
ptp4l[2398.822]: selected best master clock be7c66.fffe.f4172c
ptp4l[2398.825]: foreign master not using PTP timescale
ptp4l[2398.827]: port 2: master state recommended in slave only mode
ptp4l[2398.830]: port 2: defaultDS.priority1 probably misconfigured
ptp4l[2399.304]: selected best master clock be7c66.fffe.f4172c
ptp4l[2399.307]: foreign master not using PTP timescale
ptp4l[2399.573]: selected best master clock be7c66.fffe.f4172c
ptp4l[2399.574]: foreign master not using PTP timescale
ptp4l[2399.575]: port 2: master state recommended in slave only mode
ptp4l[2399.575]: port 2: defaultDS.priority1 probably misconfigured
ptp4l[2400.168]: selected best master clock be7c66.fffe.f4172c
ptp4l[2400.169]: foreign master not using PTP timescale
ptp4l[2400.573]: selected best master clock be7c66.fffe.f4172c
ptp4l[2400.574]: foreign master not using PTP timescale
ptp4l[2400.574]: port 2: master state recommended in slave only mode
ptp4l[2400.575]: port 2: defaultDS.priority1 probably misconfigured
ptp4l[2400.992]: selected best master clock be7c66.fffe.f4172c
ptp4l[2400.995]: foreign master not using PTP timescale
ptp4l[2401.324]: selected best master clock be7c66.fffe.f4172c
ptp4l[2401.326]: foreign master not using PTP timescale
ptp4l[2401.329]: port 2: master state recommended in slave only mode
ptp4l[2401.332]: port 2: defaultDS.priority1 probably misconfigured
ptp4l[2401.964]: selected best master clock be7c66.fffe.f4172c
ptp4l[2401.966]: foreign master not using PTP timescale
ptp4l[2402.324]: selected best master clock be7c66.fffe.f4172c
ptp4l[2402.327]: foreign master not using PTP timescale
ptp4l[2402.329]: port 2: master state recommended in slave only mode
ptp4l[2402.331]: port 2: defaultDS.priority1 probably misconfigured
ptp4l[2402.836]: selected best master clock be7c66.fffe.f4172c
ptp4l[2402.839]: foreign master not using PTP timescale
ptp4l[2403.325]: selected best master clock be7c66.fffe.f4172c
ptp4l[2403.327]: foreign master not using PTP timescale
ptp4l[2403.330]: port 2: master state recommended in slave only mode
ptp4l[2403.332]: port 2: defaultDS.priority1 probably misconfigured
ptp4l[2403.648]: selected best master clock be7c66.fffe.f4172c
ptp4l[2403.650]: foreign master not using PTP timescale
ptp4l[2404.075]: selected best master clock be7c66.fffe.f4172c
ptp4l[2404.077]: foreign master not using PTP timescale
ptp4l[2404.078]: port 2: master state recommended in slave only mode
ptp4l[2404.080]: port 2: defaultDS.priority1 probably misconfigured
ptp4l[2404.197]: rms 121449 max 245476 freq  +2338 +/- 52744 delay 101857 +/- 37092
ptp4l[2404.492]: selected best master clock be7c66.fffe.f4172c
ptp4l[2404.494]: foreign master not using PTP timescale
ptp4l[2404.826]: selected best master clock be7c66.fffe.f4172c
ptp4l[2404.829]: foreign master not using PTP timescale
ptp4l[2404.832]: port 2: master state recommended in slave only mode
ptp4l[2404.834]: port 2: defaultDS.priority1 probably misconfigured
ptp4l[2405.316]: selected best master clock be7c66.fffe.f4172c
ptp4l[2405.318]: foreign master not using PTP timescale
ptp4l[2405.577]: selected best master clock be7c66.fffe.f4172c
ptp4l[2405.579]: foreign master not using PTP timescale
ptp4l[2405.582]: port 2: master state recommended in slave only mode
ptp4l[2405.584]: port 2: defaultDS.priority1 probably misconfigured
ptp4l[2406.092]: selected best master clock be7c66.fffe.f4172c
ptp4l[2406.094]: foreign master not using PTP timescale
ptp4l[2406.578]: selected best master clock be7c66.fffe.f4172c
ptp4l[2406.580]: foreign master not using PTP timescale
ptp4l[2406.582]: port 2: master state recommended in slave only mode
ptp4l[2406.585]: port 2: defaultDS.priority1 probably misconfigured
ptp4l[2407.064]: selected best master clock be7c66.fffe.f4172c
ptp4l[2407.067]: foreign master not using PTP timescale
ptp4l[2407.328]: selected best master clock be7c66.fffe.f4172c
ptp4l[2407.329]: foreign master not using PTP timescale
ptp4l[2407.331]: port 2: master state recommended in slave only mode
ptp4l[2407.331]: port 2: defaultDS.priority1 probably misconfigured
ptp4l[2408.028]: selected best master clock be7c66.fffe.f4172c
ptp4l[2408.029]: foreign master not using PTP timescale
ptp4l[2408.328]: selected best master clock be7c66.fffe.f4172c
ptp4l[2408.329]: foreign master not using PTP timescale
ptp4l[2408.330]: port 2: master state recommended in slave only mode
ptp4l[2408.330]: port 2: defaultDS.priority1 probably misconfigured
ptp4l[2408.984]: selected best master clock be7c66.fffe.f4172c
ptp4l[2408.985]: foreign master not using PTP timescale
ptp4l[2409.329]: selected best master clock be7c66.fffe.f4172c
ptp4l[2409.332]: foreign master not using PTP timescale
ptp4l[2409.334]: port 2: master state recommended in slave only mode
ptp4l[2409.337]: port 2: defaultDS.priority1 probably misconfigured
ptp4l[2409.788]: selected best master clock be7c66.fffe.f4172c
ptp4l[2409.790]: foreign master not using PTP timescale
ptp4l[2410.080]: selected best master clock be7c66.fffe.f4172c
ptp4l[2410.082]: foreign master not using PTP timescale
ptp4l[2410.083]: port 2: master state recommended in slave only mode
ptp4l[2410.085]: port 2: defaultDS.priority1 probably misconfigured
ptp4l[2410.648]: selected best master clock be7c66.fffe.f4172c
ptp4l[2410.650]: foreign master not using PTP timescale
ptp4l[2411.081]: selected best master clock be7c66.fffe.f4172c
ptp4l[2411.083]: foreign master not using PTP timescale
ptp4l[2411.085]: port 2: master state recommended in slave only mode
ptp4l[2411.087]: port 2: defaultDS.priority1 probably misconfigured
ptp4l[2411.428]: selected best master clock be7c66.fffe.f4172c
ptp4l[2411.430]: foreign master not using PTP timescale
ptp4l[2411.832]: selected best master clock be7c66.fffe.f4172c
ptp4l[2411.834]: foreign master not using PTP timescale
ptp4l[2411.836]: port 2: master state recommended in slave only mode
ptp4l[2411.839]: port 2: defaultDS.priority1 probably misconfigured
ptp4l[2412.392]: selected best master clock be7c66.fffe.f4172c
ptp4l[2412.393]: foreign master not using PTP timescale
ptp4l[2412.832]: selected best master clock be7c66.fffe.f4172c
ptp4l[2412.833]: foreign master not using PTP timescale
ptp4l[2412.834]: port 2: master state recommended in slave only mode
ptp4l[2412.835]: port 2: defaultDS.priority1 probably misconfigured
ptp4l[2413.264]: selected best master clock be7c66.fffe.f4172c
ptp4l[2413.265]: foreign master not using PTP timescale
ptp4l[2413.583]: selected best master clock be7c66.fffe.f4172c
ptp4l[2413.585]: foreign master not using PTP timescale
ptp4l[2413.588]: port 2: master state recommended in slave only mode
ptp4l[2413.590]: port 2: defaultDS.priority1 probably misconfigured
ptp4l[2414.140]: selected best master clock be7c66.fffe.f4172c
ptp4l[2414.144]: foreign master not using PTP timescale
ptp4l[2414.583]: selected best master clock be7c66.fffe.f4172c
ptp4l[2414.584]: foreign master not using PTP timescale
ptp4l[2414.585]: port 2: master state recommended in slave only mode
ptp4l[2414.586]: port 2: defaultDS.priority1 probably misconfigured
ptp4l[2415.104]: selected best master clock be7c66.fffe.f4172c
ptp4l[2415.107]: foreign master not using PTP timescale
ptp4l[2415.584]: selected best master clock be7c66.fffe.f4172c
ptp4l[2415.585]: foreign master not using PTP timescale
ptp4l[2415.586]: port 2: master state recommended in slave only mode
ptp4l[2415.587]: port 2: defaultDS.priority1 probably misconfigured
ptp4l[2415.888]: selected best master clock be7c66.fffe.f4172c
ptp4l[2415.889]: foreign master not using PTP timescale
ptp4l[2416.334]: selected best master clock be7c66.fffe.f4172c
ptp4l[2416.336]: foreign master not using PTP timescale
ptp4l[2416.337]: port 2: master state recommended in slave only mode
ptp4l[2416.339]: port 2: defaultDS.priority1 probably misconfigured
ptp4l[2416.676]: selected best master clock be7c66.fffe.f4172c
ptp4l[2416.679]: foreign master not using PTP timescale
ptp4l[2417.085]: selected best master clock be7c66.fffe.f4172c
ptp4l[2417.090]: foreign master not using PTP timescale
ptp4l[2417.093]: port 2: master state recommended in slave only mode
ptp4l[2417.097]: port 2: defaultDS.priority1 probably misconfigured
ptp4l[2417.456]: selected best master clock be7c66.fffe.f4172c
ptp4l[2417.457]: foreign master not using PTP timescale
ptp4l[2417.835]: selected best master clock be7c66.fffe.f4172c
ptp4l[2417.836]: foreign master not using PTP timescale
ptp4l[2417.836]: port 2: master state recommended in slave only mode
ptp4l[2417.837]: port 2: defaultDS.priority1 probably misconfigured
ptp4l[2418.360]: selected best master clock be7c66.fffe.f4172c
ptp4l[2418.363]: foreign master not using PTP timescale
ptp4l[2418.836]: selected best master clock be7c66.fffe.f4172c
ptp4l[2418.838]: foreign master not using PTP timescale
ptp4l[2418.840]: port 2: master state recommended in slave only mode
ptp4l[2418.841]: port 2: defaultDS.priority1 probably misconfigured
ptp4l[2419.180]: selected best master clock be7c66.fffe.f4172c
ptp4l[2419.182]: foreign master not using PTP timescale
ptp4l[2419.586]: selected best master clock be7c66.fffe.f4172c
ptp4l[2419.589]: foreign master not using PTP timescale
ptp4l[2419.592]: port 2: master state recommended in slave only mode
ptp4l[2419.594]: port 2: defaultDS.priority1 probably misconfigured
ptp4l[2420.160]: selected best master clock be7c66.fffe.f4172c
ptp4l[2420.161]: foreign master not using PTP timescale
ptp4l[2420.219]: rms 86234 max 163526 freq  +1906 +/- 51492 delay 118333 +/- 26948
ptp4l[2420.587]: selected best master clock be7c66.fffe.f4172c
ptp4l[2420.589]: foreign master not using PTP timescale
ptp4l[2420.591]: port 2: master state recommended in slave only mode
ptp4l[2420.593]: port 2: defaultDS.priority1 probably misconfigured
ptp4l[2421.136]: selected best master clock be7c66.fffe.f4172c
ptp4l[2421.137]: foreign master not using PTP timescale
