ptp4l[3531.256]: port 1 (v-ru3): INITIALIZING to LISTENING on INIT_COMPLETE
ptp4l[3531.256]: port 0 (/var/run/p.ru3): INITIALIZING to LISTENING on INIT_COMPLETE
ptp4l[3531.256]: port 0 (/var/run/pr.ru3): INITIALIZING to LISTENING on INIT_COMPLETE
ptp4l[3531.695]: port 1 (v-ru3): new foreign master 020000.fffe.000001-2
ptp4l[3531.737]: selected local clock 020000.fffe.00000e as best master
ptp4l[3531.945]: selected best master clock 020000.fffe.00000a
ptp4l[3531.945]: foreign master not using PTP timescale
ptp4l[3531.945]: port 1 (v-ru3): LISTENING to UNCALIBRATED on RS_SLAVE
ptp4l[3534.010]: master offset       1287 s0 freq   +2469 path delay      6058
ptp4l[3536.011]: master offset       -367 s0 freq   -1205 path delay      5301
ptp4l[3538.015]: master offset       -198 s0 freq    -790 path delay      3550
ptp4l[3540.016]: master offset        326 s0 freq    +545 path delay      4117
ptp4l[3542.018]: master offset       -641 s0 freq    -194 path delay      4696
ptp4l[3544.021]: master offset       1208 s0 freq   +1528 path delay      5907
ptp4l[3546.023]: master offset      -1602 s0 freq   -2176 path delay      4360
ptp4l[3548.026]: master offset       -508 s0 freq    +641 path delay      4550
ptp4l[3550.028]: master offset      -1473 s0 freq    +194 path delay      5903
ptp4l[3552.030]: master offset      -1801 s0 freq   -1049 path delay      4131
ptp4l[3554.031]: master offset        -65 s0 freq    +988 path delay      4373
ptp4l[3556.034]: master offset        461 s0 freq    +399 path delay      4645
ptp4l[3558.035]: master offset      -1817 s0 freq   -1181 path delay      4560
ptp4l[3560.037]: master offset      -1671 s0 freq    -538 path delay      3337
ptp4l[3562.038]: master offset      -2041 s0 freq     -46 path delay      3614
ptp4l[3564.040]: master offset       -623 s0 freq    +796 path delay      3790
ptp4l[3566.042]: master offset      -1591 s0 freq    -716 path delay      3325
ptp4l[3568.044]: master offset       3292 s0 freq   +2568 path delay      3583
ptp4l[3570.048]: master offset       -872 s0 freq   -2339 path delay      3062
ptp4l[3572.051]: master offset      -1377 s0 freq    +570 path delay      4709
ptp4l[3574.054]: master offset      -1716 s0 freq    -439 path delay      4168
ptp4l[3576.055]: master offset       -182 s0 freq   +1490 path delay      5616
ptp4l[3578.057]: master offset       -648 s0 freq   -1290 path delay      3500
