ptp4l[6757.548]: port 1 (v-ru1): INITIALIZING to LISTENING on INIT_COMPLETE
ptp4l[6757.548]: port 0 (/var/run/p.ru1): INITIALIZING to LISTENING on INIT_COMPLETE
ptp4l[6757.548]: port 0 (/var/run/pr.ru1): INITIALIZING to LISTENING on INIT_COMPLETE
ptp4l[6757.945]: selected local clock 020000.fffe.00000c as best master
ptp4l[6758.009]: port 1 (v-ru1): new foreign master 020000.fffe.000001-2
ptp4l[6758.259]: selected best master clock 020000.fffe.000001
ptp4l[6758.259]: foreign master not using PTP timescale
ptp4l[6758.259]: port 1 (v-ru1): LISTENING to UNCALIBRATED on RS_SLAVE
ptp4l[6758.384]: selected best master clock 020000.fffe.00000a
ptp4l[6758.385]: foreign master not using PTP timescale
ptp4l[6760.451]: master offset      -6798 s0 freq   -2159 path delay     12459
ptp4l[6762.453]: master offset       4641 s0 freq   +4162 path delay      9356
ptp4l[6764.456]: master offset      -4379 s0 freq   -5379 path delay      7606
ptp4l[6766.458]: master offset      14458 s0 freq  +10653 path delay     10098
ptp4l[6768.461]: master offset       2182 s0 freq   -6084 path delay     10187
ptp4l[6770.464]: master offset      -5406 s0 freq   -4469 path delay      8825
ptp4l[6772.466]: master offset        397 s0 freq   +1398 path delay      5822
ptp4l[6774.469]: master offset       2312 s0 freq    +673 path delay      5254
ptp4l[6776.471]: master offset        364 s0 freq   -1180 path delay      4839
ptp4l[6778.474]: master offset       4300 s0 freq   +2933 path delay      6778
ptp4l[6780.477]: master offset        -93 s0 freq   -2116 path delay      6934
ptp4l[6782.481]: master offset      -3387 s0 freq    -852 path delay      8521
ptp4l[6784.482]: master offset      -1270 s0 freq    +412 path delay      7230
ptp4l[6786.026]: port 1 (v-ru1): new foreign master 020000.fffe.000099-1
ptp4l[6786.276]: selected best master clock 020000.fffe.000099
ptp4l[6786.276]: foreign master not using PTP timescale
ptp4l[6786.403]: foreign master not using PTP timescale
ptp4l[6786.653]: foreign master not using PTP timescale
ptp4l[6786.903]: foreign master not using PTP timescale
ptp4l[6787.154]: foreign master not using PTP timescale
ptp4l[6787.404]: foreign master not using PTP timescale
ptp4l[6787.654]: foreign master not using PTP timescale
ptp4l[6787.904]: foreign master not using PTP timescale
ptp4l[6788.154]: foreign master not using PTP timescale
ptp4l[6788.340]: master offset       4745 s0 freq   +1218 path delay      3700
ptp4l[6788.404]: foreign master not using PTP timescale
ptp4l[6788.654]: foreign master not using PTP timescale
ptp4l[6788.905]: foreign master not using PTP timescale
ptp4l[6789.155]: foreign master not using PTP timescale
ptp4l[6789.405]: foreign master not using PTP timescale
ptp4l[6789.655]: foreign master not using PTP timescale
ptp4l[6789.905]: foreign master not using PTP timescale
ptp4l[6790.155]: foreign master not using PTP timescale
ptp4l[6790.343]: master offset       3675 s0 freq    -554 path delay      3661
ptp4l[6790.405]: foreign master not using PTP timescale
ptp4l[6790.655]: foreign master not using PTP timescale
ptp4l[6790.906]: foreign master not using PTP timescale
ptp4l[6791.156]: foreign master not using PTP timescale
ptp4l[6791.406]: foreign master not using PTP timescale
ptp4l[6791.656]: foreign master not using PTP timescale
ptp4l[6791.906]: foreign master not using PTP timescale
ptp4l[6792.156]: foreign master not using PTP timescale
ptp4l[6792.345]: master offset      -2265 s0 freq   -2271 path delay      5054
ptp4l[6792.406]: foreign master not using PTP timescale
ptp4l[6792.657]: foreign master not using PTP timescale
ptp4l[6792.907]: foreign master not using PTP timescale
ptp4l[6793.157]: foreign master not using PTP timescale
ptp4l[6793.407]: foreign master not using PTP timescale
ptp4l[6793.657]: foreign master not using PTP timescale
ptp4l[6793.907]: foreign master not using PTP timescale
ptp4l[6794.157]: foreign master not using PTP timescale
ptp4l[6794.348]: master offset      -1444 s0 freq    -143 path delay      3947
ptp4l[6794.407]: foreign master not using PTP timescale
ptp4l[6794.657]: foreign master not using PTP timescale
ptp4l[6794.908]: foreign master not using PTP timescale
ptp4l[6795.158]: foreign master not using PTP timescale
ptp4l[6795.408]: foreign master not using PTP timescale
ptp4l[6795.658]: foreign master not using PTP timescale
ptp4l[6795.908]: foreign master not using PTP timescale
ptp4l[6796.158]: foreign master not using PTP timescale
ptp4l[6796.350]: master offset        145 s0 freq   +1147 path delay      4654
ptp4l[6796.409]: foreign master not using PTP timescale
ptp4l[6796.659]: foreign master not using PTP timescale
ptp4l[6796.909]: foreign master not using PTP timescale
ptp4l[6797.159]: foreign master not using PTP timescale
ptp4l[6797.409]: foreign master not using PTP timescale
ptp4l[6797.659]: foreign master not using PTP timescale
ptp4l[6797.909]: foreign master not using PTP timescale
ptp4l[6798.160]: foreign master not using PTP timescale
ptp4l[6798.352]: master offset      -2035 s0 freq    -430 path delay      5972
ptp4l[6798.410]: foreign master not using PTP timescale
ptp4l[6798.660]: foreign master not using PTP timescale
ptp4l[6798.910]: foreign master not using PTP timescale
ptp4l[6799.160]: foreign master not using PTP timescale
ptp4l[6799.410]: foreign master not using PTP timescale
ptp4l[6799.661]: foreign master not using PTP timescale
ptp4l[6799.911]: foreign master not using PTP timescale
ptp4l[6800.161]: foreign master not using PTP timescale
ptp4l[6800.355]: master offset       2679 s0 freq   +2484 path delay      6233
ptp4l[6800.411]: foreign master not using PTP timescale
ptp4l[6800.662]: foreign master not using PTP timescale
ptp4l[6800.912]: foreign master not using PTP timescale
ptp4l[6801.162]: foreign master not using PTP timescale
ptp4l[6801.412]: foreign master not using PTP timescale
ptp4l[6801.662]: foreign master not using PTP timescale
ptp4l[6801.913]: foreign master not using PTP timescale
ptp4l[6802.163]: foreign master not using PTP timescale
ptp4l[6802.358]: master offset       3065 s0 freq    -511 path delay      4823
ptp4l[6802.413]: foreign master not using PTP timescale
ptp4l[6802.663]: foreign master not using PTP timescale
ptp4l[6802.913]: foreign master not using PTP timescale
ptp4l[6803.164]: foreign master not using PTP timescale
ptp4l[6803.414]: foreign master not using PTP timescale
ptp4l[6803.664]: foreign master not using PTP timescale
ptp4l[6803.914]: foreign master not using PTP timescale
ptp4l[6804.164]: foreign master not using PTP timescale
ptp4l[6804.362]: master offset       2857 s0 freq   +1211 path delay      7458
ptp4l[6804.415]: foreign master not using PTP timescale
ptp4l[6804.665]: foreign master not using PTP timescale
ptp4l[6804.915]: foreign master not using PTP timescale
ptp4l[6805.165]: foreign master not using PTP timescale
ptp4l[6805.415]: foreign master not using PTP timescale
