ptp4l[1629.532]: port 1 (v-ru1): INITIALIZING to LISTENING on INIT_COMPLETE
ptp4l[1629.532]: port 0 (/var/run/p.ru1): INITIALIZING to LISTENING on INIT_COMPLETE
ptp4l[1629.532]: port 0 (/var/run/pr.ru1): INITIALIZING to LISTENING on INIT_COMPLETE
ptp4l[1629.956]: port 1 (v-ru1): new foreign master 020000.fffe.000001-2
ptp4l[1629.986]: selected local clock 020000.fffe.00000c as best master
ptp4l[1630.206]: selected best master clock 020000.fffe.00000a
ptp4l[1630.206]: foreign master not using PTP timescale
ptp4l[1630.206]: port 1 (v-ru1): LISTENING to UNCALIBRATED on RS_SLAVE
ptp4l[1632.270]: master offset       6788 s0 freq   -2310 path delay      5818
ptp4l[1634.272]: master offset       7131 s0 freq    -647 path delay      4179
ptp4l[1636.274]: master offset      -1489 s0 freq   -3377 path delay      6039
ptp4l[1637.729]: port 1 (v-ru1): new foreign master 020000.fffe.00000a-2
ptp4l[1638.028]: selected best master clock 020000.fffe.00000a
ptp4l[1638.028]: running in a temporal vortex
ptp4l[1638.028]: updating time properties to insert leap second
ptp4l[1638.210]: running in a temporal vortex
ptp4l[1638.461]: running in a temporal vortex
ptp4l[1638.711]: running in a temporal vortex
ptp4l[1638.961]: running in a temporal vortex
ptp4l[1639.211]: running in a temporal vortex
ptp4l[1639.461]: running in a temporal vortex
ptp4l[1639.711]: running in a temporal vortex
ptp4l[1639.961]: running in a temporal vortex
ptp4l[1640.212]: running in a temporal vortex
ptp4l[1640.462]: running in a temporal vortex
ptp4l[1640.712]: running in a temporal vortex
ptp4l[1640.962]: running in a temporal vortex
ptp4l[1641.212]: running in a temporal vortex
ptp4l[1641.462]: running in a temporal vortex
ptp4l[1641.712]: running in a temporal vortex
ptp4l[1641.963]: running in a temporal vortex
ptp4l[1642.213]: running in a temporal vortex
ptp4l[1642.463]: running in a temporal vortex
ptp4l[1642.713]: running in a temporal vortex
ptp4l[1642.963]: running in a temporal vortex
ptp4l[1643.213]: running in a temporal vortex
ptp4l[1643.463]: running in a temporal vortex
ptp4l[1643.715]: running in a temporal vortex
ptp4l[1643.965]: running in a temporal vortex
ptp4l[1644.215]: running in a temporal vortex
ptp4l[1644.465]: running in a temporal vortex
ptp4l[1644.715]: running in a temporal vortex
ptp4l[1644.965]: running in a temporal vortex
ptp4l[1645.215]: running in a temporal vortex
ptp4l[1645.466]: running in a temporal vortex
ptp4l[1645.716]: running in a temporal vortex
ptp4l[1645.966]: running in a temporal vortex
ptp4l[1646.216]: running in a temporal vortex
ptp4l[1646.466]: running in a temporal vortex
ptp4l[1646.716]: running in a temporal vortex
ptp4l[1646.966]: running in a temporal vortex
ptp4l[1647.217]: running in a temporal vortex
ptp4l[1647.467]: running in a temporal vortex
ptp4l[1647.717]: running in a temporal vortex
ptp4l[1647.967]: running in a temporal vortex
ptp4l[1648.217]: running in a temporal vortex
ptp4l[1648.467]: running in a temporal vortex
ptp4l[1648.717]: running in a temporal vortex
ptp4l[1648.968]: running in a temporal vortex
ptp4l[1649.218]: running in a temporal vortex
ptp4l[1649.468]: running in a temporal vortex
ptp4l[1649.718]: running in a temporal vortex
ptp4l[1649.968]: running in a temporal vortex
ptp4l[1650.218]: running in a temporal vortex
ptp4l[1650.469]: running in a temporal vortex
ptp4l[1650.719]: running in a temporal vortex
ptp4l[1650.969]: running in a temporal vortex
ptp4l[1651.219]: running in a temporal vortex
ptp4l[1651.469]: running in a temporal vortex
ptp4l[1651.719]: running in a temporal vortex
ptp4l[1651.969]: running in a temporal vortex
ptp4l[1652.220]: running in a temporal vortex
ptp4l[1652.470]: running in a temporal vortex
ptp4l[1652.720]: running in a temporal vortex
ptp4l[1652.970]: running in a temporal vortex
ptp4l[1653.220]: running in a temporal vortex
ptp4l[1653.470]: running in a temporal vortex
ptp4l[1653.720]: running in a temporal vortex
ptp4l[1653.970]: running in a temporal vortex
ptp4l[1654.224]: running in a temporal vortex
ptp4l[1654.471]: running in a temporal vortex
ptp4l[1654.721]: running in a temporal vortex
ptp4l[1654.971]: running in a temporal vortex
ptp4l[1655.221]: running in a temporal vortex
ptp4l[1655.471]: running in a temporal vortex
ptp4l[1655.721]: running in a temporal vortex
ptp4l[1655.971]: running in a temporal vortex
ptp4l[1656.222]: running in a temporal vortex
ptp4l[1656.472]: running in a temporal vortex
ptp4l[1656.722]: running in a temporal vortex
ptp4l[1656.972]: running in a temporal vortex
ptp4l[1657.222]: running in a temporal vortex
ptp4l[1657.472]: running in a temporal vortex
ptp4l[1657.722]: running in a temporal vortex
ptp4l[1657.972]: running in a temporal vortex
ptp4l[1658.222]: running in a temporal vortex
ptp4l[1658.473]: running in a temporal vortex
ptp4l[1658.723]: running in a temporal vortex
ptp4l[1658.973]: running in a temporal vortex
ptp4l[1659.223]: running in a temporal vortex
ptp4l[1659.473]: running in a temporal vortex
ptp4l[1659.723]: running in a temporal vortex
ptp4l[1659.973]: running in a temporal vortex
ptp4l[1660.223]: running in a temporal vortex
ptp4l[1660.473]: running in a temporal vortex
ptp4l[1660.724]: running in a temporal vortex
ptp4l[1660.974]: running in a temporal vortex
ptp4l[1661.224]: running in a temporal vortex
ptp4l[1661.474]: running in a temporal vortex
ptp4l[1661.724]: running in a temporal vortex
ptp4l[1661.974]: running in a temporal vortex
ptp4l[1662.225]: running in a temporal vortex
ptp4l[1662.475]: running in a temporal vortex
ptp4l[1662.725]: running in a temporal vortex
ptp4l[1662.975]: running in a temporal vortex
ptp4l[1663.225]: running in a temporal vortex
ptp4l[1663.475]: running in a temporal vortex
ptp4l[1663.726]: running in a temporal vortex
ptp4l[1663.976]: running in a temporal vortex
ptp4l[1664.226]: running in a temporal vortex
ptp4l[1664.480]: running in a temporal vortex
ptp4l[1664.730]: running in a temporal vortex
ptp4l[1664.980]: running in a temporal vortex
ptp4l[1665.230]: running in a temporal vortex
ptp4l[1665.480]: running in a temporal vortex
ptp4l[1665.730]: running in a temporal vortex
ptp4l[1665.980]: running in a temporal vortex
ptp4l[1666.230]: running in a temporal vortex
ptp4l[1666.481]: running in a temporal vortex
ptp4l[1666.731]: running in a temporal vortex
ptp4l[1666.981]: running in a temporal vortex
ptp4l[1667.231]: running in a temporal vortex
ptp4l[1667.481]: running in a temporal vortex
ptp4l[1667.731]: running in a temporal vortex
ptp4l[1667.981]: running in a temporal vortex
ptp4l[1668.232]: running in a temporal vortex
ptp4l[1668.482]: running in a temporal vortex
ptp4l[1668.732]: running in a temporal vortex
ptp4l[1668.982]: running in a temporal vortex
ptp4l[1669.232]: running in a temporal vortex
ptp4l[1669.482]: running in a temporal vortex
