ptp4l[134.332]: port 1: INITIALIZING to LISTENING on INIT_COMPLETE
ptp4l[134.333]: port 0: INITIALIZING to LISTENING on INIT_COMPLETE
ptp4l[135.073]: port 1: new foreign master 8aa0c1.fffe.2ae158-1
ptp4l[135.336]: selected local clock baf954.fffe.0ff81e as best master
ptp4l[135.585]: port 1: new foreign master de0645.fffe.b22f4b-1
ptp4l[135.823]: selected best master clock 8aa0c1.fffe.2ae158
ptp4l[135.824]: port 1: assuming the grand master role
ptp4l[135.824]: port 1: master state recommended in slave only mode
ptp4l[135.825]: port 1: defaultDS.priority1 probably misconfigured
ptp4l[136.136]: selected local clock baf954.fffe.0ff81e as best master
ptp4l[136.335]: selected best master clock de0645.fffe.b22f4b
ptp4l[136.336]: foreign master not using PTP timescale
ptp4l[136.337]: port 1: LISTENING to UNCALIBRATED on RS_SLAVE
ptp4l[136.573]: selected best master clock de0645.fffe.b22f4b
ptp4l[136.574]: foreign master not using PTP timescale
ptp4l[137.074]: selected best master clock de0645.fffe.b22f4b
ptp4l[137.077]: foreign master not using PTP timescale
ptp4l[137.574]: selected best master clock de0645.fffe.b22f4b
ptp4l[137.576]: foreign master not using PTP timescale
ptp4l[138.075]: selected best master clock de0645.fffe.b22f4b
ptp4l[138.075]: foreign master not using PTP timescale
ptp4l[138.575]: selected best master clock de0645.fffe.b22f4b
ptp4l[138.575]: foreign master not using PTP timescale
ptp4l[139.075]: selected best master clock de0645.fffe.b22f4b
ptp4l[139.076]: foreign master not using PTP timescale
ptp4l[139.575]: selected best master clock de0645.fffe.b22f4b
ptp4l[139.576]: foreign master not using PTP timescale
ptp4l[140.075]: selected best master clock de0645.fffe.b22f4b
ptp4l[140.076]: foreign master not using PTP timescale
ptp4l[140.576]: selected best master clock de0645.fffe.b22f4b
ptp4l[140.577]: foreign master not using PTP timescale
ptp4l[141.076]: selected best master clock de0645.fffe.b22f4b
ptp4l[141.077]: foreign master not using PTP timescale
ptp4l[141.576]: selected best master clock de0645.fffe.b22f4b
ptp4l[141.577]: foreign master not using PTP timescale
ptp4l[142.076]: selected best master clock de0645.fffe.b22f4b
ptp4l[142.079]: foreign master not using PTP timescale
ptp4l[142.577]: selected best master clock de0645.fffe.b22f4b
ptp4l[142.577]: foreign master not using PTP timescale
ptp4l[143.077]: selected best master clock de0645.fffe.b22f4b
ptp4l[143.078]: foreign master not using PTP timescale
ptp4l[143.577]: selected best master clock de0645.fffe.b22f4b
ptp4l[143.578]: foreign master not using PTP timescale
ptp4l[144.077]: selected best master clock de0645.fffe.b22f4b
ptp4l[144.078]: foreign master not using PTP timescale
ptp4l[144.577]: selected best master clock de0645.fffe.b22f4b
ptp4l[144.579]: foreign master not using PTP timescale
ptp4l[145.078]: selected best master clock de0645.fffe.b22f4b
ptp4l[145.078]: foreign master not using PTP timescale
ptp4l[145.578]: selected best master clock de0645.fffe.b22f4b
ptp4l[145.579]: foreign master not using PTP timescale
ptp4l[146.078]: selected best master clock de0645.fffe.b22f4b
ptp4l[146.079]: foreign master not using PTP timescale
ptp4l[146.579]: selected best master clock de0645.fffe.b22f4b
ptp4l[146.579]: foreign master not using PTP timescale
ptp4l[147.079]: selected best master clock de0645.fffe.b22f4b
ptp4l[147.080]: foreign master not using PTP timescale
ptp4l[147.579]: selected best master clock de0645.fffe.b22f4b
ptp4l[147.580]: foreign master not using PTP timescale
ptp4l[148.079]: selected best master clock de0645.fffe.b22f4b
ptp4l[148.080]: foreign master not using PTP timescale
ptp4l[148.580]: selected best master clock de0645.fffe.b22f4b
ptp4l[148.581]: foreign master not using PTP timescale
ptp4l[149.080]: selected best master clock de0645.fffe.b22f4b
ptp4l[149.081]: foreign master not using PTP timescale
