ptp4l[493.288]: port 1: INITIALIZING to LISTENING on INIT_COMPLETE
ptp4l[493.324]: port 2: INITIALIZING to LISTENING on INIT_COMPLETE
ptp4l[493.324]: port 0: INITIALIZING to LISTENING on INIT_COMPLETE
ptp4l[494.103]: port 2: new foreign master 2ebae3.fffe.79b8d1-1
ptp4l[494.153]: port 1: new foreign master 960137.fffe.8d4a2e-1
ptp4l[494.244]: selected local clock caad2e.fffe.70c60c as best master
ptp4l[494.304]: selected local clock caad2e.fffe.70c60c as best master
ptp4l[494.603]: selected best master clock 2ebae3.fffe.79b8d1
ptp4l[494.604]: foreign master not using PTP timescale
ptp4l[494.605]: port 2: LISTENING to UNCALIBRATED on RS_SLAVE
ptp4l[494.653]: selected best master clock 960137.fffe.8d4a2e
ptp4l[494.654]: foreign master not using PTP timescale
ptp4l[494.655]: port 1: LISTENING to UNCALIBRATED on RS_SLAVE
ptp4l[494.655]: port 2: master state recommended in slave only mode
ptp4l[494.656]: port 2: defaultDS.priority1 probably misconfigured
ptp4l[494.656]: port 2: UNCALIBRATED to LISTENING on RS_MASTER
ptp4l[495.528]: selected best master clock 960137.fffe.8d4a2e
ptp4l[495.528]: foreign master not using PTP timescale
ptp4l[495.853]: selected best master clock 960137.fffe.8d4a2e
ptp4l[495.854]: foreign master not using PTP timescale
ptp4l[495.855]: port 2: master state recommended in slave only mode
ptp4l[495.855]: port 2: defaultDS.priority1 probably misconfigured
ptp4l[496.504]: selected best master clock 960137.fffe.8d4a2e
ptp4l[496.504]: foreign master not using PTP timescale
ptp4l[496.853]: selected best master clock 960137.fffe.8d4a2e
ptp4l[496.854]: foreign master not using PTP timescale
ptp4l[496.855]: port 2: master state recommended in slave only mode
ptp4l[496.856]: port 2: defaultDS.priority1 probably misconfigured
ptp4l[497.468]: selected best master clock 960137.fffe.8d4a2e
ptp4l[497.469]: foreign master not using PTP timescale
ptp4l[497.854]: selected best master clock 960137.fffe.8d4a2e
ptp4l[497.855]: foreign master not using PTP timescale
ptp4l[497.855]: port 2: master state recommended in slave only mode
ptp4l[497.856]: port 2: defaultDS.priority1 probably misconfigured
ptp4l[498.240]: selected best master clock 960137.fffe.8d4a2e
ptp4l[498.240]: foreign master not using PTP timescale
ptp4l[498.604]: selected best master clock 960137.fffe.8d4a2e
ptp4l[498.605]: foreign master not using PTP timescale
ptp4l[498.606]: port 2: master state recommended in slave only mode
ptp4l[498.606]: port 2: defaultDS.priority1 probably misconfigured
ptp4l[498.996]: selected best master clock 960137.fffe.8d4a2e
ptp4l[498.996]: foreign master not using PTP timescale
ptp4l[499.355]: selected best master clock 960137.fffe.8d4a2e
ptp4l[499.355]: foreign master not using PTP timescale
ptp4l[499.356]: port 2: master state recommended in slave only mode
ptp4l[499.357]: port 2: defaultDS.priority1 probably misconfigured
ptp4l[500.008]: selected best master clock 960137.fffe.8d4a2e
ptp4l[500.008]: foreign master not using PTP timescale
ptp4l[500.355]: selected best master clock 960137.fffe.8d4a2e
ptp4l[500.356]: foreign master not using PTP timescale
ptp4l[500.356]: port 2: master state recommended in slave only mode
ptp4l[500.357]: port 2: defaultDS.priority1 probably misconfigured
ptp4l[500.800]: selected best master clock 960137.fffe.8d4a2e
ptp4l[500.800]: foreign master not using PTP timescale
ptp4l[501.105]: selected best master clock 960137.fffe.8d4a2e
ptp4l[501.106]: foreign master not using PTP timescale
ptp4l[501.107]: port 2: master state recommended in slave only mode
ptp4l[501.107]: port 2: defaultDS.priority1 probably misconfigured
ptp4l[501.772]: selected best master clock 960137.fffe.8d4a2e
ptp4l[501.773]: foreign master not using PTP timescale
ptp4l[502.106]: selected best master clock 960137.fffe.8d4a2e
ptp4l[502.108]: foreign master not using PTP timescale
ptp4l[502.110]: port 2: master state recommended in slave only mode
ptp4l[502.113]: port 2: defaultDS.priority1 probably misconfigured
ptp4l[502.600]: selected best master clock 960137.fffe.8d4a2e
ptp4l[502.601]: foreign master not using PTP timescale
ptp4l[502.856]: selected best master clock 960137.fffe.8d4a2e
ptp4l[502.857]: foreign master not using PTP timescale
ptp4l[502.857]: port 2: master state recommended in slave only mode
ptp4l[502.858]: port 2: defaultDS.priority1 probably misconfigured
ptp4l[503.412]: selected best master clock 960137.fffe.8d4a2e
ptp4l[503.412]: foreign master not using PTP timescale
ptp4l[503.856]: selected best master clock 960137.fffe.8d4a2e
ptp4l[503.857]: foreign master not using PTP timescale
ptp4l[503.857]: port 2: master state recommended in slave only mode
ptp4l[503.858]: port 2: defaultDS.priority1 probably misconfigured
ptp4l[504.424]: selected best master clock 960137.fffe.8d4a2e
ptp4l[504.424]: foreign master not using PTP timescale
ptp4l[504.857]: selected best master clock 960137.fffe.8d4a2e
ptp4l[504.857]: foreign master not using PTP timescale
ptp4l[504.858]: port 2: master state recommended in slave only mode
ptp4l[504.858]: port 2: defaultDS.priority1 probably misconfigured
ptp4l[505.164]: selected best master clock 960137.fffe.8d4a2e
ptp4l[505.164]: foreign master not using PTP timescale
ptp4l[505.607]: selected best master clock 960137.fffe.8d4a2e
ptp4l[505.607]: foreign master not using PTP timescale
ptp4l[505.608]: port 2: master state recommended in slave only mode
ptp4l[505.608]: port 2: defaultDS.priority1 probably misconfigured
ptp4l[505.976]: selected best master clock 960137.fffe.8d4a2e
ptp4l[505.976]: foreign master not using PTP timescale
ptp4l[506.357]: selected best master clock 960137.fffe.8d4a2e
ptp4l[506.358]: foreign master not using PTP timescale
ptp4l[506.358]: port 2: master state recommended in slave only mode
ptp4l[506.359]: port 2: defaultDS.priority1 probably misconfigured
ptp4l[506.804]: selected best master clock 960137.fffe.8d4a2e
ptp4l[506.805]: foreign master not using PTP timescale
ptp4l[507.108]: selected best master clock 960137.fffe.8d4a2e
ptp4l[507.108]: foreign master not using PTP timescale
ptp4l[507.109]: port 2: master state recommended in slave only mode
ptp4l[507.109]: port 2: defaultDS.priority1 probably misconfigured
ptp4l[507.692]: selected best master clock 960137.fffe.8d4a2e
ptp4l[507.693]: foreign master not using PTP timescale
ptp4l[508.108]: selected best master clock 960137.fffe.8d4a2e
ptp4l[508.109]: foreign master not using PTP timescale
ptp4l[508.109]: port 2: master state recommended in slave only mode
ptp4l[508.110]: port 2: defaultDS.priority1 probably misconfigured
ptp4l[508.536]: selected best master clock 960137.fffe.8d4a2e
ptp4l[508.537]: foreign master not using PTP timescale
ptp4l[508.858]: selected best master clock 960137.fffe.8d4a2e
ptp4l[508.859]: foreign master not using PTP timescale
ptp4l[508.860]: port 2: master state recommended in slave only mode
ptp4l[508.860]: port 2: defaultDS.priority1 probably misconfigured
ptp4l[509.452]: selected best master clock 960137.fffe.8d4a2e
ptp4l[509.452]: foreign master not using PTP timescale
ptp4l[509.859]: selected best master clock 960137.fffe.8d4a2e
ptp4l[509.860]: foreign master not using PTP timescale
ptp4l[509.861]: port 2: master state recommended in slave only mode
ptp4l[509.861]: port 2: defaultDS.priority1 probably misconfigured
ptp4l[510.448]: selected best master clock 960137.fffe.8d4a2e
ptp4l[510.448]: foreign master not using PTP timescale
ptp4l[510.790]: rms 83508 max 236101 freq +14719 +/- 38218 delay 12007 +/- 1456
ptp4l[510.859]: selected best master clock 960137.fffe.8d4a2e
ptp4l[510.860]: foreign master not using PTP timescale
ptp4l[510.861]: port 2: master state recommended in slave only mode
ptp4l[510.861]: port 2: defaultDS.priority1 probably misconfigured
ptp4l[511.236]: selected best master clock 960137.fffe.8d4a2e
ptp4l[511.237]: foreign master not using PTP timescale
ptp4l[511.610]: selected best master clock 960137.fffe.8d4a2e
ptp4l[511.611]: foreign master not using PTP timescale
ptp4l[511.612]: port 2: master state recommended in slave only mode
ptp4l[511.613]: port 2: defaultDS.priority1 probably misconfigured
ptp4l[512.004]: selected best master clock 960137.fffe.8d4a2e
ptp4l[512.005]: foreign master not using PTP timescale
ptp4l[512.361]: selected best master clock 960137.fffe.8d4a2e
ptp4l[512.362]: foreign master not using PTP timescale
ptp4l[512.362]: port 2: master state recommended in slave only mode
ptp4l[512.363]: port 2: defaultDS.priority1 probably misconfigured
ptp4l[512.864]: selected best master clock 960137.fffe.8d4a2e
ptp4l[512.865]: foreign master not using PTP timescale
ptp4l[513.361]: selected best master clock 960137.fffe.8d4a2e
ptp4l[513.363]: foreign master not using PTP timescale
ptp4l[513.363]: port 2: master state recommended in slave only mode
ptp4l[513.364]: port 2: defaultDS.priority1 probably misconfigured
ptp4l[513.740]: selected best master clock 960137.fffe.8d4a2e
ptp4l[513.740]: foreign master not using PTP timescale
ptp4l[514.112]: selected best master clock 960137.fffe.8d4a2e
ptp4l[514.113]: foreign master not using PTP timescale
ptp4l[514.113]: port 2: master state recommended in slave only mode
ptp4l[514.114]: port 2: defaultDS.priority1 probably misconfigured
ptp4l[514.472]: selected best master clock 960137.fffe.8d4a2e
ptp4l[514.472]: foreign master not using PTP timescale
ptp4l[514.862]: selected best master clock 960137.fffe.8d4a2e
ptp4l[514.863]: foreign master not using PTP timescale
ptp4l[514.864]: port 2: master state recommended in slave only mode
ptp4l[514.864]: port 2: defaultDS.priority1 probably misconfigured
ptp4l[515.440]: selected best master clock 960137.fffe.8d4a2e
ptp4l[515.440]: foreign master not using PTP timescale
ptp4l[515.862]: selected best master clock 960137.fffe.8d4a2e
ptp4l[515.863]: foreign master not using PTP timescale
ptp4l[515.864]: port 2: master state recommended in slave only mode
ptp4l[515.864]: port 2: defaultDS.priority1 probably misconfigured
ptp4l[516.272]: selected best master clock 960137.fffe.8d4a2e
ptp4l[516.272]: foreign master not using PTP timescale
ptp4l[516.613]: selected best master clock 960137.fffe.8d4a2e
ptp4l[516.613]: foreign master not using PTP timescale
ptp4l[516.614]: port 2: master state recommended in slave only mode
ptp4l[516.614]: port 2: defaultDS.priority1 probably misconfigured
ptp4l[517.160]: selected best master clock 960137.fffe.8d4a2e
ptp4l[517.160]: foreign master not using PTP timescale
ptp4l[517.613]: selected best master clock 960137.fffe.8d4a2e
ptp4l[517.614]: foreign master not using PTP timescale
ptp4l[517.614]: port 2: master state recommended in slave only mode
ptp4l[517.615]: port 2: defaultDS.priority1 probably misconfigured
ptp4l[518.048]: selected best master clock 960137.fffe.8d4a2e
ptp4l[518.048]: foreign master not using PTP timescale
ptp4l[518.363]: selected best master clock 960137.fffe.8d4a2e
ptp4l[518.364]: foreign master not using PTP timescale
ptp4l[518.365]: port 2: master state recommended in slave only mode
ptp4l[518.365]: port 2: defaultDS.priority1 probably misconfigured
ptp4l[518.932]: selected best master clock 960137.fffe.8d4a2e
ptp4l[518.932]: foreign master not using PTP timescale
ptp4l[519.364]: selected best master clock 960137.fffe.8d4a2e
ptp4l[519.364]: foreign master not using PTP timescale
ptp4l[519.365]: port 2: master state recommended in slave only mode
ptp4l[519.365]: port 2: defaultDS.priority1 probably misconfigured
ptp4l[519.900]: selected best master clock 960137.fffe.8d4a2e
ptp4l[519.901]: foreign master not using PTP timescale
ptp4l[520.364]: selected best master clock 960137.fffe.8d4a2e
ptp4l[520.365]: foreign master not using PTP timescale
ptp4l[520.365]: port 2: master state recommended in slave only mode
ptp4l[520.366]: port 2: defaultDS.priority1 probably misconfigured
ptp4l[520.756]: selected best master clock 960137.fffe.8d4a2e
ptp4l[520.756]: foreign master not using PTP timescale
ptp4l[521.114]: selected best master clock 960137.fffe.8d4a2e
ptp4l[521.115]: foreign master not using PTP timescale
ptp4l[521.115]: port 2: master state recommended in slave only mode
ptp4l[521.116]: port 2: defaultDS.priority1 probably misconfigured
ptp4l[521.600]: selected best master clock 960137.fffe.8d4a2e
ptp4l[521.600]: foreign master not using PTP timescale
ptp4l[521.864]: selected best master clock 960137.fffe.8d4a2e
ptp4l[521.865]: foreign master not using PTP timescale
ptp4l[521.866]: port 2: master state recommended in slave only mode
ptp4l[521.866]: port 2: defaultDS.priority1 probably misconfigured
ptp4l[522.356]: selected best master clock 960137.fffe.8d4a2e
ptp4l[522.356]: foreign master not using PTP timescale
ptp4l[522.615]: selected best master clock 960137.fffe.8d4a2e
ptp4l[522.616]: foreign master not using PTP timescale
ptp4l[522.616]: port 2: master state recommended in slave only mode
ptp4l[522.617]: port 2: defaultDS.priority1 probably misconfigured
ptp4l[523.204]: selected best master clock 960137.fffe.8d4a2e
ptp4l[523.205]: foreign master not using PTP timescale
ptp4l[523.616]: selected best master clock 960137.fffe.8d4a2e
ptp4l[523.617]: foreign master not using PTP timescale
ptp4l[523.617]: port 2: master state recommended in slave only mode
ptp4l[523.618]: port 2: defaultDS.priority1 probably misconfigured
ptp4l[524.108]: selected best master clock 960137.fffe.8d4a2e
ptp4l[524.108]: foreign master not using PTP timescale
ptp4l[524.367]: selected best master clock 960137.fffe.8d4a2e
ptp4l[524.367]: foreign master not using PTP timescale
ptp4l[524.368]: port 2: master state recommended in slave only mode
ptp4l[524.369]: port 2: defaultDS.priority1 probably misconfigured
ptp4l[525.104]: selected best master clock 960137.fffe.8d4a2e
ptp4l[525.105]: foreign master not using PTP timescale
ptp4l[525.367]: selected best master clock 960137.fffe.8d4a2e
ptp4l[525.370]: foreign master not using PTP timescale
ptp4l[525.373]: port 2: master state recommended in slave only mode
ptp4l[525.375]: port 2: defaultDS.priority1 probably misconfigured
ptp4l[525.908]: selected best master clock 960137.fffe.8d4a2e
ptp4l[525.908]: foreign master not using PTP timescale
ptp4l[526.368]: selected best master clock 960137.fffe.8d4a2e
ptp4l[526.368]: foreign master not using PTP timescale
ptp4l[526.369]: port 2: master state recommended in slave only mode
ptp4l[526.370]: port 2: defaultDS.priority1 probably misconfigured
ptp4l[526.760]: selected best master clock 960137.fffe.8d4a2e
ptp4l[526.760]: foreign master not using PTP timescale
ptp4l[526.806]: rms 178812 max 314177 freq -11247 +/- 100334 delay 70799 +/- 29850
ptp4l[527.119]: selected best master clock 960137.fffe.8d4a2e
ptp4l[527.121]: foreign master not using PTP timescale
ptp4l[527.123]: port 2: master state recommended in slave only mode
ptp4l[527.125]: port 2: defaultDS.priority1 probably misconfigured
ptp4l[527.712]: selected best master clock 960137.fffe.8d4a2e
ptp4l[527.713]: foreign master not using PTP timescale
ptp4l[528.119]: selected best master clock 960137.fffe.8d4a2e
ptp4l[528.120]: foreign master not using PTP timescale
ptp4l[528.120]: port 2: master state recommended in slave only mode
ptp4l[528.121]: port 2: defaultDS.priority1 probably misconfigured
ptp4l[528.572]: selected best master clock 960137.fffe.8d4a2e
ptp4l[528.572]: foreign master not using PTP timescale
ptp4l[528.870]: selected best master clock 960137.fffe.8d4a2e
ptp4l[528.870]: foreign master not using PTP timescale
ptp4l[528.871]: port 2: master state recommended in slave only mode
ptp4l[528.871]: port 2: defaultDS.priority1 probably misconfigured
ptp4l[529.528]: selected best master clock 960137.fffe.8d4a2e
ptp4l[529.529]: foreign master not using PTP timescale
ptp4l[529.870]: selected best master clock 960137.fffe.8d4a2e
ptp4l[529.871]: foreign master not using PTP timescale
ptp4l[529.872]: port 2: master state recommended in slave only mode
ptp4l[529.872]: port 2: defaultDS.priority1 probably misconfigured
ptp4l[530.508]: selected best master clock 960137.fffe.8d4a2e
ptp4l[530.508]: foreign master not using PTP timescale
ptp4l[530.871]: selected best master clock 960137.fffe.8d4a2e
ptp4l[530.872]: foreign master not using PTP timescale
ptp4l[530.872]: port 2: master state recommended in slave only mode
ptp4l[530.873]: port 2: defaultDS.priority1 probably misconfigured
ptp4l[531.280]: selected best master clock 960137.fffe.8d4a2e
ptp4l[531.280]: foreign master not using PTP timescale
ptp4l[531.621]: selected best master clock 960137.fffe.8d4a2e
ptp4l[531.621]: foreign master not using PTP timescale
ptp4l[531.622]: port 2: master state recommended in slave only mode
ptp4l[531.623]: port 2: defaultDS.priority1 probably misconfigured
ptp4l[532.276]: selected best master clock 960137.fffe.8d4a2e
ptp4l[532.276]: foreign master not using PTP timescale
ptp4l[532.621]: selected best master clock 960137.fffe.8d4a2e
ptp4l[532.622]: foreign master not using PTP timescale
ptp4l[532.622]: port 2: master state recommended in slave only mode
ptp4l[532.623]: port 2: defaultDS.priority1 probably misconfigured
ptp4l[533.240]: selected best master clock 960137.fffe.8d4a2e
ptp4l[533.241]: foreign master not using PTP timescale
ptp4l[533.622]: selected best master clock 960137.fffe.8d4a2e
ptp4l[533.622]: foreign master not using PTP timescale
ptp4l[533.623]: port 2: master state recommended in slave only mode
ptp4l[533.623]: port 2: defaultDS.priority1 probably misconfigured
ptp4l[534.084]: selected best master clock 960137.fffe.8d4a2e
ptp4l[534.084]: foreign master not using PTP timescale
ptp4l[534.372]: selected best master clock 960137.fffe.8d4a2e
ptp4l[534.373]: foreign master not using PTP timescale
ptp4l[534.373]: port 2: master state recommended in slave only mode
ptp4l[534.374]: port 2: defaultDS.priority1 probably misconfigured
ptp4l[535.068]: selected best master clock 960137.fffe.8d4a2e
ptp4l[535.068]: foreign master not using PTP timescale
ptp4l[535.372]: selected best master clock 960137.fffe.8d4a2e
ptp4l[535.373]: foreign master not using PTP timescale
ptp4l[535.374]: port 2: master state recommended in slave only mode
ptp4l[535.374]: port 2: defaultDS.priority1 probably misconfigured
ptp4l[536.032]: selected best master clock 960137.fffe.8d4a2e
ptp4l[536.033]: foreign master not using PTP timescale
ptp4l[536.372]: selected best master clock 960137.fffe.8d4a2e
ptp4l[536.373]: foreign master not using PTP timescale
ptp4l[536.374]: port 2: master state recommended in slave only mode
ptp4l[536.374]: port 2: defaultDS.priority1 probably misconfigured
ptp4l[536.832]: selected best master clock 960137.fffe.8d4a2e
ptp4l[536.832]: foreign master not using PTP timescale
ptp4l[537.123]: selected best master clock 960137.fffe.8d4a2e
ptp4l[537.123]: foreign master not using PTP timescale
ptp4l[537.124]: port 2: master state recommended in slave only mode
ptp4l[537.125]: port 2: defaultDS.priority1 probably misconfigured
ptp4l[537.760]: selected best master clock 960137.fffe.8d4a2e
ptp4l[537.760]: foreign master not using PTP timescale
ptp4l[538.123]: selected best master clock 960137.fffe.8d4a2e
ptp4l[538.124]: foreign master not using PTP timescale
ptp4l[538.125]: port 2: master state recommended in slave only mode
ptp4l[538.125]: port 2: defaultDS.priority1 probably misconfigured
ptp4l[538.520]: selected best master clock 960137.fffe.8d4a2e
ptp4l[538.521]: foreign master not using PTP timescale
ptp4l[538.873]: selected best master clock 960137.fffe.8d4a2e
ptp4l[538.874]: foreign master not using PTP timescale
ptp4l[538.874]: port 2: master state recommended in slave only mode
ptp4l[538.875]: port 2: defaultDS.priority1 probably misconfigured
ptp4l[539.412]: selected best master clock 960137.fffe.8d4a2e
ptp4l[539.412]: foreign master not using PTP timescale
ptp4l[539.874]: selected best master clock 960137.fffe.8d4a2e
ptp4l[539.875]: foreign master not using PTP timescale
ptp4l[539.876]: port 2: master state recommended in slave only mode
ptp4l[539.877]: port 2: defaultDS.priority1 probably misconfigured
ptp4l[540.228]: selected best master clock 960137.fffe.8d4a2e
ptp4l[540.228]: foreign master not using PTP timescale
ptp4l[540.625]: selected best master clock 960137.fffe.8d4a2e
ptp4l[540.625]: foreign master not using PTP timescale
ptp4l[540.626]: port 2: master state recommended in slave only mode
ptp4l[540.626]: port 2: defaultDS.priority1 probably misconfigured
ptp4l[541.196]: selected best master clock 960137.fffe.8d4a2e
ptp4l[541.197]: foreign master not using PTP timescale
ptp4l[541.625]: selected best master clock 960137.fffe.8d4a2e
ptp4l[541.626]: foreign master not using PTP timescale
ptp4l[541.626]: port 2: master state recommended in slave only mode
ptp4l[541.627]: port 2: defaultDS.priority1 probably misconfigured
ptp4l[542.108]: selected best master clock 960137.fffe.8d4a2e
ptp4l[542.109]: foreign master not using PTP timescale
ptp4l[542.375]: selected best master clock 960137.fffe.8d4a2e
ptp4l[542.376]: foreign master not using PTP timescale
ptp4l[542.377]: port 2: master state recommended in slave only mode
ptp4l[542.377]: port 2: defaultDS.priority1 probably misconfigured
ptp4l[542.822]: rms 78871 max 118376 freq  +2901 +/- 47756 delay 78940 +/- 23609
ptp4l[542.908]: selected best master clock 960137.fffe.8d4a2e
ptp4l[542.908]: foreign master not using PTP timescale
ptp4l[543.376]: selected best master clock 960137.fffe.8d4a2e
ptp4l[543.377]: foreign master not using PTP timescale
ptp4l[543.377]: port 2: master state recommended in slave only mode
ptp4l[543.378]: port 2: defaultDS.priority1 probably misconfigured
ptp4l[543.756]: selected best master clock 960137.fffe.8d4a2e
ptp4l[543.757]: foreign master not using PTP timescale
ptp4l[544.126]: selected best master clock 960137.fffe.8d4a2e
ptp4l[544.127]: foreign master not using PTP timescale
ptp4l[544.128]: port 2: master state recommended in slave only mode
ptp4l[544.128]: port 2: defaultDS.priority1 probably misconfigured
ptp4l[544.528]: selected best master clock 960137.fffe.8d4a2e
ptp4l[544.530]: foreign master not using PTP timescale
ptp4l[544.877]: selected best master clock 960137.fffe.8d4a2e
ptp4l[544.878]: foreign master not using PTP timescale
ptp4l[544.879]: port 2: master state recommended in slave only mode
ptp4l[544.880]: port 2: defaultDS.priority1 probably misconfigured
ptp4l[545.516]: selected best master clock 960137.fffe.8d4a2e
ptp4l[545.516]: foreign master not using PTP timescale
ptp4l[545.877]: selected best master clock 960137.fffe.8d4a2e
ptp4l[545.878]: foreign master not using PTP timescale
ptp4l[545.879]: port 2: master state recommended in slave only mode
ptp4l[545.880]: port 2: defaultDS.priority1 probably misconfigured
ptp4l[546.332]: selected best master clock 960137.fffe.8d4a2e
ptp4l[546.332]: foreign master not using PTP timescale
ptp4l[546.628]: selected best master clock 960137.fffe.8d4a2e
ptp4l[546.628]: foreign master not using PTP timescale
ptp4l[546.629]: port 2: master state recommended in slave only mode
ptp4l[546.630]: port 2: defaultDS.priority1 probably misconfigured
ptp4l[547.064]: selected best master clock 960137.fffe.8d4a2e
ptp4l[547.065]: foreign master not using PTP timescale
ptp4l[547.378]: selected best master clock 960137.fffe.8d4a2e
ptp4l[547.378]: foreign master not using PTP timescale
ptp4l[547.379]: port 2: master state recommended in slave only mode
ptp4l[547.379]: port 2: defaultDS.priority1 probably misconfigured
ptp4l[547.916]: selected best master clock 960137.fffe.8d4a2e
ptp4l[547.916]: foreign master not using PTP timescale
ptp4l[548.378]: selected best master clock 960137.fffe.8d4a2e
ptp4l[548.379]: foreign master not using PTP timescale
ptp4l[548.380]: port 2: master state recommended in slave only mode
ptp4l[548.380]: port 2: defaultDS.priority1 probably misconfigured
ptp4l[548.756]: selected best master clock 960137.fffe.8d4a2e
ptp4l[548.756]: foreign master not using PTP timescale
ptp4l[549.128]: selected best master clock 960137.fffe.8d4a2e
ptp4l[549.129]: foreign master not using PTP timescale
ptp4l[549.130]: port 2: master state recommended in slave only mode
ptp4l[549.130]: port 2: defaultDS.priority1 probably misconfigured
ptp4l[549.720]: selected best master clock 960137.fffe.8d4a2e
ptp4l[549.720]: foreign master not using PTP timescale
ptp4l[550.129]: selected best master clock 960137.fffe.8d4a2e
ptp4l[550.130]: foreign master not using PTP timescale
ptp4l[550.131]: port 2: master state recommended in slave only mode
ptp4l[550.132]: port 2: defaultDS.priority1 probably misconfigured
ptp4l[550.484]: selected best master clock 960137.fffe.8d4a2e
ptp4l[550.487]: foreign master not using PTP timescale
ptp4l[550.880]: selected best master clock 960137.fffe.8d4a2e
ptp4l[550.880]: foreign master not using PTP timescale
ptp4l[550.881]: port 2: master state recommended in slave only mode
ptp4l[550.881]: port 2: defaultDS.priority1 probably misconfigured
ptp4l[551.356]: selected best master clock 960137.fffe.8d4a2e
ptp4l[551.356]: foreign master not using PTP timescale
ptp4l[551.630]: selected best master clock 960137.fffe.8d4a2e
ptp4l[551.631]: foreign master not using PTP timescale
ptp4l[551.632]: port 2: master state recommended in slave only mode
ptp4l[551.632]: port 2: defaultDS.priority1 probably misconfigured
ptp4l[552.188]: selected best master clock 960137.fffe.8d4a2e
ptp4l[552.189]: foreign master not using PTP timescale
ptp4l[552.631]: selected best master clock 960137.fffe.8d4a2e
ptp4l[552.631]: foreign master not using PTP timescale
ptp4l[552.632]: port 2: master state recommended in slave only mode
ptp4l[552.632]: port 2: defaultDS.priority1 probably misconfigured
ptp4l[553.140]: selected best master clock 960137.fffe.8d4a2e
ptp4l[553.140]: foreign master not using PTP timescale
ptp4l[553.631]: selected best master clock 960137.fffe.8d4a2e
ptp4l[553.632]: foreign master not using PTP timescale
ptp4l[553.632]: port 2: master state recommended in slave only mode
ptp4l[553.633]: port 2: defaultDS.priority1 probably misconfigured
ptp4l[553.944]: selected best master clock 960137.fffe.8d4a2e
ptp4l[553.944]: foreign master not using PTP timescale
ptp4l[554.381]: selected best master clock 960137.fffe.8d4a2e
ptp4l[554.382]: foreign master not using PTP timescale
ptp4l[554.383]: port 2: master state recommended in slave only mode
ptp4l[554.384]: port 2: defaultDS.priority1 probably misconfigured
ptp4l[554.764]: selected best master clock 960137.fffe.8d4a2e
ptp4l[554.764]: foreign master not using PTP timescale
ptp4l[555.132]: selected best master clock 960137.fffe.8d4a2e
ptp4l[555.132]: foreign master not using PTP timescale
ptp4l[555.133]: port 2: master state recommended in slave only mode
ptp4l[555.133]: port 2: defaultDS.priority1 probably misconfigured
ptp4l[555.604]: selected best master clock 960137.fffe.8d4a2e
ptp4l[555.605]: foreign master not using PTP timescale
ptp4l[555.882]: selected best master clock 960137.fffe.8d4a2e
ptp4l[555.883]: foreign master not using PTP timescale
ptp4l[555.883]: port 2: master state recommended in slave only mode
ptp4l[555.884]: port 2: defaultDS.priority1 probably misconfigured
ptp4l[556.392]: selected best master clock 960137.fffe.8d4a2e
ptp4l[556.392]: foreign master not using PTP timescale
ptp4l[556.883]: selected best master clock 960137.fffe.8d4a2e
ptp4l[556.883]: foreign master not using PTP timescale
ptp4l[556.884]: port 2: master state recommended in slave only mode
ptp4l[556.885]: port 2: defaultDS.priority1 probably misconfigured
ptp4l[557.332]: selected best master clock 960137.fffe.8d4a2e
ptp4l[557.332]: foreign master not using PTP timescale
ptp4l[557.633]: selected best master clock 960137.fffe.8d4a2e
ptp4l[557.634]: foreign master not using PTP timescale
ptp4l[557.634]: port 2: master state recommended in slave only mode
ptp4l[557.635]: port 2: defaultDS.priority1 probably misconfigured
ptp4l[558.320]: selected best master clock 960137.fffe.8d4a2e
ptp4l[558.320]: foreign master not using PTP timescale
ptp4l[558.633]: selected best master clock 960137.fffe.8d4a2e
ptp4l[558.634]: foreign master not using PTP timescale
ptp4l[558.635]: port 2: master state recommended in slave only mode
ptp4l[558.635]: port 2: defaultDS.priority1 probably misconfigured
ptp4l[558.837]: rms 107206 max 196004 freq  +1560 +/- 53618 delay 74427 +/- 22848
ptp4l[559.216]: selected best master clock 960137.fffe.8d4a2e
ptp4l[559.216]: foreign master not using PTP timescale
ptp4l[559.634]: selected best master clock 960137.fffe.8d4a2e
ptp4l[559.635]: foreign master not using PTP timescale
ptp4l[559.635]: port 2: master state recommended in slave only mode
ptp4l[559.636]: port 2: defaultDS.priority1 probably misconfigured
ptp4l[560.096]: selected best master clock 960137.fffe.8d4a2e
ptp4l[560.097]: foreign master not using PTP timescale
ptp4l[560.384]: selected best master clock 960137.fffe.8d4a2e
ptp4l[560.385]: foreign master not using PTP timescale
ptp4l[560.386]: port 2: master state recommended in slave only mode
ptp4l[560.386]: port 2: defaultDS.priority1 probably misconfigured
ptp4l[560.884]: selected best master clock 960137.fffe.8d4a2e
ptp4l[560.885]: foreign master not using PTP timescale
ptp4l[561.135]: selected best master clock 960137.fffe.8d4a2e
ptp4l[561.135]: foreign master not using PTP timescale
ptp4l[561.136]: port 2: master state recommended in slave only mode
ptp4l[561.137]: port 2: defaultDS.priority1 probably misconfigured
ptp4l[561.724]: selected best master clock 960137.fffe.8d4a2e
ptp4l[561.725]: foreign master not using PTP timescale
ptp4l[562.136]: selected best master clock 960137.fffe.8d4a2e
ptp4l[562.136]: foreign master not using PTP timescale
ptp4l[562.137]: port 2: master state recommended in slave only mode
ptp4l[562.137]: port 2: defaultDS.priority1 probably misconfigured
ptp4l[562.556]: selected best master clock 960137.fffe.8d4a2e
ptp4l[562.556]: foreign master not using PTP timescale
ptp4l[562.886]: selected best master clock 960137.fffe.8d4a2e
ptp4l[562.887]: foreign master not using PTP timescale
ptp4l[562.887]: port 2: master state recommended in slave only mode
ptp4l[562.888]: port 2: defaultDS.priority1 probably misconfigured
ptp4l[563.376]: selected best master clock 960137.fffe.8d4a2e
ptp4l[563.377]: foreign master not using PTP timescale
ptp4l[563.636]: selected best master clock 960137.fffe.8d4a2e
ptp4l[563.637]: foreign master not using PTP timescale
ptp4l[563.639]: port 2: master state recommended in slave only mode
ptp4l[563.639]: port 2: defaultDS.priority1 probably misconfigured
ptp4l[564.364]: selected best master clock 960137.fffe.8d4a2e
ptp4l[564.364]: foreign master not using PTP timescale
ptp4l[564.637]: selected best master clock 960137.fffe.8d4a2e
ptp4l[564.637]: foreign master not using PTP timescale
ptp4l[564.638]: port 2: master state recommended in slave only mode
ptp4l[564.639]: port 2: defaultDS.priority1 probably misconfigured
ptp4l[565.364]: selected best master clock 960137.fffe.8d4a2e
ptp4l[565.364]: foreign master not using PTP timescale
ptp4l[565.637]: selected best master clock 960137.fffe.8d4a2e
ptp4l[565.638]: foreign master not using PTP timescale
ptp4l[565.639]: port 2: master state recommended in slave only mode
ptp4l[565.639]: port 2: defaultDS.priority1 probably misconfigured
ptp4l[566.156]: selected best master clock 960137.fffe.8d4a2e
ptp4l[566.156]: foreign master not using PTP timescale
ptp4l[566.638]: selected best master clock 960137.fffe.8d4a2e
ptp4l[566.638]: foreign master not using PTP timescale
ptp4l[566.639]: port 2: master state recommended in slave only mode
ptp4l[566.640]: port 2: defaultDS.priority1 probably misconfigured
ptp4l[567.128]: selected best master clock 960137.fffe.8d4a2e
ptp4l[567.128]: foreign master not using PTP timescale
ptp4l[567.388]: selected best master clock 960137.fffe.8d4a2e
ptp4l[567.389]: foreign master not using PTP timescale
ptp4l[567.389]: port 2: master state recommended in slave only mode
ptp4l[567.390]: port 2: defaultDS.priority1 probably misconfigured
ptp4l[568.008]: selected best master clock 960137.fffe.8d4a2e
ptp4l[568.010]: foreign master not using PTP timescale
ptp4l[568.388]: selected best master clock 960137.fffe.8d4a2e
ptp4l[568.389]: foreign master not using PTP timescale
ptp4l[568.389]: port 2: master state recommended in slave only mode
ptp4l[568.390]: port 2: defaultDS.priority1 probably misconfigured
ptp4l[568.820]: selected best master clock 960137.fffe.8d4a2e
ptp4l[568.821]: foreign master not using PTP timescale
ptp4l[569.139]: selected best master clock 960137.fffe.8d4a2e
ptp4l[569.140]: foreign master not using PTP timescale
ptp4l[569.142]: port 2: master state recommended in slave only mode
ptp4l[569.143]: port 2: defaultDS.priority1 probably misconfigured
ptp4l[569.732]: selected best master clock 960137.fffe.8d4a2e
ptp4l[569.732]: foreign master not using PTP timescale
ptp4l[570.139]: selected best master clock 960137.fffe.8d4a2e
ptp4l[570.142]: foreign master not using PTP timescale
ptp4l[570.144]: port 2: master state recommended in slave only mode
ptp4l[570.145]: port 2: defaultDS.priority1 probably misconfigured
ptp4l[570.756]: selected best master clock 960137.fffe.8d4a2e
ptp4l[570.756]: foreign master not using PTP timescale
ptp4l[571.140]: selected best master clock 960137.fffe.8d4a2e
ptp4l[571.141]: foreign master not using PTP timescale
ptp4l[571.141]: port 2: master state recommended in slave only mode
ptp4l[571.141]: port 2: defaultDS.priority1 probably misconfigured
ptp4l[571.648]: selected best master clock 960137.fffe.8d4a2e
ptp4l[571.649]: foreign master not using PTP timescale
ptp4l[572.141]: selected best master clock 960137.fffe.8d4a2e
ptp4l[572.141]: foreign master not using PTP timescale
ptp4l[572.142]: port 2: master state recommended in slave only mode
ptp4l[572.143]: port 2: defaultDS.priority1 probably misconfigured
ptp4l[572.516]: selected best master clock 960137.fffe.8d4a2e
ptp4l[572.517]: foreign master not using PTP timescale
ptp4l[572.891]: selected best master clock 960137.fffe.8d4a2e
ptp4l[572.893]: foreign master not using PTP timescale
ptp4l[572.893]: port 2: master state recommended in slave only mode
ptp4l[572.894]: port 2: defaultDS.priority1 probably misconfigured
ptp4l[573.508]: selected best master clock 960137.fffe.8d4a2e
ptp4l[573.508]: foreign master not using PTP timescale
ptp4l[573.892]: selected best master clock 960137.fffe.8d4a2e
ptp4l[573.893]: foreign master not using PTP timescale
ptp4l[573.893]: port 2: master state recommended in slave only mode
ptp4l[573.894]: port 2: defaultDS.priority1 probably misconfigured
ptp4l[574.464]: selected best master clock 960137.fffe.8d4a2e
ptp4l[574.464]: foreign master not using PTP timescale
ptp4l[574.852]: rms 69964 max 133376 freq  +3029 +/- 51679 delay 67339 +/- 16115
ptp4l[574.892]: selected best master clock 960137.fffe.8d4a2e
ptp4l[574.893]: foreign master not using PTP timescale
ptp4l[574.894]: port 2: master state recommended in slave only mode
ptp4l[574.894]: port 2: defaultDS.priority1 probably misconfigured
ptp4l[575.336]: selected best master clock 960137.fffe.8d4a2e
ptp4l[575.336]: foreign master not using PTP timescale
ptp4l[575.643]: selected best master clock 960137.fffe.8d4a2e
ptp4l[575.644]: foreign master not using PTP timescale
ptp4l[575.644]: port 2: master state recommended in slave only mode
ptp4l[575.645]: port 2: defaultDS.priority1 probably misconfigured
ptp4l[576.252]: selected best master clock 960137.fffe.8d4a2e
ptp4l[576.253]: foreign master not using PTP timescale
ptp4l[576.643]: selected best master clock 960137.fffe.8d4a2e
ptp4l[576.644]: foreign master not using PTP timescale
ptp4l[576.644]: port 2: master state recommended in slave only mode
ptp4l[576.645]: port 2: defaultDS.priority1 probably misconfigured
ptp4l[577.080]: selected best master clock 960137.fffe.8d4a2e
ptp4l[577.080]: foreign master not using PTP timescale
ptp4l[577.394]: selected best master clock 960137.fffe.8d4a2e
ptp4l[577.395]: foreign master not using PTP timescale
ptp4l[577.395]: port 2: master state recommended in slave only mode
ptp4l[577.396]: port 2: defaultDS.priority1 probably misconfigured
ptp4l[578.048]: selected best master clock 960137.fffe.8d4a2e
ptp4l[578.050]: foreign master not using PTP timescale
ptp4l[578.394]: selected best master clock 960137.fffe.8d4a2e
ptp4l[578.395]: foreign master not using PTP timescale
ptp4l[578.396]: port 2: master state recommended in slave only mode
ptp4l[578.396]: port 2: defaultDS.priority1 probably misconfigured
ptp4l[578.848]: selected best master clock 960137.fffe.8d4a2e
ptp4l[578.848]: foreign master not using PTP timescale
ptp4l[579.144]: selected best master clock 960137.fffe.8d4a2e
ptp4l[579.146]: foreign master not using PTP timescale
ptp4l[579.146]: port 2: master state recommended in slave only mode
ptp4l[579.147]: port 2: defaultDS.priority1 probably misconfigured
ptp4l[579.624]: selected best master clock 960137.fffe.8d4a2e
ptp4l[579.625]: foreign master not using PTP timescale
ptp4l[579.895]: selected best master clock 960137.fffe.8d4a2e
ptp4l[579.896]: foreign master not using PTP timescale
ptp4l[579.897]: port 2: master state recommended in slave only mode
ptp4l[579.898]: port 2: defaultDS.priority1 probably misconfigured
ptp4l[580.508]: selected best master clock 960137.fffe.8d4a2e
ptp4l[580.508]: foreign master not using PTP timescale
ptp4l[580.895]: selected best master clock 960137.fffe.8d4a2e
ptp4l[580.897]: foreign master not using PTP timescale
ptp4l[580.898]: port 2: master state recommended in slave only mode
ptp4l[580.899]: port 2: defaultDS.priority1 probably misconfigured
ptp4l[581.336]: selected best master clock 960137.fffe.8d4a2e
ptp4l[581.337]: foreign master not using PTP timescale
ptp4l[581.645]: selected best master clock 960137.fffe.8d4a2e
ptp4l[581.646]: foreign master not using PTP timescale
ptp4l[581.647]: port 2: master state recommended in slave only mode
ptp4l[581.647]: port 2: defaultDS.priority1 probably misconfigured
ptp4l[582.244]: selected best master clock 960137.fffe.8d4a2e
ptp4l[582.245]: foreign master not using PTP timescale
ptp4l[582.646]: selected best master clock 960137.fffe.8d4a2e
ptp4l[582.647]: foreign master not using PTP timescale
ptp4l[582.647]: port 2: master state recommended in slave only mode
ptp4l[582.648]: port 2: defaultDS.priority1 probably misconfigured
ptp4l[583.088]: selected best master clock 960137.fffe.8d4a2e
ptp4l[583.088]: foreign master not using PTP timescale
ptp4l[583.396]: selected best master clock 960137.fffe.8d4a2e
ptp4l[583.397]: foreign master not using PTP timescale
ptp4l[583.397]: port 2: master state recommended in slave only mode
ptp4l[583.398]: port 2: defaultDS.priority1 probably misconfigured
ptp4l[584.028]: selected best master clock 960137.fffe.8d4a2e
ptp4l[584.029]: foreign master not using PTP timescale
ptp4l[584.396]: selected best master clock 960137.fffe.8d4a2e
ptp4l[584.397]: foreign master not using PTP timescale
ptp4l[584.398]: port 2: master state recommended in slave only mode
ptp4l[584.398]: port 2: defaultDS.priority1 probably misconfigured
ptp4l[584.892]: selected best master clock 960137.fffe.8d4a2e
ptp4l[584.893]: foreign master not using PTP timescale
ptp4l[585.147]: selected best master clock 960137.fffe.8d4a2e
ptp4l[585.147]: foreign master not using PTP timescale
ptp4l[585.148]: port 2: master state recommended in slave only mode
ptp4l[585.148]: port 2: defaultDS.priority1 probably misconfigured
ptp4l[585.832]: selected best master clock 960137.fffe.8d4a2e
ptp4l[585.832]: foreign master not using PTP timescale
ptp4l[586.147]: selected best master clock 960137.fffe.8d4a2e
ptp4l[586.147]: foreign master not using PTP timescale
ptp4l[586.148]: port 2: master state recommended in slave only mode
ptp4l[586.148]: port 2: defaultDS.priority1 probably misconfigured
ptp4l[586.688]: selected best master clock 960137.fffe.8d4a2e
ptp4l[586.688]: foreign master not using PTP timescale
ptp4l[587.147]: selected best master clock 960137.fffe.8d4a2e
ptp4l[587.148]: foreign master not using PTP timescale
ptp4l[587.149]: port 2: master state recommended in slave only mode
ptp4l[587.149]: port 2: defaultDS.priority1 probably misconfigured
ptp4l[587.528]: selected best master clock 960137.fffe.8d4a2e
ptp4l[587.530]: foreign master not using PTP timescale
ptp4l[587.898]: selected best master clock 960137.fffe.8d4a2e
ptp4l[587.899]: foreign master not using PTP timescale
ptp4l[587.900]: port 2: master state recommended in slave only mode
ptp4l[587.900]: port 2: defaultDS.priority1 probably misconfigured
ptp4l[588.456]: selected best master clock 960137.fffe.8d4a2e
ptp4l[588.457]: foreign master not using PTP timescale
ptp4l[588.899]: selected best master clock 960137.fffe.8d4a2e
ptp4l[588.900]: foreign master not using PTP timescale
ptp4l[588.900]: port 2: master state recommended in slave only mode
ptp4l[588.901]: port 2: defaultDS.priority1 probably misconfigured
ptp4l[589.416]: selected best master clock 960137.fffe.8d4a2e
ptp4l[589.416]: foreign master not using PTP timescale
ptp4l[589.899]: selected best master clock 960137.fffe.8d4a2e
ptp4l[589.900]: foreign master not using PTP timescale
ptp4l[589.901]: port 2: master state recommended in slave only mode
ptp4l[589.901]: port 2: defaultDS.priority1 probably misconfigured
ptp4l[590.360]: selected best master clock 960137.fffe.8d4a2e
ptp4l[590.360]: foreign master not using PTP timescale
ptp4l[590.649]: selected best master clock 960137.fffe.8d4a2e
ptp4l[590.650]: foreign master not using PTP timescale
ptp4l[590.651]: port 2: master state recommended in slave only mode
ptp4l[590.651]: port 2: defaultDS.priority1 probably misconfigured
ptp4l[590.868]: rms 94843 max 198082 freq  +1773 +/- 54726 delay 87349 +/- 23460
ptp4l[591.316]: selected best master clock 960137.fffe.8d4a2e
ptp4l[591.316]: foreign master not using PTP timescale
