ptp4l[1257.220]: port 1: INITIALIZING to LISTENING on INIT_COMPLETE
ptp4l[1257.252]: port 2: INITIALIZING to LISTENING on INIT_COMPLETE
ptp4l[1257.253]: port 0: INITIALIZING to LISTENING on INIT_COMPLETE
ptp4l[1258.053]: port 1: new foreign master aeabab.fffe.c84e3f-1
ptp4l[1258.116]: selected local clock b6311b.fffe.c87db0 as best master
ptp4l[1258.164]: selected local clock b6311b.fffe.c87db0 as best master
ptp4l[1258.339]: port 2: new foreign master 1ee9ac.fffe.de7b9f-1
ptp4l[1258.553]: selected best master clock aeabab.fffe.c84e3f
ptp4l[1258.555]: foreign master not using PTP timescale
ptp4l[1258.556]: port 1: LISTENING to UNCALIBRATED on RS_SLAVE
ptp4l[1258.840]: selected best master clock aeabab.fffe.c84e3f
ptp4l[1258.840]: foreign master not using PTP timescale
ptp4l[1258.841]: port 2: master state recommended in slave only mode
ptp4l[1258.842]: port 2: defaultDS.priority1 probably misconfigured
ptp4l[1258.900]: selected best master clock aeabab.fffe.c84e3f
ptp4l[1258.901]: foreign master not using PTP timescale
ptp4l[1259.340]: selected best master clock aeabab.fffe.c84e3f
ptp4l[1259.343]: foreign master not using PTP timescale
ptp4l[1259.345]: port 2: master state recommended in slave only mode
ptp4l[1259.347]: port 2: defaultDS.priority1 probably misconfigured
ptp4l[1259.712]: selected best master clock aeabab.fffe.c84e3f
ptp4l[1259.713]: foreign master not using PTP timescale
ptp4l[1260.090]: selected best master clock aeabab.fffe.c84e3f
ptp4l[1260.091]: foreign master not using PTP timescale
ptp4l[1260.092]: port 2: master state recommended in slave only mode
ptp4l[1260.093]: port 2: defaultDS.priority1 probably misconfigured
ptp4l[1260.512]: selected best master clock aeabab.fffe.c84e3f
ptp4l[1260.513]: foreign master not using PTP timescale
ptp4l[1260.840]: selected best master clock aeabab.fffe.c84e3f
ptp4l[1260.841]: foreign master not using PTP timescale
ptp4l[1260.843]: port 2: master state recommended in slave only mode
ptp4l[1260.844]: port 2: defaultDS.priority1 probably misconfigured
ptp4l[1261.288]: selected best master clock aeabab.fffe.c84e3f
ptp4l[1261.291]: foreign master not using PTP timescale
ptp4l[1261.591]: selected best master clock aeabab.fffe.c84e3f
ptp4l[1261.592]: foreign master not using PTP timescale
ptp4l[1261.593]: port 2: master state recommended in slave only mode
ptp4l[1261.594]: port 2: defaultDS.priority1 probably misconfigured
ptp4l[1262.112]: selected best master clock aeabab.fffe.c84e3f
ptp4l[1262.115]: foreign master not using PTP timescale
ptp4l[1262.591]: selected best master clock aeabab.fffe.c84e3f
ptp4l[1262.594]: foreign master not using PTP timescale
ptp4l[1262.597]: port 2: master state recommended in slave only mode
ptp4l[1262.599]: port 2: defaultDS.priority1 probably misconfigured
ptp4l[1263.004]: selected best master clock aeabab.fffe.c84e3f
ptp4l[1263.005]: foreign master not using PTP timescale
ptp4l[1263.341]: selected best master clock aeabab.fffe.c84e3f
ptp4l[1263.342]: foreign master not using PTP timescale
ptp4l[1263.343]: port 2: master state recommended in slave only mode
ptp4l[1263.343]: port 2: defaultDS.priority1 probably misconfigured
ptp4l[1263.908]: selected best master clock aeabab.fffe.c84e3f
ptp4l[1263.908]: foreign master not using PTP timescale
ptp4l[1264.342]: selected best master clock aeabab.fffe.c84e3f
ptp4l[1264.343]: foreign master not using PTP timescale
ptp4l[1264.344]: port 2: master state recommended in slave only mode
ptp4l[1264.345]: port 2: defaultDS.priority1 probably misconfigured
ptp4l[1264.788]: selected best master clock aeabab.fffe.c84e3f
ptp4l[1264.788]: foreign master not using PTP timescale
ptp4l[1265.093]: selected best master clock aeabab.fffe.c84e3f
ptp4l[1265.094]: foreign master not using PTP timescale
ptp4l[1265.095]: port 2: master state recommended in slave only mode
ptp4l[1265.096]: port 2: defaultDS.priority1 probably misconfigured
ptp4l[1265.764]: selected best master clock aeabab.fffe.c84e3f
ptp4l[1265.765]: foreign master not using PTP timescale
ptp4l[1266.093]: selected best master clock aeabab.fffe.c84e3f
ptp4l[1266.094]: foreign master not using PTP timescale
ptp4l[1266.095]: port 2: master state recommended in slave only mode
ptp4l[1266.096]: port 2: defaultDS.priority1 probably misconfigured
ptp4l[1266.556]: selected best master clock aeabab.fffe.c84e3f
ptp4l[1266.557]: foreign master not using PTP timescale
ptp4l[1266.843]: selected best master clock aeabab.fffe.c84e3f
ptp4l[1266.844]: foreign master not using PTP timescale
ptp4l[1266.845]: port 2: master state recommended in slave only mode
ptp4l[1266.845]: port 2: defaultDS.priority1 probably misconfigured
ptp4l[1267.416]: selected best master clock aeabab.fffe.c84e3f
ptp4l[1267.417]: foreign master not using PTP timescale
ptp4l[1267.844]: selected best master clock aeabab.fffe.c84e3f
ptp4l[1267.845]: foreign master not using PTP timescale
ptp4l[1267.846]: port 2: master state recommended in slave only mode
ptp4l[1267.847]: port 2: defaultDS.priority1 probably misconfigured
ptp4l[1268.416]: selected best master clock aeabab.fffe.c84e3f
ptp4l[1268.418]: foreign master not using PTP timescale
ptp4l[1268.845]: selected best master clock aeabab.fffe.c84e3f
ptp4l[1268.848]: foreign master not using PTP timescale
ptp4l[1268.851]: port 2: master state recommended in slave only mode
ptp4l[1268.854]: port 2: defaultDS.priority1 probably misconfigured
ptp4l[1269.244]: selected best master clock aeabab.fffe.c84e3f
ptp4l[1269.246]: foreign master not using PTP timescale
ptp4l[1269.595]: selected best master clock aeabab.fffe.c84e3f
ptp4l[1269.596]: foreign master not using PTP timescale
ptp4l[1269.597]: port 2: master state recommended in slave only mode
ptp4l[1269.598]: port 2: defaultDS.priority1 probably misconfigured
ptp4l[1270.232]: selected best master clock aeabab.fffe.c84e3f
ptp4l[1270.235]: foreign master not using PTP timescale
ptp4l[1270.596]: selected best master clock aeabab.fffe.c84e3f
ptp4l[1270.597]: foreign master not using PTP timescale
ptp4l[1270.598]: port 2: master state recommended in slave only mode
ptp4l[1270.598]: port 2: defaultDS.priority1 probably misconfigured
ptp4l[1271.132]: selected best master clock aeabab.fffe.c84e3f
ptp4l[1271.132]: foreign master not using PTP timescale
ptp4l[1271.597]: selected best master clock aeabab.fffe.c84e3f
ptp4l[1271.598]: foreign master not using PTP timescale
ptp4l[1271.599]: port 2: master state recommended in slave only mode
ptp4l[1271.600]: port 2: defaultDS.priority1 probably misconfigured
ptp4l[1271.920]: selected best master clock aeabab.fffe.c84e3f
ptp4l[1271.921]: foreign master not using PTP timescale
ptp4l[1272.347]: selected best master clock aeabab.fffe.c84e3f
ptp4l[1272.348]: foreign master not using PTP timescale
ptp4l[1272.349]: port 2: master state recommended in slave only mode
ptp4l[1272.349]: port 2: defaultDS.priority1 probably misconfigured
ptp4l[1272.872]: selected best master clock aeabab.fffe.c84e3f
ptp4l[1272.873]: foreign master not using PTP timescale
ptp4l[1273.347]: selected best master clock aeabab.fffe.c84e3f
ptp4l[1273.348]: foreign master not using PTP timescale
ptp4l[1273.349]: port 2: master state recommended in slave only mode
ptp4l[1273.349]: port 2: defaultDS.priority1 probably misconfigured
ptp4l[1273.680]: selected best master clock aeabab.fffe.c84e3f
ptp4l[1273.681]: foreign master not using PTP timescale
ptp4l[1274.098]: selected best master clock aeabab.fffe.c84e3f
ptp4l[1274.101]: foreign master not using PTP timescale
ptp4l[1274.103]: port 2: master state recommended in slave only mode
ptp4l[1274.107]: port 2: defaultDS.priority1 probably misconfigured
ptp4l[1274.600]: selected best master clock aeabab.fffe.c84e3f
ptp4l[1274.601]: foreign master not using PTP timescale
ptp4l[1274.693]: rms 44904 max 124526 freq  +8176 +/- 22784 delay 18869 +/- 4972
ptp4l[1275.098]: selected best master clock aeabab.fffe.c84e3f
ptp4l[1275.099]: foreign master not using PTP timescale
ptp4l[1275.100]: port 2: master state recommended in slave only mode
ptp4l[1275.101]: port 2: defaultDS.priority1 probably misconfigured
ptp4l[1275.396]: selected best master clock aeabab.fffe.c84e3f
ptp4l[1275.397]: foreign master not using PTP timescale
ptp4l[1275.849]: selected best master clock aeabab.fffe.c84e3f
ptp4l[1275.850]: foreign master not using PTP timescale
ptp4l[1275.850]: port 2: master state recommended in slave only mode
ptp4l[1275.851]: port 2: defaultDS.priority1 probably misconfigured
ptp4l[1276.380]: selected best master clock aeabab.fffe.c84e3f
ptp4l[1276.381]: foreign master not using PTP timescale
ptp4l[1276.850]: selected best master clock aeabab.fffe.c84e3f
ptp4l[1276.852]: foreign master not using PTP timescale
ptp4l[1276.854]: port 2: master state recommended in slave only mode
ptp4l[1276.857]: port 2: defaultDS.priority1 probably misconfigured
ptp4l[1277.360]: selected best master clock aeabab.fffe.c84e3f
ptp4l[1277.363]: foreign master not using PTP timescale
ptp4l[1277.851]: selected best master clock aeabab.fffe.c84e3f
ptp4l[1277.853]: foreign master not using PTP timescale
ptp4l[1277.857]: port 2: master state recommended in slave only mode
ptp4l[1277.859]: port 2: defaultDS.priority1 probably misconfigured
ptp4l[1278.204]: selected best master clock aeabab.fffe.c84e3f
ptp4l[1278.207]: foreign master not using PTP timescale
ptp4l[1278.601]: selected best master clock aeabab.fffe.c84e3f
ptp4l[1278.604]: foreign master not using PTP timescale
ptp4l[1278.607]: port 2: master state recommended in slave only mode
ptp4l[1278.609]: port 2: defaultDS.priority1 probably misconfigured
ptp4l[1279.184]: selected best master clock aeabab.fffe.c84e3f
ptp4l[1279.186]: foreign master not using PTP timescale
ptp4l[1279.602]: selected best master clock aeabab.fffe.c84e3f
ptp4l[1279.605]: foreign master not using PTP timescale
ptp4l[1279.607]: port 2: master state recommended in slave only mode
ptp4l[1279.610]: port 2: defaultDS.priority1 probably misconfigured
ptp4l[1279.988]: selected best master clock aeabab.fffe.c84e3f
ptp4l[1279.989]: foreign master not using PTP timescale
ptp4l[1280.352]: selected best master clock aeabab.fffe.c84e3f
ptp4l[1280.353]: foreign master not using PTP timescale
ptp4l[1280.354]: port 2: master state recommended in slave only mode
ptp4l[1280.355]: port 2: defaultDS.priority1 probably misconfigured
ptp4l[1280.896]: selected best master clock aeabab.fffe.c84e3f
ptp4l[1280.897]: foreign master not using PTP timescale
ptp4l[1281.353]: selected best master clock aeabab.fffe.c84e3f
ptp4l[1281.353]: foreign master not using PTP timescale
ptp4l[1281.354]: port 2: master state recommended in slave only mode
ptp4l[1281.355]: port 2: defaultDS.priority1 probably misconfigured
ptp4l[1281.812]: selected best master clock aeabab.fffe.c84e3f
ptp4l[1281.813]: foreign master not using PTP timescale
ptp4l[1282.103]: selected best master clock aeabab.fffe.c84e3f
ptp4l[1282.104]: foreign master not using PTP timescale
ptp4l[1282.105]: port 2: master state recommended in slave only mode
ptp4l[1282.105]: port 2: defaultDS.priority1 probably misconfigured
ptp4l[1282.620]: selected best master clock aeabab.fffe.c84e3f
ptp4l[1282.621]: foreign master not using PTP timescale
ptp4l[1283.103]: selected best master clock aeabab.fffe.c84e3f
ptp4l[1283.104]: foreign master not using PTP timescale
ptp4l[1283.105]: port 2: master state recommended in slave only mode
ptp4l[1283.106]: port 2: defaultDS.priority1 probably misconfigured
ptp4l[1283.408]: selected best master clock aeabab.fffe.c84e3f
ptp4l[1283.410]: foreign master not using PTP timescale
ptp4l[1283.854]: selected best master clock aeabab.fffe.c84e3f
ptp4l[1283.856]: foreign master not using PTP timescale
ptp4l[1283.859]: port 2: master state recommended in slave only mode
ptp4l[1283.861]: port 2: defaultDS.priority1 probably misconfigured
ptp4l[1284.204]: selected best master clock aeabab.fffe.c84e3f
ptp4l[1284.205]: foreign master not using PTP timescale
ptp4l[1284.604]: selected best master clock aeabab.fffe.c84e3f
ptp4l[1284.606]: foreign master not using PTP timescale
ptp4l[1284.607]: port 2: master state recommended in slave only mode
ptp4l[1284.608]: port 2: defaultDS.priority1 probably misconfigured
ptp4l[1285.112]: selected best master clock aeabab.fffe.c84e3f
ptp4l[1285.114]: foreign master not using PTP timescale
ptp4l[1285.605]: selected best master clock aeabab.fffe.c84e3f
ptp4l[1285.608]: foreign master not using PTP timescale
ptp4l[1285.611]: port 2: master state recommended in slave only mode
ptp4l[1285.613]: port 2: defaultDS.priority1 probably misconfigured
ptp4l[1286.092]: selected best master clock aeabab.fffe.c84e3f
ptp4l[1286.094]: foreign master not using PTP timescale
ptp4l[1286.356]: selected best master clock aeabab.fffe.c84e3f
ptp4l[1286.357]: foreign master not using PTP timescale
ptp4l[1286.357]: port 2: master state recommended in slave only mode
ptp4l[1286.358]: port 2: defaultDS.priority1 probably misconfigured
ptp4l[1286.960]: selected best master clock aeabab.fffe.c84e3f
ptp4l[1286.961]: foreign master not using PTP timescale
ptp4l[1287.356]: selected best master clock aeabab.fffe.c84e3f
ptp4l[1287.357]: foreign master not using PTP timescale
ptp4l[1287.358]: port 2: master state recommended in slave only mode
ptp4l[1287.359]: port 2: defaultDS.priority1 probably misconfigured
ptp4l[1287.740]: selected best master clock aeabab.fffe.c84e3f
ptp4l[1287.741]: foreign master not using PTP timescale
ptp4l[1288.106]: selected best master clock aeabab.fffe.c84e3f
ptp4l[1288.107]: foreign master not using PTP timescale
ptp4l[1288.108]: port 2: master state recommended in slave only mode
ptp4l[1288.109]: port 2: defaultDS.priority1 probably misconfigured
ptp4l[1288.536]: selected best master clock aeabab.fffe.c84e3f
ptp4l[1288.537]: foreign master not using PTP timescale
ptp4l[1288.857]: selected best master clock aeabab.fffe.c84e3f
ptp4l[1288.858]: foreign master not using PTP timescale
ptp4l[1288.860]: port 2: master state recommended in slave only mode
ptp4l[1288.861]: port 2: defaultDS.priority1 probably misconfigured
ptp4l[1289.420]: selected best master clock aeabab.fffe.c84e3f
ptp4l[1289.421]: foreign master not using PTP timescale
ptp4l[1289.857]: selected best master clock aeabab.fffe.c84e3f
ptp4l[1289.858]: foreign master not using PTP timescale
ptp4l[1289.859]: port 2: master state recommended in slave only mode
ptp4l[1289.860]: port 2: defaultDS.priority1 probably misconfigured
ptp4l[1290.384]: selected best master clock aeabab.fffe.c84e3f
ptp4l[1290.385]: foreign master not using PTP timescale
ptp4l[1290.713]: rms 84767 max 164227 freq  +1513 +/- 30949 delay 100544 +/- 19319
ptp4l[1290.858]: selected best master clock aeabab.fffe.c84e3f
ptp4l[1290.861]: foreign master not using PTP timescale
ptp4l[1290.863]: port 2: master state recommended in slave only mode
ptp4l[1290.866]: port 2: defaultDS.priority1 probably misconfigured
ptp4l[1291.164]: selected best master clock aeabab.fffe.c84e3f
ptp4l[1291.165]: foreign master not using PTP timescale
ptp4l[1291.608]: selected best master clock aeabab.fffe.c84e3f
ptp4l[1291.610]: foreign master not using PTP timescale
ptp4l[1291.612]: port 2: master state recommended in slave only mode
ptp4l[1291.614]: port 2: defaultDS.priority1 probably misconfigured
ptp4l[1292.040]: selected best master clock aeabab.fffe.c84e3f
ptp4l[1292.042]: foreign master not using PTP timescale
ptp4l[1292.359]: selected best master clock aeabab.fffe.c84e3f
ptp4l[1292.361]: foreign master not using PTP timescale
ptp4l[1292.363]: port 2: master state recommended in slave only mode
ptp4l[1292.365]: port 2: defaultDS.priority1 probably misconfigured
ptp4l[1292.948]: selected best master clock aeabab.fffe.c84e3f
ptp4l[1292.948]: foreign master not using PTP timescale
ptp4l[1293.359]: selected best master clock aeabab.fffe.c84e3f
ptp4l[1293.360]: foreign master not using PTP timescale
ptp4l[1293.361]: port 2: master state recommended in slave only mode
ptp4l[1293.361]: port 2: defaultDS.priority1 probably misconfigured
ptp4l[1293.856]: selected best master clock aeabab.fffe.c84e3f
ptp4l[1293.859]: foreign master not using PTP timescale
ptp4l[1294.110]: selected best master clock aeabab.fffe.c84e3f
ptp4l[1294.114]: foreign master not using PTP timescale
ptp4l[1294.116]: port 2: master state recommended in slave only mode
ptp4l[1294.119]: port 2: defaultDS.priority1 probably misconfigured
ptp4l[1294.716]: selected best master clock aeabab.fffe.c84e3f
ptp4l[1294.716]: foreign master not using PTP timescale
ptp4l[1295.110]: selected best master clock aeabab.fffe.c84e3f
ptp4l[1295.111]: foreign master not using PTP timescale
ptp4l[1295.112]: port 2: master state recommended in slave only mode
ptp4l[1295.113]: port 2: defaultDS.priority1 probably misconfigured
ptp4l[1295.540]: selected best master clock aeabab.fffe.c84e3f
ptp4l[1295.541]: foreign master not using PTP timescale
ptp4l[1295.860]: selected best master clock aeabab.fffe.c84e3f
ptp4l[1295.861]: foreign master not using PTP timescale
ptp4l[1295.862]: port 2: master state recommended in slave only mode
ptp4l[1295.863]: port 2: defaultDS.priority1 probably misconfigured
ptp4l[1296.392]: selected best master clock aeabab.fffe.c84e3f
ptp4l[1296.392]: foreign master not using PTP timescale
ptp4l[1296.861]: selected best master clock aeabab.fffe.c84e3f
ptp4l[1296.862]: foreign master not using PTP timescale
ptp4l[1296.863]: port 2: master state recommended in slave only mode
ptp4l[1296.864]: port 2: defaultDS.priority1 probably misconfigured
ptp4l[1297.168]: selected best master clock aeabab.fffe.c84e3f
ptp4l[1297.169]: foreign master not using PTP timescale
ptp4l[1297.611]: selected best master clock aeabab.fffe.c84e3f
ptp4l[1297.612]: foreign master not using PTP timescale
ptp4l[1297.613]: port 2: master state recommended in slave only mode
ptp4l[1297.615]: port 2: defaultDS.priority1 probably misconfigured
ptp4l[1297.956]: selected best master clock aeabab.fffe.c84e3f
ptp4l[1297.956]: foreign master not using PTP timescale
ptp4l[1298.361]: selected best master clock aeabab.fffe.c84e3f
ptp4l[1298.363]: foreign master not using PTP timescale
ptp4l[1298.364]: port 2: master state recommended in slave only mode
ptp4l[1298.364]: port 2: defaultDS.priority1 probably misconfigured
ptp4l[1298.948]: selected best master clock aeabab.fffe.c84e3f
ptp4l[1298.949]: foreign master not using PTP timescale
ptp4l[1299.361]: selected best master clock aeabab.fffe.c84e3f
ptp4l[1299.362]: foreign master not using PTP timescale
ptp4l[1299.363]: port 2: master state recommended in slave only mode
ptp4l[1299.365]: port 2: defaultDS.priority1 probably misconfigured
ptp4l[1299.848]: selected best master clock aeabab.fffe.c84e3f
ptp4l[1299.849]: foreign master not using PTP timescale
ptp4l[1300.112]: selected best master clock aeabab.fffe.c84e3f
ptp4l[1300.113]: foreign master not using PTP timescale
ptp4l[1300.114]: port 2: master state recommended in slave only mode
ptp4l[1300.114]: port 2: defaultDS.priority1 probably misconfigured
ptp4l[1300.588]: selected best master clock aeabab.fffe.c84e3f
ptp4l[1300.589]: foreign master not using PTP timescale
ptp4l[1300.862]: selected best master clock aeabab.fffe.c84e3f
ptp4l[1300.863]: foreign master not using PTP timescale
ptp4l[1300.864]: port 2: master state recommended in slave only mode
ptp4l[1300.865]: port 2: defaultDS.priority1 probably misconfigured
ptp4l[1301.376]: selected best master clock aeabab.fffe.c84e3f
ptp4l[1301.376]: foreign master not using PTP timescale
ptp4l[1301.862]: selected best master clock aeabab.fffe.c84e3f
ptp4l[1301.863]: foreign master not using PTP timescale
ptp4l[1301.864]: port 2: master state recommended in slave only mode
ptp4l[1301.865]: port 2: defaultDS.priority1 probably misconfigured
ptp4l[1302.264]: selected best master clock aeabab.fffe.c84e3f
ptp4l[1302.265]: foreign master not using PTP timescale
ptp4l[1302.613]: selected best master clock aeabab.fffe.c84e3f
ptp4l[1302.614]: foreign master not using PTP timescale
ptp4l[1302.614]: port 2: master state recommended in slave only mode
ptp4l[1302.615]: port 2: defaultDS.priority1 probably misconfigured
ptp4l[1303.116]: selected best master clock aeabab.fffe.c84e3f
ptp4l[1303.116]: foreign master not using PTP timescale
ptp4l[1303.613]: selected best master clock aeabab.fffe.c84e3f
ptp4l[1303.614]: foreign master not using PTP timescale
ptp4l[1303.615]: port 2: master state recommended in slave only mode
ptp4l[1303.616]: port 2: defaultDS.priority1 probably misconfigured
ptp4l[1303.920]: selected best master clock aeabab.fffe.c84e3f
ptp4l[1303.921]: foreign master not using PTP timescale
ptp4l[1304.363]: selected best master clock aeabab.fffe.c84e3f
ptp4l[1304.364]: foreign master not using PTP timescale
ptp4l[1304.365]: port 2: master state recommended in slave only mode
ptp4l[1304.366]: port 2: defaultDS.priority1 probably misconfigured
ptp4l[1304.872]: selected best master clock aeabab.fffe.c84e3f
ptp4l[1304.873]: foreign master not using PTP timescale
