ptp4l[1653.396]: port 1: INITIALIZING to LISTENING on INIT_COMPLETE
ptp4l[1653.424]: port 2: INITIALIZING to LISTENING on INIT_COMPLETE
ptp4l[1653.425]: port 0: INITIALIZING to LISTENING on INIT_COMPLETE
ptp4l[1654.155]: port 2: new foreign master 462770.fffe.a8c9e9-1
ptp4l[1654.244]: selected local clock 126a11.fffe.71f279 as best master
ptp4l[1654.300]: selected local clock 126a11.fffe.71f279 as best master
ptp4l[1654.301]: port 1: new foreign master b60335.fffe.c2c78d-1
ptp4l[1654.655]: selected best master clock 462770.fffe.a8c9e9
ptp4l[1654.656]: foreign master not using PTP timescale
ptp4l[1654.657]: port 2: LISTENING to UNCALIBRATED on RS_SLAVE
ptp4l[1654.754]: selected best master clock b60335.fffe.c2c78d
ptp4l[1654.754]: foreign master not using PTP timescale
ptp4l[1654.755]: port 1: LISTENING to UNCALIBRATED on RS_SLAVE
ptp4l[1654.756]: port 2: master state recommended in slave only mode
ptp4l[1654.756]: port 2: defaultDS.priority1 probably misconfigured
ptp4l[1654.757]: port 2: UNCALIBRATED to LISTENING on RS_MASTER
ptp4l[1655.732]: selected best master clock b60335.fffe.c2c78d
ptp4l[1655.733]: foreign master not using PTP timescale
ptp4l[1656.155]: selected best master clock b60335.fffe.c2c78d
ptp4l[1656.156]: foreign master not using PTP timescale
ptp4l[1656.157]: port 2: master state recommended in slave only mode
ptp4l[1656.158]: port 2: defaultDS.priority1 probably misconfigured
ptp4l[1656.716]: selected best master clock b60335.fffe.c2c78d
ptp4l[1656.717]: foreign master not using PTP timescale
ptp4l[1657.156]: selected best master clock b60335.fffe.c2c78d
ptp4l[1657.157]: foreign master not using PTP timescale
ptp4l[1657.158]: port 2: master state recommended in slave only mode
ptp4l[1657.159]: port 2: defaultDS.priority1 probably misconfigured
ptp4l[1657.588]: selected best master clock b60335.fffe.c2c78d
ptp4l[1657.591]: foreign master not using PTP timescale
ptp4l[1657.907]: selected best master clock b60335.fffe.c2c78d
ptp4l[1657.908]: foreign master not using PTP timescale
ptp4l[1657.909]: port 2: master state recommended in slave only mode
ptp4l[1657.910]: port 2: defaultDS.priority1 probably misconfigured
ptp4l[1658.348]: selected best master clock b60335.fffe.c2c78d
ptp4l[1658.348]: foreign master not using PTP timescale
ptp4l[1658.657]: selected best master clock b60335.fffe.c2c78d
ptp4l[1658.660]: foreign master not using PTP timescale
ptp4l[1658.663]: port 2: master state recommended in slave only mode
ptp4l[1658.666]: port 2: defaultDS.priority1 probably misconfigured
ptp4l[1659.300]: selected best master clock b60335.fffe.c2c78d
ptp4l[1659.301]: foreign master not using PTP timescale
ptp4l[1659.658]: selected best master clock b60335.fffe.c2c78d
ptp4l[1659.659]: foreign master not using PTP timescale
ptp4l[1659.660]: port 2: master state recommended in slave only mode
ptp4l[1659.661]: port 2: defaultDS.priority1 probably misconfigured
ptp4l[1660.188]: selected best master clock b60335.fffe.c2c78d
ptp4l[1660.189]: foreign master not using PTP timescale
ptp4l[1660.658]: selected best master clock b60335.fffe.c2c78d
ptp4l[1660.659]: foreign master not using PTP timescale
ptp4l[1660.660]: port 2: master state recommended in slave only mode
ptp4l[1660.661]: port 2: defaultDS.priority1 probably misconfigured
ptp4l[1661.124]: selected best master clock b60335.fffe.c2c78d
ptp4l[1661.125]: foreign master not using PTP timescale
ptp4l[1661.409]: selected best master clock b60335.fffe.c2c78d
ptp4l[1661.410]: foreign master not using PTP timescale
ptp4l[1661.411]: port 2: master state recommended in slave only mode
ptp4l[1661.412]: port 2: defaultDS.priority1 probably misconfigured
ptp4l[1661.916]: selected best master clock b60335.fffe.c2c78d
ptp4l[1661.917]: foreign master not using PTP timescale
ptp4l[1662.409]: selected best master clock b60335.fffe.c2c78d
ptp4l[1662.410]: foreign master not using PTP timescale
ptp4l[1662.411]: port 2: master state recommended in slave only mode
ptp4l[1662.412]: port 2: defaultDS.priority1 probably misconfigured
ptp4l[1662.804]: selected best master clock b60335.fffe.c2c78d
ptp4l[1662.805]: foreign master not using PTP timescale
ptp4l[1663.159]: selected best master clock b60335.fffe.c2c78d
ptp4l[1663.161]: foreign master not using PTP timescale
ptp4l[1663.162]: port 2: master state recommended in slave only mode
ptp4l[1663.163]: port 2: defaultDS.priority1 probably misconfigured
ptp4l[1663.744]: selected best master clock b60335.fffe.c2c78d
ptp4l[1663.745]: foreign master not using PTP timescale
ptp4l[1664.160]: selected best master clock b60335.fffe.c2c78d
ptp4l[1664.161]: foreign master not using PTP timescale
ptp4l[1664.162]: port 2: master state recommended in slave only mode
ptp4l[1664.163]: port 2: defaultDS.priority1 probably misconfigured
ptp4l[1664.608]: selected best master clock b60335.fffe.c2c78d
ptp4l[1664.610]: foreign master not using PTP timescale
ptp4l[1664.911]: selected best master clock b60335.fffe.c2c78d
ptp4l[1664.914]: foreign master not using PTP timescale
ptp4l[1664.916]: port 2: master state recommended in slave only mode
ptp4l[1664.918]: port 2: defaultDS.priority1 probably misconfigured
ptp4l[1665.492]: selected best master clock b60335.fffe.c2c78d
ptp4l[1665.492]: foreign master not using PTP timescale
ptp4l[1665.912]: selected best master clock b60335.fffe.c2c78d
ptp4l[1665.915]: foreign master not using PTP timescale
ptp4l[1665.917]: port 2: master state recommended in slave only mode
ptp4l[1665.919]: port 2: defaultDS.priority1 probably misconfigured
ptp4l[1666.268]: selected best master clock b60335.fffe.c2c78d
ptp4l[1666.269]: foreign master not using PTP timescale
ptp4l[1666.662]: selected best master clock b60335.fffe.c2c78d
ptp4l[1666.663]: foreign master not using PTP timescale
ptp4l[1666.663]: port 2: master state recommended in slave only mode
ptp4l[1666.664]: port 2: defaultDS.priority1 probably misconfigured
ptp4l[1667.204]: selected best master clock b60335.fffe.c2c78d
ptp4l[1667.205]: foreign master not using PTP timescale
ptp4l[1667.662]: selected best master clock b60335.fffe.c2c78d
ptp4l[1667.663]: foreign master not using PTP timescale
ptp4l[1667.665]: port 2: master state recommended in slave only mode
ptp4l[1667.666]: port 2: defaultDS.priority1 probably misconfigured
ptp4l[1668.132]: selected best master clock b60335.fffe.c2c78d
ptp4l[1668.135]: foreign master not using PTP timescale
ptp4l[1668.413]: selected best master clock b60335.fffe.c2c78d
ptp4l[1668.415]: foreign master not using PTP timescale
ptp4l[1668.418]: port 2: master state recommended in slave only mode
ptp4l[1668.420]: port 2: defaultDS.priority1 probably misconfigured
ptp4l[1669.092]: selected best master clock b60335.fffe.c2c78d
ptp4l[1669.095]: foreign master not using PTP timescale
ptp4l[1669.414]: selected best master clock b60335.fffe.c2c78d
ptp4l[1669.416]: foreign master not using PTP timescale
ptp4l[1669.419]: port 2: master state recommended in slave only mode
ptp4l[1669.422]: port 2: defaultDS.priority1 probably misconfigured
ptp4l[1669.940]: selected best master clock b60335.fffe.c2c78d
ptp4l[1669.941]: foreign master not using PTP timescale
ptp4l[1670.415]: selected best master clock b60335.fffe.c2c78d
ptp4l[1670.417]: foreign master not using PTP timescale
ptp4l[1670.420]: port 2: master state recommended in slave only mode
ptp4l[1670.423]: port 2: defaultDS.priority1 probably misconfigured
ptp4l[1670.860]: selected best master clock b60335.fffe.c2c78d
ptp4l[1670.861]: foreign master not using PTP timescale
ptp4l[1671.165]: selected best master clock b60335.fffe.c2c78d
ptp4l[1671.168]: foreign master not using PTP timescale
ptp4l[1671.171]: port 2: master state recommended in slave only mode
ptp4l[1671.174]: port 2: defaultDS.priority1 probably misconfigured
ptp4l[1671.400]: port 1: UNCALIBRATED to LISTENING on ANNOUNCE_RECEIPT_TIMEOUT_EXPIRES
ptp4l[1671.403]: selected best master clock 462770.fffe.a8c9e9
ptp4l[1671.407]: foreign master not using PTP timescale
ptp4l[1671.410]: port 2: LISTENING to UNCALIBRATED on RS_SLAVE
ptp4l[1672.328]: selected best master clock 462770.fffe.a8c9e9
ptp4l[1672.329]: foreign master not using PTP timescale
ptp4l[1673.232]: selected best master clock 462770.fffe.a8c9e9
ptp4l[1673.235]: foreign master not using PTP timescale
ptp4l[1673.428]: rms 7001 max 13100 freq   -706 +/- 6448 delay 20544 +/- 6594
ptp4l[1674.008]: selected best master clock 462770.fffe.a8c9e9
ptp4l[1674.008]: foreign master not using PTP timescale
ptp4l[1674.864]: selected best master clock 462770.fffe.a8c9e9
ptp4l[1674.865]: foreign master not using PTP timescale
ptp4l[1675.784]: selected best master clock 462770.fffe.a8c9e9
ptp4l[1675.785]: foreign master not using PTP timescale
ptp4l[1676.548]: selected best master clock 462770.fffe.a8c9e9
ptp4l[1676.548]: foreign master not using PTP timescale
ptp4l[1677.348]: selected best master clock 462770.fffe.a8c9e9
ptp4l[1677.348]: foreign master not using PTP timescale
ptp4l[1678.180]: selected best master clock 462770.fffe.a8c9e9
ptp4l[1678.181]: foreign master not using PTP timescale
ptp4l[1678.956]: selected best master clock 462770.fffe.a8c9e9
ptp4l[1678.960]: foreign master not using PTP timescale
ptp4l[1679.764]: selected best master clock 462770.fffe.a8c9e9
ptp4l[1679.767]: foreign master not using PTP timescale
ptp4l[1680.604]: selected best master clock 462770.fffe.a8c9e9
ptp4l[1680.607]: foreign master not using PTP timescale
ptp4l[1681.380]: selected best master clock 462770.fffe.a8c9e9
ptp4l[1681.381]: foreign master not using PTP timescale
ptp4l[1682.180]: selected best master clock 462770.fffe.a8c9e9
ptp4l[1682.181]: foreign master not using PTP timescale
ptp4l[1683.028]: selected best master clock 462770.fffe.a8c9e9
ptp4l[1683.030]: foreign master not using PTP timescale
ptp4l[1683.984]: selected best master clock 462770.fffe.a8c9e9
ptp4l[1683.987]: foreign master not using PTP timescale
ptp4l[1684.944]: selected best master clock 462770.fffe.a8c9e9
ptp4l[1684.948]: foreign master not using PTP timescale
ptp4l[1685.936]: selected best master clock 462770.fffe.a8c9e9
ptp4l[1685.939]: foreign master not using PTP timescale
ptp4l[1686.748]: selected best master clock 462770.fffe.a8c9e9
ptp4l[1686.751]: foreign master not using PTP timescale
ptp4l[1687.688]: selected best master clock 462770.fffe.a8c9e9
ptp4l[1687.691]: foreign master not using PTP timescale
ptp4l[1688.660]: selected best master clock 462770.fffe.a8c9e9
ptp4l[1688.664]: foreign master not using PTP timescale
ptp4l[1689.412]: selected best master clock 462770.fffe.a8c9e9
ptp4l[1689.412]: foreign master not using PTP timescale
ptp4l[1689.450]: rms 47377 max 123602 freq  +1899 +/- 34105 delay 23793 +/- 7622
ptp4l[1690.324]: selected best master clock 462770.fffe.a8c9e9
ptp4l[1690.325]: foreign master not using PTP timescale
ptp4l[1691.168]: selected best master clock 462770.fffe.a8c9e9
ptp4l[1691.169]: foreign master not using PTP timescale
ptp4l[1691.924]: selected best master clock 462770.fffe.a8c9e9
ptp4l[1691.927]: foreign master not using PTP timescale
ptp4l[1692.872]: selected best master clock 462770.fffe.a8c9e9
ptp4l[1692.875]: foreign master not using PTP timescale
ptp4l[1693.884]: selected best master clock 462770.fffe.a8c9e9
ptp4l[1693.887]: foreign master not using PTP timescale
ptp4l[1694.800]: selected best master clock 462770.fffe.a8c9e9
ptp4l[1694.803]: foreign master not using PTP timescale
ptp4l[1695.656]: selected best master clock 462770.fffe.a8c9e9
ptp4l[1695.659]: foreign master not using PTP timescale
ptp4l[1696.492]: selected best master clock 462770.fffe.a8c9e9
ptp4l[1696.493]: foreign master not using PTP timescale
ptp4l[1697.436]: selected best master clock 462770.fffe.a8c9e9
ptp4l[1697.436]: foreign master not using PTP timescale
ptp4l[1698.332]: selected best master clock 462770.fffe.a8c9e9
ptp4l[1698.333]: foreign master not using PTP timescale
ptp4l[1699.176]: selected best master clock 462770.fffe.a8c9e9
ptp4l[1699.177]: foreign master not using PTP timescale
ptp4l[1700.072]: selected best master clock 462770.fffe.a8c9e9
ptp4l[1700.073]: foreign master not using PTP timescale
ptp4l[1701.056]: selected best master clock 462770.fffe.a8c9e9
ptp4l[1701.057]: foreign master not using PTP timescale
