ptp4l[5383.992]: port 1 (v-ru1): INITIALIZING to LISTENING on INIT_COMPLETE
ptp4l[5383.992]: port 0 (/var/run/p.ru1): INITIALIZING to LISTENING on INIT_COMPLETE
ptp4l[5383.992]: port 0 (/var/run/pr.ru1): INITIALIZING to LISTENING on INIT_COMPLETE
ptp4l[5384.368]: selected local clock 020000.fffe.00000c as best master
ptp4l[5384.505]: port 1 (v-ru1): new foreign master 020000.fffe.000001-2
ptp4l[5384.755]: selected best master clock 020000.fffe.00000a
ptp4l[5384.755]: foreign master not using PTP timescale
ptp4l[5384.755]: port 1 (v-ru1): LISTENING to UNCALIBRATED on RS_SLAVE
ptp4l[5386.819]: master offset       3829 s0 freq   +2252 path delay      4020
ptp4l[5388.821]: master offset       1384 s0 freq    -336 path delay      5792
ptp4l[5390.824]: master offset       -927 s0 freq    -364 path delay      7374
ptp4l[5392.826]: master offset      -1648 s0 freq   -1453 path delay      5186
ptp4l[5394.828]: master offset      -1917 s0 freq    -378 path delay      4699
ptp4l[5396.831]: master offset       3290 s0 freq   +2382 path delay      4261
ptp4l[5398.833]: master offset        -20 s0 freq   -1110 path delay      5349
ptp4l[5400.836]: master offset       2538 s0 freq   +2455 path delay      7707
ptp4l[5402.838]: master offset       3476 s0 freq     +70 path delay      6910
ptp4l[5404.840]: master offset       1294 s0 freq   -1206 path delay      6677
ptp4l[5406.842]: master offset       2932 s0 freq    +256 path delay      5551
ptp4l[5408.844]: master offset      -2655 s0 freq   -2996 path delay      5141
ptp4l[5410.846]: master offset       1605 s0 freq   +2748 path delay      6383
ptp4l[5412.850]: master offset       2177 s0 freq    +131 path delay      6074
ptp4l[5414.852]: master offset       -399 s0 freq   -2008 path delay      4629
ptp4l[5416.407]: selected best master clock 020000.fffe.000001
ptp4l[5416.407]: foreign master not using PTP timescale
ptp4l[5416.532]: selected best master clock 020000.fffe.00000b
ptp4l[5416.532]: foreign master not using PTP timescale
ptp4l[5418.544]: master offset      -5050 s0 freq    +824 path delay     10911
ptp4l[5420.548]: master offset      -3214 s0 freq   -1137 path delay      6796
ptp4l[5422.551]: master offset       4789 s0 freq   +4892 path delay      8594
ptp4l[5424.554]: master offset      -1690 s0 freq   -4502 path delay      6056
ptp4l[5426.556]: master offset      -5035 s0 freq    -439 path delay      8522
ptp4l[5428.559]: master offset      11264 s0 freq   +6431 path delay      5102
ptp4l[5430.562]: master offset       -586 s0 freq   -4711 path delay      7516
