ptp4l[5383.992]: port 1 (v-ru2): INITIALIZING to LISTENING on INIT_COMPLETE
ptp4l[5383.992]: port 0 (/var/run/p.ru2): INITIALIZING to LISTENING on INIT_COMPLETE
ptp4l[5383.992]: port 0 (/var/run/pr.ru2): INITIALIZING to LISTENING on INIT_COMPLETE
ptp4l[5384.383]: selected local clock 020000.fffe.00000d as best master
ptp4l[5384.505]: port 1 (v-ru2): new foreign master 020000.fffe.000001-2
ptp4l[5384.755]: selected best master clock 020000.fffe.00000a
ptp4l[5384.755]: foreign master not using PTP timescale
ptp4l[5384.755]: port 1 (v-ru2): LISTENING to UNCALIBRATED on RS_SLAVE
ptp4l[5386.819]: master offset       3214 s0 freq   +2073 path delay      3757
ptp4l[5388.821]: master offset       -714 s0 freq    -330 path delay      7024
ptp4l[5390.824]: master offset       -908 s0 freq    -217 path delay      6783
ptp4l[5392.826]: master offset      -2124 s0 freq   -1475 path delay      5045
ptp4l[5394.828]: master offset      -2270 s0 freq    -241 path delay      4709
ptp4l[5396.831]: master offset        925 s0 freq   +2128 path delay      5775
ptp4l[5398.833]: master offset       -658 s0 freq   -1004 path delay      5348
ptp4l[5400.836]: master offset       1059 s0 freq   +2045 path delay      7725
ptp4l[5402.838]: master offset       1774 s0 freq    +334 path delay      7679
ptp4l[5404.841]: master offset        585 s0 freq   -1062 path delay      6741
ptp4l[5406.843]: master offset       2615 s0 freq     -18 path delay      4674
ptp4l[5408.844]: master offset      -2087 s0 freq   -2553 path delay      4266
ptp4l[5410.846]: master offset        767 s0 freq   +2209 path delay      5835
ptp4l[5412.850]: master offset       1286 s0 freq    +201 path delay      5718
ptp4l[5414.852]: master offset      -1414 s0 freq   -1660 path delay      5094
ptp4l[5416.407]: selected best master clock 020000.fffe.000001
ptp4l[5416.407]: foreign master not using PTP timescale
ptp4l[5416.532]: selected best master clock 020000.fffe.00000b
ptp4l[5416.532]: foreign master not using PTP timescale
ptp4l[5418.544]: master offset      -5048 s0 freq    +595 path delay     10006
ptp4l[5420.548]: master offset      -2958 s0 freq   -1056 path delay      5800
ptp4l[5422.551]: master offset       2704 s0 freq   +4400 path delay      8953
ptp4l[5424.554]: master offset      -3167 s0 freq   -3924 path delay      6966
ptp4l[5426.556]: master offset      -2904 s0 freq    -423 path delay      5856
ptp4l[5428.559]: master offset       9475 s0 freq   +6029 path delay      5552
ptp4l[5430.562]: master offset      -1613 s0 freq   -4562 path delay      7502
