ptp4l[230.940]: port 1: INITIALIZING to LISTENING on INIT_COMPLETE
ptp4l[230.941]: port 0: INITIALIZING to LISTENING on INIT_COMPLETE
ptp4l[231.764]: port 1: new foreign master 367260.fffe.85974d-1
ptp4l[231.860]: selected local clock c28454.fffe.1eaab1 as best master
ptp4l[231.869]: port 1: new foreign master 46f81a.fffe.4db08d-1
ptp4l[232.264]: selected best master clock 367260.fffe.85974d
ptp4l[232.265]: foreign master not using PTP timescale
ptp4l[232.265]: port 1: LISTENING to UNCALIBRATED on RS_SLAVE
ptp4l[232.369]: selected best master clock 46f81a.fffe.4db08d
ptp4l[232.370]: foreign master not using PTP timescale
ptp4l[232.764]: selected best master clock 46f81a.fffe.4db08d
ptp4l[232.765]: foreign master not using PTP timescale
ptp4l[233.264]: selected best master clock 46f81a.fffe.4db08d
ptp4l[233.265]: foreign master not using PTP timescale
ptp4l[233.764]: selected best master clock 46f81a.fffe.4db08d
ptp4l[233.765]: foreign master not using PTP timescale
ptp4l[234.265]: selected best master clock 46f81a.fffe.4db08d
ptp4l[234.266]: foreign master not using PTP timescale
ptp4l[234.766]: selected best master clock 46f81a.fffe.4db08d
ptp4l[234.767]: foreign master not using PTP timescale
ptp4l[235.265]: selected best master clock 46f81a.fffe.4db08d
ptp4l[235.266]: foreign master not using PTP timescale
ptp4l[235.766]: selected best master clock 46f81a.fffe.4db08d
ptp4l[235.767]: foreign master not using PTP timescale
ptp4l[236.266]: selected best master clock 46f81a.fffe.4db08d
ptp4l[236.267]: foreign master not using PTP timescale
ptp4l[236.766]: selected best master clock 46f81a.fffe.4db08d
ptp4l[236.767]: foreign master not using PTP timescale
ptp4l[237.267]: selected best master clock 46f81a.fffe.4db08d
ptp4l[237.268]: foreign master not using PTP timescale
ptp4l[237.766]: selected best master clock 46f81a.fffe.4db08d
ptp4l[237.767]: foreign master not using PTP timescale
ptp4l[238.267]: selected best master clock 46f81a.fffe.4db08d
ptp4l[238.268]: foreign master not using PTP timescale
ptp4l[238.767]: selected best master clock 46f81a.fffe.4db08d
ptp4l[238.768]: foreign master not using PTP timescale
ptp4l[239.267]: selected best master clock 46f81a.fffe.4db08d
ptp4l[239.268]: foreign master not using PTP timescale
ptp4l[239.767]: selected best master clock 46f81a.fffe.4db08d
ptp4l[239.768]: foreign master not using PTP timescale
ptp4l[240.267]: selected best master clock 46f81a.fffe.4db08d
ptp4l[240.268]: foreign master not using PTP timescale
ptp4l[240.768]: selected best master clock 46f81a.fffe.4db08d
ptp4l[240.768]: foreign master not using PTP timescale
ptp4l[241.268]: selected best master clock 46f81a.fffe.4db08d
ptp4l[241.268]: foreign master not using PTP timescale
ptp4l[241.768]: selected best master clock 46f81a.fffe.4db08d
ptp4l[241.769]: foreign master not using PTP timescale
