ptp4l[1615.612]: port 1: INITIALIZING to LISTENING on INIT_COMPLETE
ptp4l[1615.644]: port 2: INITIALIZING to LISTENING on INIT_COMPLETE
ptp4l[1615.645]: port 0: INITIALIZING to LISTENING on INIT_COMPLETE
ptp4l[1616.377]: port 1: new foreign master fee976.fffe.a3c9b6-1
ptp4l[1616.442]: port 2: new foreign master 165c41.fffe.5c88bf-1
ptp4l[1616.636]: selected local clock 9ef2df.fffe.59692c as best master
ptp4l[1616.684]: selected local clock 9ef2df.fffe.59692c as best master
ptp4l[1616.942]: selected best master clock 165c41.fffe.5c88bf
ptp4l[1616.943]: foreign master not using PTP timescale
ptp4l[1616.944]: port 2: LISTENING to UNCALIBRATED on RS_SLAVE
ptp4l[1617.127]: selected best master clock fee976.fffe.a3c9b6
ptp4l[1617.128]: foreign master not using PTP timescale
ptp4l[1617.130]: port 1: LISTENING to UNCALIBRATED on RS_SLAVE
ptp4l[1617.131]: port 2: master state recommended in slave only mode
ptp4l[1617.132]: port 2: defaultDS.priority1 probably misconfigured
ptp4l[1617.133]: port 2: UNCALIBRATED to LISTENING on RS_MASTER
ptp4l[1618.060]: selected best master clock fee976.fffe.a3c9b6
ptp4l[1618.062]: foreign master not using PTP timescale
ptp4l[1618.442]: selected best master clock fee976.fffe.a3c9b6
ptp4l[1618.443]: foreign master not using PTP timescale
ptp4l[1618.444]: port 2: master state recommended in slave only mode
ptp4l[1618.444]: port 2: defaultDS.priority1 probably misconfigured
ptp4l[1619.080]: selected best master clock fee976.fffe.a3c9b6
ptp4l[1619.081]: foreign master not using PTP timescale
ptp4l[1619.443]: selected best master clock fee976.fffe.a3c9b6
ptp4l[1619.445]: foreign master not using PTP timescale
ptp4l[1619.448]: port 2: master state recommended in slave only mode
ptp4l[1619.450]: port 2: defaultDS.priority1 probably misconfigured
ptp4l[1619.916]: selected best master clock fee976.fffe.a3c9b6
ptp4l[1619.918]: foreign master not using PTP timescale
ptp4l[1620.194]: selected best master clock fee976.fffe.a3c9b6
ptp4l[1620.196]: foreign master not using PTP timescale
ptp4l[1620.199]: port 2: master state recommended in slave only mode
ptp4l[1620.201]: port 2: defaultDS.priority1 probably misconfigured
ptp4l[1620.728]: selected best master clock fee976.fffe.a3c9b6
ptp4l[1620.730]: foreign master not using PTP timescale
ptp4l[1621.194]: selected best master clock fee976.fffe.a3c9b6
ptp4l[1621.197]: foreign master not using PTP timescale
ptp4l[1621.200]: port 2: master state recommended in slave only mode
ptp4l[1621.202]: port 2: defaultDS.priority1 probably misconfigured
ptp4l[1621.724]: selected best master clock fee976.fffe.a3c9b6
ptp4l[1621.725]: foreign master not using PTP timescale
ptp4l[1622.195]: selected best master clock fee976.fffe.a3c9b6
ptp4l[1622.196]: foreign master not using PTP timescale
ptp4l[1622.197]: port 2: master state recommended in slave only mode
ptp4l[1622.198]: port 2: defaultDS.priority1 probably misconfigured
ptp4l[1622.696]: selected best master clock fee976.fffe.a3c9b6
ptp4l[1622.697]: foreign master not using PTP timescale
ptp4l[1623.195]: selected best master clock fee976.fffe.a3c9b6
ptp4l[1623.196]: foreign master not using PTP timescale
ptp4l[1623.197]: port 2: master state recommended in slave only mode
ptp4l[1623.198]: port 2: defaultDS.priority1 probably misconfigured
ptp4l[1623.668]: selected best master clock fee976.fffe.a3c9b6
ptp4l[1623.669]: foreign master not using PTP timescale
ptp4l[1623.945]: selected best master clock fee976.fffe.a3c9b6
ptp4l[1623.947]: foreign master not using PTP timescale
ptp4l[1623.948]: port 2: master state recommended in slave only mode
ptp4l[1623.949]: port 2: defaultDS.priority1 probably misconfigured
ptp4l[1624.476]: selected best master clock fee976.fffe.a3c9b6
ptp4l[1624.477]: foreign master not using PTP timescale
ptp4l[1624.946]: selected best master clock fee976.fffe.a3c9b6
ptp4l[1624.947]: foreign master not using PTP timescale
ptp4l[1624.948]: port 2: master state recommended in slave only mode
ptp4l[1624.949]: port 2: defaultDS.priority1 probably misconfigured
ptp4l[1625.328]: selected best master clock fee976.fffe.a3c9b6
ptp4l[1625.329]: foreign master not using PTP timescale
ptp4l[1625.696]: selected best master clock fee976.fffe.a3c9b6
ptp4l[1625.697]: foreign master not using PTP timescale
ptp4l[1625.699]: port 2: master state recommended in slave only mode
ptp4l[1625.700]: port 2: defaultDS.priority1 probably misconfigured
ptp4l[1626.148]: selected best master clock fee976.fffe.a3c9b6
ptp4l[1626.149]: foreign master not using PTP timescale
ptp4l[1626.446]: selected best master clock fee976.fffe.a3c9b6
ptp4l[1626.447]: foreign master not using PTP timescale
ptp4l[1626.448]: port 2: master state recommended in slave only mode
ptp4l[1626.449]: port 2: defaultDS.priority1 probably misconfigured
ptp4l[1626.908]: selected best master clock fee976.fffe.a3c9b6
ptp4l[1626.911]: foreign master not using PTP timescale
ptp4l[1627.197]: selected best master clock fee976.fffe.a3c9b6
ptp4l[1627.199]: foreign master not using PTP timescale
ptp4l[1627.202]: port 2: master state recommended in slave only mode
ptp4l[1627.204]: port 2: defaultDS.priority1 probably misconfigured
ptp4l[1627.692]: selected best master clock fee976.fffe.a3c9b6
ptp4l[1627.695]: foreign master not using PTP timescale
ptp4l[1627.948]: selected best master clock fee976.fffe.a3c9b6
ptp4l[1627.949]: foreign master not using PTP timescale
ptp4l[1627.950]: port 2: master state recommended in slave only mode
ptp4l[1627.951]: port 2: defaultDS.priority1 probably misconfigured
ptp4l[1628.628]: selected best master clock fee976.fffe.a3c9b6
ptp4l[1628.630]: foreign master not using PTP timescale
ptp4l[1628.949]: selected best master clock fee976.fffe.a3c9b6
ptp4l[1628.950]: foreign master not using PTP timescale
ptp4l[1628.952]: port 2: master state recommended in slave only mode
ptp4l[1628.954]: port 2: defaultDS.priority1 probably misconfigured
ptp4l[1629.632]: selected best master clock fee976.fffe.a3c9b6
ptp4l[1629.635]: foreign master not using PTP timescale
ptp4l[1629.949]: selected best master clock fee976.fffe.a3c9b6
ptp4l[1629.952]: foreign master not using PTP timescale
ptp4l[1629.955]: port 2: master state recommended in slave only mode
ptp4l[1629.957]: port 2: defaultDS.priority1 probably misconfigured
ptp4l[1630.412]: selected best master clock fee976.fffe.a3c9b6
ptp4l[1630.415]: foreign master not using PTP timescale
ptp4l[1630.700]: selected best master clock fee976.fffe.a3c9b6
ptp4l[1630.703]: foreign master not using PTP timescale
ptp4l[1630.705]: port 2: master state recommended in slave only mode
ptp4l[1630.707]: port 2: defaultDS.priority1 probably misconfigured
ptp4l[1631.232]: selected best master clock fee976.fffe.a3c9b6
ptp4l[1631.232]: foreign master not using PTP timescale
ptp4l[1631.700]: selected best master clock fee976.fffe.a3c9b6
ptp4l[1631.701]: foreign master not using PTP timescale
ptp4l[1631.702]: port 2: master state recommended in slave only mode
ptp4l[1631.703]: port 2: defaultDS.priority1 probably misconfigured
ptp4l[1632.148]: selected best master clock fee976.fffe.a3c9b6
ptp4l[1632.151]: foreign master not using PTP timescale
ptp4l[1632.451]: selected best master clock fee976.fffe.a3c9b6
ptp4l[1632.452]: foreign master not using PTP timescale
ptp4l[1632.453]: port 2: master state recommended in slave only mode
ptp4l[1632.454]: port 2: defaultDS.priority1 probably misconfigured
ptp4l[1632.884]: selected best master clock fee976.fffe.a3c9b6
ptp4l[1632.886]: foreign master not using PTP timescale
ptp4l[1633.202]: selected best master clock fee976.fffe.a3c9b6
ptp4l[1633.204]: foreign master not using PTP timescale
ptp4l[1633.206]: port 2: master state recommended in slave only mode
ptp4l[1633.208]: port 2: defaultDS.priority1 probably misconfigured
ptp4l[1633.268]: rms 10240 max 20000 freq   +724 +/- 8256 delay 20759 +/- 5110
ptp4l[1633.776]: selected best master clock fee976.fffe.a3c9b6
ptp4l[1633.778]: foreign master not using PTP timescale
ptp4l[1634.203]: selected best master clock fee976.fffe.a3c9b6
ptp4l[1634.205]: foreign master not using PTP timescale
ptp4l[1634.208]: port 2: master state recommended in slave only mode
ptp4l[1634.210]: port 2: defaultDS.priority1 probably misconfigured
ptp4l[1634.656]: selected best master clock fee976.fffe.a3c9b6
ptp4l[1634.658]: foreign master not using PTP timescale
ptp4l[1634.953]: selected best master clock fee976.fffe.a3c9b6
ptp4l[1634.956]: foreign master not using PTP timescale
ptp4l[1634.958]: port 2: master state recommended in slave only mode
ptp4l[1634.960]: port 2: defaultDS.priority1 probably misconfigured
ptp4l[1635.460]: selected best master clock fee976.fffe.a3c9b6
ptp4l[1635.462]: foreign master not using PTP timescale
ptp4l[1635.954]: selected best master clock fee976.fffe.a3c9b6
ptp4l[1635.957]: foreign master not using PTP timescale
ptp4l[1635.959]: port 2: master state recommended in slave only mode
ptp4l[1635.961]: port 2: defaultDS.priority1 probably misconfigured
ptp4l[1636.200]: selected best master clock fee976.fffe.a3c9b6
ptp4l[1636.202]: foreign master not using PTP timescale
ptp4l[1636.455]: selected best master clock fee976.fffe.a3c9b6
ptp4l[1636.457]: foreign master not using PTP timescale
ptp4l[1636.461]: port 2: master state recommended in slave only mode
ptp4l[1636.463]: port 2: defaultDS.priority1 probably misconfigured
ptp4l[1637.072]: selected best master clock fee976.fffe.a3c9b6
ptp4l[1637.073]: foreign master not using PTP timescale
ptp4l[1637.456]: selected best master clock fee976.fffe.a3c9b6
ptp4l[1637.458]: foreign master not using PTP timescale
ptp4l[1637.460]: port 2: master state recommended in slave only mode
ptp4l[1637.462]: port 2: defaultDS.priority1 probably misconfigured
ptp4l[1638.024]: selected best master clock fee976.fffe.a3c9b6
ptp4l[1638.025]: foreign master not using PTP timescale
ptp4l[1638.456]: selected best master clock fee976.fffe.a3c9b6
ptp4l[1638.457]: foreign master not using PTP timescale
ptp4l[1638.458]: port 2: master state recommended in slave only mode
ptp4l[1638.459]: port 2: defaultDS.priority1 probably misconfigured
ptp4l[1638.876]: selected best master clock fee976.fffe.a3c9b6
ptp4l[1638.878]: foreign master not using PTP timescale
ptp4l[1639.207]: selected best master clock fee976.fffe.a3c9b6
ptp4l[1639.207]: foreign master not using PTP timescale
ptp4l[1639.208]: port 2: master state recommended in slave only mode
ptp4l[1639.209]: port 2: defaultDS.priority1 probably misconfigured
ptp4l[1639.700]: selected best master clock fee976.fffe.a3c9b6
ptp4l[1639.701]: foreign master not using PTP timescale
ptp4l[1639.957]: selected best master clock fee976.fffe.a3c9b6
ptp4l[1639.958]: foreign master not using PTP timescale
ptp4l[1639.959]: port 2: master state recommended in slave only mode
ptp4l[1639.960]: port 2: defaultDS.priority1 probably misconfigured
ptp4l[1640.492]: selected best master clock fee976.fffe.a3c9b6
ptp4l[1640.492]: foreign master not using PTP timescale
ptp4l[1640.957]: selected best master clock fee976.fffe.a3c9b6
ptp4l[1640.958]: foreign master not using PTP timescale
ptp4l[1640.959]: port 2: master state recommended in slave only mode
ptp4l[1640.959]: port 2: defaultDS.priority1 probably misconfigured
ptp4l[1641.320]: selected best master clock fee976.fffe.a3c9b6
ptp4l[1641.321]: foreign master not using PTP timescale
ptp4l[1641.707]: selected best master clock fee976.fffe.a3c9b6
ptp4l[1641.708]: foreign master not using PTP timescale
ptp4l[1641.709]: port 2: master state recommended in slave only mode
ptp4l[1641.709]: port 2: defaultDS.priority1 probably misconfigured
ptp4l[1642.132]: selected best master clock fee976.fffe.a3c9b6
ptp4l[1642.133]: foreign master not using PTP timescale
ptp4l[1642.458]: selected best master clock fee976.fffe.a3c9b6
ptp4l[1642.460]: foreign master not using PTP timescale
ptp4l[1642.463]: port 2: master state recommended in slave only mode
ptp4l[1642.465]: port 2: defaultDS.priority1 probably misconfigured
ptp4l[1643.024]: selected best master clock fee976.fffe.a3c9b6
ptp4l[1643.026]: foreign master not using PTP timescale
ptp4l[1643.459]: selected best master clock fee976.fffe.a3c9b6
ptp4l[1643.460]: foreign master not using PTP timescale
ptp4l[1643.461]: port 2: master state recommended in slave only mode
ptp4l[1643.462]: port 2: defaultDS.priority1 probably misconfigured
ptp4l[1643.964]: selected best master clock fee976.fffe.a3c9b6
ptp4l[1643.967]: foreign master not using PTP timescale
ptp4l[1644.460]: selected best master clock fee976.fffe.a3c9b6
ptp4l[1644.462]: foreign master not using PTP timescale
ptp4l[1644.465]: port 2: master state recommended in slave only mode
ptp4l[1644.467]: port 2: defaultDS.priority1 probably misconfigured
ptp4l[1644.768]: selected best master clock fee976.fffe.a3c9b6
ptp4l[1644.770]: foreign master not using PTP timescale
ptp4l[1645.211]: selected best master clock fee976.fffe.a3c9b6
ptp4l[1645.213]: foreign master not using PTP timescale
ptp4l[1645.215]: port 2: master state recommended in slave only mode
ptp4l[1645.218]: port 2: defaultDS.priority1 probably misconfigured
ptp4l[1645.756]: selected best master clock fee976.fffe.a3c9b6
ptp4l[1645.759]: foreign master not using PTP timescale
ptp4l[1646.211]: selected best master clock fee976.fffe.a3c9b6
ptp4l[1646.212]: foreign master not using PTP timescale
ptp4l[1646.213]: port 2: master state recommended in slave only mode
ptp4l[1646.214]: port 2: defaultDS.priority1 probably misconfigured
ptp4l[1646.536]: selected best master clock fee976.fffe.a3c9b6
ptp4l[1646.537]: foreign master not using PTP timescale
ptp4l[1646.961]: selected best master clock fee976.fffe.a3c9b6
ptp4l[1646.962]: foreign master not using PTP timescale
ptp4l[1646.963]: port 2: master state recommended in slave only mode
ptp4l[1646.963]: port 2: defaultDS.priority1 probably misconfigured
ptp4l[1647.348]: selected best master clock fee976.fffe.a3c9b6
ptp4l[1647.349]: foreign master not using PTP timescale
ptp4l[1647.712]: selected best master clock fee976.fffe.a3c9b6
ptp4l[1647.715]: foreign master not using PTP timescale
ptp4l[1647.717]: port 2: master state recommended in slave only mode
ptp4l[1647.720]: port 2: defaultDS.priority1 probably misconfigured
ptp4l[1648.228]: selected best master clock fee976.fffe.a3c9b6
ptp4l[1648.230]: foreign master not using PTP timescale
ptp4l[1648.713]: selected best master clock fee976.fffe.a3c9b6
ptp4l[1648.716]: foreign master not using PTP timescale
ptp4l[1648.718]: port 2: master state recommended in slave only mode
ptp4l[1648.721]: port 2: defaultDS.priority1 probably misconfigured
ptp4l[1649.008]: selected best master clock fee976.fffe.a3c9b6
ptp4l[1649.011]: foreign master not using PTP timescale
ptp4l[1649.290]: rms 86245 max 150376 freq +11472 +/- 49904 delay 94879 +/- 28418
ptp4l[1649.463]: selected best master clock fee976.fffe.a3c9b6
ptp4l[1649.465]: foreign master not using PTP timescale
ptp4l[1649.467]: port 2: master state recommended in slave only mode
ptp4l[1649.469]: port 2: defaultDS.priority1 probably misconfigured
ptp4l[1650.012]: selected best master clock fee976.fffe.a3c9b6
ptp4l[1650.013]: foreign master not using PTP timescale
ptp4l[1650.464]: selected best master clock fee976.fffe.a3c9b6
ptp4l[1650.466]: foreign master not using PTP timescale
ptp4l[1650.467]: port 2: master state recommended in slave only mode
ptp4l[1650.468]: port 2: defaultDS.priority1 probably misconfigured
ptp4l[1651.012]: selected best master clock fee976.fffe.a3c9b6
ptp4l[1651.015]: foreign master not using PTP timescale
ptp4l[1651.465]: selected best master clock fee976.fffe.a3c9b6
ptp4l[1651.467]: foreign master not using PTP timescale
ptp4l[1651.470]: port 2: master state recommended in slave only mode
ptp4l[1651.472]: port 2: defaultDS.priority1 probably misconfigured
ptp4l[1651.924]: selected best master clock fee976.fffe.a3c9b6
ptp4l[1651.928]: foreign master not using PTP timescale
ptp4l[1652.215]: selected best master clock fee976.fffe.a3c9b6
ptp4l[1652.216]: foreign master not using PTP timescale
ptp4l[1652.217]: port 2: master state recommended in slave only mode
ptp4l[1652.218]: port 2: defaultDS.priority1 probably misconfigured
ptp4l[1652.712]: selected best master clock fee976.fffe.a3c9b6
ptp4l[1652.716]: foreign master not using PTP timescale
ptp4l[1652.966]: selected best master clock fee976.fffe.a3c9b6
ptp4l[1652.967]: foreign master not using PTP timescale
ptp4l[1652.968]: port 2: master state recommended in slave only mode
ptp4l[1652.969]: port 2: defaultDS.priority1 probably misconfigured
ptp4l[1653.540]: selected best master clock fee976.fffe.a3c9b6
ptp4l[1653.541]: foreign master not using PTP timescale
ptp4l[1653.966]: selected best master clock fee976.fffe.a3c9b6
ptp4l[1653.969]: foreign master not using PTP timescale
ptp4l[1653.970]: port 2: master state recommended in slave only mode
ptp4l[1653.971]: port 2: defaultDS.priority1 probably misconfigured
ptp4l[1654.356]: selected best master clock fee976.fffe.a3c9b6
ptp4l[1654.357]: foreign master not using PTP timescale
ptp4l[1654.717]: selected best master clock fee976.fffe.a3c9b6
ptp4l[1654.718]: foreign master not using PTP timescale
ptp4l[1654.719]: port 2: master state recommended in slave only mode
ptp4l[1654.720]: port 2: defaultDS.priority1 probably misconfigured
ptp4l[1655.212]: selected best master clock fee976.fffe.a3c9b6
ptp4l[1655.213]: foreign master not using PTP timescale
ptp4l[1655.468]: selected best master clock fee976.fffe.a3c9b6
ptp4l[1655.474]: foreign master not using PTP timescale
ptp4l[1655.482]: port 2: master state recommended in slave only mode
ptp4l[1655.489]: port 2: defaultDS.priority1 probably misconfigured
ptp4l[1656.172]: selected best master clock fee976.fffe.a3c9b6
ptp4l[1656.173]: foreign master not using PTP timescale
ptp4l[1656.468]: selected best master clock fee976.fffe.a3c9b6
ptp4l[1656.471]: foreign master not using PTP timescale
ptp4l[1656.474]: port 2: master state recommended in slave only mode
ptp4l[1656.476]: port 2: defaultDS.priority1 probably misconfigured
ptp4l[1657.004]: selected best master clock fee976.fffe.a3c9b6
ptp4l[1657.005]: foreign master not using PTP timescale
ptp4l[1657.469]: selected best master clock fee976.fffe.a3c9b6
ptp4l[1657.471]: foreign master not using PTP timescale
ptp4l[1657.474]: port 2: master state recommended in slave only mode
ptp4l[1657.478]: port 2: defaultDS.priority1 probably misconfigured
ptp4l[1657.956]: selected best master clock fee976.fffe.a3c9b6
ptp4l[1657.957]: foreign master not using PTP timescale
ptp4l[1658.219]: selected best master clock fee976.fffe.a3c9b6
ptp4l[1658.221]: foreign master not using PTP timescale
ptp4l[1658.223]: port 2: master state recommended in slave only mode
ptp4l[1658.224]: port 2: defaultDS.priority1 probably misconfigured
ptp4l[1658.960]: selected best master clock fee976.fffe.a3c9b6
ptp4l[1658.963]: foreign master not using PTP timescale
ptp4l[1659.220]: selected best master clock fee976.fffe.a3c9b6
ptp4l[1659.221]: foreign master not using PTP timescale
ptp4l[1659.222]: port 2: master state recommended in slave only mode
ptp4l[1659.223]: port 2: defaultDS.priority1 probably misconfigured
ptp4l[1659.724]: selected best master clock fee976.fffe.a3c9b6
ptp4l[1659.728]: foreign master not using PTP timescale
ptp4l[1660.222]: selected best master clock fee976.fffe.a3c9b6
ptp4l[1660.225]: foreign master not using PTP timescale
ptp4l[1660.227]: port 2: master state recommended in slave only mode
ptp4l[1660.230]: port 2: defaultDS.priority1 probably misconfigured
ptp4l[1660.508]: selected best master clock fee976.fffe.a3c9b6
ptp4l[1660.511]: foreign master not using PTP timescale
ptp4l[1660.972]: selected best master clock fee976.fffe.a3c9b6
ptp4l[1660.973]: foreign master not using PTP timescale
ptp4l[1660.975]: port 2: master state recommended in slave only mode
ptp4l[1660.976]: port 2: defaultDS.priority1 probably misconfigured
ptp4l[1661.400]: selected best master clock fee976.fffe.a3c9b6
ptp4l[1661.401]: foreign master not using PTP timescale
ptp4l[1661.723]: selected best master clock fee976.fffe.a3c9b6
ptp4l[1661.724]: foreign master not using PTP timescale
ptp4l[1661.725]: port 2: master state recommended in slave only mode
ptp4l[1661.727]: port 2: defaultDS.priority1 probably misconfigured
ptp4l[1662.288]: selected best master clock fee976.fffe.a3c9b6
ptp4l[1662.289]: foreign master not using PTP timescale
ptp4l[1662.723]: selected best master clock fee976.fffe.a3c9b6
ptp4l[1662.724]: foreign master not using PTP timescale
ptp4l[1662.725]: port 2: master state recommended in slave only mode
ptp4l[1662.726]: port 2: defaultDS.priority1 probably misconfigured
ptp4l[1663.232]: selected best master clock fee976.fffe.a3c9b6
ptp4l[1663.233]: foreign master not using PTP timescale
ptp4l[1663.724]: selected best master clock fee976.fffe.a3c9b6
ptp4l[1663.727]: foreign master not using PTP timescale
ptp4l[1663.729]: port 2: master state recommended in slave only mode
ptp4l[1663.732]: port 2: defaultDS.priority1 probably misconfigured
ptp4l[1664.108]: selected best master clock fee976.fffe.a3c9b6
ptp4l[1664.111]: foreign master not using PTP timescale
ptp4l[1664.475]: selected best master clock fee976.fffe.a3c9b6
ptp4l[1664.477]: foreign master not using PTP timescale
ptp4l[1664.479]: port 2: master state recommended in slave only mode
ptp4l[1664.482]: port 2: defaultDS.priority1 probably misconfigured
ptp4l[1664.920]: selected best master clock fee976.fffe.a3c9b6
ptp4l[1664.920]: foreign master not using PTP timescale
ptp4l[1665.225]: selected best master clock fee976.fffe.a3c9b6
ptp4l[1665.228]: foreign master not using PTP timescale
ptp4l[1665.230]: port 2: master state recommended in slave only mode
ptp4l[1665.233]: port 2: defaultDS.priority1 probably misconfigured
ptp4l[1665.312]: rms 102569 max 178476 freq   -312 +/- 40573 delay 104605 +/- 14620
ptp4l[1665.712]: selected best master clock fee976.fffe.a3c9b6
ptp4l[1665.714]: foreign master not using PTP timescale
ptp4l[1665.977]: selected best master clock fee976.fffe.a3c9b6
ptp4l[1665.980]: foreign master not using PTP timescale
ptp4l[1665.982]: port 2: master state recommended in slave only mode
ptp4l[1665.984]: port 2: defaultDS.priority1 probably misconfigured
ptp4l[1666.512]: selected best master clock fee976.fffe.a3c9b6
ptp4l[1666.515]: foreign master not using PTP timescale
ptp4l[1666.978]: selected best master clock fee976.fffe.a3c9b6
ptp4l[1666.981]: foreign master not using PTP timescale
ptp4l[1666.983]: port 2: master state recommended in slave only mode
ptp4l[1666.985]: port 2: defaultDS.priority1 probably misconfigured
ptp4l[1667.476]: selected best master clock fee976.fffe.a3c9b6
ptp4l[1667.478]: foreign master not using PTP timescale
ptp4l[1667.728]: selected best master clock fee976.fffe.a3c9b6
ptp4l[1667.729]: foreign master not using PTP timescale
ptp4l[1667.730]: port 2: master state recommended in slave only mode
ptp4l[1667.731]: port 2: defaultDS.priority1 probably misconfigured
ptp4l[1668.440]: selected best master clock fee976.fffe.a3c9b6
ptp4l[1668.442]: foreign master not using PTP timescale
ptp4l[1668.729]: selected best master clock fee976.fffe.a3c9b6
ptp4l[1668.732]: foreign master not using PTP timescale
ptp4l[1668.734]: port 2: master state recommended in slave only mode
ptp4l[1668.736]: port 2: defaultDS.priority1 probably misconfigured
ptp4l[1669.348]: selected best master clock fee976.fffe.a3c9b6
ptp4l[1669.349]: foreign master not using PTP timescale
ptp4l[1669.729]: selected best master clock fee976.fffe.a3c9b6
ptp4l[1669.730]: foreign master not using PTP timescale
ptp4l[1669.731]: port 2: master state recommended in slave only mode
ptp4l[1669.732]: port 2: defaultDS.priority1 probably misconfigured
ptp4l[1670.264]: selected best master clock fee976.fffe.a3c9b6
ptp4l[1670.265]: foreign master not using PTP timescale
ptp4l[1670.730]: selected best master clock fee976.fffe.a3c9b6
ptp4l[1670.731]: foreign master not using PTP timescale
ptp4l[1670.732]: port 2: master state recommended in slave only mode
ptp4l[1670.733]: port 2: defaultDS.priority1 probably misconfigured
ptp4l[1671.016]: selected best master clock fee976.fffe.a3c9b6
ptp4l[1671.019]: foreign master not using PTP timescale
ptp4l[1671.481]: selected best master clock fee976.fffe.a3c9b6
ptp4l[1671.482]: foreign master not using PTP timescale
ptp4l[1671.483]: port 2: master state recommended in slave only mode
ptp4l[1671.484]: port 2: defaultDS.priority1 probably misconfigured
ptp4l[1671.824]: selected best master clock fee976.fffe.a3c9b6
ptp4l[1671.826]: foreign master not using PTP timescale
ptp4l[1672.231]: selected best master clock fee976.fffe.a3c9b6
ptp4l[1672.234]: foreign master not using PTP timescale
ptp4l[1672.236]: port 2: master state recommended in slave only mode
ptp4l[1672.239]: port 2: defaultDS.priority1 probably misconfigured
ptp4l[1672.796]: selected best master clock fee976.fffe.a3c9b6
ptp4l[1672.797]: foreign master not using PTP timescale
ptp4l[1673.232]: selected best master clock fee976.fffe.a3c9b6
ptp4l[1673.235]: foreign master not using PTP timescale
ptp4l[1673.237]: port 2: master state recommended in slave only mode
ptp4l[1673.239]: port 2: defaultDS.priority1 probably misconfigured
ptp4l[1673.708]: selected best master clock fee976.fffe.a3c9b6
ptp4l[1673.711]: foreign master not using PTP timescale
ptp4l[1673.983]: selected best master clock fee976.fffe.a3c9b6
ptp4l[1673.985]: foreign master not using PTP timescale
ptp4l[1673.988]: port 2: master state recommended in slave only mode
ptp4l[1673.990]: port 2: defaultDS.priority1 probably misconfigured
ptp4l[1674.688]: selected best master clock fee976.fffe.a3c9b6
ptp4l[1674.689]: foreign master not using PTP timescale
ptp4l[1674.983]: selected best master clock fee976.fffe.a3c9b6
ptp4l[1674.987]: foreign master not using PTP timescale
ptp4l[1674.990]: port 2: master state recommended in slave only mode
ptp4l[1674.993]: port 2: defaultDS.priority1 probably misconfigured
ptp4l[1675.672]: selected best master clock fee976.fffe.a3c9b6
ptp4l[1675.674]: foreign master not using PTP timescale
ptp4l[1675.984]: selected best master clock fee976.fffe.a3c9b6
ptp4l[1675.987]: foreign master not using PTP timescale
ptp4l[1675.989]: port 2: master state recommended in slave only mode
ptp4l[1675.992]: port 2: defaultDS.priority1 probably misconfigured
ptp4l[1676.492]: selected best master clock fee976.fffe.a3c9b6
ptp4l[1676.493]: foreign master not using PTP timescale
ptp4l[1676.985]: selected best master clock fee976.fffe.a3c9b6
ptp4l[1676.986]: foreign master not using PTP timescale
ptp4l[1676.987]: port 2: master state recommended in slave only mode
ptp4l[1676.988]: port 2: defaultDS.priority1 probably misconfigured
ptp4l[1677.252]: selected best master clock fee976.fffe.a3c9b6
ptp4l[1677.253]: foreign master not using PTP timescale
ptp4l[1677.735]: selected best master clock fee976.fffe.a3c9b6
ptp4l[1677.736]: foreign master not using PTP timescale
ptp4l[1677.737]: port 2: master state recommended in slave only mode
ptp4l[1677.738]: port 2: defaultDS.priority1 probably misconfigured
ptp4l[1678.204]: selected best master clock fee976.fffe.a3c9b6
ptp4l[1678.205]: foreign master not using PTP timescale
ptp4l[1678.486]: selected best master clock fee976.fffe.a3c9b6
ptp4l[1678.487]: foreign master not using PTP timescale
ptp4l[1678.487]: port 2: master state recommended in slave only mode
ptp4l[1678.488]: port 2: defaultDS.priority1 probably misconfigured
ptp4l[1678.968]: selected best master clock fee976.fffe.a3c9b6
ptp4l[1678.969]: foreign master not using PTP timescale
ptp4l[1679.236]: selected best master clock fee976.fffe.a3c9b6
ptp4l[1679.237]: foreign master not using PTP timescale
ptp4l[1679.238]: port 2: master state recommended in slave only mode
ptp4l[1679.239]: port 2: defaultDS.priority1 probably misconfigured
ptp4l[1679.836]: selected best master clock fee976.fffe.a3c9b6
ptp4l[1679.839]: foreign master not using PTP timescale
ptp4l[1680.237]: selected best master clock fee976.fffe.a3c9b6
ptp4l[1680.240]: foreign master not using PTP timescale
ptp4l[1680.242]: port 2: master state recommended in slave only mode
ptp4l[1680.245]: port 2: defaultDS.priority1 probably misconfigured
ptp4l[1680.696]: selected best master clock fee976.fffe.a3c9b6
ptp4l[1680.699]: foreign master not using PTP timescale
ptp4l[1680.988]: selected best master clock fee976.fffe.a3c9b6
ptp4l[1680.991]: foreign master not using PTP timescale
ptp4l[1680.993]: port 2: master state recommended in slave only mode
ptp4l[1680.995]: port 2: defaultDS.priority1 probably misconfigured
ptp4l[1681.333]: rms 104033 max 156726 freq  +1156 +/- 23902 delay 100380 +/- 10246
ptp4l[1681.564]: selected best master clock fee976.fffe.a3c9b6
ptp4l[1681.570]: foreign master not using PTP timescale
ptp4l[1681.988]: selected best master clock fee976.fffe.a3c9b6
ptp4l[1681.989]: foreign master not using PTP timescale
ptp4l[1681.990]: port 2: master state recommended in slave only mode
ptp4l[1681.990]: port 2: defaultDS.priority1 probably misconfigured
ptp4l[1682.484]: selected best master clock fee976.fffe.a3c9b6
ptp4l[1682.487]: foreign master not using PTP timescale
ptp4l[1682.739]: selected best master clock fee976.fffe.a3c9b6
ptp4l[1682.742]: foreign master not using PTP timescale
ptp4l[1682.744]: port 2: master state recommended in slave only mode
ptp4l[1682.746]: port 2: defaultDS.priority1 probably misconfigured
ptp4l[1683.292]: selected best master clock fee976.fffe.a3c9b6
ptp4l[1683.294]: foreign master not using PTP timescale
ptp4l[1683.740]: selected best master clock fee976.fffe.a3c9b6
ptp4l[1683.743]: foreign master not using PTP timescale
ptp4l[1683.746]: port 2: master state recommended in slave only mode
ptp4l[1683.750]: port 2: defaultDS.priority1 probably misconfigured
ptp4l[1684.280]: selected best master clock fee976.fffe.a3c9b6
ptp4l[1684.282]: foreign master not using PTP timescale
ptp4l[1684.741]: selected best master clock fee976.fffe.a3c9b6
ptp4l[1684.743]: foreign master not using PTP timescale
ptp4l[1684.746]: port 2: master state recommended in slave only mode
ptp4l[1684.748]: port 2: defaultDS.priority1 probably misconfigured
ptp4l[1685.052]: selected best master clock fee976.fffe.a3c9b6
ptp4l[1685.055]: foreign master not using PTP timescale
ptp4l[1685.492]: selected best master clock fee976.fffe.a3c9b6
ptp4l[1685.493]: foreign master not using PTP timescale
ptp4l[1685.494]: port 2: master state recommended in slave only mode
ptp4l[1685.495]: port 2: defaultDS.priority1 probably misconfigured
ptp4l[1686.016]: selected best master clock fee976.fffe.a3c9b6
ptp4l[1686.016]: foreign master not using PTP timescale
ptp4l[1686.492]: selected best master clock fee976.fffe.a3c9b6
ptp4l[1686.493]: foreign master not using PTP timescale
ptp4l[1686.494]: port 2: master state recommended in slave only mode
ptp4l[1686.495]: port 2: defaultDS.priority1 probably misconfigured
ptp4l[1686.996]: selected best master clock fee976.fffe.a3c9b6
ptp4l[1687.000]: foreign master not using PTP timescale
ptp4l[1687.493]: selected best master clock fee976.fffe.a3c9b6
ptp4l[1687.497]: foreign master not using PTP timescale
ptp4l[1687.499]: port 2: master state recommended in slave only mode
ptp4l[1687.502]: port 2: defaultDS.priority1 probably misconfigured
ptp4l[1687.900]: selected best master clock fee976.fffe.a3c9b6
ptp4l[1687.901]: foreign master not using PTP timescale
ptp4l[1688.244]: selected best master clock fee976.fffe.a3c9b6
ptp4l[1688.245]: foreign master not using PTP timescale
ptp4l[1688.246]: port 2: master state recommended in slave only mode
ptp4l[1688.248]: port 2: defaultDS.priority1 probably misconfigured
ptp4l[1688.668]: selected best master clock fee976.fffe.a3c9b6
ptp4l[1688.669]: foreign master not using PTP timescale
ptp4l[1688.994]: selected best master clock fee976.fffe.a3c9b6
ptp4l[1688.995]: foreign master not using PTP timescale
ptp4l[1688.996]: port 2: master state recommended in slave only mode
ptp4l[1688.996]: port 2: defaultDS.priority1 probably misconfigured
ptp4l[1689.476]: selected best master clock fee976.fffe.a3c9b6
ptp4l[1689.476]: foreign master not using PTP timescale
ptp4l[1689.744]: selected best master clock fee976.fffe.a3c9b6
ptp4l[1689.745]: foreign master not using PTP timescale
ptp4l[1689.746]: port 2: master state recommended in slave only mode
ptp4l[1689.747]: port 2: defaultDS.priority1 probably misconfigured
ptp4l[1690.412]: selected best master clock fee976.fffe.a3c9b6
ptp4l[1690.415]: foreign master not using PTP timescale
ptp4l[1690.745]: selected best master clock fee976.fffe.a3c9b6
ptp4l[1690.750]: foreign master not using PTP timescale
ptp4l[1690.753]: port 2: master state recommended in slave only mode
ptp4l[1690.756]: port 2: defaultDS.priority1 probably misconfigured
ptp4l[1691.236]: selected best master clock fee976.fffe.a3c9b6
ptp4l[1691.239]: foreign master not using PTP timescale
ptp4l[1691.496]: selected best master clock fee976.fffe.a3c9b6
ptp4l[1691.500]: foreign master not using PTP timescale
ptp4l[1691.503]: port 2: master state recommended in slave only mode
ptp4l[1691.506]: port 2: defaultDS.priority1 probably misconfigured
ptp4l[1692.160]: selected best master clock fee976.fffe.a3c9b6
ptp4l[1692.161]: foreign master not using PTP timescale
ptp4l[1692.496]: selected best master clock fee976.fffe.a3c9b6
ptp4l[1692.497]: foreign master not using PTP timescale
ptp4l[1692.499]: port 2: master state recommended in slave only mode
ptp4l[1692.500]: port 2: defaultDS.priority1 probably misconfigured
ptp4l[1693.108]: selected best master clock fee976.fffe.a3c9b6
ptp4l[1693.111]: foreign master not using PTP timescale
ptp4l[1693.497]: selected best master clock fee976.fffe.a3c9b6
ptp4l[1693.498]: foreign master not using PTP timescale
ptp4l[1693.499]: port 2: master state recommended in slave only mode
ptp4l[1693.500]: port 2: defaultDS.priority1 probably misconfigured
ptp4l[1694.088]: selected best master clock fee976.fffe.a3c9b6
ptp4l[1694.089]: foreign master not using PTP timescale
ptp4l[1694.498]: selected best master clock fee976.fffe.a3c9b6
ptp4l[1694.501]: foreign master not using PTP timescale
ptp4l[1694.503]: port 2: master state recommended in slave only mode
ptp4l[1694.506]: port 2: defaultDS.priority1 probably misconfigured
ptp4l[1694.996]: selected best master clock fee976.fffe.a3c9b6
ptp4l[1694.999]: foreign master not using PTP timescale
ptp4l[1695.249]: selected best master clock fee976.fffe.a3c9b6
ptp4l[1695.251]: foreign master not using PTP timescale
ptp4l[1695.253]: port 2: master state recommended in slave only mode
ptp4l[1695.255]: port 2: defaultDS.priority1 probably misconfigured
ptp4l[1695.940]: selected best master clock fee976.fffe.a3c9b6
ptp4l[1695.943]: foreign master not using PTP timescale
ptp4l[1696.249]: selected best master clock fee976.fffe.a3c9b6
ptp4l[1696.250]: foreign master not using PTP timescale
ptp4l[1696.251]: port 2: master state recommended in slave only mode
ptp4l[1696.253]: port 2: defaultDS.priority1 probably misconfigured
ptp4l[1696.764]: selected best master clock fee976.fffe.a3c9b6
ptp4l[1696.767]: foreign master not using PTP timescale
ptp4l[1697.250]: selected best master clock fee976.fffe.a3c9b6
ptp4l[1697.251]: foreign master not using PTP timescale
ptp4l[1697.252]: port 2: master state recommended in slave only mode
ptp4l[1697.253]: port 2: defaultDS.priority1 probably misconfigured
ptp4l[1697.357]: rms 141015 max 323577 freq  -2362 +/- 62373 delay 106644 +/- 15273
ptp4l[1697.632]: selected best master clock fee976.fffe.a3c9b6
ptp4l[1697.635]: foreign master not using PTP timescale
ptp4l[1698.000]: selected best master clock fee976.fffe.a3c9b6
ptp4l[1698.001]: foreign master not using PTP timescale
ptp4l[1698.001]: port 2: master state recommended in slave only mode
ptp4l[1698.002]: port 2: defaultDS.priority1 probably misconfigured
ptp4l[1698.488]: selected best master clock fee976.fffe.a3c9b6
ptp4l[1698.489]: foreign master not using PTP timescale
ptp4l[1698.751]: selected best master clock fee976.fffe.a3c9b6
ptp4l[1698.752]: foreign master not using PTP timescale
ptp4l[1698.753]: port 2: master state recommended in slave only mode
ptp4l[1698.754]: port 2: defaultDS.priority1 probably misconfigured
ptp4l[1699.396]: selected best master clock fee976.fffe.a3c9b6
ptp4l[1699.399]: foreign master not using PTP timescale
ptp4l[1699.752]: selected best master clock fee976.fffe.a3c9b6
ptp4l[1699.754]: foreign master not using PTP timescale
ptp4l[1699.757]: port 2: master state recommended in slave only mode
ptp4l[1699.759]: port 2: defaultDS.priority1 probably misconfigured
ptp4l[1700.372]: selected best master clock fee976.fffe.a3c9b6
ptp4l[1700.375]: foreign master not using PTP timescale
ptp4l[1700.753]: selected best master clock fee976.fffe.a3c9b6
ptp4l[1700.755]: foreign master not using PTP timescale
ptp4l[1700.756]: port 2: master state recommended in slave only mode
ptp4l[1700.758]: port 2: defaultDS.priority1 probably misconfigured
ptp4l[1701.236]: selected best master clock fee976.fffe.a3c9b6
ptp4l[1701.239]: foreign master not using PTP timescale
ptp4l[1701.503]: selected best master clock fee976.fffe.a3c9b6
ptp4l[1701.506]: foreign master not using PTP timescale
ptp4l[1701.508]: port 2: master state recommended in slave only mode
ptp4l[1701.510]: port 2: defaultDS.priority1 probably misconfigured
ptp4l[1702.104]: selected best master clock fee976.fffe.a3c9b6
ptp4l[1702.105]: foreign master not using PTP timescale
ptp4l[1702.504]: selected best master clock fee976.fffe.a3c9b6
ptp4l[1702.505]: foreign master not using PTP timescale
ptp4l[1702.506]: port 2: master state recommended in slave only mode
ptp4l[1702.507]: port 2: defaultDS.priority1 probably misconfigured
ptp4l[1703.056]: selected best master clock fee976.fffe.a3c9b6
ptp4l[1703.057]: foreign master not using PTP timescale
ptp4l[1703.505]: selected best master clock fee976.fffe.a3c9b6
ptp4l[1703.506]: foreign master not using PTP timescale
ptp4l[1703.507]: port 2: master state recommended in slave only mode
ptp4l[1703.509]: port 2: defaultDS.priority1 probably misconfigured
ptp4l[1703.976]: selected best master clock fee976.fffe.a3c9b6
ptp4l[1703.977]: foreign master not using PTP timescale
ptp4l[1704.255]: selected best master clock fee976.fffe.a3c9b6
ptp4l[1704.258]: foreign master not using PTP timescale
ptp4l[1704.260]: port 2: master state recommended in slave only mode
ptp4l[1704.263]: port 2: defaultDS.priority1 probably misconfigured
ptp4l[1704.924]: selected best master clock fee976.fffe.a3c9b6
ptp4l[1704.925]: foreign master not using PTP timescale
ptp4l[1705.256]: selected best master clock fee976.fffe.a3c9b6
ptp4l[1705.257]: foreign master not using PTP timescale
ptp4l[1705.258]: port 2: master state recommended in slave only mode
ptp4l[1705.259]: port 2: defaultDS.priority1 probably misconfigured
ptp4l[1705.804]: selected best master clock fee976.fffe.a3c9b6
ptp4l[1705.807]: foreign master not using PTP timescale
ptp4l[1706.257]: selected best master clock fee976.fffe.a3c9b6
ptp4l[1706.260]: foreign master not using PTP timescale
ptp4l[1706.263]: port 2: master state recommended in slave only mode
ptp4l[1706.266]: port 2: defaultDS.priority1 probably misconfigured
ptp4l[1706.764]: selected best master clock fee976.fffe.a3c9b6
ptp4l[1706.767]: foreign master not using PTP timescale
ptp4l[1707.257]: selected best master clock fee976.fffe.a3c9b6
ptp4l[1707.258]: foreign master not using PTP timescale
ptp4l[1707.260]: port 2: master state recommended in slave only mode
ptp4l[1707.262]: port 2: defaultDS.priority1 probably misconfigured
ptp4l[1707.572]: selected best master clock fee976.fffe.a3c9b6
ptp4l[1707.575]: foreign master not using PTP timescale
ptp4l[1708.008]: selected best master clock fee976.fffe.a3c9b6
ptp4l[1708.009]: foreign master not using PTP timescale
ptp4l[1708.010]: port 2: master state recommended in slave only mode
ptp4l[1708.011]: port 2: defaultDS.priority1 probably misconfigured
ptp4l[1708.312]: selected best master clock fee976.fffe.a3c9b6
ptp4l[1708.314]: foreign master not using PTP timescale
ptp4l[1708.758]: selected best master clock fee976.fffe.a3c9b6
ptp4l[1708.760]: foreign master not using PTP timescale
ptp4l[1708.762]: port 2: master state recommended in slave only mode
ptp4l[1708.765]: port 2: defaultDS.priority1 probably misconfigured
ptp4l[1709.280]: selected best master clock fee976.fffe.a3c9b6
ptp4l[1709.282]: foreign master not using PTP timescale
ptp4l[1709.759]: selected best master clock fee976.fffe.a3c9b6
ptp4l[1709.762]: foreign master not using PTP timescale
ptp4l[1709.764]: port 2: master state recommended in slave only mode
ptp4l[1709.767]: port 2: defaultDS.priority1 probably misconfigured
ptp4l[1710.276]: selected best master clock fee976.fffe.a3c9b6
ptp4l[1710.278]: foreign master not using PTP timescale
ptp4l[1710.760]: selected best master clock fee976.fffe.a3c9b6
ptp4l[1710.762]: foreign master not using PTP timescale
ptp4l[1710.763]: port 2: master state recommended in slave only mode
ptp4l[1710.765]: port 2: defaultDS.priority1 probably misconfigured
ptp4l[1711.216]: selected best master clock fee976.fffe.a3c9b6
ptp4l[1711.218]: foreign master not using PTP timescale
ptp4l[1711.510]: selected best master clock fee976.fffe.a3c9b6
ptp4l[1711.511]: foreign master not using PTP timescale
ptp4l[1711.512]: port 2: master state recommended in slave only mode
ptp4l[1711.513]: port 2: defaultDS.priority1 probably misconfigured
ptp4l[1712.128]: selected best master clock fee976.fffe.a3c9b6
ptp4l[1712.129]: foreign master not using PTP timescale
ptp4l[1712.511]: selected best master clock fee976.fffe.a3c9b6
ptp4l[1712.511]: foreign master not using PTP timescale
ptp4l[1712.512]: port 2: master state recommended in slave only mode
ptp4l[1712.513]: port 2: defaultDS.priority1 probably misconfigured
ptp4l[1712.960]: selected best master clock fee976.fffe.a3c9b6
ptp4l[1712.964]: foreign master not using PTP timescale
ptp4l[1713.262]: selected best master clock fee976.fffe.a3c9b6
ptp4l[1713.265]: foreign master not using PTP timescale
ptp4l[1713.267]: port 2: master state recommended in slave only mode
ptp4l[1713.269]: port 2: defaultDS.priority1 probably misconfigured
ptp4l[1713.379]: rms 93266 max 144676 freq  -3605 +/- 25031 delay 109609 +/- 13188
ptp4l[1713.900]: selected best master clock fee976.fffe.a3c9b6
ptp4l[1713.903]: foreign master not using PTP timescale
ptp4l[1714.263]: selected best master clock fee976.fffe.a3c9b6
ptp4l[1714.265]: foreign master not using PTP timescale
ptp4l[1714.268]: port 2: master state recommended in slave only mode
ptp4l[1714.271]: port 2: defaultDS.priority1 probably misconfigured
ptp4l[1714.868]: selected best master clock fee976.fffe.a3c9b6
ptp4l[1714.869]: foreign master not using PTP timescale
