ptp4l[1729.528]: port 1 (v-bc-up): INITIALIZING to LISTENING on INIT_COMPLETE
ptp4l[1729.556]: port 2 (v-bc-dn): INITIALIZING to LISTENING on INIT_COMPLETE
ptp4l[1729.556]: port 0 (/var/run/p.bc): INITIALIZING to LISTENING on INIT_COMPLETE
ptp4l[1729.556]: port 0 (/var/run/pr.bc): INITIALIZING to LISTENING on INIT_COMPLETE
ptp4l[1729.958]: port 1 (v-bc-up): new foreign master 020000.fffe.00000b-1
ptp4l[1729.993]: port 2 (v-bc-dn): LISTENING to MASTER on ANNOUNCE_RECEIPT_TIMEOUT_EXPIRES
ptp4l[1729.993]: selected local clock 020000.fffe.000001 as best master
ptp4l[1729.993]: port 2 (v-bc-dn): assuming the grand master role
ptp4l[1729.996]: port 1 (v-bc-up): new foreign master 020000.fffe.00000a-1
ptp4l[1730.016]: port 1 (v-bc-up): LISTENING to MASTER on ANNOUNCE_RECEIPT_TIMEOUT_EXPIRES
ptp4l[1730.016]: port 1 (v-bc-up): assuming the grand master role
ptp4l[1730.016]: port 2 (v-bc-dn): assuming the grand master role
ptp4l[1730.208]: selected best master clock 020000.fffe.00000b
ptp4l[1730.208]: foreign master not using PTP timescale
ptp4l[1730.208]: port 1 (v-bc-up): MASTER to UNCALIBRATED on RS_SLAVE
ptp4l[1730.246]: selected best master clock 020000.fffe.00000a
ptp4l[1730.246]: foreign master not using PTP timescale
ptp4l[1730.458]: foreign master not using PTP timescale
ptp4l[1730.708]: foreign master not using PTP timescale
ptp4l[1730.958]: foreign master not using PTP timescale
ptp4l[1731.208]: foreign master not using PTP timescale
ptp4l[1731.458]: foreign master not using PTP timescale
ptp4l[1731.708]: foreign master not using PTP timescale
ptp4l[1731.959]: foreign master not using PTP timescale
ptp4l[1732.209]: foreign master not using PTP timescale
ptp4l[1732.309]: master offset      -1023 s0 freq    -384 path delay      3764
ptp4l[1732.459]: foreign master not using PTP timescale
ptp4l[1732.709]: foreign master not using PTP timescale
ptp4l[1732.959]: foreign master not using PTP timescale
ptp4l[1733.209]: foreign master not using PTP timescale
ptp4l[1733.460]: foreign master not using PTP timescale
ptp4l[1733.710]: foreign master not using PTP timescale
ptp4l[1733.960]: foreign master not using PTP timescale
ptp4l[1734.210]: foreign master not using PTP timescale
ptp4l[1734.311]: master offset       1486 s0 freq    +874 path delay      3005
ptp4l[1734.460]: foreign master not using PTP timescale
ptp4l[1734.710]: foreign master not using PTP timescale
ptp4l[1734.960]: foreign master not using PTP timescale
ptp4l[1735.211]: foreign master not using PTP timescale
ptp4l[1735.461]: foreign master not using PTP timescale
ptp4l[1735.711]: foreign master not using PTP timescale
ptp4l[1735.961]: foreign master not using PTP timescale
ptp4l[1736.211]: foreign master not using PTP timescale
ptp4l[1736.313]: master offset       -725 s0 freq    -896 path delay      3423
ptp4l[1736.461]: foreign master not using PTP timescale
ptp4l[1736.711]: foreign master not using PTP timescale
ptp4l[1736.961]: foreign master not using PTP timescale
ptp4l[1737.212]: foreign master not using PTP timescale
ptp4l[1737.462]: foreign master not using PTP timescale
ptp4l[1737.712]: foreign master not using PTP timescale
ptp4l[1737.962]: foreign master not using PTP timescale
ptp4l[1738.212]: foreign master not using PTP timescale
ptp4l[1738.314]: master offset      -2085 s0 freq    -381 path delay      4020
ptp4l[1738.462]: foreign master not using PTP timescale
ptp4l[1738.713]: foreign master not using PTP timescale
ptp4l[1738.963]: foreign master not using PTP timescale
ptp4l[1739.213]: foreign master not using PTP timescale
ptp4l[1739.463]: foreign master not using PTP timescale
ptp4l[1739.713]: foreign master not using PTP timescale
ptp4l[1739.963]: foreign master not using PTP timescale
ptp4l[1740.213]: foreign master not using PTP timescale
ptp4l[1740.316]: master offset        508 s0 freq   +1020 path delay      3470
ptp4l[1740.463]: foreign master not using PTP timescale
ptp4l[1740.714]: foreign master not using PTP timescale
ptp4l[1740.964]: foreign master not using PTP timescale
ptp4l[1741.214]: foreign master not using PTP timescale
ptp4l[1741.464]: foreign master not using PTP timescale
ptp4l[1741.714]: foreign master not using PTP timescale
ptp4l[1741.964]: foreign master not using PTP timescale
ptp4l[1742.214]: foreign master not using PTP timescale
ptp4l[1742.319]: master offset        831 s0 freq    +146 path delay      3440
ptp4l[1742.465]: foreign master not using PTP timescale
ptp4l[1742.715]: foreign master not using PTP timescale
ptp4l[1742.965]: foreign master not using PTP timescale
ptp4l[1743.215]: foreign master not using PTP timescale
ptp4l[1743.465]: foreign master not using PTP timescale
ptp4l[1743.715]: foreign master not using PTP timescale
ptp4l[1743.965]: foreign master not using PTP timescale
ptp4l[1744.216]: foreign master not using PTP timescale
ptp4l[1744.321]: master offset       1863 s0 freq    +601 path delay      3612
ptp4l[1744.466]: foreign master not using PTP timescale
ptp4l[1744.716]: foreign master not using PTP timescale
ptp4l[1744.966]: foreign master not using PTP timescale
ptp4l[1745.216]: foreign master not using PTP timescale
ptp4l[1745.466]: foreign master not using PTP timescale
ptp4l[1745.717]: foreign master not using PTP timescale
ptp4l[1745.967]: foreign master not using PTP timescale
ptp4l[1746.217]: foreign master not using PTP timescale
ptp4l[1746.323]: master offset        692 s0 freq    -613 path delay      3555
ptp4l[1746.467]: foreign master not using PTP timescale
ptp4l[1746.717]: foreign master not using PTP timescale
ptp4l[1746.967]: foreign master not using PTP timescale
ptp4l[1747.217]: foreign master not using PTP timescale
ptp4l[1747.467]: foreign master not using PTP timescale
ptp4l[1747.717]: foreign master not using PTP timescale
ptp4l[1747.968]: foreign master not using PTP timescale
ptp4l[1748.218]: foreign master not using PTP timescale
ptp4l[1748.328]: master offset       -869 s0 freq    -649 path delay      3815
ptp4l[1748.468]: foreign master not using PTP timescale
ptp4l[1748.718]: foreign master not using PTP timescale
ptp4l[1748.968]: foreign master not using PTP timescale
ptp4l[1749.218]: foreign master not using PTP timescale
ptp4l[1749.468]: foreign master not using PTP timescale
ptp4l[1749.719]: foreign master not using PTP timescale
ptp4l[1749.969]: foreign master not using PTP timescale
ptp4l[1750.219]: foreign master not using PTP timescale
ptp4l[1750.330]: master offset        169 s0 freq    +325 path delay      3428
ptp4l[1750.469]: foreign master not using PTP timescale
ptp4l[1750.719]: foreign master not using PTP timescale
ptp4l[1750.969]: foreign master not using PTP timescale
ptp4l[1751.219]: foreign master not using PTP timescale
ptp4l[1751.469]: foreign master not using PTP timescale
ptp4l[1751.719]: foreign master not using PTP timescale
ptp4l[1751.970]: foreign master not using PTP timescale
ptp4l[1752.220]: foreign master not using PTP timescale
ptp4l[1752.331]: master offset      -1080 s0 freq    -867 path delay      2941
ptp4l[1752.470]: foreign master not using PTP timescale
ptp4l[1752.720]: foreign master not using PTP timescale
ptp4l[1752.970]: foreign master not using PTP timescale
ptp4l[1753.220]: foreign master not using PTP timescale
ptp4l[1753.470]: foreign master not using PTP timescale
ptp4l[1753.721]: foreign master not using PTP timescale
ptp4l[1753.971]: foreign master not using PTP timescale
ptp4l[1754.221]: foreign master not using PTP timescale
ptp4l[1754.333]: master offset       -526 s0 freq    +561 path delay      3510
ptp4l[1754.471]: foreign master not using PTP timescale
ptp4l[1754.721]: foreign master not using PTP timescale
ptp4l[1754.971]: foreign master not using PTP timescale
ptp4l[1755.221]: foreign master not using PTP timescale
ptp4l[1755.471]: foreign master not using PTP timescale
ptp4l[1755.722]: foreign master not using PTP timescale
ptp4l[1755.972]: foreign master not using PTP timescale
ptp4l[1756.222]: foreign master not using PTP timescale
ptp4l[1756.337]: master offset        349 s0 freq    +521 path delay      3679
ptp4l[1756.472]: foreign master not using PTP timescale
ptp4l[1756.722]: foreign master not using PTP timescale
ptp4l[1756.972]: foreign master not using PTP timescale
ptp4l[1757.222]: foreign master not using PTP timescale
ptp4l[1757.473]: foreign master not using PTP timescale
ptp4l[1757.723]: foreign master not using PTP timescale
ptp4l[1757.973]: foreign master not using PTP timescale
ptp4l[1758.223]: foreign master not using PTP timescale
ptp4l[1758.338]: master offset       -987 s0 freq   -1191 path delay      2631
ptp4l[1758.473]: foreign master not using PTP timescale
ptp4l[1758.723]: foreign master not using PTP timescale
ptp4l[1758.973]: foreign master not using PTP timescale
ptp4l[1759.224]: foreign master not using PTP timescale
ptp4l[1759.474]: foreign master not using PTP timescale
ptp4l[1759.724]: foreign master not using PTP timescale
ptp4l[1759.974]: foreign master not using PTP timescale
ptp4l[1760.224]: foreign master not using PTP timescale
ptp4l[1760.341]: master offset        916 s0 freq   +1251 path delay      3234
ptp4l[1760.474]: foreign master not using PTP timescale
ptp4l[1760.724]: foreign master not using PTP timescale
ptp4l[1760.974]: foreign master not using PTP timescale
ptp4l[1761.225]: foreign master not using PTP timescale
ptp4l[1761.475]: foreign master not using PTP timescale
ptp4l[1761.725]: foreign master not using PTP timescale
ptp4l[1761.975]: foreign master not using PTP timescale
ptp4l[1762.225]: foreign master not using PTP timescale
ptp4l[1762.344]: master offset       2443 s0 freq    +555 path delay      2818
ptp4l[1762.475]: foreign master not using PTP timescale
ptp4l[1762.725]: foreign master not using PTP timescale
ptp4l[1762.975]: foreign master not using PTP timescale
ptp4l[1763.226]: foreign master not using PTP timescale
ptp4l[1763.476]: foreign master not using PTP timescale
ptp4l[1763.726]: foreign master not using PTP timescale
ptp4l[1763.976]: foreign master not using PTP timescale
ptp4l[1764.226]: foreign master not using PTP timescale
ptp4l[1764.346]: master offset      -1267 s0 freq   -1227 path delay      4072
ptp4l[1764.476]: foreign master not using PTP timescale
ptp4l[1764.727]: foreign master not using PTP timescale
ptp4l[1764.977]: foreign master not using PTP timescale
ptp4l[1765.227]: foreign master not using PTP timescale
ptp4l[1765.477]: foreign master not using PTP timescale
ptp4l[1765.727]: foreign master not using PTP timescale
ptp4l[1765.977]: foreign master not using PTP timescale
ptp4l[1766.228]: foreign master not using PTP timescale
ptp4l[1766.349]: master offset       4227 s0 freq   +4759 path delay      8111
ptp4l[1766.478]: foreign master not using PTP timescale
ptp4l[1766.728]: foreign master not using PTP timescale
ptp4l[1766.978]: foreign master not using PTP timescale
ptp4l[1767.228]: foreign master not using PTP timescale
ptp4l[1767.478]: foreign master not using PTP timescale
ptp4l[1767.728]: foreign master not using PTP timescale
ptp4l[1767.979]: foreign master not using PTP timescale
ptp4l[1768.229]: foreign master not using PTP timescale
ptp4l[1768.352]: master offset        659 s0 freq   -3995 path delay      3678
ptp4l[1768.480]: foreign master not using PTP timescale
ptp4l[1768.730]: foreign master not using PTP timescale
ptp4l[1768.980]: foreign master not using PTP timescale
ptp4l[1769.230]: foreign master not using PTP timescale
ptp4l[1769.480]: foreign master not using PTP timescale
