ptp4l[150.016]: port 1: INITIALIZING to LISTENING on INIT_COMPLETE
ptp4l[150.017]: port 0: INITIALIZING to LISTENING on INIT_COMPLETE
ptp4l[150.839]: port 1: new foreign master f64cd5.fffe.a42b91-1
ptp4l[150.842]: port 1: new foreign master 1e097a.fffe.f274e4-1
ptp4l[150.976]: selected local clock 1659aa.fffe.c7664e as best master
ptp4l[151.339]: selected best master clock f64cd5.fffe.a42b91
ptp4l[151.340]: foreign master not using PTP timescale
ptp4l[151.341]: port 1: LISTENING to UNCALIBRATED on RS_SLAVE
ptp4l[151.342]: selected best master clock f64cd5.fffe.a42b91
ptp4l[151.343]: foreign master not using PTP timescale
ptp4l[165.752]: port 1: UNCALIBRATED to LISTENING on ANNOUNCE_RECEIPT_TIMEOUT_EXPIRES
ptp4l[165.753]: selected best master clock 1e097a.fffe.f274e4
ptp4l[165.754]: port 1: assuming the grand master role
ptp4l[165.755]: port 1: master state recommended in slave only mode
ptp4l[165.755]: port 1: defaultDS.priority1 probably misconfigured
ptp4l[166.760]: selected local clock 1659aa.fffe.c7664e as best master
ptp4l[167.099]: selected best master clock 1e097a.fffe.f274e4
ptp4l[167.100]: port 1: assuming the grand master role
ptp4l[167.101]: port 1: master state recommended in slave only mode
ptp4l[167.102]: port 1: defaultDS.priority1 probably misconfigured
ptp4l[167.656]: selected local clock 1659aa.fffe.c7664e as best master
ptp4l[168.100]: selected best master clock 1e097a.fffe.f274e4
ptp4l[168.101]: port 1: assuming the grand master role
ptp4l[168.101]: port 1: master state recommended in slave only mode
ptp4l[168.102]: port 1: defaultDS.priority1 probably misconfigured
ptp4l[168.412]: selected local clock 1659aa.fffe.c7664e as best master
ptp4l[168.850]: selected best master clock 1e097a.fffe.f274e4
ptp4l[168.851]: port 1: assuming the grand master role
ptp4l[168.852]: port 1: master state recommended in slave only mode
ptp4l[168.852]: port 1: defaultDS.priority1 probably misconfigured
ptp4l[169.276]: selected local clock 1659aa.fffe.c7664e as best master
ptp4l[169.601]: selected best master clock 1e097a.fffe.f274e4
ptp4l[169.601]: port 1: assuming the grand master role
ptp4l[169.602]: port 1: master state recommended in slave only mode
ptp4l[169.602]: port 1: defaultDS.priority1 probably misconfigured
ptp4l[170.252]: selected local clock 1659aa.fffe.c7664e as best master
ptp4l[170.601]: selected best master clock 1e097a.fffe.f274e4
ptp4l[170.602]: port 1: assuming the grand master role
ptp4l[170.602]: port 1: master state recommended in slave only mode
ptp4l[170.603]: port 1: defaultDS.priority1 probably misconfigured
ptp4l[171.216]: selected local clock 1659aa.fffe.c7664e as best master
ptp4l[171.601]: selected best master clock 1e097a.fffe.f274e4
ptp4l[171.602]: port 1: assuming the grand master role
ptp4l[171.603]: port 1: master state recommended in slave only mode
ptp4l[171.604]: port 1: defaultDS.priority1 probably misconfigured
ptp4l[172.144]: selected local clock 1659aa.fffe.c7664e as best master
ptp4l[172.602]: selected best master clock 1e097a.fffe.f274e4
ptp4l[172.602]: port 1: assuming the grand master role
ptp4l[172.603]: port 1: master state recommended in slave only mode
ptp4l[172.603]: port 1: defaultDS.priority1 probably misconfigured
ptp4l[173.092]: selected local clock 1659aa.fffe.c7664e as best master
ptp4l[173.352]: selected best master clock 1e097a.fffe.f274e4
ptp4l[173.355]: port 1: assuming the grand master role
ptp4l[173.356]: port 1: master state recommended in slave only mode
ptp4l[173.358]: port 1: defaultDS.priority1 probably misconfigured
ptp4l[173.876]: selected local clock 1659aa.fffe.c7664e as best master
ptp4l[174.353]: selected best master clock 1e097a.fffe.f274e4
ptp4l[174.354]: port 1: assuming the grand master role
ptp4l[174.354]: port 1: master state recommended in slave only mode
ptp4l[174.355]: port 1: defaultDS.priority1 probably misconfigured
ptp4l[174.732]: selected local clock 1659aa.fffe.c7664e as best master
ptp4l[175.103]: selected best master clock 1e097a.fffe.f274e4
ptp4l[175.104]: port 1: assuming the grand master role
ptp4l[175.104]: port 1: master state recommended in slave only mode
ptp4l[175.105]: port 1: defaultDS.priority1 probably misconfigured
ptp4l[175.508]: selected local clock 1659aa.fffe.c7664e as best master
ptp4l[175.853]: selected best master clock 1e097a.fffe.f274e4
ptp4l[175.854]: port 1: assuming the grand master role
ptp4l[175.855]: port 1: master state recommended in slave only mode
ptp4l[175.856]: port 1: defaultDS.priority1 probably misconfigured
ptp4l[176.412]: selected local clock 1659aa.fffe.c7664e as best master
ptp4l[176.854]: selected best master clock 1e097a.fffe.f274e4
ptp4l[176.860]: port 1: assuming the grand master role
ptp4l[176.870]: port 1: master state recommended in slave only mode
ptp4l[176.883]: port 1: defaultDS.priority1 probably misconfigured
