ptp4l[161.760]: port 1: INITIALIZING to LISTENING on INIT_COMPLETE
ptp4l[161.761]: port 0: INITIALIZING to LISTENING on INIT_COMPLETE
ptp4l[162.688]: selected local clock 924201.fffe.aad7dc as best master
ptp4l[162.706]: port 1: new foreign master 72ea45.fffe.4eeeff-1
ptp4l[162.911]: port 1: new foreign master e6d7ae.fffe.d283dc-1
ptp4l[163.206]: selected best master clock 72ea45.fffe.4eeeff
ptp4l[163.207]: foreign master not using PTP timescale
ptp4l[163.208]: port 1: LISTENING to UNCALIBRATED on RS_SLAVE
ptp4l[163.411]: selected best master clock e6d7ae.fffe.d283dc
ptp4l[163.412]: foreign master not using PTP timescale
ptp4l[163.706]: selected best master clock e6d7ae.fffe.d283dc
ptp4l[163.707]: foreign master not using PTP timescale
ptp4l[164.206]: selected best master clock e6d7ae.fffe.d283dc
ptp4l[164.207]: foreign master not using PTP timescale
ptp4l[164.706]: selected best master clock e6d7ae.fffe.d283dc
ptp4l[164.707]: foreign master not using PTP timescale
ptp4l[165.207]: selected best master clock e6d7ae.fffe.d283dc
ptp4l[165.208]: foreign master not using PTP timescale
ptp4l[165.707]: selected best master clock e6d7ae.fffe.d283dc
ptp4l[165.708]: foreign master not using PTP timescale
ptp4l[166.208]: selected best master clock e6d7ae.fffe.d283dc
ptp4l[166.208]: foreign master not using PTP timescale
ptp4l[166.708]: selected best master clock e6d7ae.fffe.d283dc
ptp4l[166.708]: foreign master not using PTP timescale
ptp4l[167.208]: selected best master clock e6d7ae.fffe.d283dc
ptp4l[167.209]: foreign master not using PTP timescale
ptp4l[167.708]: selected best master clock e6d7ae.fffe.d283dc
ptp4l[167.709]: foreign master not using PTP timescale
ptp4l[168.208]: selected best master clock e6d7ae.fffe.d283dc
ptp4l[168.209]: foreign master not using PTP timescale
ptp4l[168.708]: selected best master clock e6d7ae.fffe.d283dc
ptp4l[168.709]: foreign master not using PTP timescale
ptp4l[169.209]: selected best master clock e6d7ae.fffe.d283dc
ptp4l[169.210]: foreign master not using PTP timescale
ptp4l[169.709]: selected best master clock e6d7ae.fffe.d283dc
ptp4l[169.710]: foreign master not using PTP timescale
ptp4l[170.209]: selected best master clock e6d7ae.fffe.d283dc
ptp4l[170.210]: foreign master not using PTP timescale
ptp4l[170.709]: selected best master clock e6d7ae.fffe.d283dc
ptp4l[170.710]: foreign master not using PTP timescale
ptp4l[171.209]: selected best master clock e6d7ae.fffe.d283dc
ptp4l[171.210]: foreign master not using PTP timescale
ptp4l[171.709]: selected best master clock e6d7ae.fffe.d283dc
ptp4l[171.710]: foreign master not using PTP timescale
ptp4l[172.210]: selected best master clock e6d7ae.fffe.d283dc
ptp4l[172.210]: foreign master not using PTP timescale
ptp4l[172.710]: selected best master clock e6d7ae.fffe.d283dc
ptp4l[172.711]: foreign master not using PTP timescale
