ptp4l[6228.596]: port 1 (v-ru2): INITIALIZING to LISTENING on INIT_COMPLETE
ptp4l[6228.596]: port 0 (/var/run/p.ru2): INITIALIZING to LISTENING on INIT_COMPLETE
ptp4l[6228.596]: port 0 (/var/run/pr.ru2): INITIALIZING to LISTENING on INIT_COMPLETE
ptp4l[6229.066]: selected local clock 020000.fffe.00000d as best master
ptp4l[6229.066]: port 1 (v-ru2): new foreign master 020000.fffe.000001-2
ptp4l[6229.317]: selected best master clock 020000.fffe.00000a
ptp4l[6229.317]: foreign master not using PTP timescale
ptp4l[6229.317]: port 1 (v-ru2): LISTENING to UNCALIBRATED on RS_SLAVE
ptp4l[6231.380]: master offset       2252 s0 freq    +757 path delay      3939
ptp4l[6233.382]: master offset       4025 s0 freq   +1169 path delay      4506
ptp4l[6235.384]: master offset      -2546 s0 freq   -2995 path delay      5081
ptp4l[6237.387]: master offset       -640 s0 freq    +656 path delay      4488
ptp4l[6239.389]: master offset       -285 s0 freq    +202 path delay      4538
ptp4l[6241.391]: master offset       2593 s0 freq   +2917 path delay      7500
ptp4l[6243.394]: master offset       1373 s0 freq   -2313 path delay      4086
ptp4l[6245.396]: master offset       1717 s0 freq   +1613 path delay      6972
ptp4l[6247.398]: master offset      -2906 s0 freq   -2709 path delay      6172
ptp4l[6249.401]: master offset       1193 s0 freq   +3089 path delay      8258
ptp4l[6251.039]: port 1 (v-ru2): new foreign master 020000.fffe.000093-1
ptp4l[6251.289]: selected best master clock 020000.fffe.000093
ptp4l[6251.289]: foreign master not using PTP timescale
ptp4l[6251.456]: foreign master not using PTP timescale
ptp4l[6251.707]: foreign master not using PTP timescale
ptp4l[6251.957]: foreign master not using PTP timescale
ptp4l[6252.207]: foreign master not using PTP timescale
ptp4l[6252.457]: foreign master not using PTP timescale
ptp4l[6252.708]: foreign master not using PTP timescale
ptp4l[6252.958]: foreign master not using PTP timescale
ptp4l[6253.209]: foreign master not using PTP timescale
ptp4l[6253.353]: master offset      -1243 s0 freq    -813 path delay      3354
ptp4l[6253.459]: foreign master not using PTP timescale
ptp4l[6253.709]: foreign master not using PTP timescale
ptp4l[6253.959]: foreign master not using PTP timescale
ptp4l[6254.209]: foreign master not using PTP timescale
ptp4l[6254.459]: foreign master not using PTP timescale
ptp4l[6254.709]: foreign master not using PTP timescale
ptp4l[6254.959]: foreign master not using PTP timescale
ptp4l[6255.210]: foreign master not using PTP timescale
ptp4l[6255.355]: master offset        899 s0 freq   +1092 path delay      3398
ptp4l[6255.460]: foreign master not using PTP timescale
ptp4l[6255.710]: foreign master not using PTP timescale
ptp4l[6255.960]: foreign master not using PTP timescale
ptp4l[6256.210]: foreign master not using PTP timescale
ptp4l[6256.460]: foreign master not using PTP timescale
ptp4l[6256.710]: foreign master not using PTP timescale
ptp4l[6256.961]: foreign master not using PTP timescale
ptp4l[6257.211]: foreign master not using PTP timescale
ptp4l[6257.357]: master offset      -1806 s0 freq    -306 path delay      5490
ptp4l[6257.461]: foreign master not using PTP timescale
ptp4l[6257.711]: foreign master not using PTP timescale
ptp4l[6257.961]: foreign master not using PTP timescale
ptp4l[6258.211]: foreign master not using PTP timescale
ptp4l[6258.461]: foreign master not using PTP timescale
ptp4l[6258.712]: foreign master not using PTP timescale
ptp4l[6258.962]: foreign master not using PTP timescale
ptp4l[6259.212]: foreign master not using PTP timescale
ptp4l[6259.360]: master offset       2656 s0 freq   +1123 path delay      3276
ptp4l[6259.462]: foreign master not using PTP timescale
ptp4l[6259.712]: foreign master not using PTP timescale
ptp4l[6259.962]: foreign master not using PTP timescale
ptp4l[6260.212]: foreign master not using PTP timescale
ptp4l[6260.463]: foreign master not using PTP timescale
ptp4l[6260.713]: foreign master not using PTP timescale
ptp4l[6260.963]: foreign master not using PTP timescale
ptp4l[6261.213]: foreign master not using PTP timescale
ptp4l[6261.362]: master offset       3305 s0 freq    +105 path delay      2837
ptp4l[6261.463]: foreign master not using PTP timescale
ptp4l[6261.713]: foreign master not using PTP timescale
ptp4l[6261.963]: foreign master not using PTP timescale
ptp4l[6262.213]: foreign master not using PTP timescale
ptp4l[6262.464]: foreign master not using PTP timescale
ptp4l[6262.714]: foreign master not using PTP timescale
ptp4l[6262.964]: foreign master not using PTP timescale
ptp4l[6263.214]: foreign master not using PTP timescale
ptp4l[6263.366]: master offset      -1452 s0 freq   -1876 path delay      3836
ptp4l[6263.464]: foreign master not using PTP timescale
ptp4l[6263.715]: foreign master not using PTP timescale
ptp4l[6263.964]: foreign master not using PTP timescale
ptp4l[6264.215]: foreign master not using PTP timescale
ptp4l[6264.466]: foreign master not using PTP timescale
ptp4l[6264.715]: foreign master not using PTP timescale
ptp4l[6264.965]: foreign master not using PTP timescale
ptp4l[6265.215]: foreign master not using PTP timescale
ptp4l[6265.368]: master offset       -229 s0 freq    +404 path delay      3421
ptp4l[6265.465]: foreign master not using PTP timescale
ptp4l[6265.715]: foreign master not using PTP timescale
ptp4l[6265.965]: foreign master not using PTP timescale
ptp4l[6266.218]: foreign master not using PTP timescale
ptp4l[6266.466]: foreign master not using PTP timescale
ptp4l[6266.717]: foreign master not using PTP timescale
ptp4l[6266.967]: foreign master not using PTP timescale
ptp4l[6267.217]: foreign master not using PTP timescale
ptp4l[6267.371]: master offset        656 s0 freq    +489 path delay      3515
ptp4l[6267.467]: foreign master not using PTP timescale
ptp4l[6267.717]: foreign master not using PTP timescale
ptp4l[6267.967]: foreign master not using PTP timescale
ptp4l[6268.217]: foreign master not using PTP timescale
ptp4l[6268.468]: foreign master not using PTP timescale
ptp4l[6268.718]: foreign master not using PTP timescale
ptp4l[6268.968]: foreign master not using PTP timescale
ptp4l[6269.218]: foreign master not using PTP timescale
ptp4l[6269.373]: master offset       2199 s0 freq    +722 path delay      3418
ptp4l[6269.468]: foreign master not using PTP timescale
ptp4l[6269.718]: foreign master not using PTP timescale
ptp4l[6269.968]: foreign master not using PTP timescale
ptp4l[6270.219]: foreign master not using PTP timescale
ptp4l[6270.469]: foreign master not using PTP timescale
