ptp4l[223.588]: port 1: INITIALIZING to LISTENING on INIT_COMPLETE
ptp4l[223.590]: port 0: INITIALIZING to LISTENING on INIT_COMPLETE
ptp4l[224.374]: port 1: new foreign master 3ee87a.fffe.23c549-1
ptp4l[224.448]: selected local clock b610ba.fffe.4e40bb as best master
ptp4l[224.511]: port 1: new foreign master e2697b.fffe.9381d5-1
ptp4l[224.874]: selected best master clock 3ee87a.fffe.23c549
ptp4l[224.877]: foreign master not using PTP timescale
ptp4l[224.880]: port 1: LISTENING to UNCALIBRATED on RS_SLAVE
ptp4l[225.011]: selected best master clock e2697b.fffe.9381d5
ptp4l[225.014]: foreign master not using PTP timescale
ptp4l[225.375]: selected best master clock e2697b.fffe.9381d5
ptp4l[225.377]: foreign master not using PTP timescale
ptp4l[225.876]: selected best master clock e2697b.fffe.9381d5
ptp4l[225.878]: foreign master not using PTP timescale
ptp4l[226.377]: selected best master clock e2697b.fffe.9381d5
ptp4l[226.379]: foreign master not using PTP timescale
ptp4l[226.877]: selected best master clock e2697b.fffe.9381d5
ptp4l[226.879]: foreign master not using PTP timescale
ptp4l[227.379]: selected best master clock e2697b.fffe.9381d5
ptp4l[227.381]: foreign master not using PTP timescale
ptp4l[227.882]: selected best master clock e2697b.fffe.9381d5
ptp4l[227.884]: foreign master not using PTP timescale
ptp4l[228.383]: selected best master clock e2697b.fffe.9381d5
ptp4l[228.386]: foreign master not using PTP timescale
ptp4l[228.884]: selected best master clock e2697b.fffe.9381d5
ptp4l[228.887]: foreign master not using PTP timescale
ptp4l[229.386]: selected best master clock e2697b.fffe.9381d5
ptp4l[229.388]: foreign master not using PTP timescale
ptp4l[229.887]: selected best master clock e2697b.fffe.9381d5
ptp4l[229.890]: foreign master not using PTP timescale
ptp4l[230.390]: selected best master clock e2697b.fffe.9381d5
ptp4l[230.392]: foreign master not using PTP timescale
ptp4l[230.892]: selected best master clock e2697b.fffe.9381d5
ptp4l[230.894]: foreign master not using PTP timescale
ptp4l[231.394]: selected best master clock e2697b.fffe.9381d5
ptp4l[231.397]: foreign master not using PTP timescale
ptp4l[231.895]: selected best master clock e2697b.fffe.9381d5
ptp4l[231.898]: foreign master not using PTP timescale
ptp4l[232.396]: selected best master clock e2697b.fffe.9381d5
ptp4l[232.398]: foreign master not using PTP timescale
ptp4l[232.897]: selected best master clock e2697b.fffe.9381d5
ptp4l[232.900]: foreign master not using PTP timescale
ptp4l[233.398]: selected best master clock e2697b.fffe.9381d5
ptp4l[233.400]: foreign master not using PTP timescale
ptp4l[233.899]: selected best master clock e2697b.fffe.9381d5
ptp4l[233.901]: foreign master not using PTP timescale
ptp4l[234.399]: selected best master clock e2697b.fffe.9381d5
ptp4l[234.402]: foreign master not using PTP timescale
