ptp4l[78.556]: port 1: INITIALIZING to LISTENING on INIT_COMPLETE
ptp4l[78.557]: port 0: INITIALIZING to LISTENING on INIT_COMPLETE
ptp4l[79.348]: port 1: new foreign master 76c0ac.fffe.b0c9ac-1
ptp4l[79.461]: port 1: new foreign master fef1c2.fffe.b02195-1
ptp4l[79.572]: selected local clock 1aaa92.fffe.386103 as best master
ptp4l[79.848]: selected best master clock 76c0ac.fffe.b0c9ac
ptp4l[79.849]: foreign master not using PTP timescale
ptp4l[79.850]: port 1: LISTENING to UNCALIBRATED on RS_SLAVE
ptp4l[79.961]: selected best master clock fef1c2.fffe.b02195
ptp4l[79.962]: foreign master not using PTP timescale
ptp4l[80.349]: selected best master clock fef1c2.fffe.b02195
ptp4l[80.349]: foreign master not using PTP timescale
ptp4l[80.849]: selected best master clock fef1c2.fffe.b02195
ptp4l[80.849]: foreign master not using PTP timescale
ptp4l[81.349]: selected best master clock fef1c2.fffe.b02195
ptp4l[81.349]: foreign master not using PTP timescale
ptp4l[81.850]: selected best master clock fef1c2.fffe.b02195
ptp4l[81.850]: foreign master not using PTP timescale
ptp4l[82.351]: selected best master clock fef1c2.fffe.b02195
ptp4l[82.351]: foreign master not using PTP timescale
ptp4l[82.850]: selected best master clock fef1c2.fffe.b02195
ptp4l[82.851]: foreign master not using PTP timescale
ptp4l[83.351]: selected best master clock fef1c2.fffe.b02195
ptp4l[83.352]: foreign master not using PTP timescale
ptp4l[83.851]: selected best master clock fef1c2.fffe.b02195
ptp4l[83.852]: foreign master not using PTP timescale
ptp4l[84.352]: selected best master clock fef1c2.fffe.b02195
ptp4l[84.352]: foreign master not using PTP timescale
ptp4l[84.852]: selected best master clock fef1c2.fffe.b02195
ptp4l[84.853]: foreign master not using PTP timescale
ptp4l[85.352]: selected best master clock fef1c2.fffe.b02195
ptp4l[85.353]: foreign master not using PTP timescale
ptp4l[85.852]: selected best master clock fef1c2.fffe.b02195
ptp4l[85.853]: foreign master not using PTP timescale
ptp4l[86.353]: selected best master clock fef1c2.fffe.b02195
ptp4l[86.354]: foreign master not using PTP timescale
ptp4l[86.853]: selected best master clock fef1c2.fffe.b02195
ptp4l[86.854]: foreign master not using PTP timescale
ptp4l[87.353]: selected best master clock fef1c2.fffe.b02195
ptp4l[87.354]: foreign master not using PTP timescale
ptp4l[87.854]: selected best master clock fef1c2.fffe.b02195
ptp4l[87.854]: foreign master not using PTP timescale
ptp4l[88.354]: selected best master clock fef1c2.fffe.b02195
ptp4l[88.354]: foreign master not using PTP timescale
ptp4l[88.854]: selected best master clock fef1c2.fffe.b02195
ptp4l[88.854]: foreign master not using PTP timescale
ptp4l[89.354]: selected best master clock fef1c2.fffe.b02195
ptp4l[89.355]: foreign master not using PTP timescale
