ptp4l[1306.500]: port 1: INITIALIZING to LISTENING on INIT_COMPLETE
ptp4l[1306.552]: port 2: INITIALIZING to LISTENING on INIT_COMPLETE
ptp4l[1306.553]: port 0: INITIALIZING to LISTENING on INIT_COMPLETE
ptp4l[1307.316]: port 1: new foreign master e23b10.fffe.e8f4dc-1
ptp4l[1307.372]: selected local clock da67d8.fffe.eea499 as best master
ptp4l[1307.432]: selected local clock da67d8.fffe.eea499 as best master
ptp4l[1307.433]: port 2: new foreign master 9e2f5d.fffe.45c3d9-1
ptp4l[1307.816]: selected best master clock e23b10.fffe.e8f4dc
ptp4l[1307.817]: foreign master not using PTP timescale
ptp4l[1307.818]: port 1: LISTENING to UNCALIBRATED on RS_SLAVE
ptp4l[1307.906]: selected best master clock e23b10.fffe.e8f4dc
ptp4l[1307.907]: foreign master not using PTP timescale
ptp4l[1307.908]: port 2: master state recommended in slave only mode
ptp4l[1307.908]: port 2: defaultDS.priority1 probably misconfigured
ptp4l[1308.152]: selected best master clock e23b10.fffe.e8f4dc
ptp4l[1308.152]: foreign master not using PTP timescale
ptp4l[1308.406]: selected best master clock e23b10.fffe.e8f4dc
ptp4l[1308.407]: foreign master not using PTP timescale
ptp4l[1308.408]: port 2: master state recommended in slave only mode
ptp4l[1308.409]: port 2: defaultDS.priority1 probably misconfigured
ptp4l[1308.912]: selected best master clock e23b10.fffe.e8f4dc
ptp4l[1308.913]: foreign master not using PTP timescale
ptp4l[1309.406]: selected best master clock e23b10.fffe.e8f4dc
ptp4l[1309.407]: foreign master not using PTP timescale
ptp4l[1309.408]: port 2: master state recommended in slave only mode
ptp4l[1309.409]: port 2: defaultDS.priority1 probably misconfigured
ptp4l[1309.708]: selected best master clock e23b10.fffe.e8f4dc
ptp4l[1309.708]: foreign master not using PTP timescale
ptp4l[1310.157]: selected best master clock e23b10.fffe.e8f4dc
ptp4l[1310.157]: foreign master not using PTP timescale
ptp4l[1310.158]: port 2: master state recommended in slave only mode
ptp4l[1310.158]: port 2: defaultDS.priority1 probably misconfigured
ptp4l[1310.552]: selected best master clock e23b10.fffe.e8f4dc
ptp4l[1310.553]: foreign master not using PTP timescale
ptp4l[1310.907]: selected best master clock e23b10.fffe.e8f4dc
ptp4l[1310.907]: foreign master not using PTP timescale
ptp4l[1310.909]: port 2: master state recommended in slave only mode
ptp4l[1310.910]: port 2: defaultDS.priority1 probably misconfigured
ptp4l[1311.368]: selected best master clock e23b10.fffe.e8f4dc
ptp4l[1311.368]: foreign master not using PTP timescale
ptp4l[1311.657]: selected best master clock e23b10.fffe.e8f4dc
ptp4l[1311.658]: foreign master not using PTP timescale
ptp4l[1311.659]: port 2: master state recommended in slave only mode
ptp4l[1311.660]: port 2: defaultDS.priority1 probably misconfigured
ptp4l[1312.172]: selected best master clock e23b10.fffe.e8f4dc
ptp4l[1312.172]: foreign master not using PTP timescale
ptp4l[1312.657]: selected best master clock e23b10.fffe.e8f4dc
ptp4l[1312.658]: foreign master not using PTP timescale
ptp4l[1312.659]: port 2: master state recommended in slave only mode
ptp4l[1312.659]: port 2: defaultDS.priority1 probably misconfigured
ptp4l[1312.964]: selected best master clock e23b10.fffe.e8f4dc
ptp4l[1312.964]: foreign master not using PTP timescale
ptp4l[1313.407]: selected best master clock e23b10.fffe.e8f4dc
ptp4l[1313.408]: foreign master not using PTP timescale
ptp4l[1313.409]: port 2: master state recommended in slave only mode
ptp4l[1313.410]: port 2: defaultDS.priority1 probably misconfigured
ptp4l[1313.744]: selected best master clock e23b10.fffe.e8f4dc
ptp4l[1313.744]: foreign master not using PTP timescale
ptp4l[1314.158]: selected best master clock e23b10.fffe.e8f4dc
ptp4l[1314.158]: foreign master not using PTP timescale
ptp4l[1314.159]: port 2: master state recommended in slave only mode
ptp4l[1314.159]: port 2: defaultDS.priority1 probably misconfigured
ptp4l[1314.716]: selected best master clock e23b10.fffe.e8f4dc
ptp4l[1314.717]: foreign master not using PTP timescale
ptp4l[1315.158]: selected best master clock e23b10.fffe.e8f4dc
ptp4l[1315.159]: foreign master not using PTP timescale
ptp4l[1315.160]: port 2: master state recommended in slave only mode
ptp4l[1315.161]: port 2: defaultDS.priority1 probably misconfigured
ptp4l[1315.472]: selected best master clock e23b10.fffe.e8f4dc
ptp4l[1315.473]: foreign master not using PTP timescale
ptp4l[1315.908]: selected best master clock e23b10.fffe.e8f4dc
ptp4l[1315.909]: foreign master not using PTP timescale
ptp4l[1315.910]: port 2: master state recommended in slave only mode
ptp4l[1315.911]: port 2: defaultDS.priority1 probably misconfigured
ptp4l[1316.388]: selected best master clock e23b10.fffe.e8f4dc
ptp4l[1316.389]: foreign master not using PTP timescale
ptp4l[1316.658]: selected best master clock e23b10.fffe.e8f4dc
ptp4l[1316.659]: foreign master not using PTP timescale
ptp4l[1316.660]: port 2: master state recommended in slave only mode
ptp4l[1316.661]: port 2: defaultDS.priority1 probably misconfigured
ptp4l[1317.348]: selected best master clock e23b10.fffe.e8f4dc
ptp4l[1317.349]: foreign master not using PTP timescale
ptp4l[1317.659]: selected best master clock e23b10.fffe.e8f4dc
ptp4l[1317.660]: foreign master not using PTP timescale
ptp4l[1317.660]: port 2: master state recommended in slave only mode
ptp4l[1317.661]: port 2: defaultDS.priority1 probably misconfigured
ptp4l[1318.216]: selected best master clock e23b10.fffe.e8f4dc
ptp4l[1318.217]: foreign master not using PTP timescale
ptp4l[1318.659]: selected best master clock e23b10.fffe.e8f4dc
ptp4l[1318.660]: foreign master not using PTP timescale
ptp4l[1318.662]: port 2: master state recommended in slave only mode
ptp4l[1318.663]: port 2: defaultDS.priority1 probably misconfigured
ptp4l[1318.984]: selected best master clock e23b10.fffe.e8f4dc
ptp4l[1318.987]: foreign master not using PTP timescale
ptp4l[1319.410]: selected best master clock e23b10.fffe.e8f4dc
ptp4l[1319.411]: foreign master not using PTP timescale
ptp4l[1319.412]: port 2: master state recommended in slave only mode
ptp4l[1319.413]: port 2: defaultDS.priority1 probably misconfigured
ptp4l[1319.812]: selected best master clock e23b10.fffe.e8f4dc
ptp4l[1319.814]: foreign master not using PTP timescale
ptp4l[1320.160]: selected best master clock e23b10.fffe.e8f4dc
ptp4l[1320.163]: foreign master not using PTP timescale
ptp4l[1320.165]: port 2: master state recommended in slave only mode
ptp4l[1320.167]: port 2: defaultDS.priority1 probably misconfigured
ptp4l[1320.804]: selected best master clock e23b10.fffe.e8f4dc
ptp4l[1320.805]: foreign master not using PTP timescale
ptp4l[1321.161]: selected best master clock e23b10.fffe.e8f4dc
ptp4l[1321.164]: foreign master not using PTP timescale
ptp4l[1321.167]: port 2: master state recommended in slave only mode
ptp4l[1321.169]: port 2: defaultDS.priority1 probably misconfigured
ptp4l[1321.772]: selected best master clock e23b10.fffe.e8f4dc
ptp4l[1321.776]: foreign master not using PTP timescale
ptp4l[1322.162]: selected best master clock e23b10.fffe.e8f4dc
ptp4l[1322.165]: foreign master not using PTP timescale
ptp4l[1322.168]: port 2: master state recommended in slave only mode
ptp4l[1322.171]: port 2: defaultDS.priority1 probably misconfigured
ptp4l[1322.688]: selected best master clock e23b10.fffe.e8f4dc
ptp4l[1322.691]: foreign master not using PTP timescale
ptp4l[1323.163]: selected best master clock e23b10.fffe.e8f4dc
ptp4l[1323.165]: foreign master not using PTP timescale
ptp4l[1323.167]: port 2: master state recommended in slave only mode
ptp4l[1323.168]: port 2: defaultDS.priority1 probably misconfigured
ptp4l[1323.660]: selected best master clock e23b10.fffe.e8f4dc
ptp4l[1323.661]: foreign master not using PTP timescale
ptp4l[1323.914]: selected best master clock e23b10.fffe.e8f4dc
ptp4l[1323.915]: foreign master not using PTP timescale
ptp4l[1323.915]: port 2: master state recommended in slave only mode
ptp4l[1323.916]: port 2: defaultDS.priority1 probably misconfigured
ptp4l[1323.954]: rms 4192 max 10025 freq   +181 +/- 3232 delay 17532 +/- 6918
ptp4l[1324.376]: selected best master clock e23b10.fffe.e8f4dc
ptp4l[1324.377]: foreign master not using PTP timescale
ptp4l[1324.664]: selected best master clock e23b10.fffe.e8f4dc
ptp4l[1324.665]: foreign master not using PTP timescale
ptp4l[1324.667]: port 2: master state recommended in slave only mode
ptp4l[1324.668]: port 2: defaultDS.priority1 probably misconfigured
ptp4l[1325.248]: selected best master clock e23b10.fffe.e8f4dc
ptp4l[1325.249]: foreign master not using PTP timescale
ptp4l[1325.665]: selected best master clock e23b10.fffe.e8f4dc
ptp4l[1325.666]: foreign master not using PTP timescale
ptp4l[1325.667]: port 2: master state recommended in slave only mode
ptp4l[1325.668]: port 2: defaultDS.priority1 probably misconfigured
ptp4l[1326.020]: selected best master clock e23b10.fffe.e8f4dc
ptp4l[1326.021]: foreign master not using PTP timescale
ptp4l[1326.415]: selected best master clock e23b10.fffe.e8f4dc
ptp4l[1326.416]: foreign master not using PTP timescale
ptp4l[1326.417]: port 2: master state recommended in slave only mode
ptp4l[1326.418]: port 2: defaultDS.priority1 probably misconfigured
ptp4l[1326.904]: selected best master clock e23b10.fffe.e8f4dc
ptp4l[1326.905]: foreign master not using PTP timescale
ptp4l[1327.165]: selected best master clock e23b10.fffe.e8f4dc
ptp4l[1327.166]: foreign master not using PTP timescale
ptp4l[1327.167]: port 2: master state recommended in slave only mode
ptp4l[1327.168]: port 2: defaultDS.priority1 probably misconfigured
ptp4l[1327.780]: selected best master clock e23b10.fffe.e8f4dc
ptp4l[1327.783]: foreign master not using PTP timescale
ptp4l[1328.166]: selected best master clock e23b10.fffe.e8f4dc
ptp4l[1328.169]: foreign master not using PTP timescale
ptp4l[1328.173]: port 2: master state recommended in slave only mode
ptp4l[1328.175]: port 2: defaultDS.priority1 probably misconfigured
ptp4l[1328.640]: selected best master clock e23b10.fffe.e8f4dc
ptp4l[1328.641]: foreign master not using PTP timescale
ptp4l[1328.917]: selected best master clock e23b10.fffe.e8f4dc
ptp4l[1328.918]: foreign master not using PTP timescale
ptp4l[1328.918]: port 2: master state recommended in slave only mode
ptp4l[1328.919]: port 2: defaultDS.priority1 probably misconfigured
ptp4l[1329.624]: selected best master clock e23b10.fffe.e8f4dc
ptp4l[1329.626]: foreign master not using PTP timescale
ptp4l[1329.917]: selected best master clock e23b10.fffe.e8f4dc
ptp4l[1329.918]: foreign master not using PTP timescale
ptp4l[1329.919]: port 2: master state recommended in slave only mode
ptp4l[1329.920]: port 2: defaultDS.priority1 probably misconfigured
ptp4l[1330.456]: selected best master clock e23b10.fffe.e8f4dc
ptp4l[1330.457]: foreign master not using PTP timescale
ptp4l[1330.918]: selected best master clock e23b10.fffe.e8f4dc
ptp4l[1330.918]: foreign master not using PTP timescale
ptp4l[1330.919]: port 2: master state recommended in slave only mode
ptp4l[1330.920]: port 2: defaultDS.priority1 probably misconfigured
ptp4l[1331.324]: selected best master clock e23b10.fffe.e8f4dc
ptp4l[1331.324]: foreign master not using PTP timescale
ptp4l[1331.668]: selected best master clock e23b10.fffe.e8f4dc
ptp4l[1331.669]: foreign master not using PTP timescale
ptp4l[1331.670]: port 2: master state recommended in slave only mode
ptp4l[1331.671]: port 2: defaultDS.priority1 probably misconfigured
ptp4l[1332.180]: selected best master clock e23b10.fffe.e8f4dc
ptp4l[1332.181]: foreign master not using PTP timescale
ptp4l[1332.668]: selected best master clock e23b10.fffe.e8f4dc
ptp4l[1332.669]: foreign master not using PTP timescale
ptp4l[1332.670]: port 2: master state recommended in slave only mode
ptp4l[1332.671]: port 2: defaultDS.priority1 probably misconfigured
ptp4l[1333.104]: selected best master clock e23b10.fffe.e8f4dc
ptp4l[1333.105]: foreign master not using PTP timescale
ptp4l[1333.419]: selected best master clock e23b10.fffe.e8f4dc
ptp4l[1333.419]: foreign master not using PTP timescale
ptp4l[1333.420]: port 2: master state recommended in slave only mode
ptp4l[1333.421]: port 2: defaultDS.priority1 probably misconfigured
ptp4l[1333.920]: selected best master clock e23b10.fffe.e8f4dc
ptp4l[1333.921]: foreign master not using PTP timescale
ptp4l[1334.419]: selected best master clock e23b10.fffe.e8f4dc
ptp4l[1334.420]: foreign master not using PTP timescale
ptp4l[1334.421]: port 2: master state recommended in slave only mode
ptp4l[1334.422]: port 2: defaultDS.priority1 probably misconfigured
ptp4l[1334.696]: selected best master clock e23b10.fffe.e8f4dc
ptp4l[1334.697]: foreign master not using PTP timescale
ptp4l[1335.169]: selected best master clock e23b10.fffe.e8f4dc
ptp4l[1335.170]: foreign master not using PTP timescale
ptp4l[1335.171]: port 2: master state recommended in slave only mode
ptp4l[1335.172]: port 2: defaultDS.priority1 probably misconfigured
ptp4l[1335.568]: selected best master clock e23b10.fffe.e8f4dc
ptp4l[1335.571]: foreign master not using PTP timescale
ptp4l[1335.920]: selected best master clock e23b10.fffe.e8f4dc
ptp4l[1335.922]: foreign master not using PTP timescale
ptp4l[1335.925]: port 2: master state recommended in slave only mode
ptp4l[1335.926]: port 2: defaultDS.priority1 probably misconfigured
ptp4l[1336.480]: selected best master clock e23b10.fffe.e8f4dc
ptp4l[1336.482]: foreign master not using PTP timescale
ptp4l[1336.921]: selected best master clock e23b10.fffe.e8f4dc
ptp4l[1336.924]: foreign master not using PTP timescale
ptp4l[1336.927]: port 2: master state recommended in slave only mode
ptp4l[1336.929]: port 2: defaultDS.priority1 probably misconfigured
ptp4l[1337.444]: selected best master clock e23b10.fffe.e8f4dc
ptp4l[1337.447]: foreign master not using PTP timescale
ptp4l[1337.542]: port 1: link down
ptp4l[1337.543]: port 1: UNCALIBRATED to FAULTY on FAULT_DETECTED (FT_UNSPECIFIED)
ptp4l[1337.608]: selected local clock da67d8.fffe.eea499 as best master
ptp4l[1337.609]: port 1: assuming the grand master role
ptp4l[1337.610]: port 1: master state recommended in slave only mode
ptp4l[1337.611]: port 1: defaultDS.priority1 probably misconfigured
ptp4l[1337.922]: selected best master clock 9e2f5d.fffe.45c3d9
ptp4l[1337.923]: port 1: master state recommended in slave only mode
ptp4l[1337.924]: port 1: defaultDS.priority1 probably misconfigured
ptp4l[1337.925]: foreign master not using PTP timescale
ptp4l[1337.925]: port 2: LISTENING to UNCALIBRATED on RS_SLAVE
ptp4l[1341.943]: rms 177621 max 395028 freq +19564 +/- 111421 delay 77290 +/- 49371
