ptp4l[1089.864]: port 1 (v-ru3): INITIALIZING to LISTENING on INIT_COMPLETE
ptp4l[1089.864]: port 0 (/var/run/p.ru3): INITIALIZING to LISTENING on INIT_COMPLETE
ptp4l[1089.864]: port 0 (/var/run/pr.ru3): INITIALIZING to LISTENING on INIT_COMPLETE
ptp4l[1090.241]: selected local clock 020000.fffe.00000e as best master
ptp4l[1090.288]: port 1 (v-ru3): new foreign master 020000.fffe.000001-2
ptp4l[1090.538]: selected best master clock 020000.fffe.00000b
ptp4l[1090.538]: foreign master not using PTP timescale
ptp4l[1090.538]: port 1 (v-ru3): LISTENING to UNCALIBRATED on RS_SLAVE
ptp4l[1090.663]: selected best master clock 020000.fffe.00000a
ptp4l[1090.663]: foreign master not using PTP timescale
ptp4l[1092.667]: master offset       -684 s0 freq    +386 path delay      3564
ptp4l[1094.670]: master offset      -2089 s0 freq     -35 path delay      4898
ptp4l[1096.672]: master offset      -2282 s0 freq   +1024 path delay      7142
ptp4l[1098.674]: master offset      -2440 s0 freq   -1230 path delay      4837
ptp4l[1100.677]: master offset       -246 s0 freq   +1426 path delay      5499
ptp4l[1102.679]: master offset      -4033 s0 freq   -1445 path delay      6393
ptp4l[1104.681]: master offset      -3055 s0 freq    +647 path delay      6711
ptp4l[1106.683]: master offset      -2851 s0 freq     +96 path delay      6700
ptp4l[1108.686]: master offset      -2969 s0 freq    -659 path delay      5499
ptp4l[1110.689]: master offset      -4499 s0 freq    -323 path delay      6382
ptp4l[1112.692]: master offset        166 s0 freq   +1350 path delay      4421
ptp4l[1114.694]: master offset       1098 s0 freq   +1291 path delay      6075
ptp4l[1116.697]: master offset       6919 s0 freq   +2532 path delay      5325
ptp4l[1118.699]: master offset       -195 s0 freq   -3366 path delay      5698
ptp4l[1120.702]: master offset       1141 s0 freq   +1070 path delay      6504
ptp4l[1122.704]: master offset      -1072 s0 freq   -1587 path delay      5539
ptp4l[1124.706]: master offset       -547 s0 freq    -872 path delay      3269
ptp4l[1126.709]: master offset         12 s0 freq    +216 path delay      3143
ptp4l[1128.711]: master offset      -1297 s0 freq    -571 path delay      3309
ptp4l[1130.713]: master offset       -639 s0 freq    +749 path delay      4151
ptp4l[1132.715]: master offset      -2497 s0 freq    -795 path delay      4418
ptp4l[1134.717]: master offset      -1967 s0 freq      -6 path delay      3875
