ptp4l[3368.320]: port 1 (v-ru1): INITIALIZING to LISTENING on INIT_COMPLETE
ptp4l[3368.320]: port 0 (/var/run/p.ru1): INITIALIZING to LISTENING on INIT_COMPLETE
ptp4l[3368.320]: port 0 (/var/run/pr.ru1): INITIALIZING to LISTENING on INIT_COMPLETE
ptp4l[3368.760]: port 1 (v-ru1): new foreign master 020000.fffe.000001-2
ptp4l[3368.796]: selected local clock 020000.fffe.00000c as best master
ptp4l[3369.010]: selected best master clock 020000.fffe.000001
ptp4l[3369.010]: foreign master not using PTP timescale
ptp4l[3369.010]: port 1 (v-ru1): LISTENING to UNCALIBRATED on RS_SLAVE
ptp4l[3369.135]: selected best master clock 020000.fffe.00000a
ptp4l[3369.135]: foreign master not using PTP timescale
ptp4l[3371.199]: master offset       6902 s0 freq   +5332 path delay     10211
ptp4l[3373.202]: master offset       1762 s0 freq   -3521 path delay      8299
ptp4l[3375.204]: master offset       5694 s0 freq   +1577 path delay      7525
ptp4l[3377.208]: master offset      -3471 s0 freq   -3747 path delay      9180
ptp4l[3379.211]: master offset        580 s0 freq   +2455 path delay     10045
ptp4l[3381.214]: master offset      10520 s0 freq   +4518 path delay      9154
ptp4l[3383.217]: master offset      -2783 s0 freq   -5125 path delay     12191
ptp4l[3385.220]: master offset       3300 s0 freq   +1359 path delay      8831
ptp4l[3387.223]: master offset       6656 s0 freq   +1369 path delay      8217
ptp4l[3389.226]: master offset      -6101 s0 freq   -5685 path delay      9587
ptp4l[3391.230]: master offset       5040 s0 freq   +5107 path delay      8678
ptp4l[3393.232]: master offset       5739 s0 freq    -822 path delay      6332
ptp4l[3395.235]: master offset        368 s0 freq   -1975 path delay      7747
ptp4l[3395.779]: port 1 (v-ru1): new foreign master 020000.fffe.0000eb-1
ptp4l[3396.029]: selected best master clock 020000.fffe.0000eb
ptp4l[3396.029]: foreign master not using PTP timescale
ptp4l[3396.279]: foreign master not using PTP timescale
ptp4l[3396.529]: foreign master not using PTP timescale
ptp4l[3396.779]: foreign master not using PTP timescale
ptp4l[3397.029]: foreign master not using PTP timescale
ptp4l[3397.279]: foreign master not using PTP timescale
ptp4l[3397.529]: foreign master not using PTP timescale
ptp4l[3397.779]: foreign master not using PTP timescale
ptp4l[3398.029]: foreign master not using PTP timescale
ptp4l[3398.093]: master offset       -983 s0 freq    -372 path delay      3313
ptp4l[3398.280]: foreign master not using PTP timescale
ptp4l[3398.530]: foreign master not using PTP timescale
ptp4l[3398.780]: foreign master not using PTP timescale
ptp4l[3399.030]: foreign master not using PTP timescale
ptp4l[3399.280]: foreign master not using PTP timescale
ptp4l[3399.531]: foreign master not using PTP timescale
ptp4l[3399.781]: foreign master not using PTP timescale
ptp4l[3400.031]: foreign master not using PTP timescale
ptp4l[3400.096]: master offset      -1166 s0 freq    +377 path delay      4251
ptp4l[3400.281]: foreign master not using PTP timescale
ptp4l[3400.531]: foreign master not using PTP timescale
ptp4l[3400.781]: foreign master not using PTP timescale
ptp4l[3401.031]: foreign master not using PTP timescale
ptp4l[3401.282]: foreign master not using PTP timescale
ptp4l[3401.532]: foreign master not using PTP timescale
ptp4l[3401.782]: foreign master not using PTP timescale
ptp4l[3402.032]: foreign master not using PTP timescale
ptp4l[3402.099]: master offset      -3284 s0 freq    -290 path delay      5789
ptp4l[3402.282]: foreign master not using PTP timescale
ptp4l[3402.533]: foreign master not using PTP timescale
ptp4l[3402.783]: foreign master not using PTP timescale
ptp4l[3403.033]: foreign master not using PTP timescale
ptp4l[3403.283]: foreign master not using PTP timescale
ptp4l[3403.533]: foreign master not using PTP timescale
ptp4l[3403.784]: foreign master not using PTP timescale
ptp4l[3404.034]: foreign master not using PTP timescale
ptp4l[3404.101]: master offset       1817 s0 freq   +3343 path delay      7383
ptp4l[3404.284]: foreign master not using PTP timescale
ptp4l[3404.534]: foreign master not using PTP timescale
ptp4l[3404.784]: foreign master not using PTP timescale
ptp4l[3405.035]: foreign master not using PTP timescale
ptp4l[3405.285]: foreign master not using PTP timescale
ptp4l[3405.535]: foreign master not using PTP timescale
ptp4l[3405.786]: foreign master not using PTP timescale
ptp4l[3406.036]: foreign master not using PTP timescale
ptp4l[3406.105]: master offset       7968 s0 freq   +2696 path delay      6632
ptp4l[3406.286]: foreign master not using PTP timescale
ptp4l[3406.537]: foreign master not using PTP timescale
ptp4l[3406.787]: foreign master not using PTP timescale
ptp4l[3407.037]: foreign master not using PTP timescale
ptp4l[3407.287]: foreign master not using PTP timescale
ptp4l[3407.538]: foreign master not using PTP timescale
ptp4l[3407.788]: foreign master not using PTP timescale
ptp4l[3408.038]: foreign master not using PTP timescale
ptp4l[3408.107]: master offset       3520 s0 freq   -2731 path delay      5610
ptp4l[3408.288]: foreign master not using PTP timescale
ptp4l[3408.538]: foreign master not using PTP timescale
ptp4l[3408.788]: foreign master not using PTP timescale
ptp4l[3409.038]: foreign master not using PTP timescale
ptp4l[3409.288]: foreign master not using PTP timescale
ptp4l[3409.539]: foreign master not using PTP timescale
ptp4l[3409.789]: foreign master not using PTP timescale
ptp4l[3410.039]: foreign master not using PTP timescale
ptp4l[3410.110]: master offset       2394 s0 freq   -1326 path delay      4080
ptp4l[3410.289]: foreign master not using PTP timescale
ptp4l[3410.539]: foreign master not using PTP timescale
ptp4l[3410.790]: foreign master not using PTP timescale
ptp4l[3411.040]: foreign master not using PTP timescale
ptp4l[3411.290]: foreign master not using PTP timescale
ptp4l[3411.540]: foreign master not using PTP timescale
ptp4l[3411.790]: foreign master not using PTP timescale
ptp4l[3412.040]: foreign master not using PTP timescale
ptp4l[3412.112]: master offset       2694 s0 freq     +85 path delay      3951
ptp4l[3412.290]: foreign master not using PTP timescale
ptp4l[3412.541]: foreign master not using PTP timescale
ptp4l[3412.791]: foreign master not using PTP timescale
ptp4l[3413.041]: foreign master not using PTP timescale
ptp4l[3413.291]: foreign master not using PTP timescale
ptp4l[3413.542]: foreign master not using PTP timescale
ptp4l[3413.792]: foreign master not using PTP timescale
ptp4l[3414.042]: foreign master not using PTP timescale
ptp4l[3414.116]: master offset       8121 s0 freq   +3354 path delay      5244
ptp4l[3414.292]: foreign master not using PTP timescale
ptp4l[3414.543]: foreign master not using PTP timescale
ptp4l[3414.793]: foreign master not using PTP timescale
ptp4l[3415.043]: foreign master not using PTP timescale
ptp4l[3415.293]: foreign master not using PTP timescale
