ptp4l[359.044]: port 1: INITIALIZING to LISTENING on INIT_COMPLETE
ptp4l[359.048]: port 0: INITIALIZING to LISTENING on INIT_COMPLETE
ptp4l[359.956]: selected local clock 8a7164.fffe.2cc193 as best master
ptp4l[360.017]: port 1: new foreign master e61c7e.fffe.4e2893-1
ptp4l[360.052]: port 1: new foreign master 7ec54f.fffe.3d7702-1
ptp4l[360.518]: selected best master clock e61c7e.fffe.4e2893
ptp4l[360.521]: foreign master not using PTP timescale
ptp4l[360.525]: port 1: LISTENING to UNCALIBRATED on RS_SLAVE
ptp4l[360.553]: selected best master clock 7ec54f.fffe.3d7702
ptp4l[360.556]: foreign master not using PTP timescale
ptp4l[361.017]: selected best master clock 7ec54f.fffe.3d7702
ptp4l[361.018]: foreign master not using PTP timescale
ptp4l[361.518]: selected best master clock 7ec54f.fffe.3d7702
ptp4l[361.519]: foreign master not using PTP timescale
ptp4l[362.018]: selected best master clock 7ec54f.fffe.3d7702
ptp4l[362.018]: foreign master not using PTP timescale
ptp4l[362.518]: selected best master clock 7ec54f.fffe.3d7702
ptp4l[362.521]: foreign master not using PTP timescale
ptp4l[363.018]: selected best master clock 7ec54f.fffe.3d7702
ptp4l[363.020]: foreign master not using PTP timescale
ptp4l[363.519]: selected best master clock 7ec54f.fffe.3d7702
ptp4l[363.521]: foreign master not using PTP timescale
ptp4l[364.019]: selected best master clock 7ec54f.fffe.3d7702
ptp4l[364.022]: foreign master not using PTP timescale
ptp4l[364.519]: selected best master clock 7ec54f.fffe.3d7702
ptp4l[364.522]: foreign master not using PTP timescale
ptp4l[365.020]: selected best master clock 7ec54f.fffe.3d7702
ptp4l[365.022]: foreign master not using PTP timescale
ptp4l[365.520]: selected best master clock 7ec54f.fffe.3d7702
ptp4l[365.523]: foreign master not using PTP timescale
ptp4l[366.020]: selected best master clock 7ec54f.fffe.3d7702
ptp4l[366.022]: foreign master not using PTP timescale
ptp4l[366.521]: selected best master clock 7ec54f.fffe.3d7702
ptp4l[366.523]: foreign master not using PTP timescale
ptp4l[367.021]: selected best master clock 7ec54f.fffe.3d7702
ptp4l[367.023]: foreign master not using PTP timescale
ptp4l[367.521]: selected best master clock 7ec54f.fffe.3d7702
ptp4l[367.524]: foreign master not using PTP timescale
ptp4l[368.022]: selected best master clock 7ec54f.fffe.3d7702
ptp4l[368.024]: foreign master not using PTP timescale
ptp4l[368.522]: selected best master clock 7ec54f.fffe.3d7702
ptp4l[368.523]: foreign master not using PTP timescale
ptp4l[369.022]: selected best master clock 7ec54f.fffe.3d7702
ptp4l[369.024]: foreign master not using PTP timescale
ptp4l[369.523]: selected best master clock 7ec54f.fffe.3d7702
ptp4l[369.525]: foreign master not using PTP timescale
ptp4l[370.023]: selected best master clock 7ec54f.fffe.3d7702
ptp4l[370.025]: foreign master not using PTP timescale
ptp4l[370.523]: selected best master clock 7ec54f.fffe.3d7702
ptp4l[370.524]: foreign master not using PTP timescale
ptp4l[370.732]: port 1: UNCALIBRATED to LISTENING on ANNOUNCE_RECEIPT_TIMEOUT_EXPIRES
ptp4l[370.733]: selected local clock 8a7164.fffe.2cc193 as best master
ptp4l[371.023]: selected best master clock e61c7e.fffe.4e2893
ptp4l[371.026]: foreign master not using PTP timescale
ptp4l[371.028]: port 1: LISTENING to UNCALIBRATED on RS_SLAVE
